../edgefast/bluetooth/source/impl/ethermind/host/bt_pal_hfp_hf.c:301:12:bt_hfp_hf_get_status	24	static
../edgefast/bluetooth/source/impl/ethermind/host/bt_pal_hfp_hf.c:316:12:bt_hfp_hf_start_at_cmd	16	static
../edgefast/bluetooth/source/impl/ethermind/host/bt_pal_hfp_hf.c:330:12:bt_hfp_hf_notify_at_cmd_finished	24	static
../edgefast/bluetooth/source/impl/ethermind/host/bt_pal_hfp_hf.c:349:13:bt_hfp_hf_clear_running_at_cmd_status	16	static
../edgefast/bluetooth/source/impl/ethermind/host/bt_pal_hfp_hf.c:356:19:bt_hfp_hf_at_cmd_ret_handling	16	static
../edgefast/bluetooth/source/impl/ethermind/host/bt_pal_hfp_hf.c:377:19:bt_hfp_hf_cmd_retry_ret_handling	16	static
../edgefast/bluetooth/source/impl/ethermind/host/bt_pal_hfp_hf.c:420:29:hfp_hf_GetInstance	16	static
../edgefast/bluetooth/source/impl/ethermind/host/bt_pal_hfp_hf.c:437:13:hfp_hf_FreeInstance	16	static
../edgefast/bluetooth/source/impl/ethermind/host/bt_pal_hfp_hf.c:446:13:hfp_hf_DeActiveInstance	16	static
../edgefast/bluetooth/source/impl/ethermind/host/bt_pal_hfp_hf.c:455:29:hfp_hf_GetNoneActiveInstance	16	static
../edgefast/bluetooth/source/impl/ethermind/host/bt_pal_hfp_hf.c:471:29:bt_hfp_hf_lookup_bt_handle	24	static
../edgefast/bluetooth/source/impl/ethermind/host/bt_pal_hfp_hf.c:489:29:bt_hfp_hf_lookup_bt_addr	24	static
../edgefast/bluetooth/source/impl/ethermind/host/bt_pal_hfp_hf.c:508:29:bt_hfp_hf_lookup_bt_conn	24	static
../edgefast/bluetooth/source/impl/ethermind/host/bt_pal_hfp_hf.c:527:17:appl_str_to_num_in_hex_format	24	static
../edgefast/bluetooth/source/impl/ethermind/host/bt_pal_hfp_hf.c:582:19:bt_hfp_hf_set_esco_channel_parameters	48	static
../edgefast/bluetooth/source/impl/ethermind/host/bt_pal_hfp_hf.c:609:19:bt_hfp_hp_extract_result	40	static
../edgefast/bluetooth/source/impl/ethermind/host/bt_pal_hfp_hf.c:918:13:bt_work_hf_retry_at_cmd_handling	40	static
../edgefast/bluetooth/source/impl/ethermind/host/bt_pal_hfp_hf.c:959:19:bt_hfp_hf_callback_registered_with_hfu	168	static
../edgefast/bluetooth/source/impl/ethermind/host/bt_pal_hfp_hf.c:1869:19:bt_hfp_hf_start	24	static
../edgefast/bluetooth/source/impl/ethermind/host/bt_pal_hfp_hf.c:1915:13:hfp_hf_sco_connected	16	static
../edgefast/bluetooth/source/impl/ethermind/host/bt_pal_hfp_hf.c:1923:13:hfp_hf_sco_disconnected	16	static
../edgefast/bluetooth/source/impl/ethermind/host/bt_pal_hfp_hf.c:1936:12:bt_hfp_hf_sco_accept	24	static
../edgefast/bluetooth/source/impl/ethermind/host/bt_pal_hfp_hf.c:1955:13:hfp_hf_init	16	static
../edgefast/bluetooth/source/impl/ethermind/host/bt_pal_hfp_hf.c:2012:13:hfp_hf_disconnected	16	static
../edgefast/bluetooth/source/impl/ethermind/host/bt_pal_hfp_hf.c:2024:29:hfp_hf_connected	24	static
../edgefast/bluetooth/source/impl/ethermind/host/bt_pal_hfp_hf.c:2062:5:bt_hfp_hf_register	24	static
../edgefast/bluetooth/source/impl/ethermind/host/bt_pal_hfp_hf.c:2116:5:bt_hfp_hf_send_cmd	32	static
../edgefast/bluetooth/source/impl/ethermind/host/bt_pal_hfp_hf.c:2162:5:bt_hfp_hf_start_voice_recognition	32	static
../edgefast/bluetooth/source/impl/ethermind/host/bt_pal_hfp_hf.c:2197:5:bt_hfp_hf_stop_voice_recognition	32	static
../edgefast/bluetooth/source/impl/ethermind/host/bt_pal_hfp_hf.c:2230:5:bt_hfp_hf_dial	40	static
../edgefast/bluetooth/source/impl/ethermind/host/bt_pal_hfp_hf.c:2264:5:bt_hfp_hf_dial_memory	40	static
../edgefast/bluetooth/source/impl/ethermind/host/bt_pal_hfp_hf.c:2316:5:bt_hfp_hf_last_dial	32	static
../edgefast/bluetooth/source/impl/ethermind/host/bt_pal_hfp_hf.c:2347:5:bt_hfp_hf_multiparty_call_option	32	static
../edgefast/bluetooth/source/impl/ethermind/host/bt_pal_hfp_hf.c:2378:5:bt_hfp_hf_enable_clip_notification	32	static
../edgefast/bluetooth/source/impl/ethermind/host/bt_pal_hfp_hf.c:2411:5:bt_hfp_hf_disable_clip_notification	32	static
../edgefast/bluetooth/source/impl/ethermind/host/bt_pal_hfp_hf.c:2444:5:bt_hfp_hf_enable_call_waiting_notification	32	static
../edgefast/bluetooth/source/impl/ethermind/host/bt_pal_hfp_hf.c:2476:5:bt_hfp_hf_disable_call_waiting_notification	32	static
../edgefast/bluetooth/source/impl/ethermind/host/bt_pal_hfp_hf.c:2508:5:bt_hfp_hf_volume_update	48	static
../edgefast/bluetooth/source/impl/ethermind/host/bt_pal_hfp_hf.c:2576:5:bt_hfp_hf_get_last_voice_tag_number	32	static
../edgefast/bluetooth/source/impl/ethermind/host/bt_pal_hfp_hf.c:2609:5:bt_hfp_hf_open_audio	24	static
../edgefast/bluetooth/source/impl/ethermind/host/bt_pal_hfp_hf.c:2641:5:bt_hfp_hf_close_audio	24	static
../edgefast/bluetooth/source/impl/ethermind/host/bt_pal_hfp_hf.c:2653:5:bt_hfp_hf_trigger_codec_connection	32	static
../edgefast/bluetooth/source/impl/ethermind/host/bt_pal_hfp_hf.c:2682:5:bt_hfp_hf_get_peer_indicator_status	32	static
../edgefast/bluetooth/source/impl/ethermind/host/bt_pal_hfp_hf.c:2711:5:bt_hfp_hf_query_list_current_calls	32	static
../edgefast/bluetooth/source/impl/ethermind/host/bt_pal_hfp_hf.c:2740:5:bt_hfp_hf_connect	24	static
../edgefast/bluetooth/source/impl/ethermind/host/bt_pal_hfp_hf.c:2755:5:bt_hfp_hf_disconnect	24	static
../edgefast/bluetooth/source/impl/ethermind/host/bt_pal_hfp_hf.c:2776:16:bt_hfp_ag_sdp_user	32	static
../edgefast/bluetooth/source/impl/ethermind/host/bt_pal_hfp_hf.c:2821:5:bt_hfp_hf_discover	24	static
