D:\Git\NXP\RT685\RT685-EVK_Conversa_HFP\nxp_rt685\Rt685Conversa_handsfree_cm33\edgefast\bluetooth\include/sys/atomic.h:428:20:atomic_test_bit	24	static
D:\Git\NXP\RT685\RT685-EVK_Conversa_HFP\nxp_rt685\Rt685Conversa_handsfree_cm33\edgefast\bluetooth\include/sys/atomic.h:446:20:atomic_test_and_clear_bit	24	static
../edgefast/bluetooth/source/impl/ethermind/host/bt_pal_settings.c:25:6:bt_settings_encode_key	80	static
../edgefast/bluetooth/source/impl/ethermind/host/bt_pal_settings.c:95:5:bt_settings_decode_key	24	static
../edgefast/bluetooth/source/impl/ethermind/host/bt_pal_settings.c:118:12:set_setting	48	static
../edgefast/bluetooth/source/impl/ethermind/host/bt_pal_settings.c:230:12:commit_settings	16	static
../edgefast/bluetooth/source/impl/ethermind/host/bt_pal_settings.c:285:5:bt_settings_init	16	static
../edgefast/bluetooth/source/impl/ethermind/host/bt_pal_settings.c:300:5:bt_settings_store	80	static
../edgefast/bluetooth/source/impl/ethermind/host/bt_pal_settings.c:323:5:bt_settings_delete	80	static
../edgefast/bluetooth/source/impl/ethermind/host/bt_pal_settings.c:345:5:bt_settings_store_sc	32	static
../edgefast/bluetooth/source/impl/ethermind/host/bt_pal_settings.c:350:5:bt_settings_delete_sc	16	static
../edgefast/bluetooth/source/impl/ethermind/host/bt_pal_settings.c:355:5:bt_settings_store_cf	32	static
../edgefast/bluetooth/source/impl/ethermind/host/bt_pal_settings.c:360:5:bt_settings_delete_cf	16	static
../edgefast/bluetooth/source/impl/ethermind/host/bt_pal_settings.c:365:5:bt_settings_store_ccc	32	static
../edgefast/bluetooth/source/impl/ethermind/host/bt_pal_settings.c:370:5:bt_settings_delete_ccc	16	static
../edgefast/bluetooth/source/impl/ethermind/host/bt_pal_settings.c:375:5:bt_settings_store_hash	24	static
../edgefast/bluetooth/source/impl/ethermind/host/bt_pal_settings.c:380:5:bt_settings_delete_hash	8	static
../edgefast/bluetooth/source/impl/ethermind/host/bt_pal_settings.c:385:5:bt_settings_store_name	24	static
../edgefast/bluetooth/source/impl/ethermind/host/bt_pal_settings.c:390:5:bt_settings_delete_name	8	static
../edgefast/bluetooth/source/impl/ethermind/host/bt_pal_settings.c:395:5:bt_settings_store_appearance	24	static
../edgefast/bluetooth/source/impl/ethermind/host/bt_pal_settings.c:400:5:bt_settings_delete_appearance	8	static
../edgefast/bluetooth/source/impl/ethermind/host/bt_pal_settings.c:405:13:do_store_id	32	static
../edgefast/bluetooth/source/impl/ethermind/host/bt_pal_settings.c:416:5:bt_settings_store_id	8	static
../edgefast/bluetooth/source/impl/ethermind/host/bt_pal_settings.c:423:5:bt_settings_delete_id	8	static
../edgefast/bluetooth/source/impl/ethermind/host/bt_pal_settings.c:428:13:do_store_irk	16	static
../edgefast/bluetooth/source/impl/ethermind/host/bt_pal_settings.c:441:5:bt_settings_store_irk	4	static
../edgefast/bluetooth/source/impl/ethermind/host/bt_pal_settings.c:449:5:bt_settings_delete_irk	8	static
../edgefast/bluetooth/source/impl/ethermind/host/bt_pal_settings.c:454:5:bt_settings_store_link_key	32	static
../edgefast/bluetooth/source/impl/ethermind/host/bt_pal_settings.c:459:5:bt_settings_delete_link_key	16	static
../edgefast/bluetooth/source/impl/ethermind/host/bt_pal_settings.c:464:5:bt_settings_store_keys	32	static
../edgefast/bluetooth/source/impl/ethermind/host/bt_pal_settings.c:469:5:bt_settings_delete_keys	16	static
