D:\Git\NXP\RT685\Q_dev_board_BT_V1_3_1\nxp_rt685_bu8\BT_Audio\Rt685Conversa_handsfree_cm33\edgefast\bluetooth\include/sys/atomic.h:428:20:atomic_test_bit	24	static
D:\Git\NXP\RT685\Q_dev_board_BT_V1_3_1\nxp_rt685_bu8\BT_Audio\Rt685Conversa_handsfree_cm33\edgefast\bluetooth\include/sys/atomic.h:446:20:atomic_test_and_clear_bit	24	static
D:\Git\NXP\RT685\Q_dev_board_BT_V1_3_1\nxp_rt685_bu8\BT_Audio\Rt685Conversa_handsfree_cm33\edgefast\bluetooth\include/sys/atomic.h:488:20:atomic_clear_bit	24	static
D:\Git\NXP\RT685\Q_dev_board_BT_V1_3_1\nxp_rt685_bu8\BT_Audio\Rt685Conversa_handsfree_cm33\edgefast\bluetooth\include/sys/atomic.h:506:20:atomic_set_bit	24	static
D:\Git\NXP\RT685\Q_dev_board_BT_V1_3_1\nxp_rt685_bu8\BT_Audio\Rt685Conversa_handsfree_cm33\edgefast\bluetooth\include/sys/atomic.h:525:20:atomic_set_bit_to	32	static
D:\Git\NXP\RT685\Q_dev_board_BT_V1_3_1\nxp_rt685_bu8\BT_Audio\Rt685Conversa_handsfree_cm33\edgefast\bluetooth\include/net/buf.h:1495:21:net_buf_add	16	static
D:\Git\NXP\RT685\Q_dev_board_BT_V1_3_1\nxp_rt685_bu8\BT_Audio\Rt685Conversa_handsfree_cm33\edgefast\bluetooth\include/net/buf.h:1512:21:net_buf_add_mem	24	static
D:\Git\NXP\RT685\Q_dev_board_BT_V1_3_1\nxp_rt685_bu8\BT_Audio\Rt685Conversa_handsfree_cm33\edgefast\bluetooth\include/net/buf.h:1529:24:net_buf_add_u8	16	static
D:\Git\NXP\RT685\Q_dev_board_BT_V1_3_1\nxp_rt685_bu8\BT_Audio\Rt685Conversa_handsfree_cm33\edgefast\bluetooth\include/net/buf.h:1544:20:net_buf_add_le16	16	static
D:\Git\NXP\RT685\Q_dev_board_BT_V1_3_1\nxp_rt685_bu8\BT_Audio\Rt685Conversa_handsfree_cm33\edgefast\bluetooth\include/bluetooth/addr.h:105:19:bt_addr_le_cmp	16	static
D:\Git\NXP\RT685\Q_dev_board_BT_V1_3_1\nxp_rt685_bu8\BT_Audio\Rt685Conversa_handsfree_cm33\edgefast\bluetooth\include/bluetooth/addr.h:118:20:bt_addr_le_eq	16	static
D:\Git\NXP\RT685\Q_dev_board_BT_V1_3_1\nxp_rt685_bu8\BT_Audio\Rt685Conversa_handsfree_cm33\edgefast\bluetooth\include/bluetooth/addr.h:138:20:bt_addr_le_copy	16	static
../edgefast/bluetooth/source/impl/ethermind/host/bt_pal_adv.c:61:12:ad_stream_new	32	static
../edgefast/bluetooth/source/impl/ethermind/host/bt_pal_adv.c:89:13:ad_stream_is_empty	16	static
../edgefast/bluetooth/source/impl/ethermind/host/bt_pal_adv.c:103:30:ad_stream_current_ltv_update	24	static
../edgefast/bluetooth/source/impl/ethermind/host/bt_pal_adv.c:137:16:ad_stream_read	40	static
../edgefast/bluetooth/source/impl/ethermind/host/bt_pal_adv.c:175:20:get_adv_name_type	16	static
../edgefast/bluetooth/source/impl/ethermind/host/bt_pal_adv.c:188:20:get_adv_name_type_param	16	static
../edgefast/bluetooth/source/impl/ethermind/host/bt_pal_adv.c:262:6:bt_le_ext_adv_foreach	16	static
../edgefast/bluetooth/source/impl/ethermind/host/bt_pal_adv.c:276:6:bt_adv_reset_adv_pool	8	static
../edgefast/bluetooth/source/impl/ethermind/host/bt_pal_adv.c:284:30:adv_get_legacy	4	static
../edgefast/bluetooth/source/impl/ethermind/host/bt_pal_adv.c:298:6:bt_le_adv_delete_legacy	4	static
../edgefast/bluetooth/source/impl/ethermind/host/bt_pal_adv.c:308:23:bt_le_adv_lookup_legacy	4	static
../edgefast/bluetooth/source/impl/ethermind/host/bt_pal_adv.c:317:5:bt_le_adv_set_enable_legacy	48	static
../edgefast/bluetooth/source/impl/ethermind/host/bt_pal_adv.c:344:5:bt_le_adv_set_enable_ext	56	static
../edgefast/bluetooth/source/impl/ethermind/host/bt_pal_adv.c:379:5:bt_le_adv_set_enable	16	static
../edgefast/bluetooth/source/impl/ethermind/host/bt_pal_adv.c:390:13:valid_adv_ext_param	16	static
../edgefast/bluetooth/source/impl/ethermind/host/bt_pal_adv.c:486:13:valid_adv_param	16	static
../edgefast/bluetooth/source/impl/ethermind/host/bt_pal_adv.c:499:12:set_data_add_complete	56	static
../edgefast/bluetooth/source/impl/ethermind/host/bt_pal_adv.c:538:12:hci_set_ad	48	static
../edgefast/bluetooth/source/impl/ethermind/host/bt_pal_adv.c:562:12:hci_set_adv_ext_complete	48	static
../edgefast/bluetooth/source/impl/ethermind/host/bt_pal_adv.c:600:12:hci_set_adv_ext_fragmented	72	static
../edgefast/bluetooth/source/impl/ethermind/host/bt_pal_adv.c:650:12:hci_set_ad_ext	48	static
../edgefast/bluetooth/source/impl/ethermind/host/bt_pal_adv.c:685:12:set_ad	24	static
../edgefast/bluetooth/source/impl/ethermind/host/bt_pal_adv.c:697:12:set_sd	24	static
../edgefast/bluetooth/source/impl/ethermind/host/bt_pal_adv.c:762:20:ad_has_name	24	static
../edgefast/bluetooth/source/impl/ethermind/host/bt_pal_adv.c:776:13:ad_is_limited	24	static
../edgefast/bluetooth/source/impl/ethermind/host/bt_pal_adv.c:793:12:le_adv_update	72	static
../edgefast/bluetooth/source/impl/ethermind/host/bt_pal_adv.c:856:5:bt_le_adv_update_data	48	static
../edgefast/bluetooth/source/impl/ethermind/host/bt_pal_adv.c:876:16:get_filter_policy	16	static
../edgefast/bluetooth/source/impl/ethermind/host/bt_pal_adv.c:892:16:get_adv_channel_map	24	static
../edgefast/bluetooth/source/impl/ethermind/host/bt_pal_adv.c:911:20:adv_is_directed	16	static
../edgefast/bluetooth/source/impl/ethermind/host/bt_pal_adv.c:919:12:le_adv_start_add_conn	24	static
../edgefast/bluetooth/source/impl/ethermind/host/bt_pal_adv.c:952:13:le_adv_stop_free_conn	24	static
../edgefast/bluetooth/source/impl/ethermind/host/bt_pal_adv.c:971:5:bt_le_adv_start_legacy	80	static
../edgefast/bluetooth/source/impl/ethermind/host/bt_pal_adv.c:1362:5:bt_le_lim_adv_cancel_timeout	16	static
../edgefast/bluetooth/source/impl/ethermind/host/bt_pal_adv.c:1367:5:bt_le_adv_start	40	static
../edgefast/bluetooth/source/impl/ethermind/host/bt_pal_adv.c:1401:5:bt_le_adv_stop	16	static
../edgefast/bluetooth/source/impl/ethermind/host/bt_pal_adv.c:1465:17:adv_get_options	24	static
../edgefast/bluetooth/source/impl/ethermind/host/bt_pal_adv.c:1484:6:bt_le_adv_resume	40	static
../edgefast/bluetooth/source/impl/ethermind/host/bt_pal_adv.c:1769:13:adv_timeout	24	static
