D:\Git\NXP\RT685\RT685-EVK_Conversa_HFP\nxp_rt685\Rt685Conversa_handsfree_cm33\drivers/fsl_common_arm.h:902:24:DisableGlobalIRQ	16	static
D:\Git\NXP\RT685\RT685-EVK_Conversa_HFP\nxp_rt685\Rt685Conversa_handsfree_cm33\drivers/fsl_common_arm.h:928:20:EnableGlobalIRQ	24	static
D:\Git\NXP\RT685\RT685-EVK_Conversa_HFP\nxp_rt685\Rt685Conversa_handsfree_cm33\edgefast\bluetooth\include/sys/atomic.h:428:20:atomic_test_bit	24	static
D:\Git\NXP\RT685\RT685-EVK_Conversa_HFP\nxp_rt685\Rt685Conversa_handsfree_cm33\edgefast\bluetooth\include/sys/atomic.h:446:20:atomic_test_and_clear_bit	24	static
D:\Git\NXP\RT685\RT685-EVK_Conversa_HFP\nxp_rt685\Rt685Conversa_handsfree_cm33\edgefast\bluetooth\include/sys/atomic.h:467:20:atomic_test_and_set_bit	24	static
D:\Git\NXP\RT685\RT685-EVK_Conversa_HFP\nxp_rt685\Rt685Conversa_handsfree_cm33\edgefast\bluetooth\include/sys/atomic.h:488:20:atomic_clear_bit	24	static
D:\Git\NXP\RT685\RT685-EVK_Conversa_HFP\nxp_rt685\Rt685Conversa_handsfree_cm33\edgefast\bluetooth\include/sys/atomic.h:506:20:atomic_set_bit	24	static
D:\Git\NXP\RT685\RT685-EVK_Conversa_HFP\nxp_rt685\Rt685Conversa_handsfree_cm33\edgefast\bluetooth\include/sys/atomic.h:525:20:atomic_set_bit_to	32	static
D:\Git\NXP\RT685\RT685-EVK_Conversa_HFP\nxp_rt685\Rt685Conversa_handsfree_cm33\edgefast\bluetooth\include/sys/byteorder.h:385:20:sys_put_le16	16	static
D:\Git\NXP\RT685\RT685-EVK_Conversa_HFP\nxp_rt685\Rt685Conversa_handsfree_cm33\edgefast\bluetooth\include/sys/byteorder.h:415:20:sys_put_le32	16	static
D:\Git\NXP\RT685\RT685-EVK_Conversa_HFP\nxp_rt685\Rt685Conversa_handsfree_cm33\edgefast\bluetooth\include/sys/byteorder.h:445:20:sys_put_le64	24	static
D:\Git\NXP\RT685\RT685-EVK_Conversa_HFP\nxp_rt685\Rt685Conversa_handsfree_cm33\edgefast\bluetooth\include/sys/byteorder.h:536:24:sys_get_le16	16	static
D:\Git\NXP\RT685\RT685-EVK_Conversa_HFP\nxp_rt685\Rt685Conversa_handsfree_cm33\edgefast\bluetooth\include/sys/byteorder.h:566:24:sys_get_le32	24	static
D:\Git\NXP\RT685\RT685-EVK_Conversa_HFP\nxp_rt685\Rt685Conversa_handsfree_cm33\edgefast\bluetooth\include/sys/byteorder.h:596:24:sys_get_le64	48	static
D:\Git\NXP\RT685\RT685-EVK_Conversa_HFP\nxp_rt685\Rt685Conversa_handsfree_cm33\edgefast\bluetooth\source\porting/thread/thread.h:420:23:k_current_get	8	static
D:\Git\NXP\RT685\RT685-EVK_Conversa_HFP\nxp_rt685\Rt685Conversa_handsfree_cm33\edgefast\bluetooth\include/net/buf.h:867:20:net_buf_simple_save	16	static
D:\Git\NXP\RT685\RT685-EVK_Conversa_HFP\nxp_rt685\Rt685Conversa_handsfree_cm33\edgefast\bluetooth\include/net/buf.h:883:20:net_buf_simple_restore	16	static
D:\Git\NXP\RT685\RT685-EVK_Conversa_HFP\nxp_rt685\Rt685Conversa_handsfree_cm33\edgefast\bluetooth\include/net/buf.h:1258:45:net_buf_alloc	16	static
D:\Git\NXP\RT685\RT685-EVK_Conversa_HFP\nxp_rt685\Rt685Conversa_handsfree_cm33\edgefast\bluetooth\include/net/buf.h:1466:35:net_buf_user_data	16	static
D:\Git\NXP\RT685\RT685-EVK_Conversa_HFP\nxp_rt685\Rt685Conversa_handsfree_cm33\edgefast\bluetooth\include/net/buf.h:1479:20:net_buf_reserve	16	static
D:\Git\NXP\RT685\RT685-EVK_Conversa_HFP\nxp_rt685\Rt685Conversa_handsfree_cm33\edgefast\bluetooth\include/net/buf.h:1495:21:net_buf_add	16	static
D:\Git\NXP\RT685\RT685-EVK_Conversa_HFP\nxp_rt685\Rt685Conversa_handsfree_cm33\edgefast\bluetooth\include/net/buf.h:1512:21:net_buf_add_mem	24	static
D:\Git\NXP\RT685\RT685-EVK_Conversa_HFP\nxp_rt685\Rt685Conversa_handsfree_cm33\edgefast\bluetooth\include/net/buf.h:2078:21:net_buf_pull_mem	16	static
D:\Git\NXP\RT685\RT685-EVK_Conversa_HFP\nxp_rt685\Rt685Conversa_handsfree_cm33\edgefast\bluetooth\include/net/buf.h:2093:23:net_buf_pull_u8	16	static
D:\Git\NXP\RT685\RT685-EVK_Conversa_HFP\nxp_rt685\Rt685Conversa_handsfree_cm33\edgefast\bluetooth\include/bluetooth/addr.h:105:19:bt_addr_le_cmp	16	static
D:\Git\NXP\RT685\RT685-EVK_Conversa_HFP\nxp_rt685\Rt685Conversa_handsfree_cm33\edgefast\bluetooth\include/bluetooth/addr.h:128:20:bt_addr_copy	16	static
D:\Git\NXP\RT685\RT685-EVK_Conversa_HFP\nxp_rt685\Rt685Conversa_handsfree_cm33\edgefast\bluetooth\include/bluetooth/addr.h:138:20:bt_addr_le_copy	16	static
D:\Git\NXP\RT685\RT685-EVK_Conversa_HFP\nxp_rt685\Rt685Conversa_handsfree_cm33\edgefast\bluetooth\source\porting/porting.h:97:32:atomic_ptr_clear	16	static
D:\Git\NXP\RT685\RT685-EVK_Conversa_HFP\nxp_rt685\Rt685Conversa_handsfree_cm33\edgefast\bluetooth\include/bluetooth/buf.h:146:20:bt_buf_set_type	16	static
D:\Git\NXP\RT685\RT685-EVK_Conversa_HFP\nxp_rt685\Rt685Conversa_handsfree_cm33\edgefast\bluetooth\include/bluetooth/buf.h:157:32:bt_buf_get_type	16	static
../edgefast/bluetooth/source/impl/ethermind/host/bt_pal_hci_core.c:131:6:bt_hci_cmd_state_set_init	24	static
../edgefast/bluetooth/source/impl/ethermind/host/bt_pal_hci_core.c:175:12:handle_event_common	32	static
../edgefast/bluetooth/source/impl/ethermind/host/bt_pal_hci_core.c:199:13:handle_event	32	static
../edgefast/bluetooth/source/impl/ethermind/host/bt_pal_hci_core.c:280:17:bt_hci_cmd_create	24	static
../edgefast/bluetooth/source/impl/ethermind/host/bt_pal_hci_core.c:311:5:bt_hci_cmd_send	24	static
../edgefast/bluetooth/source/impl/ethermind/host/bt_pal_hci_core.c:344:5:bt_hci_cmd_send_sync	160	static
../edgefast/bluetooth/source/impl/ethermind/host/bt_pal_hci_core.c:454:5:bt_hci_le_rand	32	static
../edgefast/bluetooth/source/impl/ethermind/host/bt_pal_hci_core.c:486:12:hci_le_read_max_data_len	32	static
../edgefast/bluetooth/source/impl/ethermind/host/bt_pal_hci_core.c:513:9:bt_get_phy	16	static
../edgefast/bluetooth/source/impl/ethermind/host/bt_pal_hci_core.c:527:5:bt_get_df_cte_type	16	static
../edgefast/bluetooth/source/impl/ethermind/host/bt_pal_hci_core.c:544:13:hci_num_completed_packets	40	static
../edgefast/bluetooth/source/impl/ethermind/host/bt_pal_hci_core.c:606:13:hci_acl	24	static
../edgefast/bluetooth/source/impl/ethermind/host/bt_pal_hci_core.c:619:13:hci_data_buf_overflow	24	static
../edgefast/bluetooth/source/impl/ethermind/host/bt_pal_hci_core.c:628:13:set_phy_conn_param	16	static
../edgefast/bluetooth/source/impl/ethermind/host/bt_pal_hci_core.c:640:5:bt_le_create_conn_ext	72	static
../edgefast/bluetooth/source/impl/ethermind/host/bt_pal_hci_core.c:720:5:bt_le_create_conn_synced	64	static
../edgefast/bluetooth/source/impl/ethermind/host/bt_pal_hci_core.c:768:12:bt_le_create_conn_legacy	64	static
../edgefast/bluetooth/source/impl/ethermind/host/bt_pal_hci_core.c:826:5:bt_le_create_conn	16	static
../edgefast/bluetooth/source/impl/ethermind/host/bt_pal_hci_core.c:836:5:bt_le_create_conn_cancel	32	static
../edgefast/bluetooth/source/impl/ethermind/host/bt_pal_hci_core.c:850:5:bt_hci_disconnect	24	static
../edgefast/bluetooth/source/impl/ethermind/host/bt_pal_hci_core.c:870:13:disconnected_handles_reset	8	static
../edgefast/bluetooth/source/impl/ethermind/host/bt_pal_hci_core.c:875:13:conn_handle_disconnected	24	static
../edgefast/bluetooth/source/impl/ethermind/host/bt_pal_hci_core.c:889:16:conn_handle_is_disconnected	24	static
../edgefast/bluetooth/source/impl/ethermind/host/bt_pal_hci_core.c:903:13:hci_disconn_complete_prio	32	static
../edgefast/bluetooth/source/impl/ethermind/host/bt_pal_hci_core.c:930:13:hci_disconn_complete	32	static
../edgefast/bluetooth/source/impl/ethermind/host/bt_pal_hci_core.c:979:12:hci_le_read_remote_features	24	static
../edgefast/bluetooth/source/impl/ethermind/host/bt_pal_hci_core.c:995:12:hci_read_remote_version	24	static
../edgefast/bluetooth/source/impl/ethermind/host/bt_pal_hci_core.c:1025:5:bt_le_set_data_len	24	static
../edgefast/bluetooth/source/impl/ethermind/host/bt_pal_hci_core.c:1073:5:bt_le_set_phy	24	static
../edgefast/bluetooth/source/impl/ethermind/host/bt_pal_hci_core.c:1094:24:find_pending_connect	24	static
../edgefast/bluetooth/source/impl/ethermind/host/bt_pal_hci_core.c:1133:13:skip_auto_phy_update_on_conn_establishment	16	static
../edgefast/bluetooth/source/impl/ethermind/host/bt_pal_hci_core.c:1151:13:conn_auto_initiate	24	static
../edgefast/bluetooth/source/impl/ethermind/host/bt_pal_hci_core.c:1216:13:le_conn_complete_cancel	32	static
../edgefast/bluetooth/source/impl/ethermind/host/bt_pal_hci_core.c:1263:13:le_conn_complete_adv_timeout	16	static
../edgefast/bluetooth/source/impl/ethermind/host/bt_pal_hci_core.c:1300:13:enh_conn_complete	16	static
../edgefast/bluetooth/source/impl/ethermind/host/bt_pal_hci_core.c:1331:13:translate_addrs	24	static
../edgefast/bluetooth/source/impl/ethermind/host/bt_pal_hci_core.c:1345:13:update_conn	24	static
../edgefast/bluetooth/source/impl/ethermind/host/bt_pal_hci_core.c:1364:6:bt_hci_le_enh_conn_complete	56	static
../edgefast/bluetooth/source/impl/ethermind/host/bt_pal_hci_core.c:1650:13:le_enh_conn_complete	16	static
../edgefast/bluetooth/source/impl/ethermind/host/bt_pal_hci_core.c:1696:13:le_legacy_conn_complete	56	static
../edgefast/bluetooth/source/impl/ethermind/host/bt_pal_hci_core.c:1725:13:le_remote_feat_complete	32	static
../edgefast/bluetooth/source/impl/ethermind/host/bt_pal_hci_core.c:1824:6:bt_le_conn_params_valid	16	static
../edgefast/bluetooth/source/impl/ethermind/host/bt_pal_hci_core.c:1850:13:le_conn_param_neg_reply	24	static
../edgefast/bluetooth/source/impl/ethermind/host/bt_pal_hci_core.c:1869:12:le_conn_param_req_reply	24	static
../edgefast/bluetooth/source/impl/ethermind/host/bt_pal_hci_core.c:1892:13:le_conn_param_req	40	static
../edgefast/bluetooth/source/impl/ethermind/host/bt_pal_hci_core.c:1921:13:le_conn_update_complete	40	static
../edgefast/bluetooth/source/impl/ethermind/host/bt_pal_hci_core.c:2018:6:bt_conn_unpair	40	static
../edgefast/bluetooth/source/impl/ethermind/host/bt_pal_hci_core.c:2128:13:unpair	32	static
../edgefast/bluetooth/source/impl/ethermind/host/bt_pal_hci_core.c:2169:13:unpair_remote	24	static
../edgefast/bluetooth/source/impl/ethermind/host/bt_pal_hci_core.c:2176:5:bt_unpair	40	static
../edgefast/bluetooth/source/impl/ethermind/host/bt_pal_hci_core.c:2265:22:bt_security_err_get	16	static
../edgefast/bluetooth/source/impl/ethermind/host/bt_pal_hci_core.c:2287:6:update_sec_level	16	static
../edgefast/bluetooth/source/impl/ethermind/host/bt_pal_hci_core.c:2305:13:hci_encrypt_change	32	static
../edgefast/bluetooth/source/impl/ethermind/host/bt_pal_hci_core.c:2427:13:hci_encrypt_key_refresh_complete	32	static
../edgefast/bluetooth/source/impl/ethermind/host/bt_pal_hci_core.c:2519:13:hci_hardware_error	24	static
../edgefast/bluetooth/source/impl/ethermind/host/bt_pal_hci_core.c:2530:13:le_ltk_neg_reply	24	static
../edgefast/bluetooth/source/impl/ethermind/host/bt_pal_hci_core.c:2548:13:le_ltk_reply	24	static
../edgefast/bluetooth/source/impl/ethermind/host/bt_pal_hci_core.c:2567:13:le_ltk_request	56	static
../edgefast/bluetooth/source/impl/ethermind/host/bt_pal_hci_core.c:2618:13:hci_cmd_done	24	static
../edgefast/bluetooth/source/impl/ethermind/host/bt_pal_hci_core.c:2677:13:hci_cmd_complete	32	static
../edgefast/bluetooth/source/impl/ethermind/host/bt_pal_hci_core.c:2711:13:hci_cmd_status	24	static
../edgefast/bluetooth/source/impl/ethermind/host/bt_pal_hci_core.c:2732:5:bt_hci_get_conn_handle	16	static
../edgefast/bluetooth/source/impl/ethermind/host/bt_pal_hci_core.c:2851:13:hci_vendor_event	24	static
../edgefast/bluetooth/source/impl/ethermind/host/bt_pal_hci_core.c:3026:13:hci_le_meta_event	24	static
../edgefast/bluetooth/source/impl/ethermind/host/bt_pal_hci_core.c:3124:23:bt_hci_evt_get_flags	16	static
../edgefast/bluetooth/source/impl/ethermind/host/bt_pal_hci_core.c:3145:13:hci_event	24	static
../edgefast/bluetooth/source/impl/ethermind/host/bt_pal_hci_core.c:3164:13:hci_core_send_cmd	16	static
../edgefast/bluetooth/source/impl/ethermind/host/bt_pal_hci_core.c:3213:13:read_local_ver_complete	24	static
../edgefast/bluetooth/source/impl/ethermind/host/bt_pal_hci_core.c:3226:13:read_le_features_complete	24	static
../edgefast/bluetooth/source/impl/ethermind/host/bt_pal_hci_core.c:3259:13:le_read_buffer_size_complete	24	static
../edgefast/bluetooth/source/impl/ethermind/host/bt_pal_hci_core.c:3280:13:read_buffer_size_v2_complete	16	static
../edgefast/bluetooth/source/impl/ethermind/host/bt_pal_hci_core.c:3314:12:le_set_host_feature	24	static
../edgefast/bluetooth/source/impl/ethermind/host/bt_pal_hci_core.c:3331:13:read_supported_commands_complete	24	static
../edgefast/bluetooth/source/impl/ethermind/host/bt_pal_hci_core.c:3348:13:read_local_features_complete	24	static
../edgefast/bluetooth/source/impl/ethermind/host/bt_pal_hci_core.c:3357:13:le_read_supp_states_complete	24	static
../edgefast/bluetooth/source/impl/ethermind/host/bt_pal_hci_core.c:3367:13:le_read_maximum_adv_data_len_complete	24	static
../edgefast/bluetooth/source/impl/ethermind/host/bt_pal_hci_core.c:3378:13:le_read_resolving_list_size_complete	24	static
../edgefast/bluetooth/source/impl/ethermind/host/bt_pal_hci_core.c:3388:12:common_init	16	static
../edgefast/bluetooth/source/impl/ethermind/host/bt_pal_hci_core.c:3466:12:le_set_event_mask	96	static
../edgefast/bluetooth/source/impl/ethermind/host/bt_pal_hci_core.c:3610:12:le_init_iso	16	static
../edgefast/bluetooth/source/impl/ethermind/host/bt_pal_hci_core.c:3658:12:le_init	32	static
../edgefast/bluetooth/source/impl/ethermind/host/bt_pal_hci_core.c:3847:12:set_event_mask	240	static
../edgefast/bluetooth/source/impl/ethermind/host/bt_pal_hci_core.c:3964:20:bt_dev_show_info	4	static
../edgefast/bluetooth/source/impl/ethermind/host/bt_pal_hci_core.c:4113:12:hci_init	16	static
../edgefast/bluetooth/source/impl/ethermind/host/bt_pal_hci_core.c:4178:5:bt_send	24	static
../edgefast/bluetooth/source/impl/ethermind/host/bt_pal_hci_core.c:4251:6:hci_event_prio	32	static
../edgefast/bluetooth/source/impl/ethermind/host/bt_pal_hci_core.c:4278:13:rx_ready_raise	16	static
../edgefast/bluetooth/source/impl/ethermind/host/bt_pal_hci_core.c:4298:13:rx_queue_put	16	static
../edgefast/bluetooth/source/impl/ethermind/host/bt_pal_hci_core.c:4305:12:bt_recv_unsafe	24	static
../edgefast/bluetooth/source/impl/ethermind/host/bt_pal_hci_core.c:4346:5:bt_recv	24	static
../edgefast/bluetooth/source/impl/ethermind/host/bt_pal_hci_core.c:4379:6:bt_finalize_init	8	static
../edgefast/bluetooth/source/impl/ethermind/host/bt_pal_hci_core.c:4390:12:bt_init	16	static
../edgefast/bluetooth/source/impl/ethermind/host/bt_pal_hci_core.c:4426:13:init_work	24	static
../edgefast/bluetooth/source/impl/ethermind/host/bt_pal_hci_core.c:4440:13:rx_work_handler	24	static
../edgefast/bluetooth/source/impl/ethermind/host/bt_pal_hci_core.c:4482:10:ethermind_hci_event_callback	40	static
../edgefast/bluetooth/source/impl/ethermind/host/bt_pal_hci_core.c:4559:6:bt_br_acl_link_connect_req	32	static
../edgefast/bluetooth/source/impl/ethermind/host/bt_pal_hci_core.c:4570:19:ethermind_bt_on_complete	8	static
../edgefast/bluetooth/source/impl/ethermind/host/bt_pal_hci_core.c:4583:5:bt_enable	24	static
../edgefast/bluetooth/source/impl/ethermind/host/bt_pal_hci_core.c:4690:5:bt_disable	24	static
../edgefast/bluetooth/source/impl/ethermind/host/bt_pal_hci_core.c:4834:6:bt_is_ready	8	static
../edgefast/bluetooth/source/impl/ethermind/host/bt_pal_hci_core.c:4846:5:bt_set_name	16	static
../edgefast/bluetooth/source/impl/ethermind/host/bt_pal_hci_core.c:4880:13:bt_get_name	4	static
../edgefast/bluetooth/source/impl/ethermind/host/bt_pal_hci_core.c:4889:10:bt_get_appearance	4	static
../edgefast/bluetooth/source/impl/ethermind/host/bt_pal_hci_core.c:4919:6:bt_addr_le_is_bonded	24	static
../edgefast/bluetooth/source/impl/ethermind/host/bt_pal_hci_core.c:4931:6:bt_le_bond_exists	24	static
../edgefast/bluetooth/source/impl/ethermind/host/bt_pal_hci_core.c:5017:5:bt_le_set_chan_map	24	static
../edgefast/bluetooth/source/impl/ethermind/host/bt_pal_hci_core.c:5066:5:bt_configure_data_path	40	static
../edgefast/bluetooth/source/impl/ethermind/host/bt_pal_hci_core.c:5104:13:process_pending_cmd	16	static
../edgefast/bluetooth/source/impl/ethermind/host/bt_pal_hci_core.c:5116:13:tx_processor	16	static
../edgefast/bluetooth/source/impl/ethermind/host/bt_pal_hci_core.c:5135:6:bt_tx_irq_raise	8	static
