D:\Git\NXP\RT685\RT685-EVK_Conversa_HFP\nxp_rt685\Rt685Conversa_handsfree_cm33\edgefast\bluetooth\include/sys/atomic.h:428:20:atomic_test_bit	24	static
D:\Git\NXP\RT685\RT685-EVK_Conversa_HFP\nxp_rt685\Rt685Conversa_handsfree_cm33\edgefast\bluetooth\include/sys/atomic.h:446:20:atomic_test_and_clear_bit	24	static
D:\Git\NXP\RT685\RT685-EVK_Conversa_HFP\nxp_rt685\Rt685Conversa_handsfree_cm33\edgefast\bluetooth\include/sys/atomic.h:488:20:atomic_clear_bit	24	static
D:\Git\NXP\RT685\RT685-EVK_Conversa_HFP\nxp_rt685\Rt685Conversa_handsfree_cm33\edgefast\bluetooth\include/sys/atomic.h:506:20:atomic_set_bit	24	static
D:\Git\NXP\RT685\RT685-EVK_Conversa_HFP\nxp_rt685\Rt685Conversa_handsfree_cm33\edgefast\bluetooth\include/net/buf.h:1495:21:net_buf_add	16	static
D:\Git\NXP\RT685\RT685-EVK_Conversa_HFP\nxp_rt685\Rt685Conversa_handsfree_cm33\edgefast\bluetooth\include/net/buf.h:1512:21:net_buf_add_mem	24	static
D:\Git\NXP\RT685\RT685-EVK_Conversa_HFP\nxp_rt685\Rt685Conversa_handsfree_cm33\edgefast\bluetooth\include/net/buf.h:1529:24:net_buf_add_u8	16	static
D:\Git\NXP\RT685\RT685-EVK_Conversa_HFP\nxp_rt685\Rt685Conversa_handsfree_cm33\edgefast\bluetooth\include/bluetooth/addr.h:81:19:bt_addr_cmp	16	static
D:\Git\NXP\RT685\RT685-EVK_Conversa_HFP\nxp_rt685\Rt685Conversa_handsfree_cm33\edgefast\bluetooth\include/bluetooth/addr.h:91:20:bt_addr_eq	16	static
D:\Git\NXP\RT685\RT685-EVK_Conversa_HFP\nxp_rt685\Rt685Conversa_handsfree_cm33\edgefast\bluetooth\include/bluetooth/addr.h:105:19:bt_addr_le_cmp	16	static
D:\Git\NXP\RT685\RT685-EVK_Conversa_HFP\nxp_rt685\Rt685Conversa_handsfree_cm33\edgefast\bluetooth\include/bluetooth/addr.h:118:20:bt_addr_le_eq	16	static
D:\Git\NXP\RT685\RT685-EVK_Conversa_HFP\nxp_rt685\Rt685Conversa_handsfree_cm33\edgefast\bluetooth\include/bluetooth/addr.h:128:20:bt_addr_copy	16	static
D:\Git\NXP\RT685\RT685-EVK_Conversa_HFP\nxp_rt685\Rt685Conversa_handsfree_cm33\edgefast\bluetooth\include/bluetooth/addr.h:138:20:bt_addr_le_copy	16	static
../edgefast/bluetooth/source/impl/ethermind/host/bt_pal_keys.h:52:20:bt_irk_eq	16	static
../edgefast/bluetooth/source/impl/ethermind/host/bt_pal_id.c:38:21:bt_lookup_id_addr	24	static
../edgefast/bluetooth/source/impl/ethermind/host/bt_pal_id.c:59:13:adv_id_check_func	24	static
../edgefast/bluetooth/source/impl/ethermind/host/bt_pal_id.c:91:13:adv_is_limited_enabled	24	static
../edgefast/bluetooth/source/impl/ethermind/host/bt_pal_id.c:101:13:adv_pause_enabled	16	static
../edgefast/bluetooth/source/impl/ethermind/host/bt_pal_id.c:109:13:adv_unpause_enabled	16	static
../edgefast/bluetooth/source/impl/ethermind/host/bt_pal_id.c:117:12:set_random_address	24	static
../edgefast/bluetooth/source/impl/ethermind/host/bt_pal_id.c:155:5:bt_id_set_adv_random_addr	16	static
../edgefast/bluetooth/source/impl/ethermind/host/bt_pal_id.c:209:13:adv_rpa_expired	24	static
../edgefast/bluetooth/source/impl/ethermind/host/bt_pal_id.c:242:13:adv_rpa_invalidate	16	static
../edgefast/bluetooth/source/impl/ethermind/host/bt_pal_id.c:270:13:le_rpa_invalidate	16	static
../edgefast/bluetooth/source/impl/ethermind/host/bt_pal_id.c:480:5:bt_id_set_private_addr	32	static
../edgefast/bluetooth/source/impl/ethermind/host/bt_pal_id.c:508:5:bt_id_set_adv_private_addr	32	static
../edgefast/bluetooth/source/impl/ethermind/host/bt_pal_id.c:537:13:adv_pause_rpa	24	static
../edgefast/bluetooth/source/impl/ethermind/host/bt_pal_id.c:557:13:le_adv_rpa_timeout	16	static
../edgefast/bluetooth/source/impl/ethermind/host/bt_pal_id.c:577:13:adv_enable_rpa	24	static
../edgefast/bluetooth/source/impl/ethermind/host/bt_pal_id.c:594:13:le_update_private_addr	24	static
../edgefast/bluetooth/source/impl/ethermind/host/bt_pal_id.c:661:13:le_force_rpa_timeout	8	static
../edgefast/bluetooth/source/impl/ethermind/host/bt_pal_id.c:706:6:bt_id_scan_random_addr_check	16	static
../edgefast/bluetooth/source/impl/ethermind/host/bt_pal_id.c:755:6:bt_id_adv_random_addr_check	16	static
../edgefast/bluetooth/source/impl/ethermind/host/bt_pal_id.c:823:6:bt_id_adv_limited_stopped	16	static
../edgefast/bluetooth/source/impl/ethermind/host/bt_pal_id.c:829:12:le_set_privacy_mode	32	static
../edgefast/bluetooth/source/impl/ethermind/host/bt_pal_id.c:861:12:addr_res_enable	24	static
../edgefast/bluetooth/source/impl/ethermind/host/bt_pal_id.c:878:12:hci_id_add	32	static
../edgefast/bluetooth/source/impl/ethermind/host/bt_pal_id.c:907:13:pending_id_update	16	static
../edgefast/bluetooth/source/impl/ethermind/host/bt_pal_id.c:922:13:bt_id_pending_keys_update_set	16	static
../edgefast/bluetooth/source/impl/ethermind/host/bt_pal_id.c:928:6:bt_id_pending_keys_update	8	static
../edgefast/bluetooth/source/impl/ethermind/host/bt_pal_id.c:951:6:find_rl_conflict	48	static
../edgefast/bluetooth/source/impl/ethermind/host/bt_pal_id.c:983:17:bt_id_find_conflict	24	static
../edgefast/bluetooth/source/impl/ethermind/host/bt_pal_id.c:994:6:bt_id_add	40	static
../edgefast/bluetooth/source/impl/ethermind/host/bt_pal_id.c:1130:13:keys_add_id	16	static
../edgefast/bluetooth/source/impl/ethermind/host/bt_pal_id.c:1137:12:hci_id_del	24	static
../edgefast/bluetooth/source/impl/ethermind/host/bt_pal_id.c:1155:6:bt_id_del	32	static
../edgefast/bluetooth/source/impl/ethermind/host/bt_pal_id.c:1259:6:bt_id_get	24	static
../edgefast/bluetooth/source/impl/ethermind/host/bt_pal_id.c:1271:12:id_find	24	static
../edgefast/bluetooth/source/impl/ethermind/host/bt_pal_id.c:1284:12:id_create	40	static
../edgefast/bluetooth/source/impl/ethermind/host/bt_pal_id.c:1345:5:bt_id_create	40	static
../edgefast/bluetooth/source/impl/ethermind/host/bt_pal_id.c:1400:5:bt_id_reset	32	static
../edgefast/bluetooth/source/impl/ethermind/host/bt_pal_id.c:1452:5:bt_id_delete	24	static
../edgefast/bluetooth/source/impl/ethermind/host/bt_pal_id.c:1538:9:bt_id_read_public_addr	32	static
../edgefast/bluetooth/source/impl/ethermind/host/bt_pal_id.c:1572:5:bt_setup_public_id_addr	24	static
../edgefast/bluetooth/source/impl/ethermind/host/bt_pal_id.c:1662:5:bt_setup_random_id_addr	8	static
../edgefast/bluetooth/source/impl/ethermind/host/bt_pal_id.c:1736:5:bt_id_set_create_conn_own_addr	24	static
../edgefast/bluetooth/source/impl/ethermind/host/bt_pal_id.c:1784:13:is_adv_using_rand_addr	16	static
../edgefast/bluetooth/source/impl/ethermind/host/bt_pal_id.c:1805:5:bt_id_set_scan_own_addr	24	static
../edgefast/bluetooth/source/impl/ethermind/host/bt_pal_id.c:1864:5:bt_id_set_adv_own_addr	40	static
../edgefast/bluetooth/source/impl/ethermind/host/bt_pal_id.c:1978:5:bt_br_oob_get_local	16	static
../edgefast/bluetooth/source/impl/ethermind/host/bt_pal_id.c:1990:5:bt_le_oob_get_local	24	static
../edgefast/bluetooth/source/impl/ethermind/host/bt_pal_id.c:2131:5:bt_le_oob_set_legacy_tk	16	static
../edgefast/bluetooth/source/impl/ethermind/host/bt_pal_id.c:2142:5:bt_le_oob_set_sc_data	24	static
../edgefast/bluetooth/source/impl/ethermind/host/bt_pal_id.c:2157:5:bt_le_oob_get_sc_data	24	static
../edgefast/bluetooth/source/impl/ethermind/host/bt_pal_id.c:2174:5:bt_id_init	4	static
