D:\Git\NXP\RT685\RT685-EVK_Conversa_HFP\nxp_rt685\Rt685Conversa_handsfree_cm33\edgefast\bluetooth\include/net/buf.h:1495:21:net_buf_add	16	static
D:\Git\NXP\RT685\RT685-EVK_Conversa_HFP\nxp_rt685\Rt685Conversa_handsfree_cm33\edgefast\bluetooth\include/bluetooth/addr.h:128:20:bt_addr_copy	16	static
../edgefast/bluetooth/source/impl/ethermind/host/bt_pal_sco.c:37:5:bt_sco_server_register	16	static
../edgefast/bluetooth/source/impl/ethermind/host/bt_pal_sco.c:63:5:bt_sco_server_unregister	16	static
../edgefast/bluetooth/source/impl/ethermind/host/bt_pal_sco.c:79:6:bt_sco_connected	24	static
../edgefast/bluetooth/source/impl/ethermind/host/bt_pal_sco.c:104:6:bt_sco_disconnected	24	static
../edgefast/bluetooth/source/impl/ethermind/host/bt_pal_sco.c:131:16:sco_server_check_security	16	static
../edgefast/bluetooth/source/impl/ethermind/host/bt_pal_sco.c:201:6:bt_sco_chan_set_state	16	static
../edgefast/bluetooth/source/impl/ethermind/host/bt_pal_sco.c:208:13:bt_sco_chan_add	16	static
../edgefast/bluetooth/source/impl/ethermind/host/bt_pal_sco.c:217:12:sco_accept	32	static
../edgefast/bluetooth/source/impl/ethermind/host/bt_pal_sco.c:251:12:accept_sco_conn	32	static
../edgefast/bluetooth/source/impl/ethermind/host/bt_pal_sco.c:284:9:bt_esco_conn_req	24	static
../edgefast/bluetooth/source/impl/ethermind/host/bt_pal_sco.c:322:6:bt_sco_cleanup_acl	16	static
../edgefast/bluetooth/source/impl/ethermind/host/bt_pal_sco.c:332:12:sco_setup_sync_conn	32	static
../edgefast/bluetooth/source/impl/ethermind/host/bt_pal_sco.c:364:17:bt_conn_create_sco	24	static
