D:\Git\NXP\RT685\Q_dev_board_BT_V1_3_1\nxp_rt685_bu8\BT_Audio\Rt685Conversa_handsfree_cm33\edgefast\bluetooth\include/sys/byteorder.h:614:20:sys_memcpy_swap	32	static
D:\Git\NXP\RT685\Q_dev_board_BT_V1_3_1\nxp_rt685_bu8\BT_Audio\Rt685Conversa_handsfree_cm33\edgefast\bluetooth\include/sys/byteorder.h:640:20:sys_mem_swap	24	static
../edgefast/bluetooth/source/impl/ethermind/host/bt_pal_crypto.c:113:12:bt_aes_128_encrypt	72	static
../edgefast/bluetooth/source/impl/ethermind/host/bt_pal_crypto.c:263:12:prng_reseed	40	static
../edgefast/bluetooth/source/impl/ethermind/host/bt_pal_crypto.c:303:5:prng_init	8	static
../edgefast/bluetooth/source/impl/ethermind/host/bt_pal_crypto.c:321:5:bt_rand	32	static
../edgefast/bluetooth/source/impl/ethermind/host/bt_pal_crypto.c:353:5:bt_encrypt_le	64	static
../edgefast/bluetooth/source/impl/ethermind/host/bt_pal_crypto.c:384:5:bt_encrypt_be	32	static
../edgefast/bluetooth/source/impl/ethermind/host/bt_pal_crypto.c:398:5:bt_aes_128_cmac_be	128	static
../edgefast/bluetooth/source/impl/ethermind/host/bt_pal_crypto.c:414:13:bt_crypto_left_shift_one_bit	24	static
../edgefast/bluetooth/source/impl/ethermind/host/bt_pal_crypto.c:428:13:bt_crypto_xor128	32	static
../edgefast/bluetooth/source/impl/ethermind/host/bt_pal_crypto.c:440:13:bt_crypto_padding	32	static
../edgefast/bluetooth/source/impl/ethermind/host/bt_pal_crypto.c:458:5:bt_aes_128_cmac_setup	88	static
../edgefast/bluetooth/source/impl/ethermind/host/bt_pal_crypto.c:504:5:bt_aes_128_cmac_init	16	static
../edgefast/bluetooth/source/impl/ethermind/host/bt_pal_crypto.c:518:5:bt_aes_128_cmac_update	40	static
../edgefast/bluetooth/source/impl/ethermind/host/bt_pal_crypto.c:575:5:bt_aes_128_cmac_final	48	static
