D:\Git\NXP\RT685\Q_dev_board_BT_V1_3_1\nxp_rt685_bu8\BT_Audio\Rt685Conversa_handsfree_cm33\drivers/fsl_common_arm.h:902:24:DisableGlobalIRQ	16	static
D:\Git\NXP\RT685\Q_dev_board_BT_V1_3_1\nxp_rt685_bu8\BT_Audio\Rt685Conversa_handsfree_cm33\drivers/fsl_common_arm.h:928:20:EnableGlobalIRQ	24	static
D:\Git\NXP\RT685\Q_dev_board_BT_V1_3_1\nxp_rt685_bu8\BT_Audio\Rt685Conversa_handsfree_cm33\edgefast\bluetooth\include/sys/atomic.h:428:20:atomic_test_bit	24	static
D:\Git\NXP\RT685\Q_dev_board_BT_V1_3_1\nxp_rt685_bu8\BT_Audio\Rt685Conversa_handsfree_cm33\edgefast\bluetooth\include/sys/atomic.h:446:20:atomic_test_and_clear_bit	24	static
D:\Git\NXP\RT685\Q_dev_board_BT_V1_3_1\nxp_rt685_bu8\BT_Audio\Rt685Conversa_handsfree_cm33\edgefast\bluetooth\include/sys/atomic.h:467:20:atomic_test_and_set_bit	24	static
D:\Git\NXP\RT685\Q_dev_board_BT_V1_3_1\nxp_rt685_bu8\BT_Audio\Rt685Conversa_handsfree_cm33\edgefast\bluetooth\include/sys/atomic.h:488:20:atomic_clear_bit	24	static
D:\Git\NXP\RT685\Q_dev_board_BT_V1_3_1\nxp_rt685_bu8\BT_Audio\Rt685Conversa_handsfree_cm33\edgefast\bluetooth\include/sys/atomic.h:506:20:atomic_set_bit	24	static
D:\Git\NXP\RT685\Q_dev_board_BT_V1_3_1\nxp_rt685_bu8\BT_Audio\Rt685Conversa_handsfree_cm33\edgefast\bluetooth\include/sys/atomic.h:525:20:atomic_set_bit_to	32	static
D:\Git\NXP\RT685\Q_dev_board_BT_V1_3_1\nxp_rt685_bu8\BT_Audio\Rt685Conversa_handsfree_cm33\edgefast\bluetooth\include/sys/byteorder.h:536:24:sys_get_le16	16	static
D:\Git\NXP\RT685\Q_dev_board_BT_V1_3_1\nxp_rt685_bu8\BT_Audio\Rt685Conversa_handsfree_cm33\edgefast\bluetooth\include/sys/byteorder.h:566:24:sys_get_le32	24	static
D:\Git\NXP\RT685\Q_dev_board_BT_V1_3_1\nxp_rt685_bu8\BT_Audio\Rt685Conversa_handsfree_cm33\edgefast\bluetooth\include/sys/byteorder.h:596:24:sys_get_le64	48	static
D:\Git\NXP\RT685\Q_dev_board_BT_V1_3_1\nxp_rt685_bu8\BT_Audio\Rt685Conversa_handsfree_cm33\edgefast\bluetooth\source\porting/thread/thread.h:420:23:k_current_get	8	static
D:\Git\NXP\RT685\Q_dev_board_BT_V1_3_1\nxp_rt685_bu8\BT_Audio\Rt685Conversa_handsfree_cm33\edgefast\bluetooth\source\porting/work/work.h:796:1:k_work_delayable_from_work	16	static
D:\Git\NXP\RT685\Q_dev_board_BT_V1_3_1\nxp_rt685_bu8\BT_Audio\Rt685Conversa_handsfree_cm33\edgefast\bluetooth\source\porting/work/work.h:819:23:k_work_queue_thread_get	16	static
D:\Git\NXP\RT685\Q_dev_board_BT_V1_3_1\nxp_rt685_bu8\BT_Audio\Rt685Conversa_handsfree_cm33\edgefast\bluetooth\include/net/buf.h:1258:45:net_buf_alloc	16	static
D:\Git\NXP\RT685\Q_dev_board_BT_V1_3_1\nxp_rt685_bu8\BT_Audio\Rt685Conversa_handsfree_cm33\edgefast\bluetooth\include/net/buf.h:1466:35:net_buf_user_data	16	static
D:\Git\NXP\RT685\Q_dev_board_BT_V1_3_1\nxp_rt685_bu8\BT_Audio\Rt685Conversa_handsfree_cm33\edgefast\bluetooth\include/net/buf.h:1479:20:net_buf_reserve	16	static
D:\Git\NXP\RT685\Q_dev_board_BT_V1_3_1\nxp_rt685_bu8\BT_Audio\Rt685Conversa_handsfree_cm33\edgefast\bluetooth\include/net/buf.h:1495:21:net_buf_add	16	static
D:\Git\NXP\RT685\Q_dev_board_BT_V1_3_1\nxp_rt685_bu8\BT_Audio\Rt685Conversa_handsfree_cm33\edgefast\bluetooth\include/net/buf.h:1512:21:net_buf_add_mem	24	static
D:\Git\NXP\RT685\Q_dev_board_BT_V1_3_1\nxp_rt685_bu8\BT_Audio\Rt685Conversa_handsfree_cm33\edgefast\bluetooth\include/net/buf.h:1875:21:net_buf_push	16	static
D:\Git\NXP\RT685\Q_dev_board_BT_V1_3_1\nxp_rt685_bu8\BT_Audio\Rt685Conversa_handsfree_cm33\edgefast\bluetooth\include/net/buf.h:2257:22:net_buf_tailroom	16	static
D:\Git\NXP\RT685\Q_dev_board_BT_V1_3_1\nxp_rt685_bu8\BT_Audio\Rt685Conversa_handsfree_cm33\edgefast\bluetooth\include/bluetooth/addr.h:81:19:bt_addr_cmp	16	static
D:\Git\NXP\RT685\Q_dev_board_BT_V1_3_1\nxp_rt685_bu8\BT_Audio\Rt685Conversa_handsfree_cm33\edgefast\bluetooth\include/bluetooth/addr.h:91:20:bt_addr_eq	16	static
D:\Git\NXP\RT685\Q_dev_board_BT_V1_3_1\nxp_rt685_bu8\BT_Audio\Rt685Conversa_handsfree_cm33\edgefast\bluetooth\include/bluetooth/addr.h:105:19:bt_addr_le_cmp	16	static
D:\Git\NXP\RT685\Q_dev_board_BT_V1_3_1\nxp_rt685_bu8\BT_Audio\Rt685Conversa_handsfree_cm33\edgefast\bluetooth\include/bluetooth/addr.h:118:20:bt_addr_le_eq	16	static
D:\Git\NXP\RT685\Q_dev_board_BT_V1_3_1\nxp_rt685_bu8\BT_Audio\Rt685Conversa_handsfree_cm33\edgefast\bluetooth\include/bluetooth/addr.h:128:20:bt_addr_copy	16	static
D:\Git\NXP\RT685\Q_dev_board_BT_V1_3_1\nxp_rt685_bu8\BT_Audio\Rt685Conversa_handsfree_cm33\edgefast\bluetooth\include/bluetooth/addr.h:138:20:bt_addr_le_copy	16	static
D:\Git\NXP\RT685\Q_dev_board_BT_V1_3_1\nxp_rt685_bu8\BT_Audio\Rt685Conversa_handsfree_cm33\edgefast\bluetooth\include/bluetooth/buf.h:146:20:bt_buf_set_type	16	static
../edgefast/bluetooth/source/impl/ethermind/host/bt_pal_conn_internal.h:354:21:closure_cb	16	static
../edgefast/bluetooth/source/impl/ethermind/host/bt_pal_conn_internal.h:359:21:closure_data	16	static
../edgefast/bluetooth/source/impl/ethermind/host/bt_pal_conn_internal.h:440:20:bt_conn_is_handle_valid	16	static
../edgefast/bluetooth/source/impl/ethermind/host/bt_pal_conn.c:67:13:conn_tx_destroy	24	static
../edgefast/bluetooth/source/impl/ethermind/host/bt_pal_conn.c:137:17:get_frag_md	16	static
../edgefast/bluetooth/source/impl/ethermind/host/bt_pal_conn.c:142:6:frag_destroy	16	static
../edgefast/bluetooth/source/impl/ethermind/host/bt_pal_conn.c:153:24:get_data_frag	24	static
../edgefast/bluetooth/source/impl/ethermind/host/bt_pal_conn.c:207:15:bt_conn_get_pkts	16	static
../edgefast/bluetooth/source/impl/ethermind/host/bt_pal_conn.c:263:13:tx_free	16	static
../edgefast/bluetooth/source/impl/ethermind/host/bt_pal_conn.c:272:13:tx_notify	56	static
../edgefast/bluetooth/source/impl/ethermind/host/bt_pal_conn.c:320:17:bt_conn_new	24	static
../edgefast/bluetooth/source/impl/ethermind/host/bt_pal_conn.c:351:6:bt_conn_reset_rx_state	16	static
../edgefast/bluetooth/source/impl/ethermind/host/bt_pal_conn.c:361:13:bt_acl_recv	40	static
../edgefast/bluetooth/source/impl/ethermind/host/bt_pal_conn.c:448:13:wait_for_tx_work	32	static
../edgefast/bluetooth/source/impl/ethermind/host/bt_pal_conn.c:472:6:bt_conn_recv	24	static
../edgefast/bluetooth/source/impl/ethermind/host/bt_pal_conn.c:496:13:dont_have_tx_context	16	static
../edgefast/bluetooth/source/impl/ethermind/host/bt_pal_conn.c:501:27:conn_tx_alloc	16	static
../edgefast/bluetooth/source/impl/ethermind/host/bt_pal_conn.c:517:12:send_acl	32	static
../edgefast/bluetooth/source/impl/ethermind/host/bt_pal_conn.c:589:24:conn_mtu	16	static
../edgefast/bluetooth/source/impl/ethermind/host/bt_pal_conn.c:609:13:is_classic_conn	16	static
../edgefast/bluetooth/source/impl/ethermind/host/bt_pal_conn.c:615:13:is_iso_tx_conn	16	static
../edgefast/bluetooth/source/impl/ethermind/host/bt_pal_conn.c:621:13:is_le_conn	16	static
../edgefast/bluetooth/source/impl/ethermind/host/bt_pal_conn.c:626:13:is_acl_conn	16	static
../edgefast/bluetooth/source/impl/ethermind/host/bt_pal_conn.c:631:12:send_buf	48	static
../edgefast/bluetooth/source/impl/ethermind/host/bt_pal_conn.c:763:13:conn_destroy	16	static
../edgefast/bluetooth/source/impl/ethermind/host/bt_pal_conn.c:775:6:bt_conn_cleanup_all	8	static
../edgefast/bluetooth/source/impl/ethermind/host/bt_pal_conn.c:782:13:acl_has_data	16	static
../edgefast/bluetooth/source/impl/ethermind/host/bt_pal_conn.c:797:13:should_stop_tx	16	static
../edgefast/bluetooth/source/impl/ethermind/host/bt_pal_conn.c:830:6:bt_conn_data_ready	16	static
../edgefast/bluetooth/source/impl/ethermind/host/bt_pal_conn.c:853:13:cannot_send_to_controller	16	static
../edgefast/bluetooth/source/impl/ethermind/host/bt_pal_conn.c:858:13:dont_have_viewbufs	8	static
../edgefast/bluetooth/source/impl/ethermind/host/bt_pal_conn.c:877:28:dont_have_methods	16	static
../edgefast/bluetooth/source/impl/ethermind/host/bt_pal_conn.c:884:17:get_conn_ready	24	static
../edgefast/bluetooth/source/impl/ethermind/host/bt_pal_conn.c:956:13:acl_get_and_clear_cb	24	static
../edgefast/bluetooth/source/impl/ethermind/host/bt_pal_conn.c:970:13:destroy_and_callback	32	static
../edgefast/bluetooth/source/impl/ethermind/host/bt_pal_conn.c:1004:6:bt_conn_tx_processor	56	static
../edgefast/bluetooth/source/impl/ethermind/host/bt_pal_conn.c:1106:13:process_unack_tx	24	static
../edgefast/bluetooth/source/impl/ethermind/host/bt_pal_conn.c:1129:17:conn_lookup_handle	32	static
../edgefast/bluetooth/source/impl/ethermind/host/bt_pal_conn.c:1158:6:bt_conn_set_state	40	static
../edgefast/bluetooth/source/impl/ethermind/host/bt_pal_conn.c:1409:17:bt_conn_lookup_handle	24	static
../edgefast/bluetooth/source/impl/ethermind/host/bt_pal_conn.c:1445:6:bt_conn_foreach	40	static
../edgefast/bluetooth/source/impl/ethermind/host/bt_pal_conn.c:1499:17:bt_conn_ref	24	static
../edgefast/bluetooth/source/impl/ethermind/host/bt_pal_conn.c:1523:6:bt_conn_unref	32	static
../edgefast/bluetooth/source/impl/ethermind/host/bt_pal_conn.c:1572:9:bt_conn_index	24	static
../edgefast/bluetooth/source/impl/ethermind/host/bt_pal_conn.c:1612:17:bt_conn_create_pdu_timeout	40	static
../edgefast/bluetooth/source/impl/ethermind/host/bt_pal_conn.c:1674:13:tx_complete_work	24	static
../edgefast/bluetooth/source/impl/ethermind/host/bt_pal_conn.c:1685:13:notify_recycled_conn_slot	16	static
../edgefast/bluetooth/source/impl/ethermind/host/bt_pal_conn.c:1719:6:bt_conn_connected	16	static
../edgefast/bluetooth/source/impl/ethermind/host/bt_pal_conn.c:1725:12:conn_disconnect	24	static
../edgefast/bluetooth/source/impl/ethermind/host/bt_pal_conn.c:1741:5:bt_conn_disconnect	16	static
../edgefast/bluetooth/source/impl/ethermind/host/bt_pal_conn.c:1800:13:notify_connected	24	static
../edgefast/bluetooth/source/impl/ethermind/host/bt_pal_conn.c:1826:13:notify_disconnected	24	static
../edgefast/bluetooth/source/impl/ethermind/host/bt_pal_conn.c:1871:6:notify_le_param_updated	32	static
../edgefast/bluetooth/source/impl/ethermind/host/bt_pal_conn.c:1941:6:le_param_req	24	static
../edgefast/bluetooth/source/impl/ethermind/host/bt_pal_conn.c:1987:12:send_conn_le_param_update	24	static
../edgefast/bluetooth/source/impl/ethermind/host/bt_pal_conn.c:2050:24:conn_lookup_sco	24	static
../edgefast/bluetooth/source/impl/ethermind/host/bt_pal_conn.c:2072:13:deferred_work	64	static
../edgefast/bluetooth/source/impl/ethermind/host/bt_pal_conn.c:2225:24:acl_conn_new	8	static
../edgefast/bluetooth/source/impl/ethermind/host/bt_pal_conn.c:2231:6:bt_sco_cleanup	16	static
../edgefast/bluetooth/source/impl/ethermind/host/bt_pal_conn.c:2237:24:sco_conn_new	8	static
../edgefast/bluetooth/source/impl/ethermind/host/bt_pal_conn.c:2242:17:bt_conn_create_br	32	static
../edgefast/bluetooth/source/impl/ethermind/host/bt_pal_conn.c:2293:17:bt_conn_lookup_addr_sco	24	static
../edgefast/bluetooth/source/impl/ethermind/host/bt_pal_conn.c:2320:17:bt_conn_lookup_addr_br	24	static
../edgefast/bluetooth/source/impl/ethermind/host/bt_pal_conn.c:2347:17:bt_conn_add_sco	24	static
../edgefast/bluetooth/source/impl/ethermind/host/bt_pal_conn.c:2383:17:bt_conn_add_br	24	static
../edgefast/bluetooth/source/impl/ethermind/host/bt_pal_conn.c:2400:12:bt_hci_connect_br_cancel	40	static
../edgefast/bluetooth/source/impl/ethermind/host/bt_pal_conn.c:2432:6:bt_conn_ltk_present	24	static
../edgefast/bluetooth/source/impl/ethermind/host/bt_pal_conn.c:2451:6:bt_conn_identity_resolved	32	static
../edgefast/bluetooth/source/impl/ethermind/host/bt_pal_conn.c:2477:5:bt_conn_le_start_encryption	32	static
../edgefast/bluetooth/source/impl/ethermind/host/bt_pal_conn.c:2516:9:bt_conn_enc_key_size	16	static
../edgefast/bluetooth/source/impl/ethermind/host/bt_pal_conn.c:2569:13:reset_pairing	16	static
../edgefast/bluetooth/source/impl/ethermind/host/bt_pal_conn.c:2584:6:bt_conn_security_changed	32	static
../edgefast/bluetooth/source/impl/ethermind/host/bt_pal_conn.c:2628:12:start_security	16	static
../edgefast/bluetooth/source/impl/ethermind/host/bt_pal_conn.c:2645:5:bt_conn_set_security	24	static
../edgefast/bluetooth/source/impl/ethermind/host/bt_pal_conn.c:2683:15:bt_conn_get_security	16	static
../edgefast/bluetooth/source/impl/ethermind/host/bt_pal_conn.c:2694:5:bt_conn_cb_register	16	static
../edgefast/bluetooth/source/impl/ethermind/host/bt_pal_conn.c:2705:5:bt_conn_cb_unregister	16	static
../edgefast/bluetooth/source/impl/ethermind/host/bt_pal_conn.c:2718:6:bt_conn_exists_le	24	static
../edgefast/bluetooth/source/impl/ethermind/host/bt_pal_conn.c:2739:17:bt_conn_add_le	24	static
../edgefast/bluetooth/source/impl/ethermind/host/bt_pal_conn.c:2763:24:conn_lookup_device_id	32	static
../edgefast/bluetooth/source/impl/ethermind/host/bt_pal_conn.c:2792:17:bt_conn_lookup_device_id	24	static
../edgefast/bluetooth/source/impl/ethermind/host/bt_pal_conn.c:2818:6:bt_conn_is_peer_addr_le	24	static
../edgefast/bluetooth/source/impl/ethermind/host/bt_pal_conn.c:2838:17:bt_conn_lookup_addr_le	24	static
../edgefast/bluetooth/source/impl/ethermind/host/bt_pal_conn.c:2865:17:bt_conn_lookup_state_le	24	static
../edgefast/bluetooth/source/impl/ethermind/host/bt_pal_conn.c:2898:21:bt_conn_get_dst	24	static
../edgefast/bluetooth/source/impl/ethermind/host/bt_pal_conn.c:2912:18:bt_conn_get_dst_br	24	static
../edgefast/bluetooth/source/impl/ethermind/host/bt_pal_conn.c:2928:27:conn_internal_to_public_state	16	static
../edgefast/bluetooth/source/impl/ethermind/host/bt_pal_conn.c:2950:5:bt_conn_get_info	16	static
../edgefast/bluetooth/source/impl/ethermind/host/bt_pal_conn.c:3016:5:bt_conn_get_remote_info	16	static
../edgefast/bluetooth/source/impl/ethermind/host/bt_pal_conn.c:3053:12:bt_conn_get_tx_power_level	48	static
../edgefast/bluetooth/source/impl/ethermind/host/bt_pal_conn.c:3184:5:bt_conn_le_get_tx_power_level	24	static
../edgefast/bluetooth/source/impl/ethermind/host/bt_pal_conn.c:3269:5:bt_conn_le_param_update	16	static
../edgefast/bluetooth/source/impl/ethermind/host/bt_pal_conn.c:3342:13:bt_conn_set_param_le	16	static
../edgefast/bluetooth/source/impl/ethermind/host/bt_pal_conn.c:3351:13:create_param_setup	16	static
../edgefast/bluetooth/source/impl/ethermind/host/bt_pal_conn.c:3468:12:conn_le_create_common_checks	16	static
../edgefast/bluetooth/source/impl/ethermind/host/bt_pal_conn.c:3500:24:conn_le_create_helper	32	static
../edgefast/bluetooth/source/impl/ethermind/host/bt_pal_conn.c:3523:5:bt_conn_le_create	32	static
../edgefast/bluetooth/source/impl/ethermind/host/bt_pal_conn.c:3575:5:bt_conn_le_create_synced	32	static
../edgefast/bluetooth/source/impl/ethermind/host/bt_pal_conn.c:3626:5:bt_le_set_auto_conn	24	static
../edgefast/bluetooth/source/impl/ethermind/host/bt_pal_conn.c:3684:5:bt_conn_le_conn_update	24	static
../edgefast/bluetooth/source/impl/ethermind/host/bt_pal_conn.c:3708:5:bt_conn_auth_cb_register	16	static
../edgefast/bluetooth/source/impl/ethermind/host/bt_pal_conn.c:3739:5:bt_conn_auth_cb_overlay	16	static
../edgefast/bluetooth/source/impl/ethermind/host/bt_pal_conn.c:3762:5:bt_conn_auth_info_cb_register	16	static
../edgefast/bluetooth/source/impl/ethermind/host/bt_pal_conn.c:3777:5:bt_conn_auth_info_cb_unregister	16	static
../edgefast/bluetooth/source/impl/ethermind/host/bt_pal_conn.c:3790:5:bt_conn_auth_passkey_entry	16	static
../edgefast/bluetooth/source/impl/ethermind/host/bt_pal_conn.c:3822:5:bt_conn_auth_passkey_confirm	16	static
../edgefast/bluetooth/source/impl/ethermind/host/bt_pal_conn.c:3840:5:bt_conn_auth_cancel	16	static
../edgefast/bluetooth/source/impl/ethermind/host/bt_pal_conn.c:3859:5:bt_conn_auth_pairing_confirm	16	static
../edgefast/bluetooth/source/impl/ethermind/host/bt_pal_conn.c:3879:17:bt_conn_lookup_index	16	static
../edgefast/bluetooth/source/impl/ethermind/host/bt_pal_conn.c:3888:5:bt_conn_init	24	static
../edgefast/bluetooth/source/impl/ethermind/host/bt_pal_conn.c:4024:5:bt_conn_scan	24	static
