D:\Git\NXP\RT685\RT685-EVK_Conversa_HFP\nxp_rt685\Rt685Conversa_handsfree_cm33\edgefast\bluetooth\include/net/buf.h:1512:21:net_buf_add_mem	24	static
../edgefast/bluetooth/source/impl/ethermind/host/bt_pal_rfcomm.c:141:33:rfcomm_server_lookup_channel	24	static
../edgefast/bluetooth/source/impl/ethermind/host/bt_pal_rfcomm.c:159:12:rfcomm_accept	40	static
../edgefast/bluetooth/source/impl/ethermind/host/bt_pal_rfcomm.c:189:12:rfcomm_convert_return_value	24	static
../edgefast/bluetooth/source/impl/ethermind/host/bt_pal_rfcomm.c:236:31:rfcomm_get_dlc	32	static
../edgefast/bluetooth/source/impl/ethermind/host/bt_pal_rfcomm.c:308:35:rfcomm_get_control	40	static
../edgefast/bluetooth/source/impl/ethermind/host/bt_pal_rfcomm.c:456:38:rfcomm_get_control_callback	24	static
../edgefast/bluetooth/source/impl/ethermind/host/bt_pal_rfcomm.c:541:31:rfcomm_dlcs_remove_dlc	24	static
../edgefast/bluetooth/source/impl/ethermind/host/bt_pal_rfcomm.c:610:19:rfcomm_callback	120	static
../edgefast/bluetooth/source/impl/ethermind/host/bt_pal_rfcomm.c:877:19:rfcomm_control_callback	40	static
../edgefast/bluetooth/source/impl/ethermind/host/bt_pal_rfcomm.c:967:13:set_rfcomm_handle_with_dlc	24	static
../edgefast/bluetooth/source/impl/ethermind/host/bt_pal_rfcomm.c:974:13:rfcomm_init	16	static
../edgefast/bluetooth/source/impl/ethermind/host/bt_pal_rfcomm.c:997:13:rfcomm_init_session	16	static
../edgefast/bluetooth/source/impl/ethermind/host/bt_pal_rfcomm.c:1008:16:rfcomm_is_session_exist	24	static
../edgefast/bluetooth/source/impl/ethermind/host/bt_pal_rfcomm.c:1027:16:rfcomm_get_free_session	24	static
../edgefast/bluetooth/source/impl/ethermind/host/bt_pal_rfcomm.c:1046:5:bt_rfcomm_server_register	24	static
../edgefast/bluetooth/source/impl/ethermind/host/bt_pal_rfcomm.c:1092:5:bt_rfcomm_dlc_connect	56	static
../edgefast/bluetooth/source/impl/ethermind/host/bt_pal_rfcomm.c:1180:5:bt_rfcomm_dlc_send	40	static
../edgefast/bluetooth/source/impl/ethermind/host/bt_pal_rfcomm.c:1210:5:bt_rfcomm_dlc_disconnect	40	static
../edgefast/bluetooth/source/impl/ethermind/host/bt_pal_rfcomm.c:1243:17:bt_rfcomm_create_pdu	16	static
../edgefast/bluetooth/source/impl/ethermind/host/bt_pal_rfcomm.c:1255:5:bt_rfcomm_register_control_callback	16	static
../edgefast/bluetooth/source/impl/ethermind/host/bt_pal_rfcomm.c:1275:5:bt_rfcomm_unregister_control_callback	16	static
../edgefast/bluetooth/source/impl/ethermind/host/bt_pal_rfcomm.c:1330:12:bt_rfcomm_send_test	48	static
../edgefast/bluetooth/source/impl/ethermind/host/bt_pal_rfcomm.c:1396:12:bt_rfcomm_send_flow_control	40	static
../edgefast/bluetooth/source/impl/ethermind/host/bt_pal_rfcomm.c:1459:12:bt_rfcomm_get_rpn	48	static
../edgefast/bluetooth/source/impl/ethermind/host/bt_pal_rfcomm.c:1536:12:bt_rfcomm_set_rpn	48	static
../edgefast/bluetooth/source/impl/ethermind/host/bt_pal_rfcomm.c:1602:12:bt_rfcomm_send_pn	40	static
../edgefast/bluetooth/source/impl/ethermind/host/bt_pal_rfcomm.c:1669:12:bt_rfcomm_get_local_pn	48	static
../edgefast/bluetooth/source/impl/ethermind/host/bt_pal_rfcomm.c:1743:12:bt_rfcomm_send_rls	40	static
../edgefast/bluetooth/source/impl/ethermind/host/bt_pal_rfcomm.c:1790:12:bt_rfcomm_send_msc	48	static
../edgefast/bluetooth/source/impl/ethermind/host/bt_pal_rfcomm.c:1826:5:bt_rfcomm_send_control	24	static
../edgefast/bluetooth/source/impl/ethermind/host/bt_pal_rfcomm.c:1879:6:bt_rfcomm_init	8	static
