D:\Git\NXP\RT685\Q_dev_board_BT_V1_3_1\nxp_rt685_bu8\BT_Audio\Rt685Conversa_handsfree_cm33\edgefast\bluetooth\include/sys/byteorder.h:310:20:sys_put_be16	16	static
D:\Git\NXP\RT685\Q_dev_board_BT_V1_3_1\nxp_rt685_bu8\BT_Audio\Rt685Conversa_handsfree_cm33\edgefast\bluetooth\include/sys/byteorder.h:461:24:sys_get_be16	16	static
D:\Git\NXP\RT685\Q_dev_board_BT_V1_3_1\nxp_rt685_bu8\BT_Audio\Rt685Conversa_handsfree_cm33\edgefast\bluetooth\include/sys/byteorder.h:491:24:sys_get_be32	24	static
D:\Git\NXP\RT685\Q_dev_board_BT_V1_3_1\nxp_rt685_bu8\BT_Audio\Rt685Conversa_handsfree_cm33\edgefast\bluetooth\include/sys/byteorder.h:640:20:sys_mem_swap	24	static
D:\Git\NXP\RT685\Q_dev_board_BT_V1_3_1\nxp_rt685_bu8\BT_Audio\Rt685Conversa_handsfree_cm33\edgefast\bluetooth\include/net/buf.h:867:20:net_buf_simple_save	16	static
D:\Git\NXP\RT685\Q_dev_board_BT_V1_3_1\nxp_rt685_bu8\BT_Audio\Rt685Conversa_handsfree_cm33\edgefast\bluetooth\include/net/buf.h:883:20:net_buf_simple_restore	16	static
D:\Git\NXP\RT685\Q_dev_board_BT_V1_3_1\nxp_rt685_bu8\BT_Audio\Rt685Conversa_handsfree_cm33\edgefast\bluetooth\include/net/buf.h:1258:45:net_buf_alloc	16	static
D:\Git\NXP\RT685\Q_dev_board_BT_V1_3_1\nxp_rt685_bu8\BT_Audio\Rt685Conversa_handsfree_cm33\edgefast\bluetooth\include/net/buf.h:1466:35:net_buf_user_data	16	static
D:\Git\NXP\RT685\Q_dev_board_BT_V1_3_1\nxp_rt685_bu8\BT_Audio\Rt685Conversa_handsfree_cm33\edgefast\bluetooth\include/net/buf.h:1479:20:net_buf_reserve	16	static
D:\Git\NXP\RT685\Q_dev_board_BT_V1_3_1\nxp_rt685_bu8\BT_Audio\Rt685Conversa_handsfree_cm33\edgefast\bluetooth\include/net/buf.h:1495:21:net_buf_add	16	static
D:\Git\NXP\RT685\Q_dev_board_BT_V1_3_1\nxp_rt685_bu8\BT_Audio\Rt685Conversa_handsfree_cm33\edgefast\bluetooth\include/net/buf.h:1512:21:net_buf_add_mem	24	static
D:\Git\NXP\RT685\Q_dev_board_BT_V1_3_1\nxp_rt685_bu8\BT_Audio\Rt685Conversa_handsfree_cm33\edgefast\bluetooth\include/net/buf.h:1529:24:net_buf_add_u8	16	static
D:\Git\NXP\RT685\Q_dev_board_BT_V1_3_1\nxp_rt685_bu8\BT_Audio\Rt685Conversa_handsfree_cm33\edgefast\bluetooth\include/net/buf.h:1906:20:net_buf_push_u8	16	static
D:\Git\NXP\RT685\Q_dev_board_BT_V1_3_1\nxp_rt685_bu8\BT_Audio\Rt685Conversa_handsfree_cm33\edgefast\bluetooth\include/net/buf.h:1934:20:net_buf_push_be16	16	static
D:\Git\NXP\RT685\Q_dev_board_BT_V1_3_1\nxp_rt685_bu8\BT_Audio\Rt685Conversa_handsfree_cm33\edgefast\bluetooth\include/net/buf.h:2062:21:net_buf_pull	16	static
D:\Git\NXP\RT685\Q_dev_board_BT_V1_3_1\nxp_rt685_bu8\BT_Audio\Rt685Conversa_handsfree_cm33\edgefast\bluetooth\include/net/buf.h:2078:21:net_buf_pull_mem	16	static
D:\Git\NXP\RT685\Q_dev_board_BT_V1_3_1\nxp_rt685_bu8\BT_Audio\Rt685Conversa_handsfree_cm33\edgefast\bluetooth\include/net/buf.h:2093:23:net_buf_pull_u8	16	static
D:\Git\NXP\RT685\Q_dev_board_BT_V1_3_1\nxp_rt685_bu8\BT_Audio\Rt685Conversa_handsfree_cm33\edgefast\bluetooth\include/net/buf.h:2123:24:net_buf_pull_be16	16	static
D:\Git\NXP\RT685\Q_dev_board_BT_V1_3_1\nxp_rt685_bu8\BT_Audio\Rt685Conversa_handsfree_cm33\edgefast\bluetooth\include/net/buf.h:2183:24:net_buf_pull_be32	16	static
D:\Git\NXP\RT685\Q_dev_board_BT_V1_3_1\nxp_rt685_bu8\BT_Audio\Rt685Conversa_handsfree_cm33\edgefast\bluetooth\include/net/buf.h:2257:22:net_buf_tailroom	16	static
../edgefast/bluetooth/source/impl/ethermind/host/bt_pal_sdp.c:114:1:ethermind_sdp_callback0	32	static
../edgefast/bluetooth/source/impl/ethermind/host/bt_pal_sdp.c:137:17:lookfor_uuid_16	40	static
../edgefast/bluetooth/source/impl/ethermind/host/bt_pal_sdp.c:177:17:lookfor_service_uuids	40	static
../edgefast/bluetooth/source/impl/ethermind/host/bt_pal_sdp.c:223:17:lookfor_languagebase_attr_id	48	static
../edgefast/bluetooth/source/impl/ethermind/host/bt_pal_sdp.c:310:17:lookfor_profile_descriptor_list_ex	48	static
../edgefast/bluetooth/source/impl/ethermind/host/bt_pal_sdp.c:359:17:lookfor_service_name	32	static
../edgefast/bluetooth/source/impl/ethermind/host/bt_pal_sdp.c:381:17:lookfor_uint8_data	32	static
../edgefast/bluetooth/source/impl/ethermind/host/bt_pal_sdp.c:403:17:lookfor_uint16_data	32	static
../edgefast/bluetooth/source/impl/ethermind/host/bt_pal_sdp.c:426:17:lookfor_uint32_data	32	static
../edgefast/bluetooth/source/impl/ethermind/host/bt_pal_sdp.c:449:17:lookfor_supp_features	32	static
../edgefast/bluetooth/source/impl/ethermind/host/bt_pal_sdp.c:470:17:lookfor_add_proto_desc_list	40	static
../edgefast/bluetooth/source/impl/ethermind/host/bt_pal_sdp.c:529:17:lookfor_additional_proto_list_elems	40	static
../edgefast/bluetooth/source/impl/ethermind/host/bt_pal_sdp.c:583:17:lookfor_url_buf	32	static
../edgefast/bluetooth/source/impl/ethermind/host/bt_pal_sdp.c:631:6:bt_sdp_init	4	static
../edgefast/bluetooth/source/impl/ethermind/host/bt_pal_sdp.c:660:5:bt_sdp_register_service	520	static
../edgefast/bluetooth/source/impl/ethermind/host/bt_pal_sdp.c:1226:12:sdp_client_ssa_search	88	static
../edgefast/bluetooth/source/impl/ethermind/host/bt_pal_sdp.c:1305:13:sdp_client_params_iterator	24	static
../edgefast/bluetooth/source/impl/ethermind/host/bt_pal_sdp.c:1335:17:sdp_client_get_total	32	static
../edgefast/bluetooth/source/impl/ethermind/host/bt_pal_sdp.c:1375:17:get_record_len	24	static
../edgefast/bluetooth/source/impl/ethermind/host/bt_pal_sdp.c:1403:13:sdp_client_notify_result	40	static
../edgefast/bluetooth/source/impl/ethermind/host/bt_pal_sdp.c:1457:12:sdp_client_receive	48	static
../edgefast/bluetooth/source/impl/ethermind/host/bt_pal_sdp.c:1589:12:sdp_client_chan_connect	16	static
../edgefast/bluetooth/source/impl/ethermind/host/bt_pal_sdp.c:1600:24:sdp_client_alloc_buf	24	static
../edgefast/bluetooth/source/impl/ethermind/host/bt_pal_sdp.c:1614:13:sdp_client_disconnected	24	static
../edgefast/bluetooth/source/impl/ethermind/host/bt_pal_sdp.c:1646:13:sdp_client_connected	16	static
../edgefast/bluetooth/source/impl/ethermind/host/bt_pal_sdp.c:1676:13:bt_sdp_recv_handler	32	static
../edgefast/bluetooth/source/impl/ethermind/host/bt_pal_sdp.c:1683:30:sdp_client_new_session	32	static
../edgefast/bluetooth/source/impl/ethermind/host/bt_pal_sdp.c:1726:30:sdp_client_get_session	24	static
../edgefast/bluetooth/source/impl/ethermind/host/bt_pal_sdp.c:1744:5:bt_sdp_discover	24	static
../edgefast/bluetooth/source/impl/ethermind/host/bt_pal_sdp.c:1763:23:sdp_get_int_len	16	static
../edgefast/bluetooth/source/impl/ethermind/host/bt_pal_sdp.c:1811:23:sdp_get_uuid_len	16	static
../edgefast/bluetooth/source/impl/ethermind/host/bt_pal_sdp.c:1839:23:sdp_get_str_len	24	static
../edgefast/bluetooth/source/impl/ethermind/host/bt_pal_sdp.c:1884:23:sdp_get_seq_len	24	static
../edgefast/bluetooth/source/impl/ethermind/host/bt_pal_sdp.c:1929:16:sdp_get_attr_value_len	16	static
../edgefast/bluetooth/source/impl/ethermind/host/bt_pal_sdp.c:1997:12:bt_sdp_get_attr	40	static
../edgefast/bluetooth/source/impl/ethermind/host/bt_pal_sdp.c:2044:16:sdp_get_seq_len_item	24	static
../edgefast/bluetooth/source/impl/ethermind/host/bt_pal_sdp.c:2099:12:sdp_loop_seqs	32	static
../edgefast/bluetooth/source/impl/ethermind/host/bt_pal_sdp.c:2130:12:sdp_get_uuid_data	64	static
../edgefast/bluetooth/source/impl/ethermind/host/bt_pal_sdp.c:2224:12:sdp_get_param_item	24	static
../edgefast/bluetooth/source/impl/ethermind/host/bt_pal_sdp.c:2277:5:bt_sdp_get_proto_param	64	static
../edgefast/bluetooth/source/impl/ethermind/host/bt_pal_sdp.c:2306:5:bt_sdp_get_addl_proto_param	64	static
../edgefast/bluetooth/source/impl/ethermind/host/bt_pal_sdp.c:2335:5:bt_sdp_get_profile_version	64	static
../edgefast/bluetooth/source/impl/ethermind/host/bt_pal_sdp.c:2358:5:bt_sdp_get_features	40	static
../edgefast/bluetooth/source/impl/ethermind/host/bt_pal_sdp.c:2396:5:bt_sdp_get_goep_l2cap_psm	40	static
../edgefast/bluetooth/source/impl/ethermind/host/bt_pal_sdp.c:2434:5:bt_sdp_get_supported_repositories	40	static
../edgefast/bluetooth/source/impl/ethermind/host/bt_pal_sdp.c:2472:5:bt_sdp_get_pbap_map_ctn_features	40	static
../edgefast/bluetooth/source/impl/ethermind/host/bt_pal_sdp.c:2510:5:bt_sdp_get_instance_id	40	static
../edgefast/bluetooth/source/impl/ethermind/host/bt_pal_sdp.c:2548:5:bt_sdp_get_supported_msg_type	40	static
../edgefast/bluetooth/source/impl/ethermind/host/bt_pal_sdp.c:2586:5:bt_sdp_get_service_name	40	static
../edgefast/bluetooth/source/impl/ethermind/host/bt_pal_sdp.c:2625:13:ethermind_sdp_callback	24	static
