D:\Git\NXP\RT685\Q_dev_board_BT_V1_3_1\nxp_rt685_bu8\BT_Audio\Rt685Conversa_handsfree_cm33\edgefast\bluetooth\include/sys/atomic.h:428:20:atomic_test_bit	24	static
D:\Git\NXP\RT685\Q_dev_board_BT_V1_3_1\nxp_rt685_bu8\BT_Audio\Rt685Conversa_handsfree_cm33\edgefast\bluetooth\include/sys/atomic.h:488:20:atomic_clear_bit	24	static
D:\Git\NXP\RT685\Q_dev_board_BT_V1_3_1\nxp_rt685_bu8\BT_Audio\Rt685Conversa_handsfree_cm33\edgefast\bluetooth\include/sys/atomic.h:506:20:atomic_set_bit	24	static
D:\Git\NXP\RT685\Q_dev_board_BT_V1_3_1\nxp_rt685_bu8\BT_Audio\Rt685Conversa_handsfree_cm33\edgefast\bluetooth\include/sys/atomic.h:525:20:atomic_set_bit_to	32	static
D:\Git\NXP\RT685\Q_dev_board_BT_V1_3_1\nxp_rt685_bu8\BT_Audio\Rt685Conversa_handsfree_cm33\edgefast\bluetooth\include/net/buf.h:1495:21:net_buf_add	16	static
D:\Git\NXP\RT685\Q_dev_board_BT_V1_3_1\nxp_rt685_bu8\BT_Audio\Rt685Conversa_handsfree_cm33\edgefast\bluetooth\include/net/buf.h:1529:24:net_buf_add_u8	16	static
D:\Git\NXP\RT685\Q_dev_board_BT_V1_3_1\nxp_rt685_bu8\BT_Audio\Rt685Conversa_handsfree_cm33\edgefast\bluetooth\include/net/buf.h:1544:20:net_buf_add_le16	16	static
D:\Git\NXP\RT685\Q_dev_board_BT_V1_3_1\nxp_rt685_bu8\BT_Audio\Rt685Conversa_handsfree_cm33\edgefast\bluetooth\include/net/buf.h:1574:20:net_buf_add_le24	16	static
D:\Git\NXP\RT685\Q_dev_board_BT_V1_3_1\nxp_rt685_bu8\BT_Audio\Rt685Conversa_handsfree_cm33\edgefast\bluetooth\include/net/buf.h:2078:21:net_buf_pull_mem	16	static
D:\Git\NXP\RT685\Q_dev_board_BT_V1_3_1\nxp_rt685_bu8\BT_Audio\Rt685Conversa_handsfree_cm33\edgefast\bluetooth\include/net/buf.h:2093:23:net_buf_pull_u8	16	static
D:\Git\NXP\RT685\Q_dev_board_BT_V1_3_1\nxp_rt685_bu8\BT_Audio\Rt685Conversa_handsfree_cm33\edgefast\bluetooth\include/bluetooth/addr.h:81:19:bt_addr_cmp	16	static
D:\Git\NXP\RT685\Q_dev_board_BT_V1_3_1\nxp_rt685_bu8\BT_Audio\Rt685Conversa_handsfree_cm33\edgefast\bluetooth\include/bluetooth/addr.h:91:20:bt_addr_eq	16	static
D:\Git\NXP\RT685\Q_dev_board_BT_V1_3_1\nxp_rt685_bu8\BT_Audio\Rt685Conversa_handsfree_cm33\edgefast\bluetooth\include/bluetooth/addr.h:128:20:bt_addr_copy	16	static
../edgefast/bluetooth/source/impl/ethermind/host/bt_pal_br.c:42:12:reject_conn	32	static
../edgefast/bluetooth/source/impl/ethermind/host/bt_pal_br.c:65:12:accept_conn	32	static
../edgefast/bluetooth/source/impl/ethermind/host/bt_pal_br.c:92:6:bt_hci_conn_req	32	static
../edgefast/bluetooth/source/impl/ethermind/host/bt_pal_br.c:121:13:br_sufficient_key_size	40	static
../edgefast/bluetooth/source/impl/ethermind/host/bt_pal_br.c:166:6:bt_br_update_sec_level	16	static
../edgefast/bluetooth/source/impl/ethermind/host/bt_pal_br.c:203:13:appl_hci_esco_audio_config	24	static
../edgefast/bluetooth/source/impl/ethermind/host/bt_pal_br.c:237:6:bt_hci_synchronous_conn_complete	32	static
../edgefast/bluetooth/source/impl/ethermind/host/bt_pal_br.c:264:6:bt_hci_conn_complete	32	static
../edgefast/bluetooth/source/impl/ethermind/host/bt_pal_br.c:318:12:request_name	24	static
../edgefast/bluetooth/source/impl/ethermind/host/bt_pal_br.c:341:13:eir_has_name	24	static
../edgefast/bluetooth/source/impl/ethermind/host/bt_pal_br.c:379:6:bt_br_discovery_reset	4	static
../edgefast/bluetooth/source/impl/ethermind/host/bt_pal_br.c:387:13:check_request_name	24	static
../edgefast/bluetooth/source/impl/ethermind/host/bt_pal_br.c:419:13:report_discovery_results	24	static
../edgefast/bluetooth/source/impl/ethermind/host/bt_pal_br.c:450:6:bt_hci_inquiry_complete	24	static
../edgefast/bluetooth/source/impl/ethermind/host/bt_pal_br.c:461:39:get_result_slot	24	static
../edgefast/bluetooth/source/impl/ethermind/host/bt_pal_br.c:508:6:bt_hci_inquiry_result_with_rssi	40	static
../edgefast/bluetooth/source/impl/ethermind/host/bt_pal_br.c:555:6:bt_hci_extended_inquiry_result	40	static
../edgefast/bluetooth/source/impl/ethermind/host/bt_pal_br.c:588:6:bt_hci_remote_name_request_complete	48	static
../edgefast/bluetooth/source/impl/ethermind/host/bt_pal_br.c:675:6:bt_hci_read_remote_features_complete	32	static
../edgefast/bluetooth/source/impl/ethermind/host/bt_pal_br.c:716:6:bt_hci_read_remote_ext_features_complete	32	static
../edgefast/bluetooth/source/impl/ethermind/host/bt_pal_br.c:737:6:bt_hci_role_change	24	static
../edgefast/bluetooth/source/impl/ethermind/host/bt_pal_br.c:763:12:read_ext_features	32	static
../edgefast/bluetooth/source/impl/ethermind/host/bt_pal_br.c:802:6:device_supported_pkt_type	4	static
../edgefast/bluetooth/source/impl/ethermind/host/bt_pal_br.c:842:13:read_buffer_size_complete	24	static
../edgefast/bluetooth/source/impl/ethermind/host/bt_pal_br.c:857:5:bt_br_init	32	static
../edgefast/bluetooth/source/impl/ethermind/host/bt_pal_br.c:973:12:br_start_inquiry	32	static
../edgefast/bluetooth/source/impl/ethermind/host/bt_pal_br.c:997:13:valid_br_discov_param	16	static
../edgefast/bluetooth/source/impl/ethermind/host/bt_pal_br.c:1010:5:bt_br_discovery_start	32	static
../edgefast/bluetooth/source/impl/ethermind/host/bt_pal_br.c:1043:5:bt_br_discovery_stop	32	static
../edgefast/bluetooth/source/impl/ethermind/host/bt_pal_br.c:1091:6:bt_br_discovery_cb_register	16	static
../edgefast/bluetooth/source/impl/ethermind/host/bt_pal_br.c:1096:6:bt_br_discovery_cb_unregister	16	static
../edgefast/bluetooth/source/impl/ethermind/host/bt_pal_br.c:1101:12:write_scan_enable	24	static
../edgefast/bluetooth/source/impl/ethermind/host/bt_pal_br.c:1125:5:bt_br_set_connectable	16	static
../edgefast/bluetooth/source/impl/ethermind/host/bt_pal_br.c:1142:5:bt_br_set_discoverable	16	static
