D:\Git\NXP\RT685\Q_dev_board_BT_V1_3_1\nxp_rt685_bu8\BT_Audio\Rt685Conversa_handsfree_cm33\edgefast\bluetooth\include/net/buf.h:1258:45:net_buf_alloc	16	static
D:\Git\NXP\RT685\Q_dev_board_BT_V1_3_1\nxp_rt685_bu8\BT_Audio\Rt685Conversa_handsfree_cm33\edgefast\bluetooth\include/net/buf.h:1359:20:net_buf_destroy	24	static
D:\Git\NXP\RT685\Q_dev_board_BT_V1_3_1\nxp_rt685_bu8\BT_Audio\Rt685Conversa_handsfree_cm33\edgefast\bluetooth\include/net/buf.h:1466:35:net_buf_user_data	16	static
D:\Git\NXP\RT685\Q_dev_board_BT_V1_3_1\nxp_rt685_bu8\BT_Audio\Rt685Conversa_handsfree_cm33\edgefast\bluetooth\include/net/buf.h:1479:20:net_buf_reserve	16	static
D:\Git\NXP\RT685\Q_dev_board_BT_V1_3_1\nxp_rt685_bu8\BT_Audio\Rt685Conversa_handsfree_cm33\edgefast\bluetooth\include/net/buf.h:2062:21:net_buf_pull	16	static
D:\Git\NXP\RT685\Q_dev_board_BT_V1_3_1\nxp_rt685_bu8\BT_Audio\Rt685Conversa_handsfree_cm33\edgefast\bluetooth\include/net/buf.h:2271:22:net_buf_headroom	16	static
D:\Git\NXP\RT685\Q_dev_board_BT_V1_3_1\nxp_rt685_bu8\BT_Audio\Rt685Conversa_handsfree_cm33\edgefast\bluetooth\include/bluetooth/buf.h:146:20:bt_buf_set_type	16	static
../edgefast/bluetooth/source/impl/ethermind/host/bt_pal_buf.c:63:17:bt_buf_get_rx	24	static
../edgefast/bluetooth/source/impl/ethermind/host/bt_pal_buf.c:93:17:bt_buf_get_evt	24	static
../edgefast/bluetooth/source/impl/ethermind/host/bt_pal_buf.c:156:17:bt_buf_make_view	24	static
../edgefast/bluetooth/source/impl/ethermind/host/bt_pal_buf.c:194:6:bt_buf_destroy_view	16	static
../edgefast/bluetooth/source/impl/ethermind/host/bt_pal_buf.c:209:6:bt_buf_has_view	16	static
