D:\Git\NXP\RT685\RT685-EVK_Conversa_HFP\nxp_rt685\Rt685Conversa_handsfree_cm33\edgefast\bluetooth\include/sys/atomic.h:428:20:atomic_test_bit	24	static
D:\Git\NXP\RT685\RT685-EVK_Conversa_HFP\nxp_rt685\Rt685Conversa_handsfree_cm33\edgefast\bluetooth\include/sys/atomic.h:446:20:atomic_test_and_clear_bit	24	static
D:\Git\NXP\RT685\RT685-EVK_Conversa_HFP\nxp_rt685\Rt685Conversa_handsfree_cm33\edgefast\bluetooth\include/sys/atomic.h:467:20:atomic_test_and_set_bit	24	static
D:\Git\NXP\RT685\RT685-EVK_Conversa_HFP\nxp_rt685\Rt685Conversa_handsfree_cm33\edgefast\bluetooth\include/sys/atomic.h:488:20:atomic_clear_bit	24	static
D:\Git\NXP\RT685\RT685-EVK_Conversa_HFP\nxp_rt685\Rt685Conversa_handsfree_cm33\edgefast\bluetooth\include/sys/atomic.h:506:20:atomic_set_bit	24	static
D:\Git\NXP\RT685\RT685-EVK_Conversa_HFP\nxp_rt685\Rt685Conversa_handsfree_cm33\edgefast\bluetooth\include/net/buf.h:1495:21:net_buf_add	16	static
D:\Git\NXP\RT685\RT685-EVK_Conversa_HFP\nxp_rt685\Rt685Conversa_handsfree_cm33\edgefast\bluetooth\include/net/buf.h:2078:21:net_buf_pull_mem	16	static
../edgefast/bluetooth/source/impl/ethermind/host/bt_pal_l2cap_br.c:114:23:bt_l2cap_br_lookup_tx_cid	24	static
../edgefast/bluetooth/source/impl/ethermind/host/bt_pal_l2cap_br.c:128:23:bt_l2cap_br_lookup_rx_cid	24	static
../edgefast/bluetooth/source/impl/ethermind/host/bt_pal_l2cap_br.c:186:13:l2cap_br_chan_cleanup	16	static
../edgefast/bluetooth/source/impl/ethermind/host/bt_pal_l2cap_br.c:192:6:l2cap_br_chan_destroy	24	static
../edgefast/bluetooth/source/impl/ethermind/host/bt_pal_l2cap_br.c:248:13:l2cap_br_chan_add	32	static
../edgefast/bluetooth/source/impl/ethermind/host/bt_pal_l2cap_br.c:274:16:l2cap_br_get_ident	4	static
../edgefast/bluetooth/source/impl/ethermind/host/bt_pal_l2cap_br.c:288:12:l2cap_br_send_cb	24	static
../edgefast/bluetooth/source/impl/ethermind/host/bt_pal_l2cap_br.c:319:13:l2cap_br_chan_send_req	32	static
../edgefast/bluetooth/source/impl/ethermind/host/bt_pal_l2cap_br.c:381:13:connect_fixed_channel	16	static
../edgefast/bluetooth/source/impl/ethermind/host/bt_pal_l2cap_br.c:547:5:l2cap_br_ecred_init	24	static
../edgefast/bluetooth/source/impl/ethermind/host/bt_pal_l2cap_br.c:615:6:bt_l2cap_br_connected	32	static
../edgefast/bluetooth/source/impl/ethermind/host/bt_pal_l2cap_br.c:659:32:l2cap_br_server_lookup_psm	24	static
../edgefast/bluetooth/source/impl/ethermind/host/bt_pal_l2cap_br.c:672:15:l2cap_br_server_security_level_max	24	static
../edgefast/bluetooth/source/impl/ethermind/host/bt_pal_l2cap_br.c:803:13:l2cap_br_conf	32	static
../edgefast/bluetooth/source/impl/ethermind/host/bt_pal_l2cap_br.c:885:1:l2cap_br_conn_security	24	static
../edgefast/bluetooth/source/impl/ethermind/host/bt_pal_l2cap_br.c:952:13:l2cap_br_send_conn_rsp	32	static
../edgefast/bluetooth/source/impl/ethermind/host/bt_pal_l2cap_br.c:1052:12:l2cap_br_conn_req_reply	16	static
../edgefast/bluetooth/source/impl/ethermind/host/bt_pal_l2cap_br.c:1066:17:br_err_to_result	16	static
../edgefast/bluetooth/source/impl/ethermind/host/bt_pal_l2cap_br.c:1086:13:l2cap_br_conn_req	48	static
../edgefast/bluetooth/source/impl/ethermind/host/bt_pal_l2cap_br.c:1193:13:l2cap_br_conf_rsp	32	static
../edgefast/bluetooth/source/impl/ethermind/host/bt_pal_l2cap_br.c:1261:13:l2cap_get_conn_by_addr	24	static
../edgefast/bluetooth/source/impl/ethermind/host/bt_pal_l2cap_br.c:1271:13:l2cap_get_conn_by_lcid	24	static
../edgefast/bluetooth/source/impl/ethermind/host/bt_pal_l2cap_br.c:1283:19:reg_l2cap_connect_ind	40	static
../edgefast/bluetooth/source/impl/ethermind/host/bt_pal_l2cap_br.c:1316:12:reg_l2cap_connect_cfm	56	static
../edgefast/bluetooth/source/impl/ethermind/host/bt_pal_l2cap_br.c:1350:12:reg_l2cap_config_ind	16	static
../edgefast/bluetooth/source/impl/ethermind/host/bt_pal_l2cap_br.c:1366:12:reg_l2cap_config_cfm	16	static
../edgefast/bluetooth/source/impl/ethermind/host/bt_pal_l2cap_br.c:1384:12:reg_l2cap_disconnect_ind	24	static
../edgefast/bluetooth/source/impl/ethermind/host/bt_pal_l2cap_br.c:1403:12:reg_l2cap_disconnect_cfm	24	static
../edgefast/bluetooth/source/impl/ethermind/host/bt_pal_l2cap_br.c:1422:12:reg_l2cap_data_read	48	static
../edgefast/bluetooth/source/impl/ethermind/host/bt_pal_l2cap_br.c:1490:5:bt_l2cap_br_server_register	88	static
../edgefast/bluetooth/source/impl/ethermind/host/bt_pal_l2cap_br.c:1617:13:l2cap_br_conf_req	56	static
../edgefast/bluetooth/source/impl/ethermind/host/bt_pal_l2cap_br.c:1706:33:l2cap_br_remove_rx_cid	24	static
../edgefast/bluetooth/source/impl/ethermind/host/bt_pal_l2cap_br.c:1729:13:l2cap_br_disconn_req	24	static
../edgefast/bluetooth/source/impl/ethermind/host/bt_pal_l2cap_br.c:1766:13:l2cap_br_connected	16	static
../edgefast/bluetooth/source/impl/ethermind/host/bt_pal_l2cap_br.c:1771:13:l2cap_br_disconnected	24	static
../edgefast/bluetooth/source/impl/ethermind/host/bt_pal_l2cap_br.c:1786:5:bt_l2cap_br_chan_disconnect	32	static
../edgefast/bluetooth/source/impl/ethermind/host/bt_pal_l2cap_br.c:1837:13:l2cap_br_disconn_rsp	24	static
../edgefast/bluetooth/source/impl/ethermind/host/bt_pal_l2cap_br.c:1852:5:bt_l2cap_br_chan_connect	56	static
../edgefast/bluetooth/source/impl/ethermind/host/bt_pal_l2cap_br.c:1976:13:l2cap_br_conn_rsp	32	static
../edgefast/bluetooth/source/impl/ethermind/host/bt_pal_l2cap_br.c:2041:5:bt_l2cap_br_chan_send_cb	40	static
../edgefast/bluetooth/source/impl/ethermind/host/bt_pal_l2cap_br.c:2053:5:bt_l2cap_br_chan_send	32	static
../edgefast/bluetooth/source/impl/ethermind/host/bt_pal_l2cap_br.c:2106:12:l2cap_br_recv	16	static
../edgefast/bluetooth/source/impl/ethermind/host/bt_pal_l2cap_br.c:2169:13:l2cap_br_conn_pend	32	static
../edgefast/bluetooth/source/impl/ethermind/host/bt_pal_l2cap_br.c:2231:6:l2cap_br_encrypt_change	24	static
../edgefast/bluetooth/source/impl/ethermind/host/bt_pal_l2cap_br.c:2261:6:bt_l2cap_br_recv	32	static
../edgefast/bluetooth/source/impl/ethermind/host/bt_pal_l2cap_br.c:2315:5:bt_l2cap_br_chan_recv_complete	24	static
../edgefast/bluetooth/source/impl/ethermind/host/bt_pal_l2cap_br.c:2358:23:ethermind_find_br_sig_chan	24	static
../edgefast/bluetooth/source/impl/ethermind/host/bt_pal_l2cap_br.c:2376:12:l2cap_br_accept	24	static
../edgefast/bluetooth/source/impl/ethermind/host/bt_pal_l2cap_br.c:2405:9:bt_l2cap_br_get_remote_fixed_chan	24	static
../edgefast/bluetooth/source/impl/ethermind/host/bt_pal_l2cap_br.c:2420:12:ethermind_l2cap_getinfo_cnf	56	static
../edgefast/bluetooth/source/impl/ethermind/host/bt_pal_l2cap_br.c:2476:6:bt_l2cap_register_ethermind_cb	16	static
../edgefast/bluetooth/source/impl/ethermind/host/bt_pal_l2cap_br.c:2487:6:bt_l2cap_br_init	24	static
../edgefast/bluetooth/source/impl/ethermind/host/bt_pal_l2cap_br.c:2522:17:l2cap_br_data_pull	24	static
