../edgefast/bluetooth/source/impl/ethermind/host/bt_pal_spp.c:233:13:spp_rfcomm_control_callback	48	static
../edgefast/bluetooth/source/impl/ethermind/host/bt_pal_spp.c:391:13:init_spp_control	16	static
../edgefast/bluetooth/source/impl/ethermind/host/bt_pal_spp.c:453:13:spp_initialize	16	static
../edgefast/bluetooth/source/impl/ethermind/host/bt_pal_spp.c:493:16:spp_get_free_entity	16	static
../edgefast/bluetooth/source/impl/ethermind/host/bt_pal_spp.c:513:16:spp_get_free_control_entity	16	static
../edgefast/bluetooth/source/impl/ethermind/host/bt_pal_spp.c:533:13:spp_sdp_cb	96	static
../edgefast/bluetooth/source/impl/ethermind/host/bt_pal_spp.c:714:12:spp_server_accepted	24	static
../edgefast/bluetooth/source/impl/ethermind/host/bt_pal_spp.c:739:13:spp_received	24	static
../edgefast/bluetooth/source/impl/ethermind/host/bt_pal_spp.c:750:13:spp_sent	24	static
../edgefast/bluetooth/source/impl/ethermind/host/bt_pal_spp.c:761:13:spp_connected	24	static
../edgefast/bluetooth/source/impl/ethermind/host/bt_pal_spp.c:806:13:spp_disconnected	24	static
../edgefast/bluetooth/source/impl/ethermind/host/bt_pal_spp.c:823:5:bt_spp_discover	24	static
../edgefast/bluetooth/source/impl/ethermind/host/bt_pal_spp.c:858:5:bt_spp_server_register	24	static
../edgefast/bluetooth/source/impl/ethermind/host/bt_pal_spp.c:934:5:bt_spp_client_connect	40	static
../edgefast/bluetooth/source/impl/ethermind/host/bt_pal_spp.c:1010:5:bt_spp_data_send	56	static
../edgefast/bluetooth/source/impl/ethermind/host/bt_pal_spp.c:1046:5:bt_spp_disconnect	24	static
../edgefast/bluetooth/source/impl/ethermind/host/bt_pal_spp.c:1080:5:bt_spp_get_channel	24	static
../edgefast/bluetooth/source/impl/ethermind/host/bt_pal_spp.c:1096:5:bt_spp_get_role	24	static
../edgefast/bluetooth/source/impl/ethermind/host/bt_pal_spp.c:1112:5:bt_spp_get_conn	24	static
../edgefast/bluetooth/source/impl/ethermind/host/bt_pal_spp.c:1129:16:initialize_spp_control_entity	24	static
../edgefast/bluetooth/source/impl/ethermind/host/bt_pal_spp.c:1170:5:bt_spp_request_port_setting	40	static
../edgefast/bluetooth/source/impl/ethermind/host/bt_pal_spp.c:1220:5:bt_spp_negotiate_port_setting	40	static
../edgefast/bluetooth/source/impl/ethermind/host/bt_pal_spp.c:1273:5:bt_spp_send_pn	40	static
../edgefast/bluetooth/source/impl/ethermind/host/bt_pal_spp.c:1327:5:bt_spp_get_local_pn	40	static
../edgefast/bluetooth/source/impl/ethermind/host/bt_pal_spp.c:1383:5:bt_spp_send_rls	24	static
../edgefast/bluetooth/source/impl/ethermind/host/bt_pal_spp.c:1453:5:bt_spp_send_msc	24	static
