D:\Git\NXP\RT685\RT685-EVK_Conversa_HFP\nxp_rt685\Rt685Conversa_handsfree_cm33\edgefast\bluetooth\include/sys/atomic.h:428:20:atomic_test_bit	24	static
D:\Git\NXP\RT685\RT685-EVK_Conversa_HFP\nxp_rt685\Rt685Conversa_handsfree_cm33\edgefast\bluetooth\include/sys/atomic.h:446:20:atomic_test_and_clear_bit	24	static
D:\Git\NXP\RT685\RT685-EVK_Conversa_HFP\nxp_rt685\Rt685Conversa_handsfree_cm33\edgefast\bluetooth\include/sys/atomic.h:488:20:atomic_clear_bit	24	static
D:\Git\NXP\RT685\RT685-EVK_Conversa_HFP\nxp_rt685\Rt685Conversa_handsfree_cm33\edgefast\bluetooth\include/sys/atomic.h:506:20:atomic_set_bit	24	static
D:\Git\NXP\RT685\RT685-EVK_Conversa_HFP\nxp_rt685\Rt685Conversa_handsfree_cm33\edgefast\bluetooth\include/sys/atomic.h:525:20:atomic_set_bit_to	32	static
../edgefast/bluetooth/source/impl/ethermind/host/bt_pal_ssp.c:65:12:pin_code_neg_reply	24	static
../edgefast/bluetooth/source/impl/ethermind/host/bt_pal_ssp.c:96:12:pin_code_reply	48	static
../edgefast/bluetooth/source/impl/ethermind/host/bt_pal_ssp.c:135:5:bt_conn_auth_pincode_entry	24	static
../edgefast/bluetooth/source/impl/ethermind/host/bt_pal_ssp.c:170:6:pin_code_req	24	static
../edgefast/bluetooth/source/impl/ethermind/host/bt_pal_ssp.c:188:16:get_local_auth	40	static
../edgefast/bluetooth/source/impl/ethermind/host/bt_pal_ssp.c:220:13:check_both_mitm_not_required	16	static
../edgefast/bluetooth/source/impl/ethermind/host/bt_pal_ssp.c:226:6:user_confirm_req	24	static
../edgefast/bluetooth/source/impl/ethermind/host/bt_pal_ssp.c:263:6:user_passkey_req	16	static
../edgefast/bluetooth/source/impl/ethermind/host/bt_pal_ssp.c:274:6:user_passkey_ntf	16	static
../edgefast/bluetooth/source/impl/ethermind/host/bt_pal_ssp.c:284:16:get_io_capa	4	static
../edgefast/bluetooth/source/impl/ethermind/host/bt_pal_ssp.c:305:16:ssp_pair_method	24	static
../edgefast/bluetooth/source/impl/ethermind/host/bt_pal_ssp.c:320:16:ssp_get_auth	16	static
../edgefast/bluetooth/source/impl/ethermind/host/bt_pal_ssp.c:338:12:ssp_confirm_reply	24	static
../edgefast/bluetooth/source/impl/ethermind/host/bt_pal_ssp.c:371:12:ssp_confirm_neg_reply	24	static
../edgefast/bluetooth/source/impl/ethermind/host/bt_pal_ssp.c:403:13:ssp_pairing_complete	40	static
../edgefast/bluetooth/source/impl/ethermind/host/bt_pal_ssp.c:481:12:ssp_passkey_reply	24	static
../edgefast/bluetooth/source/impl/ethermind/host/bt_pal_ssp.c:513:12:ssp_passkey_neg_reply	24	static
../edgefast/bluetooth/source/impl/ethermind/host/bt_pal_ssp.c:545:12:conn_auth	24	static
../edgefast/bluetooth/source/impl/ethermind/host/bt_pal_ssp.c:581:5:bt_ssp_start_security	16	static
../edgefast/bluetooth/source/impl/ethermind/host/bt_pal_ssp.c:599:5:bt_ssp_auth_passkey_entry	16	static
../edgefast/bluetooth/source/impl/ethermind/host/bt_pal_ssp.c:613:5:bt_ssp_auth_passkey_confirm	16	static
../edgefast/bluetooth/source/impl/ethermind/host/bt_pal_ssp.c:623:5:bt_ssp_auth_pairing_confirm	16	static
../edgefast/bluetooth/source/impl/ethermind/host/bt_pal_ssp.c:628:5:bt_ssp_auth_cancel	16	static
../edgefast/bluetooth/source/impl/ethermind/host/bt_pal_ssp.c:654:6:bt_hci_pin_code_req	16	static
../edgefast/bluetooth/source/impl/ethermind/host/bt_pal_ssp.c:673:6:bt_hci_link_key_notify	32	static
../edgefast/bluetooth/source/impl/ethermind/host/bt_pal_ssp.c:756:13:link_key_neg_reply	16	static
../edgefast/bluetooth/source/impl/ethermind/host/bt_pal_ssp.c:778:13:link_key_reply	16	static
../edgefast/bluetooth/source/impl/ethermind/host/bt_pal_ssp.c:801:6:bt_hci_link_key_req	32	static
../edgefast/bluetooth/source/impl/ethermind/host/bt_pal_ssp.c:883:6:bt_hci_io_capa_resp	16	static
../edgefast/bluetooth/source/impl/ethermind/host/bt_pal_ssp.c:945:6:bt_hci_io_capa_req	16	static
../edgefast/bluetooth/source/impl/ethermind/host/bt_pal_ssp.c:996:6:bt_hci_ssp_complete	24	static
../edgefast/bluetooth/source/impl/ethermind/host/bt_pal_ssp.c:1017:6:bt_hci_user_confirm_req	16	static
../edgefast/bluetooth/source/impl/ethermind/host/bt_pal_ssp.c:1034:6:bt_hci_user_passkey_notify	16	static
../edgefast/bluetooth/source/impl/ethermind/host/bt_pal_ssp.c:1053:6:bt_hci_user_passkey_req	16	static
../edgefast/bluetooth/source/impl/ethermind/host/bt_pal_ssp.c:1093:6:bt_hci_auth_complete	40	static
