D:\Git\NXP\RT685\NXP_RT685_BU8\nxp_rt685_bu8\BT_Audio\Rt685Conversa_handsfree_cm33\edgefast\bluetooth\include/sys/atomic.h:506:20:atomic_set_bit	24	static
D:\Git\NXP\RT685\NXP_RT685_BU8\nxp_rt685_bu8\BT_Audio\Rt685Conversa_handsfree_cm33\edgefast\bluetooth\include/net/buf.h:1495:21:net_buf_add	16	static
D:\Git\NXP\RT685\NXP_RT685_BU8\nxp_rt685_bu8\BT_Audio\Rt685Conversa_handsfree_cm33\edgefast\bluetooth\include/net/buf.h:1512:21:net_buf_add_mem	24	static
D:\Git\NXP\RT685\NXP_RT685_BU8\nxp_rt685_bu8\BT_Audio\Rt685Conversa_handsfree_cm33\edgefast\bluetooth\include/net/buf.h:2078:21:net_buf_pull_mem	16	static
../edgefast/bluetooth/source/impl/ethermind/host/bt_pal_l2cap_internal.h:242:19:bt_l2cap_send	32	static
../edgefast/bluetooth/source/impl/ethermind/host/bt_pal_l2cap.c:111:6:bt_l2cap_register_ecred_cb	16	static
../edgefast/bluetooth/source/impl/ethermind/host/bt_pal_l2cap.c:230:6:bt_l2cap_chan_remove	24	static
../edgefast/bluetooth/source/impl/ethermind/host/bt_pal_l2cap.c:245:13:bt_l2cap_chan_state_str	16	static
../edgefast/bluetooth/source/impl/ethermind/host/bt_pal_l2cap.c:334:6:bt_l2cap_chan_set_state	16	static
../edgefast/bluetooth/source/impl/ethermind/host/bt_pal_l2cap.c:348:6:bt_l2cap_chan_del	32	static
../edgefast/bluetooth/source/impl/ethermind/host/bt_pal_l2cap.c:443:6:bt_l2cap_chan_add	24	static
../edgefast/bluetooth/source/impl/ethermind/host/bt_pal_l2cap.c:454:13:l2cap_chan_add	32	static
../edgefast/bluetooth/source/impl/ethermind/host/bt_pal_l2cap.c:495:6:bt_l2cap_connected	32	static
../edgefast/bluetooth/source/impl/ethermind/host/bt_pal_l2cap.c:539:6:bt_l2cap_disconnected	24	static
../edgefast/bluetooth/source/impl/ethermind/host/bt_pal_l2cap.c:548:24:l2cap_create_le_sig_pdu	24	static
../edgefast/bluetooth/source/impl/ethermind/host/bt_pal_l2cap.c:582:20:l2cap_send	24	static
../edgefast/bluetooth/source/impl/ethermind/host/bt_pal_l2cap.c:941:6:bt_l2cap_security_changed	24	static
../edgefast/bluetooth/source/impl/ethermind/host/bt_pal_l2cap.c:962:17:bt_l2cap_create_pdu_timeout	24	static
../edgefast/bluetooth/source/impl/ethermind/host/bt_pal_l2cap.c:971:13:raise_data_ready	16	static
../edgefast/bluetooth/source/impl/ethermind/host/bt_pal_l2cap.c:984:13:lower_data_ready	32	static
../edgefast/bluetooth/source/impl/ethermind/host/bt_pal_l2cap.c:1003:13:cancel_data_ready	24	static
../edgefast/bluetooth/source/impl/ethermind/host/bt_pal_l2cap.c:1014:5:bt_l2cap_send_cb	24	static
../edgefast/bluetooth/source/impl/ethermind/host/bt_pal_l2cap.c:1033:13:chan_has_data	16	static
../edgefast/bluetooth/source/impl/ethermind/host/bt_pal_l2cap.c:1063:33:get_ready_chan	24	static
../edgefast/bluetooth/source/impl/ethermind/host/bt_pal_l2cap.c:1089:13:l2cap_chan_sdu_sent	32	static
../edgefast/bluetooth/source/impl/ethermind/host/bt_pal_l2cap.c:1151:17:l2cap_data_pull	24	static
../edgefast/bluetooth/source/impl/ethermind/host/bt_pal_l2cap.c:1230:13:l2cap_send_reject	32	static
../edgefast/bluetooth/source/impl/ethermind/host/bt_pal_l2cap.c:1252:13:le_conn_param_rsp	24	static
../edgefast/bluetooth/source/impl/ethermind/host/bt_pal_l2cap.c:1266:13:le_conn_param_update_req	56	static
../edgefast/bluetooth/source/impl/ethermind/host/bt_pal_l2cap.c:1322:23:bt_l2cap_le_lookup_tx_cid	24	static
../edgefast/bluetooth/source/impl/ethermind/host/bt_pal_l2cap.c:1336:23:bt_l2cap_le_lookup_rx_cid	24	static
../edgefast/bluetooth/source/impl/ethermind/host/bt_pal_l2cap.c:3282:12:l2cap_recv	40	static
../edgefast/bluetooth/source/impl/ethermind/host/bt_pal_l2cap.c:3850:13:l2cap_chan_recv	24	static
../edgefast/bluetooth/source/impl/ethermind/host/bt_pal_l2cap.c:3877:6:bt_l2cap_recv	40	static
../edgefast/bluetooth/source/impl/ethermind/host/bt_pal_l2cap.c:3910:5:bt_l2cap_update_conn_param	16	static
../edgefast/bluetooth/source/impl/ethermind/host/bt_pal_l2cap.c:3960:13:l2cap_connected	16	static
../edgefast/bluetooth/source/impl/ethermind/host/bt_pal_l2cap.c:3966:13:l2cap_disconnected	24	static
../edgefast/bluetooth/source/impl/ethermind/host/bt_pal_l2cap.c:3983:12:l2cap_accept	24	static
../edgefast/bluetooth/source/impl/ethermind/host/bt_pal_l2cap.c:4170:6:bt_l2cap_init	8	static
../edgefast/bluetooth/source/impl/ethermind/host/bt_pal_l2cap.c:4767:5:bt_l2cap_chan_disconnect	24	static
