D:\Git\NXP\RT685\NXP_RT685_BU8\nxp_rt685_bu8\BT_Audio\Rt685Conversa_handsfree_cm33\edgefast\bluetooth\include/sys/atomic.h:428:20:atomic_test_bit	24	static
D:\Git\NXP\RT685\NXP_RT685_BU8\nxp_rt685_bu8\BT_Audio\Rt685Conversa_handsfree_cm33\edgefast\bluetooth\include/sys/atomic.h:446:20:atomic_test_and_clear_bit	24	static
D:\Git\NXP\RT685\NXP_RT685_BU8\nxp_rt685_bu8\BT_Audio\Rt685Conversa_handsfree_cm33\edgefast\bluetooth\include/sys/atomic.h:467:20:atomic_test_and_set_bit	24	static
D:\Git\NXP\RT685\NXP_RT685_BU8\nxp_rt685_bu8\BT_Audio\Rt685Conversa_handsfree_cm33\edgefast\bluetooth\include/sys/atomic.h:488:20:atomic_clear_bit	24	static
D:\Git\NXP\RT685\NXP_RT685_BU8\nxp_rt685_bu8\BT_Audio\Rt685Conversa_handsfree_cm33\edgefast\bluetooth\include/sys/atomic.h:506:20:atomic_set_bit	24	static
D:\Git\NXP\RT685\NXP_RT685_BU8\nxp_rt685_bu8\BT_Audio\Rt685Conversa_handsfree_cm33\edgefast\bluetooth\include/sys/atomic.h:525:20:atomic_set_bit_to	32	static
D:\Git\NXP\RT685\NXP_RT685_BU8\nxp_rt685_bu8\BT_Audio\Rt685Conversa_handsfree_cm33\edgefast\bluetooth\include/net/buf.h:867:20:net_buf_simple_save	16	static
D:\Git\NXP\RT685\NXP_RT685_BU8\nxp_rt685_bu8\BT_Audio\Rt685Conversa_handsfree_cm33\edgefast\bluetooth\include/net/buf.h:883:20:net_buf_simple_restore	16	static
D:\Git\NXP\RT685\NXP_RT685_BU8\nxp_rt685_bu8\BT_Audio\Rt685Conversa_handsfree_cm33\edgefast\bluetooth\include/net/buf.h:1495:21:net_buf_add	16	static
D:\Git\NXP\RT685\NXP_RT685_BU8\nxp_rt685_bu8\BT_Audio\Rt685Conversa_handsfree_cm33\edgefast\bluetooth\include/net/buf.h:1512:21:net_buf_add_mem	24	static
D:\Git\NXP\RT685\NXP_RT685_BU8\nxp_rt685_bu8\BT_Audio\Rt685Conversa_handsfree_cm33\edgefast\bluetooth\include/net/buf.h:2062:21:net_buf_pull	16	static
D:\Git\NXP\RT685\NXP_RT685_BU8\nxp_rt685_bu8\BT_Audio\Rt685Conversa_handsfree_cm33\edgefast\bluetooth\include/net/buf.h:2078:21:net_buf_pull_mem	16	static
D:\Git\NXP\RT685\NXP_RT685_BU8\nxp_rt685_bu8\BT_Audio\Rt685Conversa_handsfree_cm33\edgefast\bluetooth\include/net/buf.h:2093:23:net_buf_pull_u8	16	static
D:\Git\NXP\RT685\NXP_RT685_BU8\nxp_rt685_bu8\BT_Audio\Rt685Conversa_handsfree_cm33\edgefast\bluetooth\include/bluetooth/addr.h:138:20:bt_addr_le_copy	16	static
../edgefast/bluetooth/source/impl/ethermind/host/bt_pal_scan.c:80:6:bt_scan_reset	4	static
../edgefast/bluetooth/source/impl/ethermind/host/bt_pal_scan.c:88:12:set_le_ext_scan_enable	48	static
../edgefast/bluetooth/source/impl/ethermind/host/bt_pal_scan.c:124:12:bt_le_scan_set_enable_legacy	48	static
../edgefast/bluetooth/source/impl/ethermind/host/bt_pal_scan.c:158:5:bt_le_scan_set_enable	16	static
../edgefast/bluetooth/source/impl/ethermind/host/bt_pal_scan.c:168:12:start_le_scan_ext	48	static
../edgefast/bluetooth/source/impl/ethermind/host/bt_pal_scan.c:241:12:start_le_scan_legacy	40	static
../edgefast/bluetooth/source/impl/ethermind/host/bt_pal_scan.c:293:12:start_host_initiated_scan	32	static
../edgefast/bluetooth/source/impl/ethermind/host/bt_pal_scan.c:325:5:bt_le_scan_update	24	static
../edgefast/bluetooth/source/impl/ethermind/host/bt_pal_scan.c:379:13:check_pending_conn	32	static
../edgefast/bluetooth/source/impl/ethermind/host/bt_pal_scan.c:428:16:get_adv_props_legacy	16	static
../edgefast/bluetooth/source/impl/ethermind/host/bt_pal_scan.c:458:13:le_adv_recv	56	static
../edgefast/bluetooth/source/impl/ethermind/host/bt_pal_scan.c:1450:6:bt_hci_le_adv_report	40	static
../edgefast/bluetooth/source/impl/ethermind/host/bt_pal_scan.c:1488:13:valid_le_scan_param	16	static
../edgefast/bluetooth/source/impl/ethermind/host/bt_pal_scan.c:1535:5:bt_le_scan_start	40	static
../edgefast/bluetooth/source/impl/ethermind/host/bt_pal_scan.c:1629:5:bt_le_scan_stop	8	static
../edgefast/bluetooth/source/impl/ethermind/host/bt_pal_scan.c:1650:5:bt_le_scan_cb_register	16	static
../edgefast/bluetooth/source/impl/ethermind/host/bt_pal_scan.c:1661:6:bt_le_scan_cb_unregister	16	static
