D:\Git\NXP\RT685\RT685-EVK_Conversa_HFP\nxp_rt685\Rt685Conversa_handsfree_cm33\edgefast\bluetooth\include/sys/atomic.h:428:20:atomic_test_bit	24	static
D:\Git\NXP\RT685\RT685-EVK_Conversa_HFP\nxp_rt685\Rt685Conversa_handsfree_cm33\edgefast\bluetooth\include/sys/atomic.h:506:20:atomic_set_bit	24	static
D:\Git\NXP\RT685\RT685-EVK_Conversa_HFP\nxp_rt685\Rt685Conversa_handsfree_cm33\edgefast\bluetooth\include/net/buf.h:1495:21:net_buf_add	16	static
../edgefast/bluetooth/source/impl/ethermind/host/bt_pal_direction.c:74:16:get_hci_cte_type	16	static
../edgefast/bluetooth/source/impl/ethermind/host/bt_pal_direction.c:89:12:hci_df_set_cl_cte_tx_params	32	static
../edgefast/bluetooth/source/impl/ethermind/host/bt_pal_direction.c:164:12:hci_df_read_ant_info	40	static
../edgefast/bluetooth/source/impl/ethermind/host/bt_pal_direction.c:208:12:hci_df_set_adv_cte_tx_enable	48	static
../edgefast/bluetooth/source/impl/ethermind/host/bt_pal_direction.c:938:5:le_df_init	16	static
../edgefast/bluetooth/source/impl/ethermind/host/bt_pal_direction.c:961:5:bt_df_set_adv_cte_tx_param	24	static
../edgefast/bluetooth/source/impl/ethermind/host/bt_pal_direction.c:994:12:bt_df_set_adv_cte_tx_enabled	16	static
../edgefast/bluetooth/source/impl/ethermind/host/bt_pal_direction.c:1011:5:bt_df_adv_cte_tx_enable	16	static
../edgefast/bluetooth/source/impl/ethermind/host/bt_pal_direction.c:1017:5:bt_df_adv_cte_tx_disable	16	static
