D:\Git\NXP\RT685\RT685-EVK_Conversa_HFP\nxp_rt685\Rt685Conversa_handsfree_cm33\edgefast\bluetooth\include/bluetooth/addr.h:81:19:bt_addr_cmp	16	static
D:\Git\NXP\RT685\RT685-EVK_Conversa_HFP\nxp_rt685\Rt685Conversa_handsfree_cm33\edgefast\bluetooth\include/bluetooth/addr.h:91:20:bt_addr_eq	16	static
D:\Git\NXP\RT685\RT685-EVK_Conversa_HFP\nxp_rt685\Rt685Conversa_handsfree_cm33\edgefast\bluetooth\include/bluetooth/addr.h:105:19:bt_addr_le_cmp	16	static
D:\Git\NXP\RT685\RT685-EVK_Conversa_HFP\nxp_rt685\Rt685Conversa_handsfree_cm33\edgefast\bluetooth\include/bluetooth/addr.h:118:20:bt_addr_le_eq	16	static
D:\Git\NXP\RT685\RT685-EVK_Conversa_HFP\nxp_rt685\Rt685Conversa_handsfree_cm33\edgefast\bluetooth\include/bluetooth/addr.h:128:20:bt_addr_copy	16	static
D:\Git\NXP\RT685\RT685-EVK_Conversa_HFP\nxp_rt685\Rt685Conversa_handsfree_cm33\edgefast\bluetooth\include/bluetooth/addr.h:138:20:bt_addr_le_copy	16	static
D:\Git\NXP\RT685\RT685-EVK_Conversa_HFP\nxp_rt685\Rt685Conversa_handsfree_cm33\edgefast\bluetooth\include/bluetooth/addr.h:171:20:bt_addr_le_is_rpa	16	static
../edgefast/bluetooth/source/impl/ethermind/host/bt_pal_keys.c:49:13:find_key_in_use	40	static
../edgefast/bluetooth/source/impl/ethermind/host/bt_pal_keys.c:77:13:key_is_in_use	24	static
../edgefast/bluetooth/source/impl/ethermind/host/bt_pal_keys.c:87:6:bt_keys_reset	8	static
../edgefast/bluetooth/source/impl/ethermind/host/bt_pal_keys.c:92:17:bt_keys_get_addr	48	static
../edgefast/bluetooth/source/impl/ethermind/host/bt_pal_keys.c:163:6:bt_foreach_bond	40	static
../edgefast/bluetooth/source/impl/ethermind/host/bt_pal_keys.c:187:6:bt_keys_foreach_type	32	static
../edgefast/bluetooth/source/impl/ethermind/host/bt_pal_keys.c:201:17:bt_keys_find	24	static
../edgefast/bluetooth/source/impl/ethermind/host/bt_pal_keys.c:219:17:bt_keys_get_type	24	static
../edgefast/bluetooth/source/impl/ethermind/host/bt_pal_keys.c:242:17:bt_keys_find_irk	24	static
../edgefast/bluetooth/source/impl/ethermind/host/bt_pal_keys.c:293:17:bt_keys_find_addr	24	static
../edgefast/bluetooth/source/impl/ethermind/host/bt_pal_keys.c:311:6:bt_keys_add_type	16	static
../edgefast/bluetooth/source/impl/ethermind/host/bt_pal_keys.c:318:6:bt_keys_clear	16	static
../edgefast/bluetooth/source/impl/ethermind/host/bt_pal_keys.c:341:5:bt_keys_store	24	static
../edgefast/bluetooth/source/impl/ethermind/host/bt_pal_keys.c:359:12:keys_set	144	static
../edgefast/bluetooth/source/impl/ethermind/host/bt_pal_keys.c:448:13:id_add	16	static
../edgefast/bluetooth/source/impl/ethermind/host/bt_pal_keys.c:455:12:keys_commit	8	static
../edgefast/bluetooth/source/impl/ethermind/host/bt_pal_keys.c:475:6:bt_keys_update_usage	24	static
