../drivers/fsl_dma.c:132:6:DMA_Init	16	static
../drivers/fsl_dma.c:161:6:DMA_Deinit	0	static
../drivers/fsl_dma.c:178:6:DMA_ConfigureChannelTrigger	0	static
../drivers/fsl_dma.c:198:10:DMA_GetRemainingBytes	4	static
../drivers/fsl_dma.c:273:6:DMA_SetupDescriptor	8	static
../drivers/fsl_dma.c:344:6:DMA_SetupChannelDescriptor	12	static
../drivers/fsl_dma.c:448:6:DMA_CreateDescriptor	16	static
../drivers/fsl_dma.c:469:6:DMA_AbortTransfer	4	static
../drivers/fsl_dma.c:493:6:DMA_CreateHandle	24	static
../drivers/fsl_dma.c:524:6:DMA_SetCallback	0	static
../drivers/fsl_dma.c:549:6:DMA_PrepareTransfer	32	static
../drivers/fsl_dma.c:616:6:DMA_SetChannelConfig	8	static
../drivers/fsl_dma.c:654:6:DMA_PrepareChannelTransfer	24	static
../drivers/fsl_dma.c:712:6:DMA_LoadChannelDescriptor	8	static
../drivers/fsl_dma.c:742:6:DMA_InstallDescriptorMemory	0	static
../drivers/fsl_dma.c:796:6:DMA_SubmitChannelTransferParameter	20	static
../drivers/fsl_dma.c:838:6:DMA_SubmitChannelDescriptor	8	static
../drivers/fsl_dma.c:902:10:DMA_SubmitChannelTransfer	32	static
../drivers/fsl_dma.c:946:10:DMA_SubmitTransfer	32	static
../drivers/fsl_dma.c:986:6:DMA_StartTransfer	4	static
../drivers/fsl_dma.c:1004:6:DMA_StartTransfer_NoStartImmediately	0	static
../drivers/fsl_dma.c:1025:6:DMA_IRQHandle	32	static
../drivers/fsl_dma.c:1082:6:DMA0_DriverIRQHandler	0	static
../drivers/fsl_dma.c:1090:6:DMA1_DriverIRQHandler	0	static
