../drivers/fsl_flexspi.c:165:10:FLEXSPI_GetInstance	0	static
../drivers/fsl_flexspi.c:248:10:FLEXSPI_CheckAndClearError	0	static
../drivers/fsl_flexspi.c:290:6:FLEXSPI_Init	12	static
../drivers/fsl_flexspi.c:410:6:FLEXSPI_GetDefaultConfig	4	static
../drivers/fsl_flexspi.c:468:6:FLEXSPI_Deinit	0	static
../drivers/fsl_flexspi.c:481:6:FLEXSPI_UpdateDllValue	8	static
../drivers/fsl_flexspi.c:543:6:FLEXSPI_SetFlashConfig	16	static
../drivers/fsl_flexspi.c:635:6:FLEXSPI_SoftwareReset	0	static
../drivers/fsl_flexspi.c:679:6:FLEXSPI_UpdateLUT	8	static
../drivers/fsl_flexspi.c:720:6:FLEXSPI_UpdateRxSampleClock	0	static
../drivers/fsl_flexspi.c:749:10:FLEXSPI_WriteBlocking	24	static
../drivers/fsl_flexspi.c:828:10:FLEXSPI_ReadBlocking	20	static
../drivers/fsl_flexspi.c:933:10:FLEXSPI_TransferBlocking	8	static
../drivers/fsl_flexspi.c:1011:6:FLEXSPI_TransferCreateHandle	16	static
../drivers/fsl_flexspi.c:1052:10:FLEXSPI_TransferNonBlocking	12	static
../drivers/fsl_flexspi.c:1136:10:FLEXSPI_TransferGetCount	0	static
../drivers/fsl_flexspi.c:1163:6:FLEXSPI_TransferAbort	0	static
../drivers/fsl_flexspi.c:1177:6:FLEXSPI_TransferHandleIRQ	24	static
