../drivers/fsl_i3c.c:330:10:I3C_GetInstance	0	static
../drivers/fsl_i3c.c:363:10:I3C_MasterCheckAndClearError	0	static
../drivers/fsl_i3c.c:2671:6:I3C_MasterTransferHandleIRQ	56	static
../drivers/fsl_i3c.c:436:10:I3C_MasterWaitForCtrlDone	16	static
../drivers/fsl_i3c.c:578:10:I3C_SlaveCheckAndClearError	0	static
../drivers/fsl_i3c.c:3468:6:I3C_SlaveTransferHandleIRQ	48	static
../drivers/fsl_i3c.c:719:16:I3C_GetIBIType	0	static
../drivers/fsl_i3c.c:750:10:I3C_CheckForBusyBus	0	static
../drivers/fsl_i3c.c:758:6:I3C_GetDefaultConfig	16	static
../drivers/fsl_i3c.c:938:6:I3C_MasterGetDefaultConfig	16	static
../drivers/fsl_i3c.c:1021:20:I3C_MasterGetState	0	static
../drivers/fsl_i3c.c:1068:6:I3C_MasterDeinit	16	static
../drivers/fsl_i3c.c:1108:6:I3C_MasterSetBaudRate	28	static
../drivers/fsl_i3c.c:964:6:I3C_MasterInit	24	static
../drivers/fsl_i3c.c:800:6:I3C_Init	16	static
../drivers/fsl_i3c.c:1209:10:I3C_MasterStartWithRxSize	8	static
../drivers/fsl_i3c.c:1238:10:I3C_MasterStart	4	static
../drivers/fsl_i3c.c:1264:10:I3C_MasterRepeatedStartWithRxSize	12	static
../drivers/fsl_i3c.c:1311:10:I3C_MasterStop	8	static
../drivers/fsl_i3c.c:1322:6:I3C_MasterEmitRequest	0	static
../drivers/fsl_i3c.c:1344:6:I3C_MasterRegisterIBI	0	static
../drivers/fsl_i3c.c:1366:6:I3C_MasterGetIBIRules	0	static
../drivers/fsl_i3c.c:1396:10:I3C_MasterReceive	40	static
../drivers/fsl_i3c.c:1510:10:I3C_MasterSend	32	static
../drivers/fsl_i3c.c:1592:10:I3C_MasterProcessDAASpecifiedBaudrate	88	static
../drivers/fsl_i3c.c:1734:20:I3C_MasterGetDeviceListAfterDAA	8	static
../drivers/fsl_i3c.c:1751:6:I3C_MasterClearDeviceCount	0	static
../drivers/fsl_i3c.c:1911:10:I3C_MasterTransferBlocking	48	static
../drivers/fsl_i3c.c:2018:6:I3C_MasterTransferCreateHandle	40	static
../drivers/fsl_i3c.c:2511:10:I3C_MasterTransferNonBlocking	32	static
../drivers/fsl_i3c.c:2584:10:I3C_MasterTransferGetCount	8	static
../drivers/fsl_i3c.c:2646:6:I3C_MasterTransferAbort	12	static
../drivers/fsl_i3c.c:2735:6:I3C_SlaveGetDefaultConfig	8	static
../drivers/fsl_i3c.c:2777:6:I3C_SlaveInit	24	static
../drivers/fsl_i3c.c:2884:6:I3C_SlaveDeinit	16	static
../drivers/fsl_i3c.c:2908:28:I3C_SlaveGetActivityState	0	static
../drivers/fsl_i3c.c:2942:6:I3C_SlaveRequestEvent	0	static
../drivers/fsl_i3c.c:2960:6:I3C_SlaveRequestIBIWithSingleData	0	static
../drivers/fsl_i3c.c:2977:6:I3C_SlaveRequestIBIWithData	0	static
../drivers/fsl_i3c.c:3038:10:I3C_SlaveSend	16	static
../drivers/fsl_i3c.c:3077:10:I3C_SlaveReceive	4	static
../drivers/fsl_i3c.c:3138:6:I3C_SlaveTransferCreateHandle	24	static
../drivers/fsl_i3c.c:3198:10:I3C_SlaveTransferNonBlocking	24	static
../drivers/fsl_i3c.c:3235:10:I3C_SlaveTransferGetCount	0	static
../drivers/fsl_i3c.c:3265:6:I3C_SlaveTransferAbort	8	static
../drivers/fsl_i3c.c:3555:6:I3C0_DriverIRQHandler	8	static
