../drivers/fsl_usdhc.c:361:17:USDHC_ReceiveCommandResponse	8	static
../drivers/fsl_usdhc.c:2442:6:USDHC_TransferHandleIRQ	24	static
../drivers/fsl_usdhc.c:340:6:USDHC_SetDataConfig	4	static
../drivers/fsl_usdhc.c:659:6:USDHC_SendCommand	8	static
../drivers/fsl_usdhc.c:831:6:USDHC_Init	16	static
../drivers/fsl_usdhc.c:899:6:USDHC_Deinit	0	static
../drivers/fsl_usdhc.c:916:6:USDHC_Reset	4	static
../drivers/fsl_usdhc.c:942:6:USDHC_GetCapability	8	static
../drivers/fsl_usdhc.c:984:10:USDHC_SetSdClock	12	static
../drivers/fsl_usdhc.c:1105:6:USDHC_SetCardActive	0	static
../drivers/fsl_usdhc.c:1128:6:USDHC_EnableDDRMode	0	static
../drivers/fsl_usdhc.c:1173:6:USDHC_SetMmcBootConfig	8	static
../drivers/fsl_usdhc.c:1217:10:USDHC_SetADMA1Descriptor	16	static
../drivers/fsl_usdhc.c:1304:10:USDHC_SetADMA2Descriptor	24	static
../drivers/fsl_usdhc.c:1419:10:USDHC_SetInternalDmaConfig	0	static
../drivers/fsl_usdhc.c:1485:10:USDHC_SetAdmaTableConfig	32	static
../drivers/fsl_usdhc.c:1555:10:USDHC_TransferBlocking	32	static
../drivers/fsl_usdhc.c:1864:10:USDHC_TransferNonBlocking	32	static
../drivers/fsl_usdhc.c:1986:6:USDHC_EnableManualTuning	0	static
../drivers/fsl_usdhc.c:2011:10:USDHC_AdjustDelayForManualTuning	0	static
../drivers/fsl_usdhc.c:2043:10:USDHC_SetTuningDelay	0	static
../drivers/fsl_usdhc.c:2086:6:USDHC_EnableStandardTuning	4	static
../drivers/fsl_usdhc.c:2123:6:USDHC_ConfigStrobeDLL	4	static
../drivers/fsl_usdhc.c:2151:6:USDHC_EnableAutoTuningForCmdAndData	0	static
../drivers/fsl_usdhc.c:2405:6:USDHC_TransferCreateHandle	24	static
../drivers/fsl_usdhc.c:2481:6:USDHC0_DriverIRQHandler	0	static
../drivers/fsl_usdhc.c:2490:6:USDHC1_DriverIRQHandler	0	static
