../drivers/fsl_power.c:193:1:POWER_SetBiasConfig	0	static
../drivers/fsl_power.c:269:6:POWER_ApplyPD	0	static
../drivers/fsl_power.c:620:1:delay	0	static
../drivers/fsl_power.c:629:1:deinitXip	0	static
../drivers/fsl_power.c:717:1:countPartitionSwitches.constprop	0	static
../drivers/fsl_power.c:739:1:POWER_CalculateSafetyCount	16	static
../drivers/fsl_power.c:620:1:delay.constprop	0	static
../drivers/fsl_power.c:645:1:initFlexSPI.constprop	4	static
../drivers/fsl_power.c:706:1:initXip	0	static
../drivers/fsl_power.c:351:6:POWER_EnterRbb	24	static
../drivers/fsl_power.c:398:6:POWER_EnterFbb	24	static
../drivers/fsl_power.c:445:6:POWER_EnterNbb	16	static
../drivers/fsl_power.c:846:6:POWER_EnterDeepSleep	64	static
../drivers/fsl_power.c:182:6:POWER_PmicPowerModeSelectControl	0	static
../drivers/fsl_power.c:233:6:POWER_DisableLVD	0	static
../drivers/fsl_power.c:242:6:POWER_RestoreLVD	4	static
../drivers/fsl_power.c:252:6:POWER_UpdateOscSettlingTime	0	static
../drivers/fsl_power.c:261:6:POWER_UpdatePmicRecoveryTime	0	static
../drivers/fsl_power.c:286:6:POWER_ClearEventFlags	0	static
../drivers/fsl_power.c:295:10:POWER_GetEventFlags	0	static
../drivers/fsl_power.c:304:6:POWER_EnableInterrupts	0	static
../drivers/fsl_power.c:313:6:POWER_DisableInterrupts	0	static
../drivers/fsl_power.c:322:6:POWER_SetAnalogBuffer	0	static
../drivers/fsl_power.c:341:6:POWER_SetPadVolRange	0	static
../drivers/fsl_power.c:506:6:POWER_SetVddCoreSupplySrc	0	static
../drivers/fsl_power.c:511:6:POWER_SetPmicCoreSupplyFunc	0	static
../drivers/fsl_power.c:516:6:POWER_SetVoltageForFreq	40	static
../drivers/fsl_power.c:491:6:POWER_SetLdoVoltageForFreq	16	static
../drivers/fsl_power.c:608:6:POWER_SetLvdFallingTripVoltage	0	static
../drivers/fsl_power.c:614:34:POWER_GetLvdFallingTripVoltage	0	static
../drivers/fsl_power.c:831:6:POWER_EnterSleep	0	static
../drivers/fsl_power.c:1046:6:POWER_EnterDeepPowerDown	12	static
../drivers/fsl_power.c:1090:6:POWER_EnterFullDeepPowerDown	12	static
../drivers/fsl_power.c:1130:6:POWER_EnterPowerMode	0	static
../drivers/fsl_power.c:1156:6:POWER_SetPmicMode	0	static
../drivers/fsl_power.c:1167:6:EnableDeepSleepIRQ	0	static
../drivers/fsl_power.c:1185:6:DisableDeepSleepIRQ	0	static
../drivers/fsl_power.c:1205:10:POWER_GetLibVersion	0	static
