../drivers/fsl_hashcrypt.c:474:17:hashcrypt_aes_one_block_unaligned	288	static
../drivers/fsl_hashcrypt.c:532:17:hashcrypt_aes_one_block	48	static
../drivers/fsl_hashcrypt.c:952:10:HASHCRYPT_SHA_Init	0	static
../drivers/fsl_hashcrypt.c:981:10:HASHCRYPT_SHA_Update	104	static
../drivers/fsl_hashcrypt.c:1040:10:HASHCRYPT_SHA_Finish	152	static
../drivers/fsl_hashcrypt.c:925:10:HASHCRYPT_SHA	128	static
../drivers/fsl_hashcrypt.c:1125:6:HASHCRYPT_SHA_SetCallback	0	static
../drivers/fsl_hashcrypt.c:1140:10:HASHCRYPT_SHA_UpdateNonBlocking	16	static
../drivers/fsl_hashcrypt.c:1208:10:HASHCRYPT_AES_SetKey	4	static
../drivers/fsl_hashcrypt.c:1250:10:HASHCRYPT_AES_EncryptEcb	48	static
../drivers/fsl_hashcrypt.c:1291:10:HASHCRYPT_AES_DecryptEcb	48	static
../drivers/fsl_hashcrypt.c:1332:10:HASHCRYPT_AES_EncryptCbc	64	static
../drivers/fsl_hashcrypt.c:1380:10:HASHCRYPT_AES_DecryptCbc	64	static
../drivers/fsl_hashcrypt.c:1428:10:HASHCRYPT_AES_CryptCtr	88	static
../drivers/fsl_hashcrypt.c:1538:10:HASHCRYPT_AES_CryptOfb	96	static
../drivers/fsl_hashcrypt.c:1624:10:HASHCRYPT_AES_EncryptCfb	96	static
../drivers/fsl_hashcrypt.c:1709:10:HASHCRYPT_AES_DecryptCfb	96	static
../drivers/fsl_hashcrypt.c:1795:6:HASHCRYPT_DriverIRQHandler	4	static
../drivers/fsl_hashcrypt.c:1838:6:HASHCRYPT_Init	0	static
../drivers/fsl_hashcrypt.c:1846:6:HASHCRYPT_Deinit	8	static
