../drivers/fsl_clock.c:315:17:CLOCK_GetAudioPllClkFreq	8	static
../drivers/fsl_clock.c:220:17:CLOCK_GetMainPllClkFreq	8	static
../drivers/fsl_clock.c:55:6:CLOCK_AttachClk	0	static
../drivers/fsl_clock.c:92:6:CLOCK_SetClkDiv	0	static
../drivers/fsl_clock.c:123:10:CLOCK_GetFFroFreq	0	static
../drivers/fsl_clock.c:145:10:CLOCK_GetSysPllFreq	16	static
../drivers/fsl_clock.c:180:10:CLOCK_GetSysPfdFreq	16	static
../drivers/fsl_clock.c:240:10:CLOCK_GetAudioPllFreq	16	static
../drivers/fsl_clock.c:275:10:CLOCK_GetAudioPfdFreq	16	static
../drivers/fsl_clock.c:323:10:CLOCK_GetMainClkFreq	0	static
../drivers/fsl_clock.c:373:10:CLOCK_GetDspMainClkFreq	8	static
../drivers/fsl_clock.c:423:10:CLOCK_GetAdcClkFreq	8	static
../drivers/fsl_clock.c:473:10:CLOCK_GetClockOutClkFreq	8	static
../drivers/fsl_clock.c:541:10:CLOCK_GetFRGClock	16	static
../drivers/fsl_clock.c:603:10:CLOCK_GetFlexCommClkFreq	0	static
../drivers/fsl_clock.c:659:10:CLOCK_GetCtimerClkFreq	0	static
../drivers/fsl_clock.c:700:10:CLOCK_GetFlexspiClkFreq	8	static
../drivers/fsl_clock.c:738:10:CLOCK_GetSctClkFreq	8	static
../drivers/fsl_clock.c:779:10:CLOCK_GetMclkClkFreq	8	static
../drivers/fsl_clock.c:803:10:CLOCK_GetWdtClkFreq	0	static
../drivers/fsl_clock.c:838:10:CLOCK_GetSystickClkFreq	8	static
../drivers/fsl_clock.c:872:10:CLOCK_GetSdioClkFreq	8	static
../drivers/fsl_clock.c:924:10:CLOCK_GetI3cClkFreq	8	static
../drivers/fsl_clock.c:949:10:CLOCK_GetUsbClkFreq	8	static
../drivers/fsl_clock.c:972:10:CLOCK_GetDmicClkFreq	8	static
../drivers/fsl_clock.c:1013:10:CLOCK_GetAcmpClkFreq	8	static
../drivers/fsl_clock.c:1051:10:CLOCK_GetFreq	8	static
../drivers/fsl_clock.c:1148:6:CLOCK_SetFRGClock	0	static
../drivers/fsl_clock.c:1184:6:CLOCK_EnableFfroClk	32	static
../drivers/fsl_clock.c:1229:6:CLOCK_EnableSfroClk	16	static
../drivers/fsl_clock.c:1249:6:CLOCK_InitSysPll	16	static
../drivers/fsl_clock.c:1312:10:CLOCK_InitSysPfd	12	static
../drivers/fsl_clock.c:1345:6:CLOCK_InitAudioPll	16	static
../drivers/fsl_clock.c:1409:10:CLOCK_InitAudioPfd	12	static
../drivers/fsl_clock.c:1443:6:CLOCK_EnableSysOscClk	4	static
../drivers/fsl_clock.c:1462:6:CLOCK_EnableUsbhsDeviceClock	0	static
../drivers/fsl_clock.c:1474:6:CLOCK_EnableUsbhsHostClock	0	static
../drivers/fsl_clock.c:1489:6:CLOCK_EnableUsbHs0PhyPllClock	4	static
