../drivers/fsl_i2s.c:820:6:I2S_TxHandleIRQ	24	static
../drivers/fsl_i2s.c:1034:6:I2S_RxHandleIRQ	24	static
../drivers/fsl_i2s.c:97:6:I2S_SetBitClockRate	0	static
../drivers/fsl_i2s.c:120:6:I2S_TxInit	16	static
../drivers/fsl_i2s.c:154:6:I2S_RxInit	16	static
../drivers/fsl_i2s.c:179:10:I2S_EmptyTxFifo	16	static
../drivers/fsl_i2s.c:235:6:I2S_TxGetDefaultConfig	8	static
../drivers/fsl_i2s.c:289:6:I2S_RxGetDefaultConfig	4	static
../drivers/fsl_i2s.c:371:6:I2S_Deinit	0	static
../drivers/fsl_i2s.c:514:6:I2S_EnableSecondaryChannel	4	static
../drivers/fsl_i2s.c:543:6:I2S_TxTransferCreateHandle	24	static
../drivers/fsl_i2s.c:584:10:I2S_TxTransferNonBlocking	24	static
../drivers/fsl_i2s.c:623:6:I2S_TxTransferAbort	16	static
../drivers/fsl_i2s.c:647:6:I2S_RxTransferCreateHandle	24	static
../drivers/fsl_i2s.c:689:10:I2S_RxTransferNonBlocking	24	static
../drivers/fsl_i2s.c:728:6:I2S_RxTransferAbort	16	static
../drivers/fsl_i2s.c:754:10:I2S_TransferGetCount	0	static
../drivers/fsl_i2s.c:789:10:I2S_TransferGetErrorCount	0	static
