D:\Git\NXP\RT685\RT685-EVK_Conversa_HFP\nxp_rt685\Rt685Conversa_handsfree_cm33\drivers/fsl_common_arm.h:902:24:DisableGlobalIRQ	16	static
D:\Git\NXP\RT685\RT685-EVK_Conversa_HFP\nxp_rt685\Rt685Conversa_handsfree_cm33\drivers/fsl_common_arm.h:928:20:EnableGlobalIRQ	24	static
../utilities/debug_console/fsl_debug_console.c:296:17:DbgConsole_SerialManagerPerformTransfer	32	static
../utilities/debug_console/fsl_debug_console.c:330:13:DbgConsole_SerialManagerTxCallback	32	static
../utilities/debug_console/fsl_debug_console.c:364:13:DbgConsole_SerialManagerTx2Callback	32	static
../utilities/debug_console/fsl_debug_console.c:425:10:DbgConsole_ReadOneCharacter	16	static
../utilities/debug_console/fsl_debug_console.c:497:5:DbgConsole_SendData	40	static
../utilities/debug_console/fsl_debug_console.c:550:5:DbgConsole_SendDataReliable	40	static
../utilities/debug_console/fsl_debug_console.c:631:5:DbgConsole_ReadLine	32	static
../utilities/debug_console/fsl_debug_console.c:697:5:DbgConsole_ReadCharacter	32	static
../utilities/debug_console/fsl_debug_console.c:734:13:DbgConsole_PrintCallback	32	static
../utilities/debug_console/fsl_debug_console.c:774:10:DbgConsole_Init	72	static
../utilities/debug_console/fsl_debug_console.c:945:10:DbgConsole_EnterLowpower	16	static
../utilities/debug_console/fsl_debug_console.c:956:10:DbgConsole_ExitLowpower	16	static
../utilities/debug_console/fsl_debug_console.c:967:10:DbgConsole_Deinit	8	static
../utilities/debug_console/fsl_debug_console.c:1010:40:DbgConsole_Flush	16	static
../utilities/debug_console/fsl_debug_console.c:1049:5:DbgConsole_Printf	16	static
../utilities/debug_console/fsl_debug_console.c:1062:5:DbgConsole_Vprintf	152	static
../utilities/debug_console/fsl_debug_console.c:1078:5:DbgConsole_Putchar	16	static
../utilities/debug_console/fsl_debug_console.c:1085:5:DbgConsole_Scanf	40	static
../utilities/debug_console/fsl_debug_console.c:1104:5:DbgConsole_BlockingPrintf	16	static
../utilities/debug_console/fsl_debug_console.c:1117:5:DbgConsole_BlockingVprintf	160	static
../utilities/debug_console/fsl_debug_console.c:1144:10:DbgConsole_TryGetchar	16	static
../utilities/debug_console/fsl_debug_console.c:1186:5:DbgConsole_Getchar	16	static
../utilities/debug_console/fsl_debug_console.c:1374:27:_write	24	static
../utilities/debug_console/fsl_debug_console.c:1395:27:_read	32	static
