../bt_ble/port/pal/mcux/bluetooth/fw_loader_uart.c:377:22:fw_loader_parse_packet	24	static
../bt_ble/port/pal/mcux/bluetooth/fw_loader_uart.c:760:7:uart_init_interface	8	static
../bt_ble/port/pal/mcux/bluetooth/fw_loader_uart.c:850:18:fw_upload_genCrcTable	24	static
../bt_ble/port/pal/mcux/bluetooth/fw_loader_uart.c:897:15:fw_upload_updateCrc	32	static
../bt_ble/port/pal/mcux/bluetooth/fw_loader_uart.c:929:18:fw_upload_IoFuncInit	4	static
../bt_ble/port/pal/mcux/bluetooth/fw_loader_uart.c:977:18:fw_upload_reInitUartInst	40	static
../bt_ble/port/pal/mcux/bluetooth/fw_loader_uart.c:1106:18:fw_upload_deInitUartInst	16	static
../bt_ble/port/pal/mcux/bluetooth/fw_loader_uart.c:1124:17:fw_upload_uartWriteFrame	24	static
../bt_ble/port/pal/mcux/bluetooth/fw_loader_uart.c:1166:17:fw_upload_uartReadFrame	16	static
../bt_ble/port/pal/mcux/bluetooth/fw_loader_uart.c:1235:18:fw_upload_initCrc8	24	static
../bt_ble/port/pal/mcux/bluetooth/fw_loader_uart.c:1273:27:fw_upload_crc8	24	static
../bt_ble/port/pal/mcux/bluetooth/fw_loader_uart.c:1306:21:fw_upload_wait4HdrFrame	80	static
../bt_ble/port/pal/mcux/bluetooth/fw_loader_uart.c:1378:22:fw_upload_wait4Length	24	static
../bt_ble/port/pal/mcux/bluetooth/fw_loader_uart.c:1446:18:fw_upload_storeBytes	32	static
../bt_ble/port/pal/mcux/bluetooth/fw_loader_uart.c:1475:18:fw_upload_sendAck	16	static
../bt_ble/port/pal/mcux/bluetooth/fw_loader_uart.c:1725:21:fw_upload_checkReqCrc	24	static
../bt_ble/port/pal/mcux/bluetooth/fw_loader_uart.c:1773:21:fw_upload_wait4Req	40	static
../bt_ble/port/pal/mcux/bluetooth/fw_loader_uart.c:1887:22:fw_upload_getCmd	16	static
../bt_ble/port/pal/mcux/bluetooth/fw_loader_uart.c:1912:22:fw_upload_getDataLen	16	static
../bt_ble/port/pal/mcux/bluetooth/fw_loader_uart.c:1938:21:fw_upload_lenValid	24	static
../bt_ble/port/pal/mcux/bluetooth/fw_loader_uart.c:1976:22:fw_upload_sendBuffer	32	static
../bt_ble/port/pal/mcux/bluetooth/fw_loader_uart.c:2157:22:fw_upload_v1SendLenBytes	24	static
../bt_ble/port/pal/mcux/bluetooth/fw_loader_uart.c:2230:18:fw_upload_v3SendLenBytes	24	static
../bt_ble/port/pal/mcux/bluetooth/fw_loader_uart.c:2433:18:fw_upload_initUartConfigData	24	static
../bt_ble/port/pal/mcux/bluetooth/fw_loader_uart.c:2488:39:fw_upload_changeBaudrate	240	static
../bt_ble/port/pal/mcux/bluetooth/fw_loader_uart.c:2697:39:fw_upload_ChangeTimeout	16	static
../bt_ble/port/pal/mcux/bluetooth/fw_loader_uart.c:2800:39:fw_upload_firmwareDownload	24	static
../bt_ble/port/pal/mcux/bluetooth/fw_loader_uart.c:2977:31:uart_fw_download_prep	32	static
../bt_ble/port/pal/mcux/bluetooth/fw_loader_uart.c:3021:6:wakeUpControllerFromBootSleep	4	static
../bt_ble/port/pal/mcux/bluetooth/fw_loader_uart.c:3055:31:uart_fw_download	32	static
../bt_ble/port/pal/mcux/bluetooth/fw_loader_uart.c:3075:18:fw_upload_printUartConfig	24	static
