../bt_ble/port/pal/mcux/bluetooth/sco_audio_pl.c:33:28:sco_audio_init_pl_ext	4	static
../bt_ble/port/pal/mcux/bluetooth/sco_audio_pl.c:37:28:sco_audio_shutdown_pl_ext	4	static
../bt_ble/port/pal/mcux/bluetooth/sco_audio_pl.c:41:34:sco_audio_setup_pl_ext	16	static
../bt_ble/port/pal/mcux/bluetooth/sco_audio_pl.c:46:34:sco_audio_start_pl_ext	4	static
../bt_ble/port/pal/mcux/bluetooth/sco_audio_pl.c:51:34:sco_audio_stop_pl_ext	4	static
../bt_ble/port/pal/mcux/bluetooth/sco_audio_pl.c:56:28:platform_audio_play_ringtone	4	static
../bt_ble/port/pal/mcux/bluetooth/sco_audio_pl.c:77:28:sco_audio_play_ringtone_pl_ext	4	static
../bt_ble/port/pal/mcux/bluetooth/sco_audio_pl.c:81:28:sco_audio_play_inband_ringtone_pl_ext	4	static
../bt_ble/port/pal/mcux/bluetooth/sco_audio_pl.c:85:28:sco_audio_play_ringtone_exit_pl_ext	4	static
../bt_ble/port/pal/mcux/bluetooth/sco_audio_pl.c:89:35:sco_audio_set_speaker_volume	16	static
../bt_ble/port/pal/mcux/bluetooth/sco_audio_pl.c:93:35:sco_audio_set_microphone_gain	16	static
../bt_ble/port/pal/mcux/bluetooth/sco_audio_pl.c:105:6:sco_audio_init_pl	8	static
../bt_ble/port/pal/mcux/bluetooth/sco_audio_pl.c:112:6:sco_audio_shutdown_pl	8	static
../bt_ble/port/pal/mcux/bluetooth/sco_audio_pl.c:117:12:sco_audio_setup_pl	24	static
../bt_ble/port/pal/mcux/bluetooth/sco_audio_pl.c:143:12:sco_audio_start_pl	16	static
../bt_ble/port/pal/mcux/bluetooth/sco_audio_pl.c:159:12:sco_audio_stop_pl	16	static
../bt_ble/port/pal/mcux/bluetooth/sco_audio_pl.c:194:6:sco_audio_set_wideband_pl	48	static
../bt_ble/port/pal/mcux/bluetooth/sco_audio_pl.c:237:6:sco_audio_play_ringtone_pl	8	static
../bt_ble/port/pal/mcux/bluetooth/sco_audio_pl.c:244:6:sco_audio_play_inband_ringtone_pl	8	static
../bt_ble/port/pal/mcux/bluetooth/sco_audio_pl.c:251:6:sco_audio_set_speaker_volume_pl	16	static
../bt_ble/port/pal/mcux/bluetooth/sco_audio_pl.c:258:6:sco_audio_set_microphone_gain_pl	16	static
../bt_ble/port/pal/mcux/bluetooth/sco_audio_pl.c:264:6:sco_audio_play_ringtone_exit_pl	8	static
