D:\Git\NXP\RT685\NXP_RT685_BU8\nxp_rt685_bu8\BT_Audio\Rt685Conversa_handsfree_cm33\drivers/fsl_common_arm.h:902:24:DisableGlobalIRQ	16	static
D:\Git\NXP\RT685\NXP_RT685_BU8\nxp_rt685_bu8\BT_Audio\Rt685Conversa_handsfree_cm33\drivers/fsl_common_arm.h:928:20:EnableGlobalIRQ	24	static
D:\Git\NXP\RT685\NXP_RT685_BU8\nxp_rt685_bu8\BT_Audio\Rt685Conversa_handsfree_cm33\edgefast\bluetooth\source\porting/system_c.h:187:29:sys_timepoint_calc	24	static
D:\Git\NXP\RT685\NXP_RT685_BU8\nxp_rt685_bu8\BT_Audio\Rt685Conversa_handsfree_cm33\edgefast\bluetooth\source\porting/system_c.h:195:27:sys_timepoint_timeout	16	static
D:\Git\NXP\RT685\NXP_RT685_BU8\nxp_rt685_bu8\BT_Audio\Rt685Conversa_handsfree_cm33\edgefast\bluetooth\include/net/buf.h:168:20:net_buf_simple_reset	16	static
D:\Git\NXP\RT685\NXP_RT685_BU8\nxp_rt685_bu8\BT_Audio\Rt685Conversa_handsfree_cm33\edgefast\bluetooth\include/net/buf.h:1359:20:net_buf_destroy	24	static
D:\Git\NXP\RT685\NXP_RT685_BU8\nxp_rt685_bu8\BT_Audio\Rt685Conversa_handsfree_cm33\edgefast\bluetooth\include/net/buf.h:1512:21:net_buf_add_mem	24	static
D:\Git\NXP\RT685\NXP_RT685_BU8\nxp_rt685_bu8\BT_Audio\Rt685Conversa_handsfree_cm33\edgefast\bluetooth\include/net/buf.h:2257:22:net_buf_tailroom	16	static
D:\Git\NXP\RT685\NXP_RT685_BU8\nxp_rt685_bu8\BT_Audio\Rt685Conversa_handsfree_cm33\edgefast\bluetooth\include/net/buf.h:2271:22:net_buf_headroom	16	static
../edgefast/bluetooth/source/porting/net/buf.c:57:22:net_buf_pool_get	24	static
../edgefast/bluetooth/source/porting/net/buf.c:66:12:pool_id	16	static
../edgefast/bluetooth/source/porting/net/buf.c:71:5:net_buf_id	32	static
../edgefast/bluetooth/source/porting/net/buf.c:81:31:pool_get_uninit	32	static
../edgefast/bluetooth/source/porting/net/buf.c:97:6:net_buf_reset	16	static
../edgefast/bluetooth/source/porting/net/buf.c:105:17:generic_data_ref	24	static
../edgefast/bluetooth/source/porting/net/buf.c:115:17:mem_pool_data_alloc	24	static
../edgefast/bluetooth/source/porting/net/buf.c:140:13:mem_pool_data_unref	16	static
../edgefast/bluetooth/source/porting/net/buf.c:162:17:fixed_data_alloc	40	static
../edgefast/bluetooth/source/porting/net/buf.c:173:13:fixed_data_unref	16	static
../edgefast/bluetooth/source/porting/net/buf.c:224:17:data_alloc	32	static
../edgefast/bluetooth/source/porting/net/buf.c:231:17:data_ref	24	static
../edgefast/bluetooth/source/porting/net/buf.c:238:13:data_unref	24	static
../edgefast/bluetooth/source/porting/net/buf.c:254:17:net_buf_alloc_len	80	static
../edgefast/bluetooth/source/porting/net/buf.c:379:17:net_buf_alloc_fixed	24	static
../edgefast/bluetooth/source/porting/net/buf.c:394:17:net_buf_alloc_with_data	32	static
../edgefast/bluetooth/source/porting/net/buf.c:420:17:net_buf_get	24	static
../edgefast/bluetooth/source/porting/net/buf.c:439:6:net_buf_slist_put	40	static
../edgefast/bluetooth/source/porting/net/buf.c:451:17:net_buf_slist_get	40	static
../edgefast/bluetooth/source/porting/net/buf.c:467:6:net_buf_put	16	static
../edgefast/bluetooth/source/porting/net/buf.c:478:6:net_buf_unref	24	static
../edgefast/bluetooth/source/porting/net/buf.c:526:17:net_buf_ref	16	static
../edgefast/bluetooth/source/porting/net/buf.c:536:17:net_buf_clone	40	static
../edgefast/bluetooth/source/porting/net/buf.c:578:17:net_buf_frag_last	16	static
../edgefast/bluetooth/source/porting/net/buf.c:589:6:net_buf_frag_insert	16	static
../edgefast/bluetooth/source/porting/net/buf.c:601:17:net_buf_frag_add	16	static
../edgefast/bluetooth/source/porting/net/buf.c:619:17:net_buf_frag_del	24	static
../edgefast/bluetooth/source/porting/net/buf.c:645:8:net_buf_linearize	40	static
../edgefast/bluetooth/source/porting/net/buf.c:685:8:net_buf_append_bytes	48	static
