../edgefast/bluetooth/source/impl/ethermind/host/bt_pal_adv.c:919:12:le_adv_start_add_conn	16	static
../edgefast/bluetooth/source/impl/ethermind/host/bt_pal_adv.c:538:12:hci_set_ad	48	static
../edgefast/bluetooth/source/impl/ethermind/host/bt_pal_adv.c:793:12:le_adv_update.constprop	72	static
../edgefast/bluetooth/source/impl/ethermind/host/bt_pal_adv.c:175:20:get_adv_name_type	8	static
../edgefast/bluetooth/source/impl/ethermind/host/bt_pal_adv.c:188:20:get_adv_name_type_param	0	static
../edgefast/bluetooth/source/impl/ethermind/host/bt_pal_adv.c:262:6:bt_le_ext_adv_foreach	0	static
../edgefast/bluetooth/source/impl/ethermind/host/bt_pal_adv.c:276:6:bt_adv_reset_adv_pool	0	static
../edgefast/bluetooth/source/impl/ethermind/host/bt_pal_adv.c:298:6:bt_le_adv_delete_legacy	0	static
../edgefast/bluetooth/source/impl/ethermind/host/bt_pal_adv.c:308:23:bt_le_adv_lookup_legacy	0	static
../edgefast/bluetooth/source/impl/ethermind/host/bt_pal_adv.c:317:5:bt_le_adv_set_enable_legacy	40	static
../edgefast/bluetooth/source/impl/ethermind/host/bt_pal_adv.c:344:5:bt_le_adv_set_enable_ext	48	static
../edgefast/bluetooth/source/impl/ethermind/host/bt_pal_adv.c:379:5:bt_le_adv_set_enable	40	static
../edgefast/bluetooth/source/impl/ethermind/host/bt_pal_adv.c:856:5:bt_le_adv_update_data	40	static
../edgefast/bluetooth/source/impl/ethermind/host/bt_pal_adv.c:971:5:bt_le_adv_start_legacy	96	static
../edgefast/bluetooth/source/impl/ethermind/host/bt_pal_adv.c:1362:5:bt_le_lim_adv_cancel_timeout	0	static
../edgefast/bluetooth/source/impl/ethermind/host/bt_pal_adv.c:1367:5:bt_le_adv_start	24	static
../edgefast/bluetooth/source/impl/ethermind/host/bt_pal_adv.c:1401:5:bt_le_adv_stop	40	static
../edgefast/bluetooth/source/impl/ethermind/host/bt_pal_adv.c:1769:13:adv_timeout	0	static
../edgefast/bluetooth/source/impl/ethermind/host/bt_pal_adv.c:1484:6:bt_le_adv_resume	40	static
