../edgefast/bluetooth/source/impl/ethermind/host/bt_pal_hfp_hf.c:1915:13:hfp_hf_sco_connected	0	static
../edgefast/bluetooth/source/impl/ethermind/host/bt_pal_hfp_hf.c:1923:13:hfp_hf_sco_disconnected	0	static
../edgefast/bluetooth/source/impl/ethermind/host/bt_pal_hfp_hf.c:2775:16:bt_hfp_ag_sdp_user	24	static
../edgefast/bluetooth/source/impl/ethermind/host/bt_pal_hfp_hf.c:2024:29:hfp_hf_connected	32	static
../edgefast/bluetooth/source/impl/ethermind/host/bt_pal_hfp_hf.c:377:19:bt_hfp_hf_cmd_retry_ret_handling.isra	16	static
../edgefast/bluetooth/source/impl/ethermind/host/bt_pal_hfp_hf.c:918:13:bt_work_hf_retry_at_cmd_handling	24	static
../edgefast/bluetooth/source/impl/ethermind/host/bt_pal_hfp_hf.c:1936:12:bt_hfp_hf_sco_accept	24	static
../edgefast/bluetooth/source/impl/ethermind/host/bt_pal_hfp_hf.c:959:19:bt_hfp_hf_callback_registered_with_hfu	168	static
../edgefast/bluetooth/source/impl/ethermind/host/bt_pal_hfp_hf.c:2062:5:bt_hfp_hf_register	24	static
../edgefast/bluetooth/source/impl/ethermind/host/bt_pal_hfp_hf.c:2116:5:bt_hfp_hf_send_cmd	24	static
../edgefast/bluetooth/source/impl/ethermind/host/bt_pal_hfp_hf.c:2161:5:bt_hfp_hf_start_voice_recognition	24	static
../edgefast/bluetooth/source/impl/ethermind/host/bt_pal_hfp_hf.c:2196:5:bt_hfp_hf_stop_voice_recognition	16	static
../edgefast/bluetooth/source/impl/ethermind/host/bt_pal_hfp_hf.c:2229:5:bt_hfp_hf_dial	24	static
../edgefast/bluetooth/source/impl/ethermind/host/bt_pal_hfp_hf.c:2263:5:bt_hfp_hf_dial_memory	32	static
../edgefast/bluetooth/source/impl/ethermind/host/bt_pal_hfp_hf.c:2315:5:bt_hfp_hf_last_dial	16	static
../edgefast/bluetooth/source/impl/ethermind/host/bt_pal_hfp_hf.c:2346:5:bt_hfp_hf_multiparty_call_option	24	static
../edgefast/bluetooth/source/impl/ethermind/host/bt_pal_hfp_hf.c:2377:5:bt_hfp_hf_enable_clip_notification	24	static
../edgefast/bluetooth/source/impl/ethermind/host/bt_pal_hfp_hf.c:2410:5:bt_hfp_hf_disable_clip_notification	16	static
../edgefast/bluetooth/source/impl/ethermind/host/bt_pal_hfp_hf.c:2443:5:bt_hfp_hf_enable_call_waiting_notification	24	static
../edgefast/bluetooth/source/impl/ethermind/host/bt_pal_hfp_hf.c:2475:5:bt_hfp_hf_disable_call_waiting_notification	24	static
../edgefast/bluetooth/source/impl/ethermind/host/bt_pal_hfp_hf.c:2507:5:bt_hfp_hf_volume_update	40	static
../edgefast/bluetooth/source/impl/ethermind/host/bt_pal_hfp_hf.c:2575:5:bt_hfp_hf_get_last_voice_tag_number	24	static
../edgefast/bluetooth/source/impl/ethermind/host/bt_pal_hfp_hf.c:2608:5:bt_hfp_hf_open_audio	32	static
../edgefast/bluetooth/source/impl/ethermind/host/bt_pal_hfp_hf.c:2640:5:bt_hfp_hf_close_audio	0	static
../edgefast/bluetooth/source/impl/ethermind/host/bt_pal_hfp_hf.c:2652:5:bt_hfp_hf_trigger_codec_connection	16	static
../edgefast/bluetooth/source/impl/ethermind/host/bt_pal_hfp_hf.c:2681:5:bt_hfp_hf_get_peer_indicator_status	16	static
../edgefast/bluetooth/source/impl/ethermind/host/bt_pal_hfp_hf.c:2710:5:bt_hfp_hf_query_list_current_calls	16	static
../edgefast/bluetooth/source/impl/ethermind/host/bt_pal_hfp_hf.c:2739:5:bt_hfp_hf_connect	16	static
../edgefast/bluetooth/source/impl/ethermind/host/bt_pal_hfp_hf.c:2754:5:bt_hfp_hf_disconnect	16	static
../edgefast/bluetooth/source/impl/ethermind/host/bt_pal_hfp_hf.c:2820:5:bt_hfp_hf_discover	8	static
