../edgefast/bluetooth/source/impl/ethermind/host/bt_pal_addr.c:25:5:bt_addr_le_create_nrpa	8	static
../edgefast/bluetooth/source/impl/ethermind/host/bt_pal_addr.c:39:5:bt_addr_le_create_static	8	static
../edgefast/bluetooth/source/impl/ethermind/host/bt_pal_addr.c:53:5:bt_addr_from_str	16	static
../edgefast/bluetooth/source/impl/ethermind/host/bt_pal_addr.c:87:5:bt_addr_le_from_str	24	static
../edgefast/bluetooth/source/impl/ethermind/host/bt_pal_addr.c:112:6:bt_addr_le_copy_resolved	8	static
../edgefast/bluetooth/source/impl/ethermind/host/bt_pal_addr.c:119:6:bt_addr_le_is_resolved	0	static
