../edgefast/bluetooth/source/impl/ethermind/host/bt_pal_avrcp_al_api.c:36:12:BT_avrcp_al_init	8	static
../edgefast/bluetooth/source/impl/ethermind/host/bt_pal_avrcp_al_api.c:66:12:BT_avrcp_al_shutdown	8	static
../edgefast/bluetooth/source/impl/ethermind/host/bt_pal_avrcp_al_api.c:86:12:BT_avrcp_al_start	16	static
../edgefast/bluetooth/source/impl/ethermind/host/bt_pal_avrcp_al_api.c:126:12:BT_avrcp_al_stop	8	static
../edgefast/bluetooth/source/impl/ethermind/host/bt_pal_avrcp_al_api.c:163:12:BT_avrcp_al_send_info_cmd	16	static
../edgefast/bluetooth/source/impl/ethermind/host/bt_pal_avrcp_al_api.c:263:12:BT_avrcp_al_send_info_rsp	24	static
../edgefast/bluetooth/source/impl/ethermind/host/bt_pal_avrcp_al_api.c:383:12:BT_avrcp_al_send_passthrough_cmd_rsp	32	static
../edgefast/bluetooth/source/impl/ethermind/host/bt_pal_avrcp_al_api.c:528:12:BT_avrcp_al_set_absolute_volume	24	static
../edgefast/bluetooth/source/impl/ethermind/host/bt_pal_avrcp_al_api.c:583:12:BT_avrcp_al_get_capabilities	24	static
../edgefast/bluetooth/source/impl/ethermind/host/bt_pal_avrcp_al_api.c:637:12:BT_avrcp_al_send_set_addressed_player_cmd	24	static
../edgefast/bluetooth/source/impl/ethermind/host/bt_pal_avrcp_al_api.c:682:12:BT_avrcp_al_send_set_addressed_player_rsp	32	static
../edgefast/bluetooth/source/impl/ethermind/host/bt_pal_avrcp_al_api.c:724:12:BT_avrcp_al_send_metadata_pdu	48	static
../edgefast/bluetooth/source/impl/ethermind/host/bt_pal_avrcp_al_api.c:1074:12:BT_avrcp_al_get_play_status	16	static
../edgefast/bluetooth/source/impl/ethermind/host/bt_pal_avrcp_al_api.c:1123:12:BT_avrcp_al_register_notification	24	static
../edgefast/bluetooth/source/impl/ethermind/host/bt_pal_avrcp_al_api.c:1187:12:BT_avrcp_al_send_continuation_pdu	32	static
../edgefast/bluetooth/source/impl/ethermind/host/bt_pal_avrcp_al_api.c:1246:12:BT_avrcp_al_send_browsing_pdu	32	static
../edgefast/bluetooth/source/impl/ethermind/host/bt_pal_avrcp_al_api.c:1336:12:BT_avrcp_al_send_browsing_cmd_rsp	24	static
../edgefast/bluetooth/source/impl/ethermind/host/bt_pal_avrcp_al_api.c:1428:12:BT_avrcp_al_set_browsed_player	24	static
../edgefast/bluetooth/source/impl/ethermind/host/bt_pal_avrcp_al_api.c:1480:12:BT_avrcp_al_get_items_attribute	24	static
../edgefast/bluetooth/source/impl/ethermind/host/bt_pal_avrcp_al_api.c:1599:12:BT_avrcp_al_get_folder_items	40	static
../edgefast/bluetooth/source/impl/ethermind/host/bt_pal_avrcp_al_api.c:1721:12:BT_avrcp_al_change_path	24	static
../edgefast/bluetooth/source/impl/ethermind/host/bt_pal_avrcp_al_api.c:1810:12:BT_avrcp_al_search	32	static
../edgefast/bluetooth/source/impl/ethermind/host/bt_pal_avrcp_al_api.c:1905:12:BT_avrcp_al_get_total_number_of_items	24	static
