../edgefast/bluetooth/source/impl/ethermind/host/bt_pal_ecc.c:36:6:bt_pub_key_is_debug	8	static
../edgefast/bluetooth/source/impl/ethermind/host/bt_pal_ecc.c:41:5:bt_pub_key_gen	16	static
../edgefast/bluetooth/source/impl/ethermind/host/bt_pal_ecc.c:107:6:bt_pub_key_hci_disrupted	8	static
../edgefast/bluetooth/source/impl/ethermind/host/bt_pal_ecc.c:122:16:bt_pub_key_get	8	static
../edgefast/bluetooth/source/impl/ethermind/host/bt_pal_ecc.c:169:5:bt_dh_key_gen	24	static
../edgefast/bluetooth/source/impl/ethermind/host/bt_pal_ecc.c:204:6:bt_hci_evt_le_pkey_complete	16	static
../edgefast/bluetooth/source/impl/ethermind/host/bt_pal_ecc.c:227:6:bt_hci_evt_le_dhkey_complete	4	static
