../edgefast/bluetooth/source/impl/ethermind/host/bt_pal_hci_core.c:619:13:hci_data_buf_overflow	0	static
../edgefast/bluetooth/source/impl/ethermind/host/bt_pal_hci_core.c:903:13:hci_disconn_complete_prio	16	static
../edgefast/bluetooth/source/impl/ethermind/host/bt_pal_hci_core.c:1725:13:le_remote_feat_complete	16	static
../edgefast/bluetooth/source/impl/ethermind/host/bt_pal_hci_core.c:544:13:hci_num_completed_packets	48	static
../edgefast/bluetooth/source/impl/ethermind/host/bt_pal_hci_core.c:4570:19:ethermind_bt_on_complete	8	static
../edgefast/bluetooth/source/impl/ethermind/host/bt_pal_hci_core.c:2519:13:hci_hardware_error	0	static
../edgefast/bluetooth/source/impl/ethermind/host/bt_pal_hci_core.c:3026:13:hci_le_meta_event	8	static
../edgefast/bluetooth/source/impl/ethermind/host/bt_pal_hci_core.c:2427:13:hci_encrypt_key_refresh_complete	16	static
../edgefast/bluetooth/source/impl/ethermind/host/bt_pal_hci_core.c:2305:13:hci_encrypt_change	16	static
../edgefast/bluetooth/source/impl/ethermind/host/bt_pal_hci_core.c:930:13:hci_disconn_complete	16	static
../edgefast/bluetooth/source/impl/ethermind/host/bt_pal_hci_core.c:1921:13:le_conn_update_complete	24	static
../edgefast/bluetooth/source/impl/ethermind/host/bt_pal_hci_core.c:2618:13:hci_cmd_done.part.0	24	static
../edgefast/bluetooth/source/impl/ethermind/host/bt_pal_hci_core.c:4440:13:rx_work_handler	8	static
../edgefast/bluetooth/source/impl/ethermind/host/bt_pal_hci_core.c:2677:13:hci_cmd_complete	16	static
../edgefast/bluetooth/source/impl/ethermind/host/bt_pal_hci_core.c:2851:13:hci_vendor_event	0	static
../edgefast/bluetooth/source/impl/ethermind/host/bt_pal_hci_core.c:2711:13:hci_cmd_status	16	static
../edgefast/bluetooth/source/impl/ethermind/host/bt_pal_hci_core.c:3164:13:hci_core_send_cmd	16	static
../edgefast/bluetooth/source/impl/ethermind/host/bt_pal_hci_core.c:5116:13:tx_processor	8	static
../edgefast/bluetooth/source/impl/ethermind/host/bt_pal_hci_core.c:1892:13:le_conn_param_req	40	static
../edgefast/bluetooth/source/impl/ethermind/host/bt_pal_hci_core.c:131:6:bt_hci_cmd_state_set_init	8	static
../edgefast/bluetooth/source/impl/ethermind/host/bt_pal_hci_core.c:280:17:bt_hci_cmd_create	32	static
../edgefast/bluetooth/source/impl/ethermind/host/bt_pal_hci_core.c:311:5:bt_hci_cmd_send	24	static
../edgefast/bluetooth/source/impl/ethermind/host/bt_pal_hci_core.c:344:5:bt_hci_cmd_send_sync	128	static
../edgefast/bluetooth/source/impl/ethermind/host/bt_pal_hci_core.c:4426:13:init_work	40	static
../edgefast/bluetooth/source/impl/ethermind/host/bt_pal_hci_core.c:454:5:bt_hci_le_rand	32	static
../edgefast/bluetooth/source/impl/ethermind/host/bt_pal_hci_core.c:513:9:bt_get_phy	0	static
../edgefast/bluetooth/source/impl/ethermind/host/bt_pal_hci_core.c:527:5:bt_get_df_cte_type	0	static
../edgefast/bluetooth/source/impl/ethermind/host/bt_pal_hci_core.c:640:5:bt_le_create_conn_ext	48	static
../edgefast/bluetooth/source/impl/ethermind/host/bt_pal_hci_core.c:720:5:bt_le_create_conn_synced	56	static
../edgefast/bluetooth/source/impl/ethermind/host/bt_pal_hci_core.c:826:5:bt_le_create_conn	48	static
../edgefast/bluetooth/source/impl/ethermind/host/bt_pal_hci_core.c:836:5:bt_le_create_conn_cancel	40	static
../edgefast/bluetooth/source/impl/ethermind/host/bt_pal_hci_core.c:850:5:bt_hci_disconnect	32	static
../edgefast/bluetooth/source/impl/ethermind/host/bt_pal_hci_core.c:1025:5:bt_le_set_data_len	40	static
../edgefast/bluetooth/source/impl/ethermind/host/bt_pal_hci_core.c:1073:5:bt_le_set_phy	48	static
../edgefast/bluetooth/source/impl/ethermind/host/bt_pal_hci_core.c:1364:6:bt_hci_le_enh_conn_complete	56	static
../edgefast/bluetooth/source/impl/ethermind/host/bt_pal_hci_core.c:1650:13:le_enh_conn_complete	0	static
../edgefast/bluetooth/source/impl/ethermind/host/bt_pal_hci_core.c:1696:13:le_legacy_conn_complete	40	static
../edgefast/bluetooth/source/impl/ethermind/host/bt_pal_hci_core.c:1824:6:bt_le_conn_params_valid	0	static
../edgefast/bluetooth/source/impl/ethermind/host/bt_pal_hci_core.c:2018:6:bt_conn_unpair	24	static
../edgefast/bluetooth/source/impl/ethermind/host/bt_pal_hci_core.c:2128:13:unpair	32	static
../edgefast/bluetooth/source/impl/ethermind/host/bt_pal_hci_core.c:2169:13:unpair_remote	0	static
../edgefast/bluetooth/source/impl/ethermind/host/bt_pal_hci_core.c:2176:5:bt_unpair	48	static
../edgefast/bluetooth/source/impl/ethermind/host/bt_pal_hci_core.c:2265:22:bt_security_err_get	0	static
../edgefast/bluetooth/source/impl/ethermind/host/bt_pal_hci_core.c:2287:6:update_sec_level	0	static
../edgefast/bluetooth/source/impl/ethermind/host/bt_pal_hci_core.c:2732:5:bt_hci_get_conn_handle	0	static
../edgefast/bluetooth/source/impl/ethermind/host/bt_pal_hci_core.c:4178:5:bt_send	16	static
../edgefast/bluetooth/source/impl/ethermind/host/bt_pal_hci_core.c:4251:6:hci_event_prio	24	static
../edgefast/bluetooth/source/impl/ethermind/host/bt_pal_hci_core.c:4305:12:bt_recv_unsafe	16	static
../edgefast/bluetooth/source/impl/ethermind/host/bt_pal_hci_core.c:4482:10:ethermind_hci_event_callback	32	static
../edgefast/bluetooth/source/impl/ethermind/host/bt_pal_hci_core.c:4346:5:bt_recv	8	static
../edgefast/bluetooth/source/impl/ethermind/host/bt_pal_hci_core.c:4379:6:bt_finalize_init	8	static
../edgefast/bluetooth/source/impl/ethermind/host/bt_pal_hci_core.c:4559:6:bt_br_acl_link_connect_req	40	static
../edgefast/bluetooth/source/impl/ethermind/host/bt_pal_hci_core.c:4583:5:bt_enable	16	static
../edgefast/bluetooth/source/impl/ethermind/host/bt_pal_hci_core.c:4690:5:bt_disable	24	static
../edgefast/bluetooth/source/impl/ethermind/host/bt_pal_hci_core.c:4834:6:bt_is_ready	8	static
../edgefast/bluetooth/source/impl/ethermind/host/bt_pal_hci_core.c:4846:5:bt_set_name	0	static
../edgefast/bluetooth/source/impl/ethermind/host/bt_pal_hci_core.c:4880:13:bt_get_name	0	static
../edgefast/bluetooth/source/impl/ethermind/host/bt_pal_hci_core.c:4889:10:bt_get_appearance	0	static
../edgefast/bluetooth/source/impl/ethermind/host/bt_pal_hci_core.c:4919:6:bt_addr_le_is_bonded	8	static
../edgefast/bluetooth/source/impl/ethermind/host/bt_pal_hci_core.c:4931:6:bt_le_bond_exists	8	static
../edgefast/bluetooth/source/impl/ethermind/host/bt_pal_hci_core.c:5017:5:bt_le_set_chan_map	32	static
../edgefast/bluetooth/source/impl/ethermind/host/bt_pal_hci_core.c:5066:5:bt_configure_data_path	56	static
../edgefast/bluetooth/source/impl/ethermind/host/bt_pal_hci_core.c:5135:6:bt_tx_irq_raise	0	static
