../edgefast/bluetooth/source/impl/ethermind/host/bt_pal_avrcp.c:2704:19:ethermind_avrcp_cai_cb	40	static
../edgefast/bluetooth/source/impl/ethermind/host/bt_pal_avrcp.c:120:13:avrcp_get_conn	8	static
../edgefast/bluetooth/source/impl/ethermind/host/bt_pal_avrcp.c:2787:12:ethermind_avrcp_car_cb	80	static
../edgefast/bluetooth/source/impl/ethermind/host/bt_pal_avrcp.c:458:5:bt_avrcp_init	16	static
../edgefast/bluetooth/source/impl/ethermind/host/bt_pal_avrcp.c:515:5:bt_avrcp_register_callback	24	static
../edgefast/bluetooth/source/impl/ethermind/host/bt_pal_avrcp.c:541:5:bt_avrcp_control_connect	48	static
../edgefast/bluetooth/source/impl/ethermind/host/bt_pal_avrcp.c:578:5:bt_avrcp_control_disconnect	8	static
../edgefast/bluetooth/source/impl/ethermind/host/bt_pal_avrcp.c:605:5:bt_avrcp_response_info	8	static
../edgefast/bluetooth/source/impl/ethermind/host/bt_pal_avrcp.c:627:5:bt_avrcp_response_passthrough	16	static
../edgefast/bluetooth/source/impl/ethermind/host/bt_pal_avrcp.c:656:5:bt_avrcp_response_vendor_dependent	64	static
../edgefast/bluetooth/source/impl/ethermind/host/bt_pal_avrcp.c:909:25:bt_avrcp_vendor_rsp_parse	56	static
../edgefast/bluetooth/source/impl/ethermind/host/bt_pal_avrcp.c:1315:7:bt_avrcp_parse_vendor_rsp	48	static
../edgefast/bluetooth/source/impl/ethermind/host/bt_pal_avrcp.c:1467:5:bt_avrcp_send_unit_info	8	static
../edgefast/bluetooth/source/impl/ethermind/host/bt_pal_avrcp.c:1487:5:bt_avrcp_send_subunit_info	8	static
../edgefast/bluetooth/source/impl/ethermind/host/bt_pal_avrcp.c:1507:5:bt_avrcp_send_passthrough	24	static
../edgefast/bluetooth/source/impl/ethermind/host/bt_pal_avrcp.c:1570:5:bt_avrcp_send_vendor_dependent	56	static
../edgefast/bluetooth/source/impl/ethermind/host/bt_pal_avrcp.c:1802:5:bt_avrcp_get_play_status	8	static
../edgefast/bluetooth/source/impl/ethermind/host/bt_pal_avrcp.c:1822:5:bt_avrcp_register_notification	8	static
../edgefast/bluetooth/source/impl/ethermind/host/bt_pal_avrcp.c:1842:5:bt_avrcp_request_continuing_rsp	8	static
../edgefast/bluetooth/source/impl/ethermind/host/bt_pal_avrcp.c:1862:5:bt_avrcp_abort_continuing_rsp	8	static
../edgefast/bluetooth/source/impl/ethermind/host/bt_pal_avrcp.c:1882:5:bt_avrcp_set_volume	8	static
../edgefast/bluetooth/source/impl/ethermind/host/bt_pal_avrcp.c:1902:5:bt_avrcp_set_addressed_player	8	static
../edgefast/bluetooth/source/impl/ethermind/host/bt_pal_avrcp.c:1925:5:bt_avrcp_browsing_connect	8	static
../edgefast/bluetooth/source/impl/ethermind/host/bt_pal_avrcp.c:1945:5:bt_avrcp_browsing_disconnect	8	static
../edgefast/bluetooth/source/impl/ethermind/host/bt_pal_avrcp.c:1966:5:bt_avrcp_get_folder_items	56	static
../edgefast/bluetooth/source/impl/ethermind/host/bt_pal_avrcp.c:2001:5:bt_avrcp_change_path	8	static
../edgefast/bluetooth/source/impl/ethermind/host/bt_pal_avrcp.c:2021:5:bt_avrcp_set_borwsed_player	8	static
../edgefast/bluetooth/source/impl/ethermind/host/bt_pal_avrcp.c:2041:5:bt_avrcp_get_items_attribute	56	static
../edgefast/bluetooth/source/impl/ethermind/host/bt_pal_avrcp.c:2076:5:bt_avrcp_search	8	static
../edgefast/bluetooth/source/impl/ethermind/host/bt_pal_avrcp.c:2096:5:bt_avrcp_get_total_num_of_items	8	static
../edgefast/bluetooth/source/impl/ethermind/host/bt_pal_avrcp.c:2116:31:bt_avrcp_parse_browsing_rsp_data	56	static
../edgefast/bluetooth/source/impl/ethermind/host/bt_pal_avrcp.c:2364:31:bt_avrcp_parse_browsing_cmd_data	40	static
../edgefast/bluetooth/source/impl/ethermind/host/bt_pal_avrcp.c:178:19:ethermind_avrcp_cb	64	static
../edgefast/bluetooth/source/impl/ethermind/host/bt_pal_avrcp.c:2474:5:bt_avrcp_response_browsing	88	static
../edgefast/bluetooth/source/impl/ethermind/host/bt_pal_avrcp.c:2697:5:bt_avrcp_register_cover_art_cb	4	static
../edgefast/bluetooth/source/impl/ethermind/host/bt_pal_avrcp.c:2926:5:bt_avrcp_cover_art_start_initiator	8	static
../edgefast/bluetooth/source/impl/ethermind/host/bt_pal_avrcp.c:2937:5:bt_avrcp_cover_art_stop_initiator	16	static
../edgefast/bluetooth/source/impl/ethermind/host/bt_pal_avrcp.c:2950:5:bt_avrcp_cover_art_start_responder	8	static
../edgefast/bluetooth/source/impl/ethermind/host/bt_pal_avrcp.c:2961:5:bt_avrcp_cover_art_stop_responder	16	static
../edgefast/bluetooth/source/impl/ethermind/host/bt_pal_avrcp.c:2974:5:bt_avrcp_cover_art_connect	24	static
../edgefast/bluetooth/source/impl/ethermind/host/bt_pal_avrcp.c:2993:5:bt_avrcp_cover_art_disconnect	16	static
../edgefast/bluetooth/source/impl/ethermind/host/bt_pal_avrcp.c:3004:5:bt_avrcp_get_image_property	40	static
../edgefast/bluetooth/source/impl/ethermind/host/bt_pal_avrcp.c:3025:5:bt_avrcp_get_image	48	static
../edgefast/bluetooth/source/impl/ethermind/host/bt_pal_avrcp.c:3050:5:bt_avrcp_get_linked_thumbnail	40	static
../edgefast/bluetooth/source/impl/ethermind/host/bt_pal_avrcp.c:3071:5:bt_avrcp_abort	16	static
../edgefast/bluetooth/source/impl/ethermind/host/bt_pal_avrcp.c:3085:5:bt_avrcp_send_request	40	static
../edgefast/bluetooth/source/impl/ethermind/host/bt_pal_avrcp.c:3143:5:bt_avrcp_response_cover_art	64	static
