../edgefast/bluetooth/source/impl/ethermind/host/bt_pal_l2cap_br.c:1766:13:l2cap_br_connected	0	static
../edgefast/bluetooth/source/impl/ethermind/host/bt_pal_l2cap_br.c:2106:12:l2cap_br_recv	0	static
../edgefast/bluetooth/source/impl/ethermind/host/bt_pal_l2cap_br.c:192:6:l2cap_br_chan_destroy	0	static
../edgefast/bluetooth/source/impl/ethermind/host/bt_pal_l2cap_br.c:1261:13:l2cap_get_conn_by_addr	8	static
../edgefast/bluetooth/source/impl/ethermind/host/bt_pal_l2cap_br.c:1771:13:l2cap_br_disconnected	0	static
../edgefast/bluetooth/source/impl/ethermind/host/bt_pal_l2cap_br.c:1403:12:reg_l2cap_disconnect_cfm	40	static
../edgefast/bluetooth/source/impl/ethermind/host/bt_pal_l2cap_br.c:2376:12:l2cap_br_accept	8	static
../edgefast/bluetooth/source/impl/ethermind/host/bt_pal_l2cap_br.c:1283:19:reg_l2cap_connect_ind	64	static
../edgefast/bluetooth/source/impl/ethermind/host/bt_pal_l2cap_br.c:1384:12:reg_l2cap_disconnect_ind	40	static
../edgefast/bluetooth/source/impl/ethermind/host/bt_pal_l2cap_br.c:1271:13:l2cap_get_conn_by_lcid	16	static
../edgefast/bluetooth/source/impl/ethermind/host/bt_pal_l2cap_br.c:1422:12:reg_l2cap_data_read	56	static
../edgefast/bluetooth/source/impl/ethermind/host/bt_pal_l2cap_br.c:1366:12:reg_l2cap_config_cfm	32	static
../edgefast/bluetooth/source/impl/ethermind/host/bt_pal_l2cap_br.c:1350:12:reg_l2cap_config_ind	48	static
../edgefast/bluetooth/source/impl/ethermind/host/bt_pal_l2cap_br.c:2420:12:ethermind_l2cap_getinfo_cnf	24	static
../edgefast/bluetooth/source/impl/ethermind/host/bt_pal_l2cap_br.c:1316:12:reg_l2cap_connect_cfm	64	static
../edgefast/bluetooth/source/impl/ethermind/host/bt_pal_l2cap_br.c:114:23:bt_l2cap_br_lookup_tx_cid	16	static
../edgefast/bluetooth/source/impl/ethermind/host/bt_pal_l2cap_br.c:128:23:bt_l2cap_br_lookup_rx_cid	16	static
../edgefast/bluetooth/source/impl/ethermind/host/bt_pal_l2cap_br.c:547:5:l2cap_br_ecred_init	24	static
../edgefast/bluetooth/source/impl/ethermind/host/bt_pal_l2cap_br.c:615:6:bt_l2cap_br_connected	32	static
../edgefast/bluetooth/source/impl/ethermind/host/bt_pal_l2cap_br.c:672:15:l2cap_br_server_security_level_max	16	static
../edgefast/bluetooth/source/impl/ethermind/host/bt_pal_l2cap_br.c:1490:5:bt_l2cap_br_server_register	80	static
../edgefast/bluetooth/source/impl/ethermind/host/bt_pal_l2cap_br.c:1786:5:bt_l2cap_br_chan_disconnect	16	static
../edgefast/bluetooth/source/impl/ethermind/host/bt_pal_l2cap_br.c:1852:5:bt_l2cap_br_chan_connect	48	static
../edgefast/bluetooth/source/impl/ethermind/host/bt_pal_l2cap_br.c:2041:5:bt_l2cap_br_chan_send_cb	0	static
../edgefast/bluetooth/source/impl/ethermind/host/bt_pal_l2cap_br.c:2053:5:bt_l2cap_br_chan_send	24	static
../edgefast/bluetooth/source/impl/ethermind/host/bt_pal_l2cap_br.c:2231:6:l2cap_br_encrypt_change	48	static
../edgefast/bluetooth/source/impl/ethermind/host/bt_pal_l2cap_br.c:2261:6:bt_l2cap_br_recv	24	static
../edgefast/bluetooth/source/impl/ethermind/host/bt_pal_l2cap_br.c:2315:5:bt_l2cap_br_chan_recv_complete	8	static
../edgefast/bluetooth/source/impl/ethermind/host/bt_pal_l2cap_br.c:2358:23:ethermind_find_br_sig_chan	0	static
../edgefast/bluetooth/source/impl/ethermind/host/bt_pal_l2cap_br.c:2405:9:bt_l2cap_br_get_remote_fixed_chan	8	static
../edgefast/bluetooth/source/impl/ethermind/host/bt_pal_l2cap_br.c:2476:6:bt_l2cap_register_ethermind_cb	16	static
../edgefast/bluetooth/source/impl/ethermind/host/bt_pal_l2cap_br.c:2487:6:bt_l2cap_br_init	24	static
../edgefast/bluetooth/source/impl/ethermind/host/bt_pal_l2cap_br.c:2522:17:l2cap_br_data_pull	0	static
