../edgefast/bluetooth/source/impl/ethermind/host/bt_pal_a2dp.c:380:13:a2dp_get_conn	8	static
../edgefast/bluetooth/source/impl/ethermind/host/bt_pal_a2dp.c:1082:12:a2dp_handle_avdtp_discover_rsp	32	static
../edgefast/bluetooth/source/impl/ethermind/host/bt_pal_a2dp.c:720:13:a2dp_retry_work_timeout	24	static
../edgefast/bluetooth/source/impl/ethermind/host/bt_pal_a2dp.c:746:13:a2dp_callback_auto_configure.part.0	40	static
../edgefast/bluetooth/source/impl/ethermind/host/bt_pal_a2dp.c:1601:19:ethermind_a2dp_avdtp_notify_cb	136	static
../edgefast/bluetooth/source/impl/ethermind/host/bt_pal_a2dp.c:1963:19:ethermind_a2dp_notify_cb	72	static
../edgefast/bluetooth/source/impl/ethermind/host/bt_pal_a2dp.c:1395:13:a2dp_process_task	72	static
../edgefast/bluetooth/source/impl/ethermind/host/bt_pal_a2dp.c:2573:5:bt_a2dp_init	16	static
../edgefast/bluetooth/source/impl/ethermind/host/bt_pal_a2dp.c:2623:5:bt_a2dp_register_endpoint	40	static
../edgefast/bluetooth/source/impl/ethermind/host/bt_pal_a2dp.c:2767:5:bt_a2dp_register_connect_callback	0	static
../edgefast/bluetooth/source/impl/ethermind/host/bt_pal_a2dp.c:2773:17:bt_a2dp_connect	56	static
../edgefast/bluetooth/source/impl/ethermind/host/bt_pal_a2dp.c:2833:5:bt_a2dp_disconnect	16	static
../edgefast/bluetooth/source/impl/ethermind/host/bt_pal_a2dp.c:2876:5:bt_a2dp_configure	24	static
../edgefast/bluetooth/source/impl/ethermind/host/bt_pal_a2dp.c:2909:5:bt_a2dp_start	24	static
../edgefast/bluetooth/source/impl/ethermind/host/bt_pal_a2dp.c:2952:5:bt_a2dp_stop	8	static
../edgefast/bluetooth/source/impl/ethermind/host/bt_pal_a2dp.c:3151:5:bt_a2dp_snk_media_sync	0	static
../edgefast/bluetooth/source/impl/ethermind/host/bt_pal_a2dp.c:3194:5:bt_a2dp_deconfigure	8	static
../edgefast/bluetooth/source/impl/ethermind/host/bt_pal_a2dp.c:3221:5:bt_a2dp_discover_peer_endpoints	16	static
../edgefast/bluetooth/source/impl/ethermind/host/bt_pal_a2dp.c:3248:5:bt_a2dp_configure_endpoint	32	static
../edgefast/bluetooth/source/impl/ethermind/host/bt_pal_a2dp.c:3377:5:bt_a2dp_reconfigure	24	static
