../edgefast/bluetooth/source/impl/ethermind/host/bt_pal_sdp.c:2224:12:sdp_get_param_item	0	static
../edgefast/bluetooth/source/impl/ethermind/host/bt_pal_sdp.c:2130:12:sdp_get_uuid_data	40	static
../edgefast/bluetooth/source/impl/ethermind/host/bt_pal_sdp.c:1997:12:bt_sdp_get_attr	24	static
../edgefast/bluetooth/source/impl/ethermind/host/bt_pal_sdp.c:1614:13:sdp_client_disconnected.constprop	40	static
../edgefast/bluetooth/source/impl/ethermind/host/bt_pal_sdp.c:1226:12:sdp_client_ssa_search	80	static
../edgefast/bluetooth/source/impl/ethermind/host/bt_pal_sdp.c:1305:13:sdp_client_params_iterator	24	static
../edgefast/bluetooth/source/impl/ethermind/host/bt_pal_sdp.c:1676:13:bt_sdp_recv_handler	64	static
../edgefast/bluetooth/source/impl/ethermind/host/bt_pal_sdp.c:114:1:ethermind_sdp_callback0	32	static
../edgefast/bluetooth/source/impl/ethermind/host/bt_pal_sdp.c:631:6:bt_sdp_init	0	static
../edgefast/bluetooth/source/impl/ethermind/host/bt_pal_sdp.c:660:5:bt_sdp_register_service	552	static
../edgefast/bluetooth/source/impl/ethermind/host/bt_pal_sdp.c:1744:5:bt_sdp_discover	24	static
../edgefast/bluetooth/source/impl/ethermind/host/bt_pal_sdp.c:2277:5:bt_sdp_get_proto_param	48	static
../edgefast/bluetooth/source/impl/ethermind/host/bt_pal_sdp.c:2306:5:bt_sdp_get_addl_proto_param	48	static
../edgefast/bluetooth/source/impl/ethermind/host/bt_pal_sdp.c:2335:5:bt_sdp_get_profile_version	48	static
../edgefast/bluetooth/source/impl/ethermind/host/bt_pal_sdp.c:2358:5:bt_sdp_get_features	24	static
../edgefast/bluetooth/source/impl/ethermind/host/bt_pal_sdp.c:2396:5:bt_sdp_get_goep_l2cap_psm	24	static
../edgefast/bluetooth/source/impl/ethermind/host/bt_pal_sdp.c:2434:5:bt_sdp_get_supported_repositories	24	static
../edgefast/bluetooth/source/impl/ethermind/host/bt_pal_sdp.c:2472:5:bt_sdp_get_pbap_map_ctn_features	24	static
../edgefast/bluetooth/source/impl/ethermind/host/bt_pal_sdp.c:2510:5:bt_sdp_get_instance_id	24	static
../edgefast/bluetooth/source/impl/ethermind/host/bt_pal_sdp.c:2548:5:bt_sdp_get_supported_msg_type	24	static
../edgefast/bluetooth/source/impl/ethermind/host/bt_pal_sdp.c:2586:5:bt_sdp_get_service_name	40	static
