../edgefast/bluetooth/source/impl/ethermind/host/bt_pal_spp.c:739:13:spp_received	0	static
../edgefast/bluetooth/source/impl/ethermind/host/bt_pal_spp.c:750:13:spp_sent	0	static
../edgefast/bluetooth/source/impl/ethermind/host/bt_pal_spp.c:533:13:spp_sdp_cb	64	static
../edgefast/bluetooth/source/impl/ethermind/host/bt_pal_spp.c:761:13:spp_connected	16	static
../edgefast/bluetooth/source/impl/ethermind/host/bt_pal_spp.c:806:13:spp_disconnected	8	static
../edgefast/bluetooth/source/impl/ethermind/host/bt_pal_spp.c:233:13:spp_rfcomm_control_callback	40	static
../edgefast/bluetooth/source/impl/ethermind/host/bt_pal_spp.c:1129:16:initialize_spp_control_entity	32	static
../edgefast/bluetooth/source/impl/ethermind/host/bt_pal_spp.c:453:13:spp_initialize.part.0	16	static
../edgefast/bluetooth/source/impl/ethermind/host/bt_pal_spp.c:714:12:spp_server_accepted	24	static
../edgefast/bluetooth/source/impl/ethermind/host/bt_pal_spp.c:823:5:bt_spp_discover	8	static
../edgefast/bluetooth/source/impl/ethermind/host/bt_pal_spp.c:858:5:bt_spp_server_register	24	static
../edgefast/bluetooth/source/impl/ethermind/host/bt_pal_spp.c:934:5:bt_spp_client_connect	56	static
../edgefast/bluetooth/source/impl/ethermind/host/bt_pal_spp.c:1010:5:bt_spp_data_send	40	static
../edgefast/bluetooth/source/impl/ethermind/host/bt_pal_spp.c:1046:5:bt_spp_disconnect	8	static
../edgefast/bluetooth/source/impl/ethermind/host/bt_pal_spp.c:1080:5:bt_spp_get_channel	0	static
../edgefast/bluetooth/source/impl/ethermind/host/bt_pal_spp.c:1096:5:bt_spp_get_role	0	static
../edgefast/bluetooth/source/impl/ethermind/host/bt_pal_spp.c:1112:5:bt_spp_get_conn	0	static
../edgefast/bluetooth/source/impl/ethermind/host/bt_pal_spp.c:1170:5:bt_spp_request_port_setting	64	static
../edgefast/bluetooth/source/impl/ethermind/host/bt_pal_spp.c:1220:5:bt_spp_negotiate_port_setting	64	static
../edgefast/bluetooth/source/impl/ethermind/host/bt_pal_spp.c:1273:5:bt_spp_send_pn	64	static
../edgefast/bluetooth/source/impl/ethermind/host/bt_pal_spp.c:1327:5:bt_spp_get_local_pn	64	static
../edgefast/bluetooth/source/impl/ethermind/host/bt_pal_spp.c:1383:5:bt_spp_send_rls	32	static
../edgefast/bluetooth/source/impl/ethermind/host/bt_pal_spp.c:1453:5:bt_spp_send_msc	32	static
