../edgefast/bluetooth/source/impl/ethermind/host/bt_pal_conn.c:142:6:frag_destroy	8	static
../edgefast/bluetooth/source/impl/ethermind/host/bt_pal_conn.c:956:13:acl_get_and_clear_cb	0	static
../edgefast/bluetooth/source/impl/ethermind/host/bt_pal_conn.c:782:13:acl_has_data	8	static
../edgefast/bluetooth/source/impl/ethermind/host/bt_pal_conn.c:1800:13:notify_connected	24	static
../edgefast/bluetooth/source/impl/ethermind/host/bt_pal_conn.c:1674:13:tx_complete_work	24	static
../edgefast/bluetooth/source/impl/ethermind/host/bt_pal_conn.c:1987:12:send_conn_le_param_update	24	static
../edgefast/bluetooth/source/impl/ethermind/host/bt_pal_conn.c:3500:24:conn_le_create_helper	24	static
../edgefast/bluetooth/source/impl/ethermind/host/bt_pal_conn.c:137:17:get_frag_md	8	static
../edgefast/bluetooth/source/impl/ethermind/host/bt_pal_conn.c:207:15:bt_conn_get_pkts	0	static
../edgefast/bluetooth/source/impl/ethermind/host/bt_pal_conn.c:320:17:bt_conn_new	16	static
../edgefast/bluetooth/source/impl/ethermind/host/bt_pal_conn.c:351:6:bt_conn_reset_rx_state	8	static
../edgefast/bluetooth/source/impl/ethermind/host/bt_pal_conn.c:472:6:bt_conn_recv	40	static
../edgefast/bluetooth/source/impl/ethermind/host/bt_pal_conn.c:830:6:bt_conn_data_ready	16	static
../edgefast/bluetooth/source/impl/ethermind/host/bt_pal_conn.c:884:17:get_conn_ready	24	static
../edgefast/bluetooth/source/impl/ethermind/host/bt_pal_conn.c:1499:17:bt_conn_ref	16	static
../edgefast/bluetooth/source/impl/ethermind/host/bt_pal_conn.c:1523:6:bt_conn_unref	32	static
../edgefast/bluetooth/source/impl/ethermind/host/bt_pal_conn.c:1129:17:conn_lookup_handle	24	static
../edgefast/bluetooth/source/impl/ethermind/host/bt_pal_conn.c:1158:6:bt_conn_set_state	48	static
../edgefast/bluetooth/source/impl/ethermind/host/bt_pal_conn.c:775:6:bt_conn_cleanup_all	8	static
../edgefast/bluetooth/source/impl/ethermind/host/bt_pal_conn.c:1445:6:bt_conn_foreach	24	static
../edgefast/bluetooth/source/impl/ethermind/host/bt_pal_conn.c:2072:13:deferred_work	32	static
../edgefast/bluetooth/source/impl/ethermind/host/bt_pal_conn.c:1409:17:bt_conn_lookup_handle	16	static
../edgefast/bluetooth/source/impl/ethermind/host/bt_pal_conn.c:3468:12:conn_le_create_common_checks	16	static
../edgefast/bluetooth/source/impl/ethermind/host/bt_pal_conn.c:1572:9:bt_conn_index	0	static
../edgefast/bluetooth/source/impl/ethermind/host/bt_pal_conn.c:1612:17:bt_conn_create_pdu_timeout	16	static
../edgefast/bluetooth/source/impl/ethermind/host/bt_pal_conn.c:1719:6:bt_conn_connected	8	static
../edgefast/bluetooth/source/impl/ethermind/host/bt_pal_conn.c:1871:6:notify_le_param_updated	24	static
../edgefast/bluetooth/source/impl/ethermind/host/bt_pal_conn.c:1941:6:le_param_req	32	static
../edgefast/bluetooth/source/impl/ethermind/host/bt_pal_conn.c:2231:6:bt_sco_cleanup	8	static
../edgefast/bluetooth/source/impl/ethermind/host/bt_pal_conn.c:2242:17:bt_conn_create_br	32	static
../edgefast/bluetooth/source/impl/ethermind/host/bt_pal_conn.c:2293:17:bt_conn_lookup_addr_sco	16	static
../edgefast/bluetooth/source/impl/ethermind/host/bt_pal_conn.c:2320:17:bt_conn_lookup_addr_br	16	static
../edgefast/bluetooth/source/impl/ethermind/host/bt_pal_conn.c:2347:17:bt_conn_add_sco	16	static
../edgefast/bluetooth/source/impl/ethermind/host/bt_pal_conn.c:2383:17:bt_conn_add_br	16	static
../edgefast/bluetooth/source/impl/ethermind/host/bt_pal_conn.c:2432:6:bt_conn_ltk_present	8	static
../edgefast/bluetooth/source/impl/ethermind/host/bt_pal_conn.c:2451:6:bt_conn_identity_resolved	32	static
../edgefast/bluetooth/source/impl/ethermind/host/bt_pal_conn.c:2477:5:bt_conn_le_start_encryption	32	static
../edgefast/bluetooth/source/impl/ethermind/host/bt_pal_conn.c:2516:9:bt_conn_enc_key_size	0	static
../edgefast/bluetooth/source/impl/ethermind/host/bt_pal_conn.c:2584:6:bt_conn_security_changed	24	static
../edgefast/bluetooth/source/impl/ethermind/host/bt_pal_conn.c:2645:5:bt_conn_set_security	16	static
../edgefast/bluetooth/source/impl/ethermind/host/bt_pal_conn.c:2683:15:bt_conn_get_security	0	static
../edgefast/bluetooth/source/impl/ethermind/host/bt_pal_conn.c:2694:5:bt_conn_cb_register	16	static
../edgefast/bluetooth/source/impl/ethermind/host/bt_pal_conn.c:2705:5:bt_conn_cb_unregister	8	static
../edgefast/bluetooth/source/impl/ethermind/host/bt_pal_conn.c:2718:6:bt_conn_exists_le	16	static
../edgefast/bluetooth/source/impl/ethermind/host/bt_pal_conn.c:2739:17:bt_conn_add_le	16	static
../edgefast/bluetooth/source/impl/ethermind/host/bt_pal_conn.c:2792:17:bt_conn_lookup_device_id	8	static
../edgefast/bluetooth/source/impl/ethermind/host/bt_pal_conn.c:2818:6:bt_conn_is_peer_addr_le	16	static
../edgefast/bluetooth/source/impl/ethermind/host/bt_pal_conn.c:2838:17:bt_conn_lookup_addr_le	16	static
../edgefast/bluetooth/source/impl/ethermind/host/bt_pal_conn.c:2865:17:bt_conn_lookup_state_le	24	static
../edgefast/bluetooth/source/impl/ethermind/host/bt_pal_conn.c:2898:21:bt_conn_get_dst	0	static
../edgefast/bluetooth/source/impl/ethermind/host/bt_pal_conn.c:2912:18:bt_conn_get_dst_br	0	static
../edgefast/bluetooth/source/impl/ethermind/host/bt_pal_conn.c:2950:5:bt_conn_get_info	8	static
../edgefast/bluetooth/source/impl/ethermind/host/bt_pal_conn.c:3016:5:bt_conn_get_remote_info	16	static
../edgefast/bluetooth/source/impl/ethermind/host/bt_pal_conn.c:3184:5:bt_conn_le_get_tx_power_level	32	static
../edgefast/bluetooth/source/impl/ethermind/host/bt_pal_conn.c:3269:5:bt_conn_le_param_update	24	static
../edgefast/bluetooth/source/impl/ethermind/host/bt_pal_conn.c:3523:5:bt_conn_le_create	24	static
../edgefast/bluetooth/source/impl/ethermind/host/bt_pal_conn.c:3575:5:bt_conn_le_create_synced	32	static
../edgefast/bluetooth/source/impl/ethermind/host/bt_pal_conn.c:3626:5:bt_le_set_auto_conn	16	static
../edgefast/bluetooth/source/impl/ethermind/host/bt_pal_conn.c:1741:5:bt_conn_disconnect	24	static
../edgefast/bluetooth/source/impl/ethermind/host/bt_pal_conn.c:1004:6:bt_conn_tx_processor	72	static
../edgefast/bluetooth/source/impl/ethermind/host/bt_pal_conn.c:3684:5:bt_conn_le_conn_update	24	static
../edgefast/bluetooth/source/impl/ethermind/host/bt_pal_conn.c:3708:5:bt_conn_auth_cb_register	8	static
../edgefast/bluetooth/source/impl/ethermind/host/bt_pal_conn.c:3739:5:bt_conn_auth_cb_overlay	0	static
../edgefast/bluetooth/source/impl/ethermind/host/bt_pal_conn.c:3762:5:bt_conn_auth_info_cb_register	16	static
../edgefast/bluetooth/source/impl/ethermind/host/bt_pal_conn.c:3777:5:bt_conn_auth_info_cb_unregister	8	static
../edgefast/bluetooth/source/impl/ethermind/host/bt_pal_conn.c:3790:5:bt_conn_auth_passkey_entry	0	static
../edgefast/bluetooth/source/impl/ethermind/host/bt_pal_conn.c:3822:5:bt_conn_auth_passkey_confirm	0	static
../edgefast/bluetooth/source/impl/ethermind/host/bt_pal_conn.c:3840:5:bt_conn_auth_cancel	0	static
../edgefast/bluetooth/source/impl/ethermind/host/bt_pal_conn.c:3859:5:bt_conn_auth_pairing_confirm	0	static
../edgefast/bluetooth/source/impl/ethermind/host/bt_pal_conn.c:3879:17:bt_conn_lookup_index	8	static
../edgefast/bluetooth/source/impl/ethermind/host/bt_pal_conn.c:3888:5:bt_conn_init	8	static
../edgefast/bluetooth/source/impl/ethermind/host/bt_pal_conn.c:4024:5:bt_conn_scan	16	static
