../edgefast/bluetooth/source/impl/ethermind/host/bt_pal_id.c:101:13:adv_pause_enabled	16	static
../edgefast/bluetooth/source/impl/ethermind/host/bt_pal_id.c:951:6:find_rl_conflict	48	static
../edgefast/bluetooth/source/impl/ethermind/host/bt_pal_id.c:59:13:adv_id_check_func	8	static
../edgefast/bluetooth/source/impl/ethermind/host/bt_pal_id.c:109:13:adv_unpause_enabled	8	static
../edgefast/bluetooth/source/impl/ethermind/host/bt_pal_id.c:1284:12:id_create.constprop	32	static
../edgefast/bluetooth/source/impl/ethermind/host/bt_pal_id.c:1130:13:keys_add_id	24	static
../edgefast/bluetooth/source/impl/ethermind/host/bt_pal_id.c:38:21:bt_lookup_id_addr	8	static
../edgefast/bluetooth/source/impl/ethermind/host/bt_pal_id.c:155:5:bt_id_set_adv_random_addr	16	static
../edgefast/bluetooth/source/impl/ethermind/host/bt_pal_id.c:480:5:bt_id_set_private_addr	24	static
../edgefast/bluetooth/source/impl/ethermind/host/bt_pal_id.c:508:5:bt_id_set_adv_private_addr	16	static
../edgefast/bluetooth/source/impl/ethermind/host/bt_pal_id.c:706:6:bt_id_scan_random_addr_check	8	static
../edgefast/bluetooth/source/impl/ethermind/host/bt_pal_id.c:755:6:bt_id_adv_random_addr_check	8	static
../edgefast/bluetooth/source/impl/ethermind/host/bt_pal_id.c:823:6:bt_id_adv_limited_stopped	0	static
../edgefast/bluetooth/source/impl/ethermind/host/bt_pal_id.c:928:6:bt_id_pending_keys_update	8	static
../edgefast/bluetooth/source/impl/ethermind/host/bt_pal_id.c:983:17:bt_id_find_conflict	16	static
../edgefast/bluetooth/source/impl/ethermind/host/bt_pal_id.c:994:6:bt_id_add	48	static
../edgefast/bluetooth/source/impl/ethermind/host/bt_pal_id.c:1155:6:bt_id_del	32	static
../edgefast/bluetooth/source/impl/ethermind/host/bt_pal_id.c:907:13:pending_id_update	0	static
../edgefast/bluetooth/source/impl/ethermind/host/bt_pal_id.c:1259:6:bt_id_get	16	static
../edgefast/bluetooth/source/impl/ethermind/host/bt_pal_id.c:1345:5:bt_id_create	24	static
../edgefast/bluetooth/source/impl/ethermind/host/bt_pal_id.c:1400:5:bt_id_reset	40	static
../edgefast/bluetooth/source/impl/ethermind/host/bt_pal_id.c:1452:5:bt_id_delete	32	static
../edgefast/bluetooth/source/impl/ethermind/host/bt_pal_id.c:1538:9:bt_id_read_public_addr	24	static
../edgefast/bluetooth/source/impl/ethermind/host/bt_pal_id.c:1572:5:bt_setup_public_id_addr	32	static
../edgefast/bluetooth/source/impl/ethermind/host/bt_pal_id.c:1662:5:bt_setup_random_id_addr	32	static
../edgefast/bluetooth/source/impl/ethermind/host/bt_pal_id.c:1736:5:bt_id_set_create_conn_own_addr	24	static
../edgefast/bluetooth/source/impl/ethermind/host/bt_pal_id.c:1805:5:bt_id_set_scan_own_addr	32	static
../edgefast/bluetooth/source/impl/ethermind/host/bt_pal_id.c:1864:5:bt_id_set_adv_own_addr	56	static
../edgefast/bluetooth/source/impl/ethermind/host/bt_pal_id.c:1978:5:bt_br_oob_get_local	8	static
../edgefast/bluetooth/source/impl/ethermind/host/bt_pal_id.c:1990:5:bt_le_oob_get_local	16	static
../edgefast/bluetooth/source/impl/ethermind/host/bt_pal_id.c:2131:5:bt_le_oob_set_legacy_tk	0	static
../edgefast/bluetooth/source/impl/ethermind/host/bt_pal_id.c:2142:5:bt_le_oob_set_sc_data	16	static
../edgefast/bluetooth/source/impl/ethermind/host/bt_pal_id.c:2157:5:bt_le_oob_get_sc_data	16	static
../edgefast/bluetooth/source/impl/ethermind/host/bt_pal_id.c:2174:5:bt_id_init	0	static
