../edgefast/bluetooth/source/impl/ethermind/host/bt_pal_br.c:387:13:check_request_name	48	static
../edgefast/bluetooth/source/impl/ethermind/host/bt_pal_br.c:461:39:get_result_slot	32	static
../edgefast/bluetooth/source/impl/ethermind/host/bt_pal_br.c:92:6:bt_hci_conn_req	24	static
../edgefast/bluetooth/source/impl/ethermind/host/bt_pal_br.c:166:6:bt_br_update_sec_level	24	static
../edgefast/bluetooth/source/impl/ethermind/host/bt_pal_br.c:237:6:bt_hci_synchronous_conn_complete	16	static
../edgefast/bluetooth/source/impl/ethermind/host/bt_pal_br.c:264:6:bt_hci_conn_complete	24	static
../edgefast/bluetooth/source/impl/ethermind/host/bt_pal_br.c:379:6:bt_br_discovery_reset	4	static
../edgefast/bluetooth/source/impl/ethermind/host/bt_pal_br.c:450:6:bt_hci_inquiry_complete	24	static
../edgefast/bluetooth/source/impl/ethermind/host/bt_pal_br.c:508:6:bt_hci_inquiry_result_with_rssi	32	static
../edgefast/bluetooth/source/impl/ethermind/host/bt_pal_br.c:555:6:bt_hci_extended_inquiry_result	16	static
../edgefast/bluetooth/source/impl/ethermind/host/bt_pal_br.c:588:6:bt_hci_remote_name_request_complete	32	static
../edgefast/bluetooth/source/impl/ethermind/host/bt_pal_br.c:675:6:bt_hci_read_remote_features_complete	24	static
../edgefast/bluetooth/source/impl/ethermind/host/bt_pal_br.c:716:6:bt_hci_read_remote_ext_features_complete	16	static
../edgefast/bluetooth/source/impl/ethermind/host/bt_pal_br.c:737:6:bt_hci_role_change	8	static
../edgefast/bluetooth/source/impl/ethermind/host/bt_pal_br.c:802:6:device_supported_pkt_type	0	static
../edgefast/bluetooth/source/impl/ethermind/host/bt_pal_br.c:857:5:bt_br_init	288	static
../edgefast/bluetooth/source/impl/ethermind/host/bt_pal_br.c:1022:5:bt_br_discovery_start	40	static
../edgefast/bluetooth/source/impl/ethermind/host/bt_pal_br.c:1055:5:bt_br_discovery_stop	32	static
../edgefast/bluetooth/source/impl/ethermind/host/bt_pal_br.c:1103:6:bt_br_discovery_cb_register	0	static
../edgefast/bluetooth/source/impl/ethermind/host/bt_pal_br.c:1108:6:bt_br_discovery_cb_unregister	0	static
../edgefast/bluetooth/source/impl/ethermind/host/bt_pal_br.c:1137:5:bt_br_set_connectable	16	static
../edgefast/bluetooth/source/impl/ethermind/host/bt_pal_br.c:1154:5:bt_br_set_discoverable	16	static
