../component/i2c/fsl_adapter_i3c.c:59:25:HAL_I2cGetStatus	24	static
../component/i2c/fsl_adapter_i3c.c:133:18:HAL_I2cMasterInit	48	static
../component/i2c/fsl_adapter_i3c.c:154:18:HAL_I2cSlaveInit	16	static
../component/i2c/fsl_adapter_i3c.c:183:18:HAL_I2cMasterDeinit	24	static
../component/i2c/fsl_adapter_i3c.c:196:18:HAL_I2cSlaveDeinit	16	static
../component/i2c/fsl_adapter_i3c.c:213:18:HAL_I2cMasterWriteBlocking	24	static
../component/i2c/fsl_adapter_i3c.c:221:18:HAL_I2cMasterReadBlocking	24	static
../component/i2c/fsl_adapter_i3c.c:229:18:HAL_I2cSlaveWriteBlocking	24	static
../component/i2c/fsl_adapter_i3c.c:234:18:HAL_I2cSlaveReadBlocking	24	static
../component/i2c/fsl_adapter_i3c.c:239:18:HAL_I2cMasterTransferBlocking	48	static
../component/i2c/fsl_adapter_i3c.c:261:18:HAL_I2cMasterTransferInstallCallback	24	static
../component/i2c/fsl_adapter_i3c.c:283:18:HAL_I2cMasterTransferNonBlocking	16	static
../component/i2c/fsl_adapter_i3c.c:308:18:HAL_I2cMasterTransferGetCount	16	static
../component/i2c/fsl_adapter_i3c.c:324:18:HAL_I2cMasterTransferAbort	16	static
../component/i2c/fsl_adapter_i3c.c:340:18:HAL_I2cSlaveTransferInstallCallback	24	static
../component/i2c/fsl_adapter_i3c.c:362:18:HAL_I2cSlaveTransferNonBlocking	16	static
../component/i2c/fsl_adapter_i3c.c:378:18:HAL_I2cSlaveTransferAbort	16	static
../component/i2c/fsl_adapter_i3c.c:395:18:HAL_I2cSlaveTransferGetCount	16	static
