../mbedtls/library/asn1parse.c:334:12:asn1_get_sequence_of_cb	32	static
../mbedtls/library/asn1parse.c:27:5:mbedtls_asn1_get_len	8	static
../mbedtls/library/asn1parse.c:89:5:mbedtls_asn1_get_tag	8	static
../mbedtls/library/asn1parse.c:106:5:mbedtls_asn1_get_bool	8	static
../mbedtls/library/asn1parse.c:174:5:mbedtls_asn1_get_int	32	static
../mbedtls/library/asn1parse.c:181:5:mbedtls_asn1_get_enum	32	static
../mbedtls/library/asn1parse.c:189:5:mbedtls_asn1_get_mpi	16	static
../mbedtls/library/asn1parse.c:208:5:mbedtls_asn1_get_bitstring	8	static
../mbedtls/library/asn1parse.c:246:5:mbedtls_asn1_traverse_sequence_of	56	static
../mbedtls/library/asn1parse.c:297:5:mbedtls_asn1_get_bitstring_null	8	static
../mbedtls/library/asn1parse.c:319:6:mbedtls_asn1_sequence_free	16	static
../mbedtls/library/asn1parse.c:366:5:mbedtls_asn1_get_sequence_of	56	static
../mbedtls/library/asn1parse.c:378:5:mbedtls_asn1_get_alg	24	static
../mbedtls/library/asn1parse.c:426:5:mbedtls_asn1_get_alg_null	40	static
../mbedtls/library/asn1parse.c:446:6:mbedtls_asn1_free_named_data	8	static
../mbedtls/library/asn1parse.c:458:6:mbedtls_asn1_free_named_data_list	16	static
../mbedtls/library/asn1parse.c:469:26:mbedtls_asn1_find_named_data	16	static
