../mbedtls/library/asn1write.c:19:5:mbedtls_asn1_write_len	4	static
../mbedtls/library/asn1write.c:83:5:mbedtls_asn1_write_tag	0	static
../mbedtls/library/asn1write.c:94:5:mbedtls_asn1_write_raw_buffer	8	static
../mbedtls/library/asn1write.c:111:5:mbedtls_asn1_write_mpi	24	static
../mbedtls/library/asn1write.c:155:5:mbedtls_asn1_write_null	4	static
../mbedtls/library/asn1write.c:168:5:mbedtls_asn1_write_oid	16	static
../mbedtls/library/asn1write.c:182:5:mbedtls_asn1_write_algorithm_identifier	24	static
../mbedtls/library/asn1write.c:189:5:mbedtls_asn1_write_algorithm_identifier_ext	24	static
../mbedtls/library/asn1write.c:214:5:mbedtls_asn1_write_bool	4	static
../mbedtls/library/asn1write.c:260:5:mbedtls_asn1_write_int	24	static
../mbedtls/library/asn1write.c:265:5:mbedtls_asn1_write_enum	24	static
../mbedtls/library/asn1write.c:270:5:mbedtls_asn1_write_tagged_string	24	static
../mbedtls/library/asn1write.c:286:5:mbedtls_asn1_write_utf8_string	16	static
../mbedtls/library/asn1write.c:292:5:mbedtls_asn1_write_printable_string	16	static
../mbedtls/library/asn1write.c:299:5:mbedtls_asn1_write_ia5_string	16	static
../mbedtls/library/asn1write.c:305:5:mbedtls_asn1_write_named_bitstring	24	static
../mbedtls/library/asn1write.c:349:5:mbedtls_asn1_write_bitstring	24	static
../mbedtls/library/asn1write.c:382:5:mbedtls_asn1_write_octet_string	16	static
../mbedtls/library/asn1write.c:415:26:mbedtls_asn1_store_named_data	32	static
