../mbedtls/library/bignum.c:1424:6:mpi_mul_hlp	16	static
../mbedtls/library/bignum.c:1040:5:mbedtls_mpi_cmp_abs.constprop.isra	4	static
../mbedtls/library/bignum.c:1084:5:mbedtls_mpi_cmp_mpi.constprop.isra	8	static
../mbedtls/library/bignum.c:2478:12:mpi_fill_random_internal	32	static
../mbedtls/library/bignum.c:996:5:mbedtls_mpi_shift_r.constprop	16	static
../mbedtls/library/bignum.c:67:6:mbedtls_mpi_init	0	static
../mbedtls/library/bignum.c:80:6:mbedtls_mpi_free	8	static
../mbedtls/library/bignum.c:100:5:mbedtls_mpi_grow	16	static
../mbedtls/library/bignum.c:131:5:mbedtls_mpi_shrink	16	static
../mbedtls/library/bignum.c:199:5:mbedtls_mpi_copy	24	static
../mbedtls/library/bignum.c:243:6:mbedtls_mpi_swap	32	static
../mbedtls/library/bignum.c:269:5:mbedtls_mpi_lset	16	static
../mbedtls/library/bignum.c:288:5:mbedtls_mpi_get_bit	0	static
../mbedtls/library/bignum.c:306:5:mbedtls_mpi_set_bit	32	static
../mbedtls/library/bignum.c:336:8:mbedtls_mpi_lsb	8	static
../mbedtls/library/bignum.c:374:8:mbedtls_mpi_bitlen	0	static
../mbedtls/library/bignum.c:396:8:mbedtls_mpi_size	0	static
../mbedtls/library/bignum.c:803:5:mbedtls_mpi_read_binary_le	24	static
../mbedtls/library/bignum.c:830:5:mbedtls_mpi_read_binary	32	static
../mbedtls/library/bignum.c:865:5:mbedtls_mpi_write_binary_le	24	static
../mbedtls/library/bignum.c:901:5:mbedtls_mpi_write_binary	16	static
../mbedtls/library/bignum.c:945:5:mbedtls_mpi_shift_l	32	static
../mbedtls/library/bignum.c:996:5:mbedtls_mpi_shift_r	24	static
../mbedtls/library/bignum.c:1040:5:mbedtls_mpi_cmp_abs	12	static
../mbedtls/library/bignum.c:1084:5:mbedtls_mpi_cmp_mpi	12	static
../mbedtls/library/bignum.c:1135:5:mbedtls_mpi_cmp_int	12	static
../mbedtls/library/bignum.c:2734:12:mpi_check_small_factors	24	static
../mbedtls/library/bignum.c:1155:5:mbedtls_mpi_add_abs	24	static
../mbedtls/library/bignum.c:1257:5:mbedtls_mpi_sub_abs	32	static
../mbedtls/library/bignum.c:1315:12:add_sub_mpi	24	static
../mbedtls/library/bignum.c:1843:5:mbedtls_mpi_mod_mpi.part.0	16	static
../mbedtls/library/bignum.c:1315:12:add_sub_mpi.constprop	40	static
../mbedtls/library/bignum.c:1351:5:mbedtls_mpi_add_mpi	24	static
../mbedtls/library/bignum.c:1359:5:mbedtls_mpi_sub_mpi	24	static
../mbedtls/library/bignum.c:1367:5:mbedtls_mpi_add_int	24	static
../mbedtls/library/bignum.c:1385:5:mbedtls_mpi_sub_int	24	static
../mbedtls/library/bignum.c:1488:5:mbedtls_mpi_mul_mpi	64	static
../mbedtls/library/bignum.c:1553:5:mbedtls_mpi_mul_int	32	static
../mbedtls/library/bignum.c:428:5:mbedtls_mpi_read_string	80	static
../mbedtls/library/bignum.c:1695:5:mbedtls_mpi_div_mpi.constprop	176	static
../mbedtls/library/bignum.c:532:5:mbedtls_mpi_write_string	80	static
../mbedtls/library/bignum.c:1695:5:mbedtls_mpi_div_mpi	176	static
../mbedtls/library/bignum.c:1820:5:mbedtls_mpi_div_int	32	static
../mbedtls/library/bignum.c:1843:5:mbedtls_mpi_mod_mpi	24	static
../mbedtls/library/bignum.c:1873:5:mbedtls_mpi_mod_int	12	static
../mbedtls/library/bignum.c:1932:18:mbedtls_mpi_montmul_init	0	static
../mbedtls/library/bignum.c:1945:6:mbedtls_mpi_montmul	64	static
../mbedtls/library/bignum.c:2041:5:mbedtls_mpi_get_mont_r2_unsafe	16	static
../mbedtls/library/bignum.c:2062:5:mbedtls_mpi_exp_mod	152	static
../mbedtls/library/bignum.c:2763:12:mpi_miller_rabin	168	static
../mbedtls/library/bignum.c:2363:5:mbedtls_mpi_gcd	72	static
../mbedtls/library/bignum.c:2506:5:mbedtls_mpi_fill_random	32	static
../mbedtls/library/bignum.c:2528:5:mbedtls_mpi_random	72	static
../mbedtls/library/bignum.c:2609:5:mbedtls_mpi_inv_mod	232	static
../mbedtls/library/bignum.c:2855:5:mbedtls_mpi_is_prime_ext	40	static
../mbedtls/library/bignum.c:2898:5:mbedtls_mpi_is_prime	32	static
../mbedtls/library/bignum.c:2922:5:mbedtls_mpi_gen_prime	96	static
../mbedtls/library/bignum.c:3059:5:mbedtls_mpi_self_test	176	static
