../mbedtls/library/cipher.c:715:13:add_pkcs_padding	4	static
../mbedtls/library/cipher.c:758:13:add_one_and_zeros_padding	4	static
../mbedtls/library/cipher.c:803:13:add_zeros_and_len_padding	8	static
../mbedtls/library/cipher.c:847:13:add_zeros_padding	12	static
../mbedtls/library/cipher.c:885:12:get_no_padding	0	static
../mbedtls/library/cipher.c:815:12:get_zeros_and_len_padding	32	static
../mbedtls/library/cipher.c:726:12:get_pkcs_padding	32	static
../mbedtls/library/cipher.c:770:12:get_one_and_zeros_padding	32	static
../mbedtls/library/cipher.c:857:12:get_zeros_padding	24	static
../mbedtls/library/cipher.c:64:12:mbedtls_cipher_list	0	static
../mbedtls/library/cipher.c:85:30:mbedtls_cipher_info_from_type	0	static
../mbedtls/library/cipher.c:99:30:mbedtls_cipher_info_from_string	16	static
../mbedtls/library/cipher.c:117:30:mbedtls_cipher_info_from_values	8	static
../mbedtls/library/cipher.c:135:6:mbedtls_cipher_init	0	static
../mbedtls/library/cipher.c:141:6:mbedtls_cipher_free	8	static
../mbedtls/library/cipher.c:182:5:mbedtls_cipher_setup	16	static
../mbedtls/library/cipher.c:248:5:mbedtls_cipher_setkey	8	static
../mbedtls/library/cipher.c:347:5:mbedtls_cipher_set_iv	16	static
../mbedtls/library/cipher.c:414:5:mbedtls_cipher_reset	0	static
../mbedtls/library/cipher.c:435:5:mbedtls_cipher_update_ad	16	static
../mbedtls/library/cipher.c:485:5:mbedtls_cipher_update	64	static
../mbedtls/library/cipher.c:898:5:mbedtls_cipher_finish	32	static
../mbedtls/library/cipher.c:996:5:mbedtls_cipher_set_padding_mode	0	static
../mbedtls/library/cipher.c:1057:5:mbedtls_cipher_write_tag	0	static
../mbedtls/library/cipher.c:1101:5:mbedtls_cipher_check_tag	40	static
../mbedtls/library/cipher.c:1182:5:mbedtls_cipher_crypt	40	static
../mbedtls/library/cipher.c:1463:5:mbedtls_cipher_auth_encrypt	36	static
../mbedtls/library/cipher.c:1486:5:mbedtls_cipher_auth_decrypt	40	static
../mbedtls/library/cipher.c:1512:5:mbedtls_cipher_auth_encrypt_ext	56	static
../mbedtls/library/cipher.c:1569:5:mbedtls_cipher_auth_decrypt_ext	48	static
