../mbedtls/library/ecdh.c:48:5:mbedtls_ecdh_can_do	0	static
../mbedtls/library/ecdh.c:91:5:mbedtls_ecdh_gen_public	40	static
../mbedtls/library/ecdh.c:138:5:mbedtls_ecdh_compute_shared	80	static
../mbedtls/library/ecdh.c:168:6:mbedtls_ecdh_init	8	static
../mbedtls/library/ecdh.c:204:5:mbedtls_ecdh_setup	16	static
../mbedtls/library/ecdh.c:257:6:mbedtls_ecdh_free	8	static
../mbedtls/library/ecdh.c:352:5:mbedtls_ecdh_make_params	64	static
../mbedtls/library/ecdh.c:405:5:mbedtls_ecdh_read_params	40	static
../mbedtls/library/ecdh.c:470:5:mbedtls_ecdh_get_params	24	static
../mbedtls/library/ecdh.c:563:5:mbedtls_ecdh_make_public	64	static
../mbedtls/library/ecdh.c:620:5:mbedtls_ecdh_read_public	24	static
../mbedtls/library/ecdh.c:699:5:mbedtls_ecdh_calc_secret	88	static
