../mbedtls/library/md.c:156:12:mbedtls_md_list	0	static
../mbedtls/library/md.c:161:26:mbedtls_md_info_from_string	8	static
../mbedtls/library/md.c:214:26:mbedtls_md_info_from_type	0	static
../mbedtls/library/md.c:256:6:mbedtls_md_init	0	static
../mbedtls/library/md.c:261:6:mbedtls_md_free	8	static
../mbedtls/library/md.c:324:5:mbedtls_md_clone	8	static
../mbedtls/library/md.c:381:5:mbedtls_md_init_ctx	16	static
../mbedtls/library/md.c:396:5:mbedtls_md_setup	16	static
../mbedtls/library/md.c:462:5:mbedtls_md_starts	0	static
../mbedtls/library/md.c:508:5:mbedtls_md_update	0	static
../mbedtls/library/md.c:552:5:mbedtls_md_finish	0	static
../mbedtls/library/md.c:596:5:mbedtls_md	0	static
../mbedtls/library/md.c:691:5:mbedtls_md_hmac_starts	104	static
../mbedtls/library/md.c:742:5:mbedtls_md_hmac_update	4	static
../mbedtls/library/md.c:751:5:mbedtls_md_hmac_finish	88	static
../mbedtls/library/md.c:780:5:mbedtls_md_hmac_reset	16	static
../mbedtls/library/md.c:799:5:mbedtls_md_hmac	40	static
../mbedtls/library/md.c:834:5:mbedtls_md_process	0	static
../mbedtls/library/md.c:878:15:mbedtls_md_get_size	0	static
../mbedtls/library/md.c:887:19:mbedtls_md_get_type	0	static
../mbedtls/library/md.c:896:13:mbedtls_md_get_name	0	static
