../mbedtls/library/md5.c:27:6:mbedtls_md5_init	0	static
../mbedtls/library/md5.c:32:6:mbedtls_md5_free	0	static
../mbedtls/library/md5.c:41:6:mbedtls_md5_clone	8	static
../mbedtls/library/md5.c:50:5:mbedtls_md5_starts_ret	8	static
../mbedtls/library/md5.c:64:6:mbedtls_md5_starts	8	static
../mbedtls/library/md5.c:71:5:mbedtls_internal_md5_process	240	static
../mbedtls/library/md5.c:217:5:mbedtls_md5_update_ret.part.0	32	static
../mbedtls/library/md5.c:206:6:mbedtls_md5_process	0	static
../mbedtls/library/md5.c:217:5:mbedtls_md5_update_ret	8	static
../mbedtls/library/md5.c:267:6:mbedtls_md5_update	0	static
../mbedtls/library/md5.c:278:5:mbedtls_md5_finish_ret	16	static
../mbedtls/library/md5.c:332:6:mbedtls_md5_finish	16	static
../mbedtls/library/md5.c:344:5:mbedtls_md5_ret	120	static
../mbedtls/library/md5.c:372:6:mbedtls_md5	120	static
../mbedtls/library/md5.c:421:5:mbedtls_md5_self_test	160	static
