../mbedtls/library/pk.c:43:6:mbedtls_pk_init	0	static
../mbedtls/library/pk.c:54:6:mbedtls_pk_free	8	static
../mbedtls/library/pk.c:98:26:mbedtls_pk_info_from_type	0	static
../mbedtls/library/pk.c:124:5:mbedtls_pk_setup	16	static
../mbedtls/library/pk.c:184:5:mbedtls_pk_setup_rsa_alt	32	static
../mbedtls/library/pk.c:217:5:mbedtls_pk_can_do	0	static
../mbedtls/library/pk.c:282:5:mbedtls_pk_verify_restartable	32	static
../mbedtls/library/pk.c:333:5:mbedtls_pk_verify	32	static
../mbedtls/library/pk.c:344:5:mbedtls_pk_verify_ext	64	static
../mbedtls/library/pk.c:414:5:mbedtls_pk_sign_restartable	48	static
../mbedtls/library/pk.c:467:5:mbedtls_pk_sign	48	static
../mbedtls/library/pk.c:479:5:mbedtls_pk_decrypt	16	static
../mbedtls/library/pk.c:504:5:mbedtls_pk_encrypt	16	static
../mbedtls/library/pk.c:529:5:mbedtls_pk_check_pair	4	static
../mbedtls/library/pk.c:559:8:mbedtls_pk_get_bitlen	0	static
../mbedtls/library/pk.c:573:5:mbedtls_pk_debug	8	static
../mbedtls/library/pk.c:591:13:mbedtls_pk_get_name	0	static
../mbedtls/library/pk.c:603:19:mbedtls_pk_get_type	0	static
