../mbedtls/library/psa_crypto.c:784:24:psa_key_policy_algorithm_intersection	20	static
../mbedtls/library/psa_crypto.c:883:12:psa_key_algorithm_permits	4	static
../mbedtls/library/psa_crypto.c:2964:21:psa_sign_verify_check_alg	4	static
../mbedtls/library/psa_crypto.c:5148:21:psa_tls12_prf_input	16	static
../mbedtls/library/psa_crypto.c:1057:21:psa_get_and_lock_key_slot_with_policy.part.0	24	static
../mbedtls/library/psa_crypto.c:2571:21:psa_mac_finalize_alg_and_key_validation.isra	0	static
../mbedtls/library/psa_crypto.c:1746:21:psa_start_key_creation.isra	32	static
../mbedtls/library/psa_crypto.c:5168:21:psa_tls12_prf_psk_to_ms_set_key	288	static
../mbedtls/library/psa_crypto.c:2826:21:psa_mac_compute_internal	112	static
../mbedtls/library/psa_crypto.c:3014:21:psa_sign_internal.part.0.constprop	96	static
../mbedtls/library/psa_crypto.c:1057:21:psa_get_and_lock_key_slot_with_policy	32	static
../mbedtls/library/psa_crypto.c:2699:14:psa_mac_update.part.0	24	static
../mbedtls/library/psa_crypto.c:220:14:mbedtls_to_psa_error	0	static
../mbedtls/library/psa_crypto.c:1993:21:psa_validate_optional_attributes	64	static
../mbedtls/library/psa_crypto.c:5432:21:psa_key_agreement_raw_internal	272	static
../mbedtls/library/psa_crypto.c:485:22:mbedtls_ecc_group_of_psa	0	static
../mbedtls/library/psa_crypto.c:683:14:psa_allocate_buffer_to_slot	16	static
../mbedtls/library/psa_crypto.c:699:14:psa_copy_key_material_into_slot	24	static
../mbedtls/library/psa_crypto.c:713:14:psa_import_key_into_slot	32	static
../mbedtls/library/psa_crypto.c:1138:14:psa_remove_key_data_from_memory	8	static
../mbedtls/library/psa_crypto.c:1155:14:psa_wipe_key_slot	8	static
../mbedtls/library/psa_crypto.c:1185:14:psa_destroy_key	24	static
../mbedtls/library/psa_crypto.c:1349:14:psa_get_key_attributes	64	static
../mbedtls/library/psa_crypto.c:1447:14:psa_export_key_internal	16	static
../mbedtls/library/psa_crypto.c:1468:14:psa_export_key	80	static
../mbedtls/library/psa_crypto.c:1518:14:psa_export_public_key_internal	32	static
../mbedtls/library/psa_crypto.c:1573:14:psa_export_public_key	80	static
../mbedtls/library/psa_crypto.c:2061:14:psa_import_key	64	static
../mbedtls/library/psa_crypto.c:2195:14:psa_copy_key	96	static
../mbedtls/library/psa_crypto.c:2317:14:psa_hash_abort	8	static
../mbedtls/library/psa_crypto.c:2330:14:psa_hash_setup	16	static
../mbedtls/library/psa_crypto.c:2360:14:psa_hash_update	24	static
../mbedtls/library/psa_crypto.c:2409:14:psa_hash_finish	32	static
../mbedtls/library/psa_crypto.c:2427:14:psa_hash_verify	104	static
../mbedtls/library/psa_crypto.c:2464:14:psa_hash_compute	40	static
../mbedtls/library/psa_crypto.c:2491:14:psa_hash_compare	112	static
../mbedtls/library/psa_crypto.c:2534:14:psa_hash_clone	16	static
../mbedtls/library/psa_crypto.c:2556:14:psa_mac_abort	8	static
../mbedtls/library/psa_crypto.c:2685:14:psa_mac_sign_setup	72	static
../mbedtls/library/psa_crypto.c:2692:14:psa_mac_verify_setup	72	static
../mbedtls/library/psa_crypto.c:2699:14:psa_mac_update	24	static
../mbedtls/library/psa_crypto.c:2733:14:psa_mac_sign_finish	32	static
../mbedtls/library/psa_crypto.c:4488:21:psa_key_derivation_tls12_prf_generate_next_block	480	static
../mbedtls/library/psa_crypto.c:2792:14:psa_mac_verify_finish	32	static
../mbedtls/library/psa_crypto.c:2892:14:psa_mac_compute	48	static
../mbedtls/library/psa_crypto.c:2919:14:psa_mac_verify	120	static
../mbedtls/library/psa_crypto.c:3144:14:psa_sign_message_builtin	120	static
../mbedtls/library/psa_crypto.c:3179:14:psa_sign_message	48	static
../mbedtls/library/psa_crypto.c:3204:14:psa_verify_message_builtin	112	static
../mbedtls/library/psa_crypto.c:3238:14:psa_verify_message	88	static
../mbedtls/library/psa_crypto.c:3263:14:psa_sign_hash_builtin	48	static
../mbedtls/library/psa_crypto.c:3311:14:psa_sign_hash	48	static
../mbedtls/library/psa_crypto.c:3337:14:psa_verify_hash_builtin	48	static
../mbedtls/library/psa_crypto.c:3384:14:psa_verify_hash	88	static
../mbedtls/library/psa_crypto.c:3420:14:psa_asymmetric_encrypt	80	static
../mbedtls/library/psa_crypto.c:3538:14:psa_asymmetric_decrypt	80	static
../mbedtls/library/psa_crypto.c:3778:14:psa_cipher_encrypt_setup	72	static
../mbedtls/library/psa_crypto.c:3785:14:psa_cipher_decrypt_setup	72	static
../mbedtls/library/psa_crypto.c:3792:14:psa_cipher_generate_iv	48	static
../mbedtls/library/psa_crypto.c:3849:14:psa_cipher_set_iv	24	static
../mbedtls/library/psa_crypto.c:3890:14:psa_cipher_update	40	static
../mbedtls/library/psa_crypto.c:3933:14:psa_cipher_finish	32	static
../mbedtls/library/psa_crypto.c:3972:14:psa_cipher_abort	8	static
../mbedtls/library/psa_crypto.c:3990:14:psa_cipher_encrypt	136	static
../mbedtls/library/psa_crypto.c:4072:14:psa_cipher_decrypt	104	static
../mbedtls/library/psa_crypto.c:4138:14:psa_aead_encrypt	112	static
../mbedtls/library/psa_crypto.c:4205:14:psa_aead_decrypt	112	static
../mbedtls/library/psa_crypto.c:4326:14:psa_key_derivation_abort	16	static
../mbedtls/library/psa_crypto.c:4378:14:psa_key_derivation_get_capacity	0	static
../mbedtls/library/psa_crypto.c:4390:14:psa_key_derivation_set_capacity	0	static
../mbedtls/library/psa_crypto.c:4659:14:psa_key_derivation_output_bytes	120	static
../mbedtls/library/psa_crypto.c:4807:14:psa_key_derivation_output_key	104	static
../mbedtls/library/psa_crypto.c:4963:14:psa_key_derivation_setup	264	static
../mbedtls/library/psa_crypto.c:5310:14:psa_key_derivation_input_bytes	80	static
../mbedtls/library/psa_crypto.c:5331:14:psa_key_derivation_input_key	88	static
../mbedtls/library/psa_crypto.c:5517:14:psa_key_derivation_key_agreement	168	static
../mbedtls/library/psa_crypto.c:5561:14:psa_raw_key_agreement	72	static
../mbedtls/library/psa_crypto.c:5704:14:psa_generate_random	40	static
../mbedtls/library/psa_crypto.c:5823:14:psa_generate_key_internal	24	static
../mbedtls/library/psa_crypto.c:5875:14:psa_generate_key	40	static
../mbedtls/library/psa_crypto.c:5955:14:mbedtls_psa_crypto_configure_entropy_sources	4	static
../mbedtls/library/psa_crypto.c:5968:6:mbedtls_psa_crypto_free	8	static
../mbedtls/library/psa_crypto.c:6008:14:psa_crypto_init	32	static
../mbedtls/library/psa_crypto.c:6150:14:psa_crypto_local_input_alloc	16	static
../mbedtls/library/psa_crypto.c:6189:6:psa_crypto_local_input_free	8	static
../mbedtls/library/psa_crypto.c:6199:14:psa_crypto_local_output_alloc	16	static
../mbedtls/library/psa_crypto.c:6219:14:psa_crypto_local_output_free	8	static
