../mbedtls/library/psa_crypto_driver_wrappers.c:57:14:psa_driver_wrapper_init	0	static
../mbedtls/library/psa_crypto_driver_wrappers.c:84:6:psa_driver_wrapper_free	0	static
../mbedtls/library/psa_crypto_driver_wrappers.c:99:14:psa_driver_wrapper_sign_message	0	static
../mbedtls/library/psa_crypto_driver_wrappers.c:175:14:psa_driver_wrapper_verify_message	0	static
../mbedtls/library/psa_crypto_driver_wrappers.c:247:14:psa_driver_wrapper_sign_hash	20	static
../mbedtls/library/psa_crypto_driver_wrappers.c:329:14:psa_driver_wrapper_verify_hash	16	static
../mbedtls/library/psa_crypto_driver_wrappers.c:424:14:psa_driver_wrapper_get_key_buffer_size	0	static
../mbedtls/library/psa_crypto_driver_wrappers.c:457:14:psa_driver_wrapper_generate_key	4	static
../mbedtls/library/psa_crypto_driver_wrappers.c:526:14:psa_driver_wrapper_import_key	16	static
../mbedtls/library/psa_crypto_driver_wrappers.c:602:14:psa_driver_wrapper_export_key	12	static
../mbedtls/library/psa_crypto_driver_wrappers.c:657:14:psa_driver_wrapper_export_public_key	12	static
../mbedtls/library/psa_crypto_driver_wrappers.c:730:14:psa_driver_wrapper_get_builtin_key	0	static
../mbedtls/library/psa_crypto_driver_wrappers.c:756:14:psa_driver_wrapper_cipher_encrypt	28	static
../mbedtls/library/psa_crypto_driver_wrappers.c:848:14:psa_driver_wrapper_cipher_decrypt	20	static
../mbedtls/library/psa_crypto_driver_wrappers.c:930:14:psa_driver_wrapper_cipher_encrypt_setup	24	static
../mbedtls/library/psa_crypto_driver_wrappers.c:1007:14:psa_driver_wrapper_cipher_decrypt_setup	24	static
../mbedtls/library/psa_crypto_driver_wrappers.c:1083:14:psa_driver_wrapper_cipher_set_iv	0	static
../mbedtls/library/psa_crypto_driver_wrappers.c:1117:14:psa_driver_wrapper_cipher_update	12	static
../mbedtls/library/psa_crypto_driver_wrappers.c:1162:14:psa_driver_wrapper_cipher_finish	4	static
../mbedtls/library/psa_crypto_driver_wrappers.c:1199:14:psa_driver_wrapper_cipher_abort	0	static
../mbedtls/library/psa_crypto_driver_wrappers.c:1238:14:psa_driver_wrapper_hash_compute	0	static
../mbedtls/library/psa_crypto_driver_wrappers.c:1276:14:psa_driver_wrapper_hash_setup	8	static
../mbedtls/library/psa_crypto_driver_wrappers.c:1313:14:psa_driver_wrapper_hash_clone	0	static
../mbedtls/library/psa_crypto_driver_wrappers.c:1337:14:psa_driver_wrapper_hash_update	0	static
../mbedtls/library/psa_crypto_driver_wrappers.c:1361:14:psa_driver_wrapper_hash_finish	4	static
../mbedtls/library/psa_crypto_driver_wrappers.c:1387:14:psa_driver_wrapper_hash_abort	0	static
../mbedtls/library/psa_crypto_driver_wrappers.c:1405:14:psa_driver_wrapper_aead_encrypt	36	static
../mbedtls/library/psa_crypto_driver_wrappers.c:1457:14:psa_driver_wrapper_aead_decrypt	36	static
../mbedtls/library/psa_crypto_driver_wrappers.c:1513:14:psa_driver_wrapper_mac_compute	20	static
../mbedtls/library/psa_crypto_driver_wrappers.c:1582:14:psa_driver_wrapper_mac_sign_setup	24	static
../mbedtls/library/psa_crypto_driver_wrappers.c:1658:14:psa_driver_wrapper_mac_verify_setup	24	static
../mbedtls/library/psa_crypto_driver_wrappers.c:1734:14:psa_driver_wrapper_mac_update	0	static
../mbedtls/library/psa_crypto_driver_wrappers.c:1766:14:psa_driver_wrapper_mac_sign_finish	4	static
../mbedtls/library/psa_crypto_driver_wrappers.c:1800:14:psa_driver_wrapper_mac_verify_finish	0	static
../mbedtls/library/psa_crypto_driver_wrappers.c:1832:14:psa_driver_wrapper_mac_abort	0	static
