../mbedtls/library/rsa.c:1114:12:mgf_mask	112	static
../mbedtls/library/rsa.c:1822:12:rsa_rsassa_pkcs1_v15_encode	32	static
../mbedtls/library/rsa.c:2502:12:myrand	16	static
../mbedtls/library/rsa.c:59:5:mbedtls_rsa_import	24	static
../mbedtls/library/rsa.c:82:5:mbedtls_rsa_import_raw	24	static
../mbedtls/library/rsa.c:128:5:rsa_check_context	24	static
../mbedtls/library/rsa.c:212:5:mbedtls_rsa_complete	88	static
../mbedtls/library/rsa.c:312:5:mbedtls_rsa_export_raw	72	static
../mbedtls/library/rsa.c:365:5:mbedtls_rsa_export	48	static
../mbedtls/library/rsa.c:409:5:mbedtls_rsa_export_crt	24	static
../mbedtls/library/rsa.c:448:6:mbedtls_rsa_init	16	static
../mbedtls/library/rsa.c:471:6:mbedtls_rsa_set_padding	0	static
../mbedtls/library/rsa.c:486:8:mbedtls_rsa_get_len	0	static
../mbedtls/library/rsa.c:622:5:mbedtls_rsa_check_pubkey	16	static
../mbedtls/library/rsa.c:646:5:mbedtls_rsa_check_privkey	40	static
../mbedtls/library/rsa.c:500:5:mbedtls_rsa_gen_key	120	static
../mbedtls/library/rsa.c:673:5:mbedtls_rsa_check_pub_priv	24	static
../mbedtls/library/rsa.c:880:5:mbedtls_rsa_private	232	static
../mbedtls/library/rsa.c:1172:5:mbedtls_rsa_rsaes_oaep_encrypt	72	static
../mbedtls/library/rsa.c:1273:5:mbedtls_rsa_rsaes_pkcs1_v15_encrypt	48	static
../mbedtls/library/rsa.c:1347:5:mbedtls_rsa_pkcs1_encrypt	48	static
../mbedtls/library/rsa.c:1383:5:mbedtls_rsa_rsaes_oaep_decrypt	648	static
../mbedtls/library/rsa.c:1534:5:mbedtls_rsa_rsaes_pkcs1_v15_decrypt	544	static
../mbedtls/library/rsa.c:1585:5:mbedtls_rsa_pkcs1_decrypt	48	static
../mbedtls/library/rsa.c:1621:5:rsa_rsassa_pss_sign	88	static
../mbedtls/library/rsa.c:1768:5:mbedtls_rsa_rsassa_pss_sign_ext	88	static
../mbedtls/library/rsa.c:1785:5:mbedtls_rsa_rsassa_pss_sign	88	static
../mbedtls/library/rsa.c:1939:5:mbedtls_rsa_rsassa_pkcs1_v15_sign	40	static
../mbedtls/library/rsa.c:2025:5:mbedtls_rsa_pkcs1_sign	48	static
../mbedtls/library/rsa.c:2065:5:mbedtls_rsa_rsassa_pss_verify_ext	640	static
../mbedtls/library/rsa.c:2228:5:mbedtls_rsa_rsassa_pss_verify	40	static
../mbedtls/library/rsa.c:2262:5:mbedtls_rsa_rsassa_pkcs1_v15_verify	48	static
../mbedtls/library/rsa.c:2344:5:mbedtls_rsa_pkcs1_verify	64	static
../mbedtls/library/rsa.c:2382:5:mbedtls_rsa_copy	72	static
../mbedtls/library/rsa.c:2424:6:mbedtls_rsa_free	8	static
../mbedtls/library/rsa.c:2532:5:mbedtls_rsa_self_test	600	static
