../mbedtls/library/ssl_msg.c:2158:12:ssl_swap_epochs.isra	24	static
../mbedtls/library/ssl_msg.c:50:6:mbedtls_ssl_set_timer	0	static
../mbedtls/library/ssl_msg.c:63:5:mbedtls_ssl_check_timer	8	static
../mbedtls/library/ssl_msg.c:604:5:mbedtls_ssl_encrypt_buf	184	static
../mbedtls/library/ssl_msg.c:1098:5:mbedtls_ssl_decrypt_buf	240	static
../mbedtls/library/ssl_msg.c:84:5:mbedtls_ssl_check_record	64	static
../mbedtls/library/ssl_msg.c:2028:5:mbedtls_ssl_flush_output	16	static
../mbedtls/library/ssl_msg.c:2139:6:mbedtls_ssl_flight_free	16	static
../mbedtls/library/ssl_msg.c:2375:6:mbedtls_ssl_recv_flight_completed	16	static
../mbedtls/library/ssl_msg.c:2405:6:mbedtls_ssl_send_flight_completed	16	static
../mbedtls/library/ssl_msg.c:2592:5:mbedtls_ssl_write_record	64	static
../mbedtls/library/ssl_msg.c:2219:5:mbedtls_ssl_flight_transmit	32	static
../mbedtls/library/ssl_msg.c:2199:5:mbedtls_ssl_resend	0	static
../mbedtls/library/ssl_msg.c:1825:5:mbedtls_ssl_fetch_input	24	static
../mbedtls/library/ssl_msg.c:2445:5:mbedtls_ssl_write_handshake_msg	16	static
../mbedtls/library/ssl_msg.c:2903:5:mbedtls_ssl_prepare_handshake_record	16	static
../mbedtls/library/ssl_msg.c:2986:6:mbedtls_ssl_update_handshake_status	16	static
../mbedtls/library/ssl_msg.c:3035:6:mbedtls_ssl_dtls_replay_reset	0	static
../mbedtls/library/ssl_msg.c:3074:5:mbedtls_ssl_dtls_replay_check	4	static
../mbedtls/library/ssl_msg.c:3103:6:mbedtls_ssl_dtls_replay_update	8	static
../mbedtls/library/ssl_msg.c:4647:5:mbedtls_ssl_handle_message_type	8	static
../mbedtls/library/ssl_msg.c:4765:5:mbedtls_ssl_send_fatal_handshake_failure	56	static
../mbedtls/library/ssl_msg.c:4772:5:mbedtls_ssl_send_alert_message	56	static
../mbedtls/library/ssl_msg.c:3787:5:mbedtls_ssl_read_record	96	static
../mbedtls/library/ssl_msg.c:4803:5:mbedtls_ssl_write_change_cipher_spec	16	static
../mbedtls/library/ssl_msg.c:4825:5:mbedtls_ssl_parse_change_cipher_spec	16	static
../mbedtls/library/ssl_msg.c:4909:6:mbedtls_ssl_update_out_pointers	8	static
../mbedtls/library/ssl_msg.c:4951:6:mbedtls_ssl_update_in_pointers	4	static
../mbedtls/library/ssl_msg.c:4996:6:mbedtls_ssl_reset_in_out_pointers	16	static
../mbedtls/library/ssl_msg.c:5018:8:mbedtls_ssl_get_bytes_avail	0	static
../mbedtls/library/ssl_msg.c:5023:5:mbedtls_ssl_check_pending	0	static
../mbedtls/library/ssl_msg.c:5076:5:mbedtls_ssl_get_record_expansion	4	static
../mbedtls/library/ssl_msg.c:5173:5:mbedtls_ssl_read	32	static
../mbedtls/library/ssl_msg.c:5566:5:mbedtls_ssl_write	32	static
../mbedtls/library/ssl_msg.c:5604:5:mbedtls_ssl_close_notify	8	static
../mbedtls/library/ssl_msg.c:5628:6:mbedtls_ssl_transform_free	8	static
../mbedtls/library/ssl_msg.c:5652:6:mbedtls_ssl_buffering_free	16	static
../mbedtls/library/ssl_msg.c:5697:6:mbedtls_ssl_write_version	0	static
../mbedtls/library/ssl_msg.c:5718:6:mbedtls_ssl_read_version	4	static
