../mbedtls/library/ssl_ciphersuites.c:2207:12:mbedtls_ssl_list_ciphersuites	8	static
../mbedtls/library/ssl_ciphersuites.c:2235:34:mbedtls_ssl_ciphersuite_from_string	16	static
../mbedtls/library/ssl_ciphersuites.c:2255:34:mbedtls_ssl_ciphersuite_from_id	0	static
../mbedtls/library/ssl_ciphersuites.c:2270:13:mbedtls_ssl_get_ciphersuite_name	0	static
../mbedtls/library/ssl_ciphersuites.c:2283:5:mbedtls_ssl_get_ciphersuite_id	16	static
../mbedtls/library/ssl_ciphersuites.c:2297:19:mbedtls_ssl_get_ciphersuite_sig_pk_alg	0	static
../mbedtls/library/ssl_ciphersuites.c:2318:19:mbedtls_ssl_get_ciphersuite_sig_alg	0	static
../mbedtls/library/ssl_ciphersuites.c:2338:5:mbedtls_ssl_ciphersuite_uses_ec	0	static
../mbedtls/library/ssl_ciphersuites.c:2356:5:mbedtls_ssl_ciphersuite_uses_psk	0	static
