../mbedtls/library/ssl_tls.c:3930:12:ssl_cookie_write_dummy	0	static
../mbedtls/library/ssl_tls.c:3944:12:ssl_cookie_check_dummy	0	static
../mbedtls/library/ssl_tls.c:5431:12:ssl_session_save	24	static
../mbedtls/library/ssl_tls.c:775:12:tls_prf_generic	128	static
../mbedtls/library/ssl_tls.c:880:12:tls_prf_sha256	32	static
../mbedtls/library/ssl_tls.c:892:12:tls_prf_sha384	32	static
../mbedtls/library/ssl_tls.c:463:12:tls1_prf	112	static
../mbedtls/library/ssl_tls.c:3307:12:ssl_calc_finished_tls_sha256	192	static
../mbedtls/library/ssl_tls.c:1937:6:ssl_calc_verify_tls_sha256	136	static
../mbedtls/library/ssl_tls.c:3385:12:ssl_calc_finished_tls_sha384	304	static
../mbedtls/library/ssl_tls.c:1984:6:ssl_calc_verify_tls_sha384	232	static
../mbedtls/library/ssl_tls.c:3244:12:ssl_calc_finished_tls	288	static
../mbedtls/library/ssl_tls.c:1905:6:ssl_calc_verify_tls	224	static
../mbedtls/library/ssl_tls.c:1054:12:ssl_populate_transform	336	static
../mbedtls/library/ssl_tls.c:5623:12:ssl_session_load	32	static
../mbedtls/library/ssl_tls.c:3131:13:ssl_update_checksum_sha256	0	static
../mbedtls/library/ssl_tls.c:3143:13:ssl_update_checksum_sha384	0	static
../mbedtls/library/ssl_tls.c:3121:13:ssl_update_checksum_md5sha1	16	static
../mbedtls/library/ssl_tls.c:3093:13:ssl_update_checksum_start	16	static
../mbedtls/library/ssl_tls.c:65:13:mbedtls_ssl_get_hostname_pointer	0	static
../mbedtls/library/ssl_tls.c:83:5:mbedtls_ssl_set_hostname	24	static
../mbedtls/library/ssl_tls.c:247:5:mbedtls_ssl_session_copy	24	static
../mbedtls/library/ssl_tls.c:987:6:mbedtls_ssl_tls_prf	16	static
../mbedtls/library/ssl_tls.c:1766:5:mbedtls_ssl_derive_keys	120	static
../mbedtls/library/ssl_tls.c:2032:5:mbedtls_ssl_psk_derive_premaster	48	static
../mbedtls/library/ssl_tls.c:2156:5:mbedtls_ssl_resend_hello_request	4	static
../mbedtls/library/ssl_tls.c:2243:5:mbedtls_ssl_write_certificate	24	static
../mbedtls/library/ssl_tls.c:2886:5:mbedtls_ssl_parse_certificate	80	static
../mbedtls/library/ssl_tls.c:3037:6:mbedtls_ssl_optimize_checksum	0	static
../mbedtls/library/ssl_tls.c:3066:6:mbedtls_ssl_reset_checksum	8	static
../mbedtls/library/ssl_tls.c:3555:5:mbedtls_ssl_write_finished	16	static
../mbedtls/library/ssl_tls.c:3681:5:mbedtls_ssl_parse_finished	32	static
../mbedtls/library/ssl_tls.c:3834:6:mbedtls_ssl_transform_init	8	static
../mbedtls/library/ssl_tls.c:3847:6:mbedtls_ssl_session_init	0	static
../mbedtls/library/ssl_tls.c:3961:6:mbedtls_ssl_init	0	static
../mbedtls/library/ssl_tls.c:4191:6:mbedtls_ssl_conf_endpoint	0	static
../mbedtls/library/ssl_tls.c:4196:6:mbedtls_ssl_conf_transport	0	static
../mbedtls/library/ssl_tls.c:4202:6:mbedtls_ssl_conf_dtls_anti_replay	0	static
../mbedtls/library/ssl_tls.c:4209:6:mbedtls_ssl_conf_dtls_badmac_limit	0	static
../mbedtls/library/ssl_tls.c:4217:6:mbedtls_ssl_set_datagram_packing	0	static
../mbedtls/library/ssl_tls.c:4223:6:mbedtls_ssl_conf_handshake_timeout	0	static
../mbedtls/library/ssl_tls.c:4231:6:mbedtls_ssl_conf_authmode	0	static
../mbedtls/library/ssl_tls.c:4237:6:mbedtls_ssl_conf_verify	0	static
../mbedtls/library/ssl_tls.c:4246:6:mbedtls_ssl_conf_rng	0	static
../mbedtls/library/ssl_tls.c:4254:6:mbedtls_ssl_conf_dbg	0	static
../mbedtls/library/ssl_tls.c:4262:6:mbedtls_ssl_set_bio	0	static
../mbedtls/library/ssl_tls.c:4275:6:mbedtls_ssl_set_mtu	0	static
../mbedtls/library/ssl_tls.c:4281:6:mbedtls_ssl_conf_read_timeout	0	static
../mbedtls/library/ssl_tls.c:4286:6:mbedtls_ssl_set_timer_cb	4	static
../mbedtls/library/ssl_tls.c:4300:6:mbedtls_ssl_conf_session_cache	0	static
../mbedtls/library/ssl_tls.c:4312:5:mbedtls_ssl_set_session	24	static
../mbedtls/library/ssl_tls.c:4334:6:mbedtls_ssl_conf_ciphersuites	0	static
../mbedtls/library/ssl_tls.c:4343:6:mbedtls_ssl_conf_ciphersuites_for_version	0	static
../mbedtls/library/ssl_tls.c:4359:6:mbedtls_ssl_conf_cert_profile	0	static
../mbedtls/library/ssl_tls.c:4396:5:mbedtls_ssl_conf_own_cert	16	static
../mbedtls/library/ssl_tls.c:4403:6:mbedtls_ssl_conf_ca_chain	0	static
../mbedtls/library/ssl_tls.c:4435:5:mbedtls_ssl_set_hs_own_cert	16	static
../mbedtls/library/ssl_tls.c:4443:6:mbedtls_ssl_set_hs_ca_chain	0	static
../mbedtls/library/ssl_tls.c:4451:6:mbedtls_ssl_set_hs_authmode	0	static
../mbedtls/library/ssl_tls.c:4459:6:mbedtls_ssl_set_verify	0	static
../mbedtls/library/ssl_tls.c:4556:5:mbedtls_ssl_conf_psk	24	static
../mbedtls/library/ssl_tls.c:4606:5:mbedtls_ssl_set_hs_psk	24	static
../mbedtls/library/ssl_tls.c:4669:6:mbedtls_ssl_conf_psk_cb	0	static
../mbedtls/library/ssl_tls.c:4682:5:mbedtls_ssl_conf_dh_param	24	static
../mbedtls/library/ssl_tls.c:4697:5:mbedtls_ssl_conf_dh_param_bin	24	static
../mbedtls/library/ssl_tls.c:4716:5:mbedtls_ssl_conf_dh_param_ctx	24	static
../mbedtls/library/ssl_tls.c:4738:6:mbedtls_ssl_conf_dhm_min_bitlen	0	static
../mbedtls/library/ssl_tls.c:4749:6:mbedtls_ssl_conf_sig_hashes	0	static
../mbedtls/library/ssl_tls.c:4760:6:mbedtls_ssl_conf_curves	0	static
../mbedtls/library/ssl_tls.c:4768:6:mbedtls_ssl_conf_sni	0	static
../mbedtls/library/ssl_tls.c:4779:5:mbedtls_ssl_conf_alpn_protocols	24	static
../mbedtls/library/ssl_tls.c:4806:13:mbedtls_ssl_get_alpn_protocol	0	static
../mbedtls/library/ssl_tls.c:4882:6:mbedtls_ssl_conf_max_version	0	static
../mbedtls/library/ssl_tls.c:4888:6:mbedtls_ssl_conf_min_version	0	static
../mbedtls/library/ssl_tls.c:4895:6:mbedtls_ssl_conf_fallback	0	static
../mbedtls/library/ssl_tls.c:4902:6:mbedtls_ssl_conf_cert_req_ca_list	0	static
../mbedtls/library/ssl_tls.c:4910:6:mbedtls_ssl_conf_encrypt_then_mac	0	static
../mbedtls/library/ssl_tls.c:4917:6:mbedtls_ssl_conf_extended_master_secret	0	static
../mbedtls/library/ssl_tls.c:4931:5:mbedtls_ssl_conf_max_frag_len	0	static
../mbedtls/library/ssl_tls.c:4945:6:mbedtls_ssl_conf_truncated_hmac	0	static
../mbedtls/library/ssl_tls.c:4952:6:mbedtls_ssl_conf_cbc_record_splitting	0	static
../mbedtls/library/ssl_tls.c:4958:6:mbedtls_ssl_conf_legacy_renegotiation	0	static
../mbedtls/library/ssl_tls.c:4964:6:mbedtls_ssl_conf_renegotiation	0	static
../mbedtls/library/ssl_tls.c:4969:6:mbedtls_ssl_conf_renegotiation_enforced	0	static
../mbedtls/library/ssl_tls.c:4974:6:mbedtls_ssl_conf_renegotiation_period	0	static
../mbedtls/library/ssl_tls.c:4983:6:mbedtls_ssl_conf_session_tickets	0	static
../mbedtls/library/ssl_tls.c:4990:6:mbedtls_ssl_conf_session_tickets_cb	0	static
../mbedtls/library/ssl_tls.c:5003:6:mbedtls_ssl_conf_export_keys_cb	0	static
../mbedtls/library/ssl_tls.c:5011:6:mbedtls_ssl_conf_export_keys_ext_cb	0	static
../mbedtls/library/ssl_tls.c:5062:10:mbedtls_ssl_get_verify_result	0	static
../mbedtls/library/ssl_tls.c:5075:13:mbedtls_ssl_get_ciphersuite	0	static
../mbedtls/library/ssl_tls.c:5084:13:mbedtls_ssl_get_version	0	static
../mbedtls/library/ssl_tls.c:5120:8:mbedtls_ssl_get_input_max_frag_len	0	static
../mbedtls/library/ssl_tls.c:5150:8:mbedtls_ssl_get_output_max_frag_len	0	static
../mbedtls/library/ssl_tls.c:5175:8:mbedtls_ssl_get_max_frag_len	0	static
../mbedtls/library/ssl_tls.c:5183:8:mbedtls_ssl_get_current_mtu	0	static
../mbedtls/library/ssl_tls.c:5205:5:mbedtls_ssl_get_max_out_record_payload	16	static
../mbedtls/library/ssl_tls.c:5252:25:mbedtls_ssl_get_peer_cert	0	static
../mbedtls/library/ssl_tls.c:5267:5:mbedtls_ssl_get_session	24	static
../mbedtls/library/ssl_tls.c:5281:28:mbedtls_ssl_get_session_pointer	0	static
../mbedtls/library/ssl_tls.c:5608:5:mbedtls_ssl_session_save	32	static
../mbedtls/library/ssl_tls.c:5862:5:mbedtls_ssl_session_load	16	static
../mbedtls/library/ssl_tls.c:5878:5:mbedtls_ssl_handshake_step	8	static
../mbedtls/library/ssl_tls.c:5903:5:mbedtls_ssl_handshake	8	static
../mbedtls/library/ssl_tls.c:6079:6:mbedtls_ssl_handshake_free	16	static
../mbedtls/library/ssl_tls.c:3473:6:mbedtls_ssl_handshake_wrapup_free_hs_transform	8	static
../mbedtls/library/ssl_tls.c:3853:12:ssl_handshake_init	24	static
../mbedtls/library/ssl_tls.c:3970:5:mbedtls_ssl_setup	8	static
../mbedtls/library/ssl_tls.c:4053:5:mbedtls_ssl_session_reset_int	24	static
../mbedtls/library/ssl_tls.c:5974:5:mbedtls_ssl_start_renegotiation	8	static
../mbedtls/library/ssl_tls.c:6014:5:mbedtls_ssl_renegotiate	16	static
../mbedtls/library/ssl_tls.c:4183:5:mbedtls_ssl_session_reset	16	static
../mbedtls/library/ssl_tls.c:3497:6:mbedtls_ssl_handshake_wrapup	16	static
../mbedtls/library/ssl_tls.c:6198:6:mbedtls_ssl_session_free	8	static
../mbedtls/library/ssl_tls.c:6306:5:mbedtls_ssl_context_save	56	static
../mbedtls/library/ssl_tls.c:6863:6:mbedtls_ssl_free	16	static
../mbedtls/library/ssl_tls.c:6846:5:mbedtls_ssl_context_load	64	static
../mbedtls/library/ssl_tls.c:6946:6:mbedtls_ssl_config_init	0	static
../mbedtls/library/ssl_tls.c:6999:5:mbedtls_ssl_config_defaults	296	static
../mbedtls/library/ssl_tls.c:7160:6:mbedtls_ssl_config_free	16	static
../mbedtls/library/ssl_tls.c:7195:15:mbedtls_ssl_sig_from_pk	8	static
../mbedtls/library/ssl_tls.c:7210:15:mbedtls_ssl_sig_from_pk_alg	0	static
../mbedtls/library/ssl_tls.c:7223:19:mbedtls_ssl_pk_alg_from_sig	0	static
../mbedtls/library/ssl_tls.c:7244:19:mbedtls_ssl_sig_hash_set_find	0	static
../mbedtls/library/ssl_tls.c:7258:6:mbedtls_ssl_sig_hash_set_add	0	static
../mbedtls/library/ssl_tls.c:7281:6:mbedtls_ssl_sig_hash_set_const_hash	0	static
../mbedtls/library/ssl_tls.c:7294:19:mbedtls_ssl_md_alg_from_hash	0	static
../mbedtls/library/ssl_tls.c:7327:15:mbedtls_ssl_hash_from_md_alg	0	static
../mbedtls/library/ssl_tls.c:7362:5:mbedtls_ssl_check_curve	0	static
../mbedtls/library/ssl_tls.c:7382:5:mbedtls_ssl_check_curve_tls_id	8	static
../mbedtls/library/ssl_tls.c:7398:5:mbedtls_ssl_check_sig_hash	0	static
../mbedtls/library/ssl_tls.c:7418:5:mbedtls_ssl_check_cert_usage	16	static
../mbedtls/library/ssl_tls.c:7499:5:mbedtls_ssl_set_calc_verify_md	0	static
../mbedtls/library/ssl_tls.c:7543:5:mbedtls_ssl_get_key_exchange_md_ssl_tls	232	static
../mbedtls/library/ssl_tls.c:7671:5:mbedtls_ssl_get_key_exchange_md_tls1_2	40	static
