../mbedtls/library/x509write_crt.c:291:12:x509_write_time.constprop	24	static
../mbedtls/library/x509write_crt.c:31:6:mbedtls_x509write_crt_init	8	static
../mbedtls/library/x509write_crt.c:39:6:mbedtls_x509write_crt_free	8	static
../mbedtls/library/x509write_crt.c:50:6:mbedtls_x509write_crt_set_version	0	static
../mbedtls/library/x509write_crt.c:56:6:mbedtls_x509write_crt_set_md_alg	0	static
../mbedtls/library/x509write_crt.c:62:6:mbedtls_x509write_crt_set_subject_key	0	static
../mbedtls/library/x509write_crt.c:68:6:mbedtls_x509write_crt_set_issuer_key	0	static
../mbedtls/library/x509write_crt.c:74:5:mbedtls_x509write_crt_set_subject_name	0	static
../mbedtls/library/x509write_crt.c:80:5:mbedtls_x509write_crt_set_issuer_name	0	static
../mbedtls/library/x509write_crt.c:86:5:mbedtls_x509write_crt_set_serial	16	static
../mbedtls/library/x509write_crt.c:102:5:mbedtls_x509write_crt_set_validity	16	static
../mbedtls/library/x509write_crt.c:118:5:mbedtls_x509write_crt_set_extension	0	static
../mbedtls/library/x509write_crt.c:127:5:mbedtls_x509write_crt_set_basic_constraints	48	static
../mbedtls/library/x509write_crt.c:161:5:mbedtls_x509write_crt_set_subject_key_identifier	1080	static
../mbedtls/library/x509write_crt.c:190:5:mbedtls_x509write_crt_set_authority_key_identifier	1080	static
../mbedtls/library/x509write_crt.c:226:5:mbedtls_x509write_crt_set_key_usage	32	static
../mbedtls/library/x509write_crt.c:267:5:mbedtls_x509write_crt_set_ns_cert_type	40	static
../mbedtls/library/x509write_crt.c:319:5:mbedtls_x509write_crt_der	688	static
../mbedtls/library/x509write_crt.c:522:5:mbedtls_x509write_crt_pem	40	static
