../mbedtls/library/x509write_csr.c:121:12:x509write_csr_der_internal	152	static
../mbedtls/library/x509write_csr.c:37:6:mbedtls_x509write_csr_init	0	static
../mbedtls/library/x509write_csr.c:42:6:mbedtls_x509write_csr_free	8	static
../mbedtls/library/x509write_csr.c:50:6:mbedtls_x509write_csr_set_md_alg	0	static
../mbedtls/library/x509write_csr.c:55:6:mbedtls_x509write_csr_set_key	0	static
../mbedtls/library/x509write_csr.c:60:5:mbedtls_x509write_csr_set_subject_name	0	static
../mbedtls/library/x509write_csr.c:66:5:mbedtls_x509write_csr_set_extension	16	static
../mbedtls/library/x509write_csr.c:74:5:mbedtls_x509write_csr_set_key_usage	40	static
../mbedtls/library/x509write_csr.c:97:5:mbedtls_x509write_csr_set_ns_cert_type	40	static
../mbedtls/library/x509write_csr.c:279:5:mbedtls_x509write_csr_der	32	static
../mbedtls/library/x509write_csr.c:302:5:mbedtls_x509write_csr_pem	48	static
