../mbedtls/library/x509.c:61:5:mbedtls_x509_get_serial	16	static
../mbedtls/library/x509.c:95:5:mbedtls_x509_get_alg_null	8	static
../mbedtls/library/x509.c:110:5:mbedtls_x509_get_alg	8	static
../mbedtls/library/x509.c:198:5:mbedtls_x509_get_rsassa_pss_params	80	static
../mbedtls/library/x509.c:451:5:mbedtls_x509_get_name	48	static
../mbedtls/library/x509.c:647:5:mbedtls_x509_get_time	32	static
../mbedtls/library/x509.c:680:5:mbedtls_x509_get_sig	24	static
../mbedtls/library/x509.c:709:5:mbedtls_x509_get_sig_alg	24	static
../mbedtls/library/x509.c:759:5:mbedtls_x509_get_ext	24	static
../mbedtls/library/x509.c:798:5:mbedtls_x509_dn_gets	320	static
../mbedtls/library/x509.c:867:5:mbedtls_x509_serial_gets	40	static
../mbedtls/library/x509.c:900:5:mbedtls_x509_sig_alg_gets	40	static
../mbedtls/library/x509.c:945:5:mbedtls_x509_key_size_helper	8	static
../mbedtls/library/x509.c:1056:5:mbedtls_x509_time_is_past	0	static
../mbedtls/library/x509.c:1062:5:mbedtls_x509_time_is_future	0	static
../mbedtls/library/x509.c:1077:5:mbedtls_x509_self_test	728	static
