D:\Git\NXP\RT685\NXP_RT685_BU8\nxp_rt685_bu8\BT_Audio\Rt685Conversa_handsfree_cm33\edgefast\bluetooth\include/bluetooth/addr.h:226:19:bt_addr_to_str	56	static
D:\Git\NXP\RT685\NXP_RT685_BU8\nxp_rt685_bu8\BT_Audio\Rt685Conversa_handsfree_cm33\edgefast\bluetooth\include/bluetooth/addr.h:243:19:bt_addr_le_to_str	80	static
../edgefast/bluetooth/source/porting/porting.c:64:21:RNG_GetPseudoRandomNo	48	static
../edgefast/bluetooth/source/porting/porting.c:122:17:RNG_GetPseudoRandomData	24	static
../edgefast/bluetooth/source/porting/porting.c:127:9:u8_to_dec	24	static
../edgefast/bluetooth/source/porting/porting.c:155:5:char2hex	24	static
../edgefast/bluetooth/source/porting/porting.c:174:5:hex2char	16	static
../edgefast/bluetooth/source/porting/porting.c:187:8:bin2hex	32	static
../edgefast/bluetooth/source/porting/porting.c:206:8:hex2bin	32	static
../edgefast/bluetooth/source/porting/porting.c:273:6:bt_ble_porting_init	4	static
../edgefast/bluetooth/source/porting/porting.c:290:6:bt_ble_porting_deinit	4	static
../edgefast/bluetooth/source/porting/porting.c:301:13:bt_addr_le_str	16	static
../edgefast/bluetooth/source/porting/porting.c:310:13:bt_hex	24	static
../edgefast/bluetooth/source/porting/porting.c:329:13:bt_addr_str	16	static
../edgefast/bluetooth/source/porting/porting.c:338:13:bt_uuid_str	16	static
../edgefast/bluetooth/source/porting/porting.c:347:17:crc32_ieee_update	32	static
../edgefast/bluetooth/source/porting/porting.c:369:10:crc32_ieee	16	static
../edgefast/bluetooth/source/porting/porting.c:378:6:vApplicationGetIdleTaskMemory	24	static
../edgefast/bluetooth/source/porting/porting.c:409:6:vApplicationGetTimerTaskMemory	24	static
