../component/audio/fsl_adapter_flexcomm_i2s.c:79:13:HAL_AudioCallbackDMA	4	static
../component/audio/fsl_adapter_flexcomm_i2s.c:94:27:HAL_AudioCommonInit.isra	72	static
../component/audio/fsl_adapter_flexcomm_i2s.c:386:20:HAL_AudioTxInit	8	static
../component/audio/fsl_adapter_flexcomm_i2s.c:391:20:HAL_AudioRxInit	8	static
../component/audio/fsl_adapter_flexcomm_i2s.c:396:20:HAL_AudioTxDeinit	48	static
../component/audio/fsl_adapter_flexcomm_i2s.c:401:20:HAL_AudioRxDeinit	48	static
../component/audio/fsl_adapter_flexcomm_i2s.c:406:20:HAL_AudioTxInstallCallback	0	static
../component/audio/fsl_adapter_flexcomm_i2s.c:422:20:HAL_AudioRxInstallCallback	0	static
../component/audio/fsl_adapter_flexcomm_i2s.c:438:20:HAL_AudioTransferSendNonBlocking	24	static
../component/audio/fsl_adapter_flexcomm_i2s.c:456:20:HAL_AudioTransferReceiveNonBlocking	24	static
../component/audio/fsl_adapter_flexcomm_i2s.c:474:20:HAL_AudioTransferGetSendCount	0	static
../component/audio/fsl_adapter_flexcomm_i2s.c:484:20:HAL_AudioTransferGetReceiveCount	0	static
../component/audio/fsl_adapter_flexcomm_i2s.c:494:20:HAL_AudioTransferAbortSend	8	static
../component/audio/fsl_adapter_flexcomm_i2s.c:509:20:HAL_AudioTransferAbortReceive	8	static
