../bt_ble/port/pal/mcux/bluetooth/BT_storage_pl.c:87:13:storage_idle_task	16	static
../bt_ble/port/pal/mcux/bluetooth/BT_storage_pl.c:119:6:storage_bt_init_pl	8	static
../bt_ble/port/pal/mcux/bluetooth/BT_storage_pl.c:161:6:storage_bt_shutdown_pl	8	static
../bt_ble/port/pal/mcux/bluetooth/BT_storage_pl.c:180:12:storage_open_pl	16	static
../bt_ble/port/pal/mcux/bluetooth/BT_storage_pl.c:232:12:storage_close_pl	8	static
../bt_ble/port/pal/mcux/bluetooth/BT_storage_pl.c:259:7:storage_write_pl	16	static
../bt_ble/port/pal/mcux/bluetooth/BT_storage_pl.c:290:7:storage_read_pl	16	static
../bt_ble/port/pal/mcux/bluetooth/BT_storage_pl.c:311:7:storage_write_signature_pl	8	static
../bt_ble/port/pal/mcux/bluetooth/BT_storage_pl.c:342:7:storage_read_signature_pl	8	static
