D:\Git\NXP\RT685\RT685-EVK_Conversa_HFP\nxp_rt685\Rt685Conversa_handsfree_cm33\CMSIS/core_cm33.h:2358:22:__NVIC_EnableIRQ	16	static
../drivers/fsl_clock.h:888:20:CLOCK_EnableClock	24	static
../drivers/fsl_clock.h:918:20:CLOCK_DisableClock	24	static
../drivers/fsl_common_arm.h:672:24:EnableIRQ	24	static
../drivers/fsl_dma.h:350:20:DMA_ChannelIsActive	16	static
../drivers/fsl_dma.h:379:20:DMA_EnableChannelInterrupts	16	static
../drivers/fsl_dma.h:405:20:DMA_EnableChannel	16	static
../drivers/fsl_dma.h:418:20:DMA_DisableChannel	16	static
../drivers/fsl_dma.h:431:20:DMA_EnableChannelPeriphRq	16	static
../drivers/fsl_dma.h:445:20:DMA_DisableChannelPeriphRq	16	static
../drivers/fsl_dma.c:91:17:DMA_GetInstance	24	static
../drivers/fsl_dma.c:108:17:DMA_GetVirtualStartChannel	32	static
../drivers/fsl_dma.c:132:6:DMA_Init	24	static
../drivers/fsl_dma.c:161:6:DMA_Deinit	16	static
../drivers/fsl_dma.c:178:6:DMA_ConfigureChannelTrigger	32	static
../drivers/fsl_dma.c:198:10:DMA_GetRemainingBytes	16	static
../drivers/fsl_dma.c:224:13:DMA_SetupXferCFG	24	static
../drivers/fsl_dma.c:273:6:DMA_SetupDescriptor	40	static
../drivers/fsl_dma.c:344:6:DMA_SetupChannelDescriptor	40	static
../drivers/fsl_dma.c:448:6:DMA_CreateDescriptor	40	static
../drivers/fsl_dma.c:469:6:DMA_AbortTransfer	16	static
../drivers/fsl_dma.c:493:6:DMA_CreateHandle	32	static
../drivers/fsl_dma.c:524:6:DMA_SetCallback	24	static
../drivers/fsl_dma.c:549:6:DMA_PrepareTransfer	32	static
../drivers/fsl_dma.c:616:6:DMA_SetChannelConfig	32	static
../drivers/fsl_dma.c:654:6:DMA_PrepareChannelTransfer	24	static
../drivers/fsl_dma.c:712:6:DMA_LoadChannelDescriptor	32	static
../drivers/fsl_dma.c:742:6:DMA_InstallDescriptorMemory	16	static
../drivers/fsl_dma.c:796:6:DMA_SubmitChannelTransferParameter	40	static
../drivers/fsl_dma.c:838:6:DMA_SubmitChannelDescriptor	16	static
../drivers/fsl_dma.c:902:10:DMA_SubmitChannelTransfer	48	static
../drivers/fsl_dma.c:946:10:DMA_SubmitTransfer	32	static
../drivers/fsl_dma.c:986:6:DMA_StartTransfer	24	static
../drivers/fsl_dma.c:1004:6:DMA_StartTransfer_NoStartImmediately	24	static
../drivers/fsl_dma.c:1025:6:DMA_IRQHandle	48	static
../drivers/fsl_dma.c:1082:6:DMA0_DriverIRQHandler	8	static
../drivers/fsl_dma.c:1090:6:DMA1_DriverIRQHandler	8	static
