D:\Git\NXP\RT685\RT685-EVK_Conversa_HFP\nxp_rt685\Rt685Conversa_handsfree_cm33\CMSIS/core_cm33.h:2358:22:__NVIC_EnableIRQ	16	static
D:\Git\NXP\RT685\RT685-EVK_Conversa_HFP\nxp_rt685\Rt685Conversa_handsfree_cm33\CMSIS/core_cm33.h:2396:22:__NVIC_DisableIRQ	16	static
D:\Git\NXP\RT685\RT685-EVK_Conversa_HFP\nxp_rt685\Rt685Conversa_handsfree_cm33\CMSIS/core_cm33.h:2449:22:__NVIC_ClearPendingIRQ	16	static
../drivers/fsl_clock.h:888:20:CLOCK_EnableClock	24	static
../drivers/fsl_clock.h:918:20:CLOCK_DisableClock	24	static
../drivers/fsl_common_arm.h:672:24:EnableIRQ	24	static
../drivers/fsl_common_arm.h:722:24:DisableIRQ	24	static
../drivers/fsl_dmic.c:55:10:DMIC_GetInstance	24	static
../drivers/fsl_dmic.c:78:6:DMIC_Init	16	static
../drivers/fsl_dmic.c:109:6:DMIC_DeInit	16	static
../drivers/fsl_dmic.c:144:6:DMIC_SetOperationMode	16	static
../drivers/fsl_dmic.c:169:6:DMIC_ConfigChannel	24	static
../drivers/fsl_dmic.c:198:6:DMIC_CfgChannelDc	24	static
../drivers/fsl_dmic.c:215:6:DMIC_Use2fs	16	static
../drivers/fsl_dmic.c:226:6:DMIC_EnableChannnel	16	static
../drivers/fsl_dmic.c:240:6:DMIC_FifoChannel	24	static
../drivers/fsl_dmic.c:255:6:DMIC_ResetChannelDecimator	32	static
../drivers/fsl_dmic.c:301:6:DMIC_EnableIntCallback	24	static
../drivers/fsl_dmic.c:321:6:DMIC_DisableIntCallback	24	static
../drivers/fsl_dmic.c:341:6:DMIC_HwvadEnableIntCallback	24	static
../drivers/fsl_dmic.c:361:6:DMIC_HwvadDisableIntCallback	24	static
../drivers/fsl_dmic.c:374:6:DMIC0_DriverIRQHandler	8	static
../drivers/fsl_dmic.c:387:6:HWVAD0_DriverIRQHandler	8	static
