D:\Git\NXP\RT685\NXP_RT685_BU8\nxp_rt685_bu8\BT_Audio\Rt685Conversa_handsfree_cm33\CMSIS/core_cm33.h:2358:22:__NVIC_EnableIRQ	16	static
../drivers/fsl_clock.h:888:20:CLOCK_EnableClock	24	static
../drivers/fsl_clock.h:918:20:CLOCK_DisableClock	24	static
../drivers/fsl_common_arm.h:672:24:EnableIRQ	24	static
../drivers/fsl_i3c.h:852:24:I3C_MasterGetStatusFlags	16	static
../drivers/fsl_i3c.h:875:20:I3C_MasterClearStatusFlags	16	static
../drivers/fsl_i3c.h:892:24:I3C_MasterGetErrorStatusFlags	16	static
../drivers/fsl_i3c.h:906:20:I3C_MasterClearErrorStatusFlags	16	static
../drivers/fsl_i3c.h:937:20:I3C_MasterEnableInterrupts	16	static
../drivers/fsl_i3c.h:952:20:I3C_MasterDisableInterrupts	16	static
../drivers/fsl_i3c.h:964:24:I3C_MasterGetEnabledInterrupts	16	static
../drivers/fsl_i3c.h:976:24:I3C_MasterGetPendingInterrupts	16	static
../drivers/fsl_i3c.h:1043:20:I3C_MasterSetWatermarks	16	static
../drivers/fsl_i3c.h:1059:20:I3C_MasterGetFifoCounts	24	static
../drivers/fsl_i3c.h:1097:20:I3C_MasterGetBusIdleState	16	static
../drivers/fsl_i3c.h:1181:24:I3C_MasterRepeatedStart	24	static
../drivers/fsl_i3c.h:1257:20:I3C_MasterEmitIBIResponse	24	static
../drivers/fsl_i3c.h:1295:23:I3C_GetIBIAddress	16	static
../drivers/fsl_i3c.h:1530:24:I3C_SlaveGetStatusFlags	16	static
../drivers/fsl_i3c.h:1551:20:I3C_SlaveClearStatusFlags	16	static
../drivers/fsl_i3c.h:1568:24:I3C_SlaveGetErrorStatusFlags	16	static
../drivers/fsl_i3c.h:1582:20:I3C_SlaveClearErrorStatusFlags	16	static
../drivers/fsl_i3c.h:1622:20:I3C_SlaveEnableInterrupts	16	static
../drivers/fsl_i3c.h:1647:20:I3C_SlaveDisableInterrupts	16	static
../drivers/fsl_i3c.h:1659:24:I3C_SlaveGetEnabledInterrupts	16	static
../drivers/fsl_i3c.h:1671:24:I3C_SlaveGetPendingInterrupts	16	static
../drivers/fsl_i3c.h:1754:20:I3C_SlaveGetFifoCounts	24	static
../drivers/fsl_i3c.c:330:10:I3C_GetInstance	24	static
../drivers/fsl_i3c.c:363:10:I3C_MasterCheckAndClearError	24	static
../drivers/fsl_i3c.c:436:10:I3C_MasterWaitForCtrlDone	32	static
../drivers/fsl_i3c.c:480:17:I3C_MasterWaitForTxReady	32	static
../drivers/fsl_i3c.c:518:17:I3C_MasterWaitForComplete	32	static
../drivers/fsl_i3c.c:578:10:I3C_SlaveCheckAndClearError	24	static
../drivers/fsl_i3c.c:654:17:I3C_SlaveWaitForTxReady	32	static
../drivers/fsl_i3c.c:692:17:I3C_MasterEmitStop	24	static
../drivers/fsl_i3c.c:719:16:I3C_GetIBIType	24	static
../drivers/fsl_i3c.c:750:10:I3C_CheckForBusyBus	16	static
../drivers/fsl_i3c.c:758:6:I3C_GetDefaultConfig	16	static
../drivers/fsl_i3c.c:800:6:I3C_Init	48	static
../drivers/fsl_i3c.c:938:6:I3C_MasterGetDefaultConfig	16	static
../drivers/fsl_i3c.c:964:6:I3C_MasterInit	48	static
../drivers/fsl_i3c.c:1021:20:I3C_MasterGetState	24	static
../drivers/fsl_i3c.c:1068:6:I3C_MasterDeinit	24	static
../drivers/fsl_i3c.c:1086:17:I3C_CalcErrorRatio	16	static
../drivers/fsl_i3c.c:1108:6:I3C_MasterSetBaudRate	96	static
../drivers/fsl_i3c.c:1209:10:I3C_MasterStartWithRxSize	32	static
../drivers/fsl_i3c.c:1238:10:I3C_MasterStart	24	static
../drivers/fsl_i3c.c:1264:10:I3C_MasterRepeatedStartWithRxSize	24	static
../drivers/fsl_i3c.c:1311:10:I3C_MasterStop	16	static
../drivers/fsl_i3c.c:1322:6:I3C_MasterEmitRequest	24	static
../drivers/fsl_i3c.c:1344:6:I3C_MasterRegisterIBI	24	static
../drivers/fsl_i3c.c:1366:6:I3C_MasterGetIBIRules	24	static
../drivers/fsl_i3c.c:1396:10:I3C_MasterReceive	48	static
../drivers/fsl_i3c.c:1510:10:I3C_MasterSend	40	static
../drivers/fsl_i3c.c:1592:10:I3C_MasterProcessDAASpecifiedBaudrate	88	static
../drivers/fsl_i3c.c:1734:20:I3C_MasterGetDeviceListAfterDAA	24	static
../drivers/fsl_i3c.c:1751:6:I3C_MasterClearDeviceCount	16	static
../drivers/fsl_i3c.c:1763:13:I3C_MasterClearFlagsAndEnableIRQ	16	static
../drivers/fsl_i3c.c:1786:17:I3C_MasterStartPolling	32	static
../drivers/fsl_i3c.c:1822:17:I3C_MasterTransferPrepare	40	static
../drivers/fsl_i3c.c:1911:10:I3C_MasterTransferBlocking	24	static
../drivers/fsl_i3c.c:2018:6:I3C_MasterTransferCreateHandle	32	static
../drivers/fsl_i3c.c:2060:13:I3C_TransferStateMachineIBIWonState	40	static
../drivers/fsl_i3c.c:2106:13:I3C_TransferStateMachineSendCommandState	24	static
../drivers/fsl_i3c.c:2161:13:I3C_TransferStateMachineWaitRepeatedStartCompleteState	32	static
../drivers/fsl_i3c.c:2188:13:I3C_TransferStateMachineTransferDataState	32	static
../drivers/fsl_i3c.c:2259:13:I3C_TransferStateMachineWaitForCompletionState	16	static
../drivers/fsl_i3c.c:2273:13:I3C_TransferStateMachineStopState	24	static
../drivers/fsl_i3c.c:2298:17:I3C_RunTransferStateMachine	56	static
../drivers/fsl_i3c.c:2398:17:I3C_InitTransferStateMachine	40	static
../drivers/fsl_i3c.c:2511:10:I3C_MasterTransferNonBlocking	40	static
../drivers/fsl_i3c.c:2584:10:I3C_MasterTransferGetCount	40	static
../drivers/fsl_i3c.c:2646:6:I3C_MasterTransferAbort	16	static
../drivers/fsl_i3c.c:2671:6:I3C_MasterTransferHandleIRQ	40	static
../drivers/fsl_i3c.c:2735:6:I3C_SlaveGetDefaultConfig	16	static
../drivers/fsl_i3c.c:2777:6:I3C_SlaveInit	40	static
../drivers/fsl_i3c.c:2884:6:I3C_SlaveDeinit	24	static
../drivers/fsl_i3c.c:2908:28:I3C_SlaveGetActivityState	24	static
../drivers/fsl_i3c.c:2942:6:I3C_SlaveRequestEvent	24	static
../drivers/fsl_i3c.c:2960:6:I3C_SlaveRequestIBIWithSingleData	32	static
../drivers/fsl_i3c.c:2977:6:I3C_SlaveRequestIBIWithData	32	static
../drivers/fsl_i3c.c:3038:10:I3C_SlaveSend	32	static
../drivers/fsl_i3c.c:3077:10:I3C_SlaveReceive	32	static
../drivers/fsl_i3c.c:3138:6:I3C_SlaveTransferCreateHandle	32	static
../drivers/fsl_i3c.c:3198:10:I3C_SlaveTransferNonBlocking	24	static
../drivers/fsl_i3c.c:3235:10:I3C_SlaveTransferGetCount	24	static
../drivers/fsl_i3c.c:3265:6:I3C_SlaveTransferAbort	16	static
../drivers/fsl_i3c.c:3283:13:I3C_SlaveTransferHandleGetStatusFlags	32	static
../drivers/fsl_i3c.c:3310:13:I3C_SlaveTransferHandleBusStart	24	static
../drivers/fsl_i3c.c:3318:13:I3C_SlaveTransferHandleEventSent	24	static
../drivers/fsl_i3c.c:3327:13:I3C_SlaveTransferHandleReceivedCCC	24	static
../drivers/fsl_i3c.c:3337:13:I3C_SlaveTransferHandleBusStop	24	static
../drivers/fsl_i3c.c:3371:13:I3C_SlaveTransferHandleMatched	24	static
../drivers/fsl_i3c.c:3382:13:I3C_SlaveTransferHandleTxReady	24	static
../drivers/fsl_i3c.c:3431:13:I3C_SlaveTransferHandleRxReady	24	static
../drivers/fsl_i3c.c:3468:6:I3C_SlaveTransferHandleIRQ	40	static
../drivers/fsl_i3c.c:3534:13:I3C_CommonIRQHandler	16	static
../drivers/fsl_i3c.c:3555:6:I3C0_DriverIRQHandler	8	static
