D:\Git\NXP\RT685\Q_dev_board_BT_V1_3_1\nxp_rt685_bu8\BT_Audio\Rt685Conversa_handsfree_cm33\CMSIS/core_cm33.h:2358:22:__NVIC_EnableIRQ	16	static
../drivers/fsl_clock.h:888:20:CLOCK_EnableClock	24	static
../drivers/fsl_common_arm.h:672:24:EnableIRQ	24	static
../drivers/fsl_flexspi.h:505:20:FLEXSPI_EnableInterrupts	16	static
../drivers/fsl_flexspi.h:516:20:FLEXSPI_DisableInterrupts	16	static
../drivers/fsl_flexspi.h:651:20:FLEXSPI_ClearInterruptStatusFlags	16	static
../drivers/fsl_flexspi.h:722:20:FLEXSPI_GetBusIdleStatus	16	static
../drivers/fsl_flexspi.c:127:13:FLEXSPI_Memset	32	static
../drivers/fsl_flexspi.c:148:13:FLEXSPI_CheckInputLutLocation	32	static
../drivers/fsl_flexspi.c:165:10:FLEXSPI_GetInstance	24	static
../drivers/fsl_flexspi.c:183:17:FLEXSPI_CalculateDll	40	static
../drivers/fsl_flexspi.c:248:10:FLEXSPI_CheckAndClearError	24	static
../drivers/fsl_flexspi.c:290:6:FLEXSPI_Init	32	static
../drivers/fsl_flexspi.c:410:6:FLEXSPI_GetDefaultConfig	24	static
../drivers/fsl_flexspi.c:468:6:FLEXSPI_Deinit	16	static
../drivers/fsl_flexspi.c:481:6:FLEXSPI_UpdateDllValue	40	static
../drivers/fsl_flexspi.c:543:6:FLEXSPI_SetFlashConfig	32	static
../drivers/fsl_flexspi.c:635:6:FLEXSPI_SoftwareReset	16	static
../drivers/fsl_flexspi.c:679:6:FLEXSPI_UpdateLUT	32	static
../drivers/fsl_flexspi.c:720:6:FLEXSPI_UpdateRxSampleClock	24	static
../drivers/fsl_flexspi.c:749:10:FLEXSPI_WriteBlocking	48	static
../drivers/fsl_flexspi.c:828:10:FLEXSPI_ReadBlocking	48	static
../drivers/fsl_flexspi.c:933:10:FLEXSPI_TransferBlocking	24	static
../drivers/fsl_flexspi.c:1011:6:FLEXSPI_TransferCreateHandle	32	static
../drivers/fsl_flexspi.c:1052:10:FLEXSPI_TransferNonBlocking	32	static
../drivers/fsl_flexspi.c:1136:10:FLEXSPI_TransferGetCount	32	static
../drivers/fsl_flexspi.c:1163:6:FLEXSPI_TransferAbort	16	static
../drivers/fsl_flexspi.c:1177:6:FLEXSPI_TransferHandleIRQ	64	static
