../drivers/fsl_dma.h:379:20:DMA_EnableChannelInterrupts	16	static
../drivers/fsl_dma.h:392:20:DMA_DisableChannelInterrupts	16	static
../drivers/fsl_dma.h:431:20:DMA_EnableChannelPeriphRq	16	static
../drivers/fsl_dma.h:486:24:DMA_SetChannelXferConfig	24	static
../drivers/fsl_i2s.h:396:20:I2S_Enable	16	static
../drivers/fsl_i2s.h:432:20:I2S_Disable	16	static
../drivers/fsl_i2s_dma.c:96:17:I2S_EnqueueUserBuffer	32	static
../drivers/fsl_i2s_dma.c:146:17:I2S_GetInstance	24	static
../drivers/fsl_i2s_dma.c:162:20:I2S_DisableDMAInterrupts	16	static
../drivers/fsl_i2s_dma.c:167:20:I2S_EnableDMAInterrupts	16	static
../drivers/fsl_i2s_dma.c:184:6:I2S_TxTransferCreateHandleDMA	32	static
../drivers/fsl_i2s_dma.c:233:10:I2S_TxTransferSendDMA	32	static
../drivers/fsl_i2s_dma.c:271:6:I2S_TransferAbortDMA	24	static
../drivers/fsl_i2s_dma.c:325:6:I2S_RxTransferCreateHandleDMA	32	static
../drivers/fsl_i2s_dma.c:345:10:I2S_RxTransferReceiveDMA	32	static
../drivers/fsl_i2s_dma.c:377:13:I2S_TxEnableDMA	16	static
../drivers/fsl_i2s_dma.c:390:13:I2S_RxEnableDMA	16	static
../drivers/fsl_i2s_dma.c:404:17:I2S_GetTransferBytes	32	static
../drivers/fsl_i2s_dma.c:459:6:I2S_TransferInstallLoopDMADescriptorMemory	24	static
../drivers/fsl_i2s_dma.c:471:17:I2S_TransferLoopDMA	88	static
../drivers/fsl_i2s_dma.c:604:10:I2S_TransferSendLoopDMA	24	static
../drivers/fsl_i2s_dma.c:638:10:I2S_TransferReceiveLoopDMA	24	static
../drivers/fsl_i2s_dma.c:651:17:I2S_StartTransferDMA	80	static
../drivers/fsl_i2s_dma.c:737:13:I2S_AddTransferDMA	88	static
../drivers/fsl_i2s_dma.c:813:6:I2S_DMACallback	56	static
