../drivers/fsl_clock.h:888:20:CLOCK_EnableClock	24	static
../drivers/fsl_clock.h:977:24:CLOCK_GetSFroFreq	4	static
../drivers/fsl_clock.h:1058:24:CLOCK_GetXtalInClkFreq	4	static
../drivers/fsl_clock.h:1066:24:CLOCK_GetMclkInClkFreq	4	static
../drivers/fsl_clock.h:1074:24:CLOCK_GetLpOscFreq	4	static
../drivers/fsl_clock.h:1081:24:CLOCK_GetOsc32KFreq	4	static
../drivers/fsl_clock.h:1103:24:CLOCK_GetWakeClk32KFreq	8	static
../drivers/fsl_clock.c:55:6:CLOCK_AttachClk	32	static
../drivers/fsl_clock.c:92:6:CLOCK_SetClkDiv	24	static
../drivers/fsl_clock.c:123:10:CLOCK_GetFFroFreq	16	static
../drivers/fsl_clock.c:145:10:CLOCK_GetSysPllFreq	56	static
../drivers/fsl_clock.c:180:10:CLOCK_GetSysPfdFreq	184	static
../drivers/fsl_clock.c:220:17:CLOCK_GetMainPllClkFreq	8	static
../drivers/fsl_clock.c:224:17:CLOCK_GetDspPllClkFreq	8	static
../drivers/fsl_clock.c:228:17:CLOCK_GetAux0PllClkFreq	8	static
../drivers/fsl_clock.c:232:17:CLOCK_GetAux1PllClkFreq	8	static
../drivers/fsl_clock.c:240:10:CLOCK_GetAudioPllFreq	56	static
../drivers/fsl_clock.c:275:10:CLOCK_GetAudioPfdFreq	184	static
../drivers/fsl_clock.c:315:17:CLOCK_GetAudioPllClkFreq	8	static
../drivers/fsl_clock.c:323:10:CLOCK_GetMainClkFreq	16	static
../drivers/fsl_clock.c:373:10:CLOCK_GetDspMainClkFreq	16	static
../drivers/fsl_clock.c:423:10:CLOCK_GetAdcClkFreq	16	static
../drivers/fsl_clock.c:473:10:CLOCK_GetClockOutClkFreq	16	static
../drivers/fsl_clock.c:541:10:CLOCK_GetFRGClock	80	static
../drivers/fsl_clock.c:603:10:CLOCK_GetFlexCommClkFreq	24	static
../drivers/fsl_clock.c:659:10:CLOCK_GetCtimerClkFreq	24	static
../drivers/fsl_clock.c:700:10:CLOCK_GetFlexspiClkFreq	16	static
../drivers/fsl_clock.c:738:10:CLOCK_GetSctClkFreq	16	static
../drivers/fsl_clock.c:779:10:CLOCK_GetMclkClkFreq	16	static
../drivers/fsl_clock.c:803:10:CLOCK_GetWdtClkFreq	24	static
../drivers/fsl_clock.c:838:10:CLOCK_GetSystickClkFreq	16	static
../drivers/fsl_clock.c:872:10:CLOCK_GetSdioClkFreq	32	static
../drivers/fsl_clock.c:924:10:CLOCK_GetI3cClkFreq	16	static
../drivers/fsl_clock.c:949:10:CLOCK_GetUsbClkFreq	16	static
../drivers/fsl_clock.c:972:10:CLOCK_GetDmicClkFreq	16	static
../drivers/fsl_clock.c:1013:10:CLOCK_GetAcmpClkFreq	16	static
../drivers/fsl_clock.c:1051:10:CLOCK_GetFreq	24	static
../drivers/fsl_clock.c:1148:6:CLOCK_SetFRGClock	24	static
../drivers/fsl_clock.c:1184:6:CLOCK_EnableFfroClk	32	static
../drivers/fsl_clock.c:1229:6:CLOCK_EnableSfroClk	16	static
../drivers/fsl_clock.c:1249:6:CLOCK_InitSysPll	16	static
../drivers/fsl_clock.c:1312:10:CLOCK_InitSysPfd	32	static
../drivers/fsl_clock.c:1345:6:CLOCK_InitAudioPll	16	static
../drivers/fsl_clock.c:1409:10:CLOCK_InitAudioPfd	32	static
../drivers/fsl_clock.c:1443:6:CLOCK_EnableSysOscClk	24	static
../drivers/fsl_clock.c:1462:6:CLOCK_EnableUsbhsDeviceClock	8	static
../drivers/fsl_clock.c:1474:6:CLOCK_EnableUsbhsHostClock	8	static
../drivers/fsl_clock.c:1489:6:CLOCK_EnableUsbHs0PhyPllClock	32	static
