D:\Git\NXP\RT685\RT685-EVK_Conversa_HFP\nxp_rt685\Rt685Conversa_handsfree_cm33\CMSIS/core_cm33.h:2358:22:__NVIC_EnableIRQ	16	static
../drivers/fsl_clock.h:888:20:CLOCK_EnableClock	24	static
../drivers/fsl_clock.h:918:20:CLOCK_DisableClock	24	static
../drivers/fsl_common_arm.h:672:24:EnableIRQ	24	static
../drivers/fsl_hashcrypt.c:102:13:ctrIncrement	24	static
../drivers/fsl_hashcrypt.c:136:24:hashcrypt_get_word_from_unaligned	16	static
../drivers/fsl_hashcrypt.c:182:17:hashcrypt_get_key_from_unaligned_src	40	static
../drivers/fsl_hashcrypt.c:249:22:hashcrypt_load_data	64	static
../drivers/fsl_hashcrypt.c:290:17:hashcrypt_check_need_key	24	static
../drivers/fsl_hashcrypt.c:325:17:hashcrypt_get_data	72	static
../drivers/fsl_hashcrypt.c:365:13:hashcrypt_engine_init	16	static
../drivers/fsl_hashcrypt.c:380:20:hashcrypt_engine_deinit	16	static
../drivers/fsl_hashcrypt.c:393:13:hashcrypt_aes_load_userKey	24	static
../drivers/fsl_hashcrypt.c:429:17:hashcrypt_aes_one_block_aligned	40	static
../drivers/fsl_hashcrypt.c:474:17:hashcrypt_aes_one_block_unaligned	320	static
../drivers/fsl_hashcrypt.c:532:17:hashcrypt_aes_one_block	48	static
../drivers/fsl_hashcrypt.c:595:17:hashcrypt_sha_check_input_alg	16	static
../drivers/fsl_hashcrypt.c:615:17:hashcrypt_sha_check_input_args	24	static
../drivers/fsl_hashcrypt.c:639:17:hashcrypt_sha_check_context	16	static
../drivers/fsl_hashcrypt.c:657:13:hashcrypt_sha_one_block	96	static
../drivers/fsl_hashcrypt.c:702:17:hashcrypt_sha_process_message_data	48	static
../drivers/fsl_hashcrypt.c:806:17:hashcrypt_sha_finalize	96	static
../drivers/fsl_hashcrypt.c:855:17:hashcrypt_save_running_hash	32	static
../drivers/fsl_hashcrypt.c:884:13:hashcrypt_restore_running_hash	24	static
../drivers/fsl_hashcrypt.c:910:13:hashcrypt_seed_prng	16	static
../drivers/fsl_hashcrypt.c:925:10:HASHCRYPT_SHA	152	static
../drivers/fsl_hashcrypt.c:952:10:HASHCRYPT_SHA_Init	32	static
../drivers/fsl_hashcrypt.c:981:10:HASHCRYPT_SHA_Update	40	static
../drivers/fsl_hashcrypt.c:1040:10:HASHCRYPT_SHA_Finish	40	static
../drivers/fsl_hashcrypt.c:1125:6:HASHCRYPT_SHA_SetCallback	32	static
../drivers/fsl_hashcrypt.c:1140:10:HASHCRYPT_SHA_UpdateNonBlocking	48	static
../drivers/fsl_hashcrypt.c:1208:10:HASHCRYPT_AES_SetKey	32	static
../drivers/fsl_hashcrypt.c:1250:10:HASHCRYPT_AES_EncryptEcb	32	static
../drivers/fsl_hashcrypt.c:1291:10:HASHCRYPT_AES_DecryptEcb	32	static
../drivers/fsl_hashcrypt.c:1332:10:HASHCRYPT_AES_EncryptCbc	32	static
../drivers/fsl_hashcrypt.c:1380:10:HASHCRYPT_AES_DecryptCbc	32	static
../drivers/fsl_hashcrypt.c:1428:10:HASHCRYPT_AES_CryptCtr	64	static
../drivers/fsl_hashcrypt.c:1538:10:HASHCRYPT_AES_CryptOfb	72	static
../drivers/fsl_hashcrypt.c:1624:10:HASHCRYPT_AES_EncryptCfb	72	static
../drivers/fsl_hashcrypt.c:1709:10:HASHCRYPT_AES_DecryptCfb	72	static
../drivers/fsl_hashcrypt.c:1795:6:HASHCRYPT_DriverIRQHandler	32	static
../drivers/fsl_hashcrypt.c:1838:6:HASHCRYPT_Init	16	static
../drivers/fsl_hashcrypt.c:1846:6:HASHCRYPT_Deinit	16	static
