D:\Git\NXP\RT685\RT685-EVK_Conversa_HFP\nxp_rt685\Rt685Conversa_handsfree_cm33\drivers/fsl_common_arm.h:902:24:DisableGlobalIRQ	16	static
D:\Git\NXP\RT685\RT685-EVK_Conversa_HFP\nxp_rt685\Rt685Conversa_handsfree_cm33\drivers/fsl_common_arm.h:928:20:EnableGlobalIRQ	24	static
../component/log/fsl_component_log.c:168:13:log_output_low_level	24	static
../component/log/fsl_component_log.c:182:13:log_print_to_buffer	32	static
../component/log/fsl_component_log.c:207:12:log_sprintf_internal	28	static
../component/log/fsl_component_log.c:220:20:log_get_level_name	16	static
../component/log/fsl_component_log.c:227:20:log_get_color	16	static
../component/log/fsl_component_log.c:235:12:LOG_DumpInternal	120	static
../component/log/fsl_component_log.c:353:14:LOG_Init	16	static
../component/log/fsl_component_log.c:393:14:LOG_Deinit	8	static
../component/log/fsl_component_log.c:411:14:LOG_SetTimestamp	16	static
../component/log/fsl_component_log.c:423:14:LOG_GetTimestamp	8	static
../component/log/fsl_component_log.c:439:6:LOG_AsyncPrintf	40	static
../component/log/fsl_component_log.c:522:6:LOG_Printf	188	static
../component/log/fsl_component_log.c:580:14:LOG_BackendRegister	32	static
../component/log/fsl_component_log.c:612:14:LOG_BackendUnregister	32	static
../component/log/fsl_component_log.c:651:6:LOG_Dump	24	static
