../mbedtls/port/ksdk/aes_alt.c:2159:12:ccm_auth_crypt	152	static
../mbedtls/port/ksdk/aes_alt.c:491:6:mbedtls_aes_init	0	static
../mbedtls/port/ksdk/aes_alt.c:498:6:mbedtls_aes_free	0	static
../mbedtls/port/ksdk/aes_alt.c:1085:6:mbedtls_aes_encrypt	16	static
../mbedtls/port/ksdk/aes_alt.c:1219:6:mbedtls_aes_decrypt	16	static
../mbedtls/port/ksdk/aes_alt.c:1293:5:mbedtls_aes_crypt_ecb	16	static
../mbedtls/port/ksdk/aes_alt.c:1639:5:mbedtls_aes_crypt_cfb128	48	static
../mbedtls/port/ksdk/aes_alt.c:1705:5:mbedtls_aes_crypt_cfb8	64	static
../mbedtls/port/ksdk/aes_alt.c:1753:5:mbedtls_aes_crypt_ofb	48	static
../mbedtls/port/ksdk/aes_alt.c:1859:5:mbedtls_aes_setkey_enc	8	static
../mbedtls/port/ksdk/aes_alt.c:1903:5:mbedtls_aes_setkey_dec	8	static
../mbedtls/port/ksdk/aes_alt.c:1948:5:mbedtls_internal_aes_encrypt	16	static
../mbedtls/port/ksdk/aes_alt.c:1972:5:mbedtls_internal_aes_decrypt	16	static
../mbedtls/port/ksdk/aes_alt.c:1997:5:mbedtls_aes_crypt_cbc	48	static
../mbedtls/port/ksdk/aes_alt.c:2050:5:mbedtls_aes_crypt_ctr	32	static
../mbedtls/port/ksdk/aes_alt.c:2099:6:mbedtls_ccm_init	0	static
../mbedtls/port/ksdk/aes_alt.c:2108:6:mbedtls_ccm_free	0	static
../mbedtls/port/ksdk/aes_alt.c:2116:5:mbedtls_ccm_setkey	8	static
../mbedtls/port/ksdk/aes_alt.c:2355:5:mbedtls_ccm_encrypt_and_tag	40	static
../mbedtls/port/ksdk/aes_alt.c:2382:5:mbedtls_ccm_auth_decrypt	72	static
