../mbedtls/port/ksdk/ecp_alt.c:1229:12:ecp_modp	16	static
../mbedtls/port/ksdk/ecp_alt.c:1285:19:mbedtls_mpi_mul_mod	16	static
../mbedtls/port/ksdk/ecp_alt.c:1312:19:mbedtls_mpi_sub_mod	16	static
../mbedtls/port/ksdk/ecp_alt.c:1350:19:mbedtls_mpi_shift_l_mod.constprop	16	static
../mbedtls/port/ksdk/ecp_alt.c:568:31:mbedtls_ecp_curve_list	0	static
../mbedtls/port/ksdk/ecp_alt.c:576:29:mbedtls_ecp_grp_id_list	0	static
../mbedtls/port/ksdk/ecp_alt.c:600:31:mbedtls_ecp_curve_info_from_grp_id	0	static
../mbedtls/port/ksdk/ecp_alt.c:618:31:mbedtls_ecp_curve_info_from_tls_id	0	static
../mbedtls/port/ksdk/ecp_alt.c:636:31:mbedtls_ecp_curve_info_from_name	16	static
../mbedtls/port/ksdk/ecp_alt.c:658:24:mbedtls_ecp_get_type	0	static
../mbedtls/port/ksdk/ecp_alt.c:674:6:mbedtls_ecp_point_init	8	static
../mbedtls/port/ksdk/ecp_alt.c:686:6:mbedtls_ecp_group_init	16	static
../mbedtls/port/ksdk/ecp_alt.c:710:6:mbedtls_ecp_keypair_init	16	static
../mbedtls/port/ksdk/ecp_alt.c:722:6:mbedtls_ecp_point_free	8	static
../mbedtls/port/ksdk/ecp_alt.c:736:6:mbedtls_ecp_group_free	16	static
../mbedtls/port/ksdk/ecp_alt.c:765:6:mbedtls_ecp_keypair_free_o	8	static
../mbedtls/port/ksdk/ecp_alt.c:792:6:mbedtls_ecp_keypair_free	8	static
../mbedtls/port/ksdk/ecp_alt.c:801:5:mbedtls_ecp_copy	16	static
../mbedtls/port/ksdk/ecp_alt.c:818:5:mbedtls_ecp_group_copy	0	static
../mbedtls/port/ksdk/ecp_alt.c:829:5:mbedtls_ecp_set_zero	8	static
../mbedtls/port/ksdk/ecp_alt.c:845:5:mbedtls_ecp_is_zero	8	static
../mbedtls/port/ksdk/ecp_alt.c:855:5:mbedtls_ecp_point_cmp	16	static
../mbedtls/port/ksdk/ecp_alt.c:873:5:mbedtls_ecp_point_read_string	16	static
../mbedtls/port/ksdk/ecp_alt.c:892:5:mbedtls_ecp_point_write_binary	32	static
../mbedtls/port/ksdk/ecp_alt.c:965:5:mbedtls_ecp_point_read_binary	24	static
../mbedtls/port/ksdk/ecp_alt.c:1033:5:mbedtls_ecp_tls_read_point	32	static
../mbedtls/port/ksdk/ecp_alt.c:1071:5:mbedtls_ecp_tls_write_point	32	static
../mbedtls/port/ksdk/ecp_alt.c:1107:5:mbedtls_ecp_tls_read_group_o	4	static
../mbedtls/port/ksdk/ecp_alt.c:1137:5:mbedtls_ecp_tls_read_group	4	static
../mbedtls/port/ksdk/ecp_alt.c:1148:5:mbedtls_ecp_tls_read_group_id	0	static
../mbedtls/port/ksdk/ecp_alt.c:1190:5:mbedtls_ecp_tls_write_group	8	static
../mbedtls/port/ksdk/ecp_alt.c:2928:5:ecp_add	192	static
../mbedtls/port/ksdk/ecp_alt.c:3196:5:mbedtls_ecp_check_pubkey	48	static
../mbedtls/port/ksdk/ecp_alt.c:2757:5:mbedtls_ecp_mul_restartable	32	static
../mbedtls/port/ksdk/ecp_alt.c:2831:5:mbedtls_ecp_mul	40	static
../mbedtls/port/ksdk/ecp_alt.c:3579:12:self_test_point.constprop	80	static
../mbedtls/port/ksdk/ecp_alt.c:3223:5:mbedtls_ecp_check_privkey	16	static
../mbedtls/port/ksdk/ecp_alt.c:3312:5:mbedtls_ecp_gen_privkey	16	static
../mbedtls/port/ksdk/ecp_alt.c:3339:5:mbedtls_ecp_gen_keypair_base	40	static
../mbedtls/port/ksdk/ecp_alt.c:3362:5:mbedtls_ecp_gen_keypair	40	static
../mbedtls/port/ksdk/ecp_alt.c:3378:5:mbedtls_ecp_gen_key	40	static
../mbedtls/port/ksdk/ecp_alt.c:3396:5:mbedtls_ecp_read_key	24	static
../mbedtls/port/ksdk/ecp_alt.c:3464:5:mbedtls_ecp_write_key	0	static
../mbedtls/port/ksdk/ecp_alt.c:3501:5:mbedtls_ecp_check_pub_priv	216	static
../mbedtls/port/ksdk/ecp_alt.c:3632:5:mbedtls_ecp_self_test	280	static
