../mbedtls/port/ksdk/ksdk_mbedtls.c:313:10:CRYPTO_InitHardware	96	static
../mbedtls/port/ksdk/ksdk_mbedtls.c:4882:5:mbedtls_rsa_public	72	static
../mbedtls/port/ksdk/ksdk_mbedtls.c:5638:6:mbedtls_sha1_init	0	static
../mbedtls/port/ksdk/ksdk_mbedtls.c:5645:6:mbedtls_sha1_free	0	static
../mbedtls/port/ksdk/ksdk_mbedtls.c:5654:6:mbedtls_sha1_clone	0	static
../mbedtls/port/ksdk/ksdk_mbedtls.c:5662:5:mbedtls_sha1_starts_ret	8	static
../mbedtls/port/ksdk/ksdk_mbedtls.c:5672:5:mbedtls_internal_sha1_process	8	static
../mbedtls/port/ksdk/ksdk_mbedtls.c:5695:5:mbedtls_sha1_update_ret	8	static
../mbedtls/port/ksdk/ksdk_mbedtls.c:5718:5:mbedtls_sha1_finish_ret	16	static
../mbedtls/port/ksdk/ksdk_mbedtls.c:5742:6:mbedtls_sha1_starts	0	static
../mbedtls/port/ksdk/ksdk_mbedtls.c:5747:6:mbedtls_sha1_update	4	static
../mbedtls/port/ksdk/ksdk_mbedtls.c:5752:6:mbedtls_sha1_finish	16	static
../mbedtls/port/ksdk/ksdk_mbedtls.c:5757:6:mbedtls_sha1_process	0	static
../mbedtls/port/ksdk/ksdk_mbedtls.c:6442:6:mbedtls_sha256_init	0	static
../mbedtls/port/ksdk/ksdk_mbedtls.c:6449:6:mbedtls_sha256_free	0	static
../mbedtls/port/ksdk/ksdk_mbedtls.c:6458:6:mbedtls_sha256_clone	0	static
../mbedtls/port/ksdk/ksdk_mbedtls.c:6466:5:mbedtls_sha256_starts_ret	8	static
../mbedtls/port/ksdk/ksdk_mbedtls.c:6478:5:mbedtls_internal_sha256_process	8	static
../mbedtls/port/ksdk/ksdk_mbedtls.c:6501:5:mbedtls_sha256_update_ret	8	static
../mbedtls/port/ksdk/ksdk_mbedtls.c:6524:5:mbedtls_sha256_finish_ret	16	static
../mbedtls/port/ksdk/ksdk_mbedtls.c:6548:6:mbedtls_sha256_starts	0	static
../mbedtls/port/ksdk/ksdk_mbedtls.c:6553:6:mbedtls_sha256_update	4	static
../mbedtls/port/ksdk/ksdk_mbedtls.c:6558:6:mbedtls_sha256_finish	16	static
../mbedtls/port/ksdk/ksdk_mbedtls.c:6563:6:mbedtls_sha256_process	0	static
../mbedtls/port/ksdk/ksdk_mbedtls.c:6583:5:mbedtls_hardware_poll	24	static
