../bt_ble/port/pal/mcux/ethal/ethal_fops.c:81:13:fops_file_write_buffer_queue_init	24	static
../bt_ble/port/pal/mcux/ethal/ethal_fops.c:141:11:EM_fops_get_current_directory	24	static
../bt_ble/port/pal/mcux/ethal/ethal_fops.c:193:11:EM_fops_get_file_attributes	304	static
../bt_ble/port/pal/mcux/ethal/ethal_fops.c:265:11:EM_fops_set_file_attributes	24	static
../bt_ble/port/pal/mcux/ethal/ethal_fops.c:298:11:EM_fops_access_first	320	static
../bt_ble/port/pal/mcux/ethal/ethal_fops.c:362:11:EM_fops_access_next	304	static
../bt_ble/port/pal/mcux/ethal/ethal_fops.c:414:11:EM_fops_access_close	16	static
../bt_ble/port/pal/mcux/ethal/ethal_fops.c:446:11:EM_fops_set_path_forward	24	static
../bt_ble/port/pal/mcux/ethal/ethal_fops.c:493:11:EM_fops_set_path_backward	16	static
../bt_ble/port/pal/mcux/ethal/ethal_fops.c:532:11:EM_fops_create_folder	24	static
../bt_ble/port/pal/mcux/ethal/ethal_fops.c:580:11:EM_fops_file_open	40	static
../bt_ble/port/pal/mcux/ethal/ethal_fops.c:650:11:EM_fops_file_write	56	static
../bt_ble/port/pal/mcux/ethal/ethal_fops.c:838:11:EM_fops_file_read	40	static
../bt_ble/port/pal/mcux/ethal/ethal_fops.c:935:11:EM_fops_file_put	24	static
../bt_ble/port/pal/mcux/ethal/ethal_fops.c:974:11:EM_fops_file_get	32	static
../bt_ble/port/pal/mcux/ethal/ethal_fops.c:1019:11:EM_fops_file_get_formatted	72	static
../bt_ble/port/pal/mcux/ethal/ethal_fops.c:1086:13:EM_fops_file_flush_pending_write	40	static
../bt_ble/port/pal/mcux/ethal/ethal_fops.c:1176:11:EM_fops_file_close	40	static
../bt_ble/port/pal/mcux/ethal/ethal_fops.c:1264:11:EM_fops_file_sync	32	static
../bt_ble/port/pal/mcux/ethal/ethal_fops.c:1313:11:EM_fops_object_delete	24	static
../bt_ble/port/pal/mcux/ethal/ethal_fops.c:1350:11:EM_fops_file_size	24	static
../bt_ble/port/pal/mcux/ethal/ethal_fops.c:1389:11:EM_fops_file_seek	40	static
../bt_ble/port/pal/mcux/ethal/ethal_fops.c:1450:11:EM_fops_file_copy	560	static
../bt_ble/port/pal/mcux/ethal/ethal_fops.c:1535:11:EM_fops_file_move	24	static
../bt_ble/port/pal/mcux/ethal/ethal_fops.c:1575:11:EM_vfops_create_object_name_safe	32	static
../bt_ble/port/pal/mcux/ethal/ethal_fops.c:1615:11:EM_vfops_set_path_backward	24	static
../bt_ble/port/pal/mcux/ethal/ethal_fops.c:1663:11:EM_vfops_set_path_forward	24	static
../bt_ble/port/pal/mcux/ethal/ethal_fops.c:1694:6:EM_fops_list_directory	16	static
../bt_ble/port/pal/mcux/ethal/ethal_fops.c:1699:13:fops_list_directory	352	static
../bt_ble/port/pal/mcux/ethal/ethal_fops.c:1742:13:fops_display_file_info	88	static
../bt_ble/port/pal/mcux/ethal/ethal_fops.c:1764:13:fops_idle	56	static
