../bt_ble/port/pal/mcux/ethal/ethal_os.c:36:6:EM_os_init	4	static
../bt_ble/port/pal/mcux/ethal/ethal_os.c:70:7:EM_thread_create	64	static
../bt_ble/port/pal/mcux/ethal/ethal_os.c:159:7:EM_thread_delete	24	static
../bt_ble/port/pal/mcux/ethal/ethal_os.c:195:7:EM_thread_attr_init	16	static
../bt_ble/port/pal/mcux/ethal/ethal_os.c:222:7:EM_thread_mutex_init	24	static
../bt_ble/port/pal/mcux/ethal/ethal_os.c:266:7:EM_thread_mutex_deinit	24	static
../bt_ble/port/pal/mcux/ethal/ethal_os.c:305:7:EM_thread_mutex_lock	24	static
../bt_ble/port/pal/mcux/ethal/ethal_os.c:340:7:EM_thread_mutex_unlock	24	static
../bt_ble/port/pal/mcux/ethal/ethal_os.c:381:7:EM_thread_cond_init	24	static
../bt_ble/port/pal/mcux/ethal/ethal_os.c:423:7:EM_thread_cond_deinit	24	static
../bt_ble/port/pal/mcux/ethal/ethal_os.c:468:7:EM_thread_cond_wait	24	static
../bt_ble/port/pal/mcux/ethal/ethal_os.c:517:7:EM_thread_cond_wait_timeout	32	static
../bt_ble/port/pal/mcux/ethal/ethal_os.c:558:7:EM_thread_cond_signal	24	static
../bt_ble/port/pal/mcux/ethal/ethal_os.c:594:8:EM_alloc_mem	24	static
../bt_ble/port/pal/mcux/ethal/ethal_os.c:618:6:EM_free_mem	16	static
../bt_ble/port/pal/mcux/ethal/ethal_os.c:639:6:EM_sleep	16	static
../bt_ble/port/pal/mcux/ethal/ethal_os.c:659:6:EM_usleep	16	static
../bt_ble/port/pal/mcux/ethal/ethal_os.c:680:6:EM_get_current_time	16	static
../bt_ble/port/pal/mcux/ethal/ethal_os.c:706:6:EM_get_local_time	16	static
../bt_ble/port/pal/mcux/ethal/ethal_os.c:735:7:EM_get_time_ms	8	static
../bt_ble/port/pal/mcux/ethal/ethal_os.c:754:8:EM_get_us_timestamp	48	static
../bt_ble/port/pal/mcux/ethal/ethal_os.c:789:6:EM_process_term_notify	16	static
../bt_ble/port/pal/mcux/ethal/ethal_os.c:830:8:EM_thread_get_stack_unused	16	static
