../mbedtls/library/common.h:66:30:mbedtls_buffer_offset	16	static
D:\Git\NXP\RT685\Q_dev_board_BT_V1_3_1\nxp_rt685_bu8\BT_Audio\Rt685Conversa_handsfree_cm33\mbedtls\include/psa/crypto_values.h:2164:19:mbedtls_svc_key_id_is_null	16	static
D:\Git\NXP\RT685\Q_dev_board_BT_V1_3_1\nxp_rt685_bu8\BT_Audio\Rt685Conversa_handsfree_cm33\mbedtls\include/psa/crypto_struct.h:335:36:psa_get_key_id	16	static
D:\Git\NXP\RT685\Q_dev_board_BT_V1_3_1\nxp_rt685_bu8\BT_Audio\Rt685Conversa_handsfree_cm33\mbedtls\include/psa/crypto_struct.h:362:34:psa_get_key_lifetime	16	static
D:\Git\NXP\RT685\Q_dev_board_BT_V1_3_1\nxp_rt685_bu8\BT_Audio\Rt685Conversa_handsfree_cm33\mbedtls\include/psa/crypto_struct.h:368:20:psa_extend_key_usage_flags	16	static
D:\Git\NXP\RT685\Q_dev_board_BT_V1_3_1\nxp_rt685_bu8\BT_Audio\Rt685Conversa_handsfree_cm33\mbedtls\include/psa/crypto_struct.h:379:20:psa_set_key_usage_flags	16	static
D:\Git\NXP\RT685\Q_dev_board_BT_V1_3_1\nxp_rt685_bu8\BT_Audio\Rt685Conversa_handsfree_cm33\mbedtls\include/psa/crypto_struct.h:411:20:psa_set_key_type	16	static
D:\Git\NXP\RT685\Q_dev_board_BT_V1_3_1\nxp_rt685_bu8\BT_Audio\Rt685Conversa_handsfree_cm33\mbedtls\include/psa/crypto_struct.h:426:30:psa_get_key_type	16	static
D:\Git\NXP\RT685\Q_dev_board_BT_V1_3_1\nxp_rt685_bu8\BT_Audio\Rt685Conversa_handsfree_cm33\mbedtls\include/psa/crypto_struct.h:432:20:psa_set_key_bits	16	static
D:\Git\NXP\RT685\Q_dev_board_BT_V1_3_1\nxp_rt685_bu8\BT_Audio\Rt685Conversa_handsfree_cm33\mbedtls\include/psa/crypto_struct.h:442:22:psa_get_key_bits	16	static
D:\Git\NXP\RT685\Q_dev_board_BT_V1_3_1\nxp_rt685_bu8\BT_Audio\Rt685Conversa_handsfree_cm33\mbedtls\include/psa/crypto_extra.h:582:32:mbedtls_ecc_group_to_psa	16	static
../mbedtls/library/psa_crypto_core.h:29:19:mbedtls_psa_safer_memcmp	32	static
../mbedtls/library/psa_crypto_slot_management.h:169:19:psa_key_lifetime_is_external	16	static
../mbedtls/library/psa_crypto_random_impl.h:79:20:mbedtls_psa_drbg_init	16	static
../mbedtls/library/psa_crypto_random_impl.h:92:20:mbedtls_psa_drbg_free	16	static
../mbedtls/library/psa_crypto_random_impl.h:169:19:mbedtls_psa_drbg_seed	32	static
../mbedtls/library/psa_crypto.c:82:12:key_type_is_raw_bytes	16	static
../mbedtls/library/psa_crypto.c:220:14:mbedtls_to_psa_error	24	static
../mbedtls/library/psa_crypto.c:485:22:mbedtls_ecc_group_of_psa	24	static
../mbedtls/library/psa_crypto.c:582:21:validate_unstructured_key_bit_size	16	static
../mbedtls/library/psa_crypto.c:657:38:psa_mac_key_can_do	16	static
../mbedtls/library/psa_crypto.c:683:14:psa_allocate_buffer_to_slot	16	static
../mbedtls/library/psa_crypto.c:699:14:psa_copy_key_material_into_slot	32	static
../mbedtls/library/psa_crypto.c:713:14:psa_import_key_into_slot	48	static
../mbedtls/library/psa_crypto.c:784:24:psa_key_policy_algorithm_intersection	48	static
../mbedtls/library/psa_crypto.c:883:12:psa_key_algorithm_permits	32	static
../mbedtls/library/psa_crypto.c:981:21:psa_key_policy_permits	24	static
../mbedtls/library/psa_crypto.c:1021:21:psa_restrict_key_policy	32	static
../mbedtls/library/psa_crypto.c:1057:21:psa_get_and_lock_key_slot_with_policy	32	static
../mbedtls/library/psa_crypto.c:1117:21:psa_get_and_lock_transparent_key_slot_with_policy	32	static
../mbedtls/library/psa_crypto.c:1138:14:psa_remove_key_data_from_memory	16	static
../mbedtls/library/psa_crypto.c:1155:14:psa_wipe_key_slot	24	static
../mbedtls/library/psa_crypto.c:1185:14:psa_destroy_key	32	static
../mbedtls/library/psa_crypto.c:1304:21:psa_get_rsa_public_exponent	48	static
../mbedtls/library/psa_crypto.c:1349:14:psa_get_key_attributes	40	static
../mbedtls/library/psa_crypto.c:1431:21:psa_export_key_buffer_internal	24	static
../mbedtls/library/psa_crypto.c:1447:14:psa_export_key_internal	40	static
../mbedtls/library/psa_crypto.c:1468:14:psa_export_key	120	static
../mbedtls/library/psa_crypto.c:1518:14:psa_export_public_key_internal	40	static
../mbedtls/library/psa_crypto.c:1573:14:psa_export_public_key	184	static
../mbedtls/library/psa_crypto.c:1637:21:psa_validate_key_policy	16	static
../mbedtls/library/psa_crypto.c:1667:21:psa_validate_key_attributes	32	static
../mbedtls/library/psa_crypto.c:1746:21:psa_start_key_creation	48	static
../mbedtls/library/psa_crypto.c:1878:21:psa_finish_key_creation	32	static
../mbedtls/library/psa_crypto.c:1955:13:psa_fail_key_creation	16	static
../mbedtls/library/psa_crypto.c:1993:21:psa_validate_optional_attributes	64	static
../mbedtls/library/psa_crypto.c:2061:14:psa_import_key	80	static
../mbedtls/library/psa_crypto.c:2179:21:psa_copy_key_material	24	static
../mbedtls/library/psa_crypto.c:2195:14:psa_copy_key	88	static
../mbedtls/library/psa_crypto.c:2273:12:is_hash_supported	16	static
../mbedtls/library/psa_crypto.c:2317:14:psa_hash_abort	24	static
../mbedtls/library/psa_crypto.c:2330:14:psa_hash_setup	24	static
../mbedtls/library/psa_crypto.c:2360:14:psa_hash_update	48	static
../mbedtls/library/psa_crypto.c:2390:21:psa_hash_finish_internal	32	static
../mbedtls/library/psa_crypto.c:2409:14:psa_hash_finish	64	static
../mbedtls/library/psa_crypto.c:2427:14:psa_hash_verify	120	static
../mbedtls/library/psa_crypto.c:2464:14:psa_hash_compute	88	static
../mbedtls/library/psa_crypto.c:2491:14:psa_hash_compare	144	static
../mbedtls/library/psa_crypto.c:2534:14:psa_hash_clone	24	static
../mbedtls/library/psa_crypto.c:2556:14:psa_mac_abort	24	static
../mbedtls/library/psa_crypto.c:2571:21:psa_mac_finalize_alg_and_key_validation	40	static
../mbedtls/library/psa_crypto.c:2624:21:psa_mac_setup	152	static
../mbedtls/library/psa_crypto.c:2685:14:psa_mac_sign_setup	24	static
../mbedtls/library/psa_crypto.c:2692:14:psa_mac_verify_setup	24	static
../mbedtls/library/psa_crypto.c:2699:14:psa_mac_update	48	static
../mbedtls/library/psa_crypto.c:2733:14:psa_mac_sign_finish	64	static
../mbedtls/library/psa_crypto.c:2792:14:psa_mac_verify_finish	56	static
../mbedtls/library/psa_crypto.c:2826:21:psa_mac_compute_internal	176	static
../mbedtls/library/psa_crypto.c:2892:14:psa_mac_compute	96	static
../mbedtls/library/psa_crypto.c:2919:14:psa_mac_verify	152	static
../mbedtls/library/psa_crypto.c:2964:21:psa_sign_verify_check_alg	24	static
../mbedtls/library/psa_crypto.c:3014:21:psa_sign_internal	168	static
../mbedtls/library/psa_crypto.c:3095:21:psa_verify_internal	96	static
../mbedtls/library/psa_crypto.c:3144:14:psa_sign_message_builtin	120	static
../mbedtls/library/psa_crypto.c:3179:14:psa_sign_message	96	static
../mbedtls/library/psa_crypto.c:3204:14:psa_verify_message_builtin	112	static
../mbedtls/library/psa_crypto.c:3238:14:psa_verify_message	88	static
../mbedtls/library/psa_crypto.c:3263:14:psa_sign_hash_builtin	48	static
../mbedtls/library/psa_crypto.c:3311:14:psa_sign_hash	96	static
../mbedtls/library/psa_crypto.c:3337:14:psa_verify_hash_builtin	40	static
../mbedtls/library/psa_crypto.c:3384:14:psa_verify_hash	88	static
../mbedtls/library/psa_crypto.c:3410:13:psa_rsa_oaep_set_padding_mode	32	static
../mbedtls/library/psa_crypto.c:3420:14:psa_asymmetric_encrypt	136	static
../mbedtls/library/psa_crypto.c:3538:14:psa_asymmetric_decrypt	136	static
../mbedtls/library/psa_crypto.c:3654:21:psa_generate_random_internal	32	static
../mbedtls/library/psa_crypto.c:3706:21:psa_cipher_setup	160	static
../mbedtls/library/psa_crypto.c:3778:14:psa_cipher_encrypt_setup	24	static
../mbedtls/library/psa_crypto.c:3785:14:psa_cipher_decrypt_setup	24	static
../mbedtls/library/psa_crypto.c:3792:14:psa_cipher_generate_iv	64	static
../mbedtls/library/psa_crypto.c:3849:14:psa_cipher_set_iv	48	static
../mbedtls/library/psa_crypto.c:3890:14:psa_cipher_update	88	static
../mbedtls/library/psa_crypto.c:3933:14:psa_cipher_finish	64	static
../mbedtls/library/psa_crypto.c:3972:14:psa_cipher_abort	16	static
../mbedtls/library/psa_crypto.c:3990:14:psa_cipher_encrypt	248	static
../mbedtls/library/psa_crypto.c:4072:14:psa_cipher_decrypt	224	static
../mbedtls/library/psa_crypto.c:4138:14:psa_aead_encrypt	208	static
../mbedtls/library/psa_crypto.c:4205:14:psa_aead_decrypt	208	static
../mbedtls/library/psa_crypto.c:4286:21:psa_key_derivation_start_hmac	72	static
../mbedtls/library/psa_crypto.c:4316:24:psa_key_derivation_get_kdf_alg	16	static
../mbedtls/library/psa_crypto.c:4326:14:psa_key_derivation_abort	24	static
../mbedtls/library/psa_crypto.c:4378:14:psa_key_derivation_get_capacity	16	static
../mbedtls/library/psa_crypto.c:4390:14:psa_key_derivation_set_capacity	16	static
../mbedtls/library/psa_crypto.c:4406:21:psa_key_derivation_hkdf_read	40	static
../mbedtls/library/psa_crypto.c:4488:21:psa_key_derivation_tls12_prf_generate_next_block	424	static
../mbedtls/library/psa_crypto.c:4608:21:psa_key_derivation_tls12_prf_read	40	static
../mbedtls/library/psa_crypto.c:4659:14:psa_key_derivation_output_bytes	80	static
../mbedtls/library/psa_crypto.c:4738:13:psa_des_set_key_parity	16	static
../mbedtls/library/psa_crypto.c:4752:21:psa_generate_derived_key_internal	160	static
../mbedtls/library/psa_crypto.c:4807:14:psa_key_derivation_output_key	40	static
../mbedtls/library/psa_crypto.c:4861:12:is_kdf_alg_supported	16	static
../mbedtls/library/psa_crypto.c:4881:21:psa_hash_try_support	256	static
../mbedtls/library/psa_crypto.c:4889:21:psa_key_derivation_set_maximum_capacity	32	static
../mbedtls/library/psa_crypto.c:4934:21:psa_key_derivation_setup_kdf	24	static
../mbedtls/library/psa_crypto.c:4951:21:psa_key_agreement_try_support	16	static
../mbedtls/library/psa_crypto.c:4963:14:psa_key_derivation_setup	32	static
../mbedtls/library/psa_crypto.c:5003:21:psa_hkdf_input	32	static
../mbedtls/library/psa_crypto.c:5079:21:psa_tls12_prf_set_seed	24	static
../mbedtls/library/psa_crypto.c:5102:21:psa_tls12_prf_set_key	24	static
../mbedtls/library/psa_crypto.c:5125:21:psa_tls12_prf_set_label	24	static
../mbedtls/library/psa_crypto.c:5148:21:psa_tls12_prf_input	24	static
../mbedtls/library/psa_crypto.c:5168:21:psa_tls12_prf_psk_to_ms_set_key	296	static
../mbedtls/library/psa_crypto.c:5203:21:psa_tls12_prf_psk_to_ms_input	24	static
../mbedtls/library/psa_crypto.c:5227:12:psa_key_derivation_check_input_type	16	static
../mbedtls/library/psa_crypto.c:5255:21:psa_key_derivation_input_internal	40	static
../mbedtls/library/psa_crypto.c:5310:14:psa_key_derivation_input_bytes	56	static
../mbedtls/library/psa_crypto.c:5331:14:psa_key_derivation_input_key	48	static
../mbedtls/library/psa_crypto.c:5370:21:psa_key_agreement_ecdh	280	static
../mbedtls/library/psa_crypto.c:5432:21:psa_key_agreement_raw_internal	48	static
../mbedtls/library/psa_crypto.c:5482:21:psa_key_agreement_internal	120	static
../mbedtls/library/psa_crypto.c:5517:14:psa_key_derivation_key_agreement	64	static
../mbedtls/library/psa_crypto.c:5561:14:psa_raw_key_agreement	112	static
../mbedtls/library/psa_crypto.c:5646:13:mbedtls_psa_random_init	16	static
../mbedtls/library/psa_crypto.c:5678:13:mbedtls_psa_random_free	16	static
../mbedtls/library/psa_crypto.c:5690:21:mbedtls_psa_random_seed	24	static
../mbedtls/library/psa_crypto.c:5704:14:psa_generate_random	56	static
../mbedtls/library/psa_crypto.c:5785:21:psa_validate_key_type_and_size_for_key_generation	24	static
../mbedtls/library/psa_crypto.c:5823:14:psa_generate_key_internal	32	static
../mbedtls/library/psa_crypto.c:5875:14:psa_generate_key	32	static
../mbedtls/library/psa_crypto.c:5955:14:mbedtls_psa_crypto_configure_entropy_sources	16	static
../mbedtls/library/psa_crypto.c:5968:6:mbedtls_psa_crypto_free	8	static
../mbedtls/library/psa_crypto.c:6008:14:psa_crypto_init	16	static
../mbedtls/library/psa_crypto.c:6085:14:psa_crypto_copy_input	24	static
../mbedtls/library/psa_crypto.c:6124:14:psa_crypto_copy_output	24	static
../mbedtls/library/psa_crypto.c:6150:14:psa_crypto_local_input_alloc	40	static
../mbedtls/library/psa_crypto.c:6189:6:psa_crypto_local_input_free	16	static
../mbedtls/library/psa_crypto.c:6199:14:psa_crypto_local_output_alloc	40	static
../mbedtls/library/psa_crypto.c:6219:14:psa_crypto_local_output_free	24	static
