D:\Git\NXP\RT685\RT685-EVK_Conversa_HFP\nxp_rt685\Rt685Conversa_handsfree_cm33\drivers/fsl_usdhc.h:934:20:USDHC_EnableInterruptStatus	16	static
D:\Git\NXP\RT685\RT685-EVK_Conversa_HFP\nxp_rt685\Rt685Conversa_handsfree_cm33\drivers/fsl_usdhc.h:945:20:USDHC_DisableInterruptStatus	16	static
D:\Git\NXP\RT685\RT685-EVK_Conversa_HFP\nxp_rt685\Rt685Conversa_handsfree_cm33\drivers/fsl_usdhc.h:998:24:USDHC_GetInterruptStatusFlags	16	static
D:\Git\NXP\RT685\RT685-EVK_Conversa_HFP\nxp_rt685\Rt685Conversa_handsfree_cm33\drivers/fsl_usdhc.h:1009:20:USDHC_ClearInterruptStatusFlags	16	static
D:\Git\NXP\RT685\RT685-EVK_Conversa_HFP\nxp_rt685\Rt685Conversa_handsfree_cm33\drivers/fsl_usdhc.h:1031:24:USDHC_GetAdmaErrorStatusFlags	16	static
D:\Git\NXP\RT685\RT685-EVK_Conversa_HFP\nxp_rt685\Rt685Conversa_handsfree_cm33\drivers/fsl_usdhc.h:1044:24:USDHC_GetPresentStatusFlags	16	static
D:\Git\NXP\RT685\RT685-EVK_Conversa_HFP\nxp_rt685\Rt685Conversa_handsfree_cm33\drivers/fsl_usdhc.h:1070:20:USDHC_ForceClockOn	16	static
D:\Git\NXP\RT685\RT685-EVK_Conversa_HFP\nxp_rt685\Rt685Conversa_handsfree_cm33\drivers/fsl_usdhc.h:1130:20:USDHC_SetDataBusWidth	16	static
D:\Git\NXP\RT685\RT685-EVK_Conversa_HFP\nxp_rt685\Rt685Conversa_handsfree_cm33\drivers/fsl_usdhc.h:1194:20:USDHC_CardDetectByData3	16	static
D:\Git\NXP\RT685\RT685-EVK_Conversa_HFP\nxp_rt685\Rt685Conversa_handsfree_cm33\drivers/fsl_usdhc.h:1289:20:USDHC_EnableMmcBoot	16	static
D:\Git\NXP\RT685\RT685-EVK_Conversa_HFP\nxp_rt685\Rt685Conversa_handsfree_cm33\drivers/fsl_usdhc.h:1319:20:UDSHC_SelectVoltage	16	static
D:\Git\NXP\RT685\RT685-EVK_Conversa_HFP\nxp_rt685\Rt685Conversa_handsfree_cm33\drivers/fsl_usdhc.h:1360:20:USDHC_EnableAutoTuning	16	static
D:\Git\NXP\RT685\RT685-EVK_Conversa_HFP\nxp_rt685\Rt685Conversa_handsfree_cm33\drivers/fsl_usdhc.h:1410:24:USDHC_GetTuningDelayStatus	16	static
D:\Git\NXP\RT685\RT685-EVK_Conversa_HFP\nxp_rt685\Rt685Conversa_handsfree_cm33\drivers/fsl_usdhc.h:1444:20:USDHC_SetStandardTuningCounter	16	static
D:\Git\NXP\RT685\RT685-EVK_Conversa_HFP\nxp_rt685\Rt685Conversa_handsfree_cm33\drivers/fsl_usdhc.h:1467:24:USDHC_GetExecuteStdTuningStatus	16	static
D:\Git\NXP\RT685\RT685-EVK_Conversa_HFP\nxp_rt685\Rt685Conversa_handsfree_cm33\drivers/fsl_usdhc.h:1477:24:USDHC_CheckStdTuningResult	16	static
D:\Git\NXP\RT685\RT685-EVK_Conversa_HFP\nxp_rt685\Rt685Conversa_handsfree_cm33\drivers/fsl_usdhc.h:1487:24:USDHC_CheckTuningError	16	static
D:\Git\NXP\RT685\RT685-EVK_Conversa_HFP\nxp_rt685\Rt685Conversa_handsfree_cm33\drivers/fsl_usdhc.h:1510:20:USDHC_EnableHS400Mode	16	static
D:\Git\NXP\RT685\RT685-EVK_Conversa_HFP\nxp_rt685\Rt685Conversa_handsfree_cm33\drivers/fsl_usdhc.h:1538:20:USDHC_EnableStrobeDLL	16	static
../sdmmc/host/usdhc/blocking/fsl_sdmmc_host.c:50:10:SDMMCHOST_CardIntInit	16	static
../sdmmc/host/usdhc/blocking/fsl_sdmmc_host.c:57:10:SDMMCHOST_CardDetectInit	24	static
../sdmmc/host/usdhc/blocking/fsl_sdmmc_host.c:76:10:SDMMCHOST_CardDetectStatus	24	static
../sdmmc/host/usdhc/blocking/fsl_sdmmc_host.c:113:10:SDMMCHOST_PollingCardDetectStatus	32	static
../sdmmc/host/usdhc/blocking/fsl_sdmmc_host.c:160:10:SDMMCHOST_TransferFunction	32	static
../sdmmc/host/usdhc/blocking/fsl_sdmmc_host.c:215:13:SDMMCHOST_ErrorRecovery	24	static
../sdmmc/host/usdhc/blocking/fsl_sdmmc_host.c:234:6:SDMMCHOST_SetCardPower	16	static
../sdmmc/host/usdhc/blocking/fsl_sdmmc_host.c:239:6:SDMMCHOST_SetCardBusWidth	16	static
../sdmmc/host/usdhc/blocking/fsl_sdmmc_host.c:248:6:SDMMCHOST_ConvertDataToLittleEndian	56	static
../sdmmc/host/usdhc/blocking/fsl_sdmmc_host.c:284:10:SDMMCHOST_Init	32	static
../sdmmc/host/usdhc/blocking/fsl_sdmmc_host.c:352:6:SDMMCHOST_Reset	24	static
../sdmmc/host/usdhc/blocking/fsl_sdmmc_host.c:379:6:SDMMCHOST_Deinit	24	static
../sdmmc/host/usdhc/blocking/fsl_sdmmc_host.c:386:6:SDMMCHOST_SwitchToVoltage	16	static
../sdmmc/host/usdhc/blocking/fsl_sdmmc_host.c:401:17:SDMMCHOST_ExecuteStdTuning	96	static
../sdmmc/host/usdhc/blocking/fsl_sdmmc_host.c:480:17:SDMMC_CheckTuningResult	56	static
../sdmmc/host/usdhc/blocking/fsl_sdmmc_host.c:526:17:SDMMCHOST_ExecuteManualTuning	128	static
../sdmmc/host/usdhc/blocking/fsl_sdmmc_host.c:612:10:SDMMCHOST_ExecuteTuning	24	static
../sdmmc/host/usdhc/blocking/fsl_sdmmc_host.c:626:10:SDMMCHOST_StartBoot	56	static
../sdmmc/host/usdhc/blocking/fsl_sdmmc_host.c:655:10:SDMMCHOST_ReadBootData	96	static
