../edgefast/bluetooth/source/porting/thread/thread.c:77:13:_k_thread_function_wrap	0	static
../edgefast/bluetooth/source/porting/thread/thread.c:34:19:k_thread_stack_alloc	8	static
../edgefast/bluetooth/source/porting/thread/thread.c:62:5:k_thread_stack_free	16	static
../edgefast/bluetooth/source/porting/thread/thread.c:134:9:k_thread_create	64	static
../edgefast/bluetooth/source/porting/thread/thread.c:284:5:k_thread_join	16	static
../edgefast/bluetooth/source/porting/thread/thread.c:351:9:k_sleep	16	static
../edgefast/bluetooth/source/porting/thread/thread.c:383:9:k_usleep	16	static
../edgefast/bluetooth/source/porting/thread/thread.c:404:6:k_busy_wait	8	static
../edgefast/bluetooth/source/porting/thread/thread.c:420:6:k_can_yield	0	static
../edgefast/bluetooth/source/porting/thread/thread.c:432:6:k_yield	0	static
../edgefast/bluetooth/source/porting/thread/thread.c:446:6:k_wakeup	0	static
../edgefast/bluetooth/source/porting/thread/thread.c:468:9:k_sched_current_thread_query	16	static
../edgefast/bluetooth/source/porting/thread/thread.c:509:6:k_thread_abort	8	static
../edgefast/bluetooth/source/porting/thread/thread.c:531:6:k_thread_start	8	static
../edgefast/bluetooth/source/porting/thread/thread.c:598:5:k_thread_priority_get	0	static
../edgefast/bluetooth/source/porting/thread/thread.c:638:6:k_thread_priority_set	0	static
../edgefast/bluetooth/source/porting/thread/thread.c:788:6:k_thread_suspend	0	static
../edgefast/bluetooth/source/porting/thread/thread.c:803:6:k_thread_resume	8	static
../edgefast/bluetooth/source/porting/thread/thread.c:913:6:k_is_in_isr	0	static
../edgefast/bluetooth/source/porting/thread/thread.c:934:5:k_is_preempt_thread	8	static
../edgefast/bluetooth/source/porting/thread/thread.c:982:6:k_sched_lock	0	static
../edgefast/bluetooth/source/porting/thread/thread.c:994:6:k_sched_unlock	8	static
../edgefast/bluetooth/source/porting/thread/thread.c:1014:6:k_thread_custom_data_set	8	static
../edgefast/bluetooth/source/porting/thread/thread.c:1034:7:k_thread_custom_data_get	8	static
../edgefast/bluetooth/source/porting/thread/thread.c:1060:5:k_thread_name_set	16	static
../edgefast/bluetooth/source/porting/thread/thread.c:1093:13:k_thread_name_get	8	static
../edgefast/bluetooth/source/porting/thread/thread.c:1119:5:k_thread_name_copy	16	static
../edgefast/bluetooth/source/porting/thread/thread.c:1158:13:k_thread_state_str	48	static
../edgefast/bluetooth/source/porting/thread/thread.c:1212:9:k_uptime_ticks	8	static
