../edgefast/bluetooth/source/porting/queue/queue.c:272:13:slist_scan_callback	8	static
../edgefast/bluetooth/source/porting/queue/queue.c:62:6:bt_fifo_init	16	static
../edgefast/bluetooth/source/porting/queue/queue.c:87:6:bt_fifo_append	24	static
../edgefast/bluetooth/source/porting/queue/queue.c:109:6:bt_fifo_prepend	24	static
../edgefast/bluetooth/source/porting/queue/queue.c:129:6:bt_fifo_insert	32	static
../edgefast/bluetooth/source/porting/queue/queue.c:146:5:bt_fifo_append_list	32	static
../edgefast/bluetooth/source/porting/queue/queue.c:156:5:bt_fifo_merge_slist	24	static
../edgefast/bluetooth/source/porting/queue/queue.c:166:7:bt_fifo_get	40	static
../edgefast/bluetooth/source/porting/queue/queue.c:207:6:bt_fifo_remove	16	static
../edgefast/bluetooth/source/porting/queue/queue.c:214:6:bt_fifo_unique_append	24	static
../edgefast/bluetooth/source/porting/queue/queue.c:228:5:bt_fifo_is_empty	16	static
../edgefast/bluetooth/source/porting/queue/queue.c:235:7:bt_fifo_peek_head	16	static
../edgefast/bluetooth/source/porting/queue/queue.c:242:7:bt_fifo_peek_tail	16	static
../edgefast/bluetooth/source/porting/queue/queue.c:249:6:bt_fifo_scan	24	static
../edgefast/bluetooth/source/porting/queue/queue.c:256:5:bt_fifo_alloc_prepend	0	static
../edgefast/bluetooth/source/porting/queue/queue.c:261:5:bt_fifo_alloc_append	0	static
../edgefast/bluetooth/source/porting/queue/queue.c:266:6:bt_fifo_cancel_wait	0	static
../edgefast/bluetooth/source/porting/queue/queue.c:302:6:k_queue_init	16	static
../edgefast/bluetooth/source/porting/queue/queue.c:307:6:k_queue_cancel_wait	0	static
../edgefast/bluetooth/source/porting/queue/queue.c:312:6:k_queue_append	24	static
../edgefast/bluetooth/source/porting/queue/queue.c:319:9:k_queue_alloc_append	0	static
../edgefast/bluetooth/source/porting/queue/queue.c:330:6:k_queue_prepend	24	static
../edgefast/bluetooth/source/porting/queue/queue.c:336:9:k_queue_alloc_prepend	0	static
../edgefast/bluetooth/source/porting/queue/queue.c:347:6:k_queue_insert	32	static
../edgefast/bluetooth/source/porting/queue/queue.c:353:5:k_queue_append_list	32	static
../edgefast/bluetooth/source/porting/queue/queue.c:363:5:k_queue_merge_slist	32	static
../edgefast/bluetooth/source/porting/queue/queue.c:373:7:k_queue_get	0	static
../edgefast/bluetooth/source/porting/queue/queue.c:378:6:k_queue_remove	16	static
../edgefast/bluetooth/source/porting/queue/queue.c:383:6:k_queue_unique_append	24	static
../edgefast/bluetooth/source/porting/queue/queue.c:392:5:k_queue_is_empty	16	static
../edgefast/bluetooth/source/porting/queue/queue.c:397:7:k_queue_peek_head	16	static
../edgefast/bluetooth/source/porting/queue/queue.c:402:7:k_queue_peek_tail	16	static
