../wifi/wifidriver/sdio.c:74:11:set_ioport_inmlan	16	static
../wifi/wifidriver/sdio.c:79:14:wifi_get_sdio_ioport	4	static
../wifi/wifidriver/sdio.c:83:10:wifi_get_sdio_outbuf	16	static
../wifi/wifidriver/sdio.c:97:6:wlan_card_status	24	static
../wifi/wifidriver/sdio.c:119:6:calculate_sdio_write_params	24	static
../wifi/wifidriver/sdio.c:126:17:wlan_card_read_scratch_reg	16	static
../wifi/wifidriver/sdio.c:143:13:wlan_sdio_init_ioport	16	static
../wifi/wifidriver/sdio.c:202:7:wlan_card_read_f1_base_regs	16	static
../wifi/wifidriver/sdio.c:215:5:sdio_init	296	static
../wifi/wifidriver/sdio.c:272:5:sdio_ioport_init	8	static
../wifi/wifidriver/sdio.c:287:11:handle_cdint	16	static
