../source/app_handsfree.c:299:13:app_hfp_hf_get_config	0	static
../source/app_handsfree.c:276:6:indicator_status	8	static
../source/app_handsfree.c:287:6:app_list_current_calls	8	static
../source/app_handsfree.c:247:13:ring_cb	8	static
../source/app_handsfree.c:261:13:waiting_call	8	static
../source/app_handsfree.c:252:13:call_phnum	0	static
../source/app_handsfree.c:256:13:voicetag_phnum	0	static
../source/app_handsfree.c:242:13:battery	0	static
../source/app_handsfree.c:237:13:roam	0	static
../source/app_handsfree.c:232:13:signal	0	static
../source/app_handsfree.c:223:13:call_held	8	static
../source/app_handsfree.c:193:13:call	0	static
../source/app_handsfree.c:188:13:service	0	static
../source/app_handsfree.c:178:13:disconnected	8	static
../source/app_handsfree.c:213:13:call_setup	8	static
../source/app_handsfree.c:160:13:connected	48	static
../source/app_handsfree.c:124:6:hfp_hf_register_service	0	static
../source/app_handsfree.c:206:5:call_status	0	static
../source/app_handsfree.c:304:6:app_cmd_complete_cb	0	static
../source/app_handsfree.c:349:6:hfp_hf_init	8	static
../source/app_handsfree.c:360:5:app_hfp_hf_discover	8	static
../source/app_handsfree.c:422:6:hfp_AnswerCall	8	static
../source/app_handsfree.c:428:6:hfp_RejectCall	8	static
../source/app_handsfree.c:433:6:hfp_dial	0	static
../source/app_handsfree.c:437:6:dial_memory	0	static
../source/app_handsfree.c:441:6:hfp_last_dial	0	static
../source/app_handsfree.c:445:6:hfp_start_voice_recognition	0	static
../source/app_handsfree.c:450:6:hfp_hf_get_last_voice_tag_number	0	static
../source/app_handsfree.c:455:6:hfp_stop_voice_recognition	0	static
../source/app_handsfree.c:460:6:hfp_volume_update	0	static
../source/app_handsfree.c:464:6:hfp_enable_ccwa	0	static
../source/app_handsfree.c:475:6:hfp_enable_clip	0	static
../source/app_handsfree.c:487:6:hfp_multiparty_call_option	0	static
../source/app_handsfree.c:492:6:hfp_trigger_codec_connection	0	static
../source/app_handsfree.c:497:6:hfp_hf_query_list_current_calls	0	static
../source/app_handsfree.c:508:6:hfp_hf_a2dp_task	24	static
