../source/app_avrcp.c:2442:6:avrcp_send_result	0	static
../source/app_avrcp.c:2273:6:avrcp_browsing_rsp_received	32	static
../source/app_avrcp.c:2425:6:avrcp_control_disconnected	0	static
../source/app_avrcp.c:2430:6:avrcp_browsing_connected	8	static
../source/app_avrcp.c:2436:6:avrcp_browsing_disconnected	8	static
../source/app_avrcp.c:2853:6:avrcp_cover_art_connected	0	static
../source/app_avrcp.c:2858:6:avrcp_cover_art_disconnected	0	static
../source/app_avrcp.c:3374:16:app_sdp_avrcp_user	16	static
../source/app_avrcp.c:2400:6:avrcp_control_connected	32	static
../source/app_avrcp.c:2863:13:cover_art_get_image.constprop	24	static
../source/app_avrcp.c:3086:6:avrcp_cover_art_rsp_received	144	static
../source/app_avrcp.c:225:6:avrcp_op_id_print	0	static
../source/app_avrcp.c:586:6:avrcp_opcode_print	0	static
../source/app_avrcp.c:624:6:avrcp_response_type_print	0	static
../source/app_avrcp.c:701:6:register_player_event	0	static
../source/app_avrcp.c:710:6:avrcp_target_rsp_notify_cmd_interim	16	static
../source/app_avrcp.c:1257:6:avrcp_control_received	160	static
../source/app_avrcp.c:1308:6:avrcp_target_get_folder_items_send_reject	24	static
../source/app_avrcp.c:1315:6:avrcp_target_handle_get_folder_items_req	272	static
../source/app_avrcp.c:1490:6:avrcp_browsing_received	48	static
../source/app_avrcp.c:1582:6:avrcp_print_event_nofity_rsp	64	static
../source/app_avrcp.c:1719:6:avrcp_print_vendor_cmd_rsp_content	96	static
../source/app_avrcp.c:2157:6:avrcp_control_rsp_received	0	static
../source/app_avrcp.c:2267:13:avrcp_vendor_dependent_continue_rsp	16	static
../source/app_avrcp.c:1988:6:avrcp_print_vendor_cmd_rsp	0	static
../source/app_avrcp.c:2452:6:avrcp_play_button	16	static
../source/app_avrcp.c:2490:6:avrcp_pause_button	16	static
../source/app_avrcp.c:2527:6:avrcp_forward_backward	8	static
../source/app_avrcp.c:2571:6:avrcp_ct_set_absolute_volume	16	static
../source/app_avrcp.c:2586:6:avrcp_volume_up_down	0	static
../source/app_avrcp.c:2627:6:avrcp_ct_register_notification	24	static
../source/app_avrcp.c:2723:6:avrcp_ct_get_element_attributes	24	static
../source/app_avrcp.c:2747:5:cmd_init_ct	56	static
../source/app_avrcp.c:2777:5:cmd_init_tg	48	static
../source/app_avrcp.c:2804:6:avrcp_control_connect	8	static
../source/app_avrcp.c:2817:6:cmd_control_connect	8	static
../source/app_avrcp.c:2834:6:cmd_browsing_connect	8	static
../source/app_avrcp.c:2910:6:avrcp_cover_art_cmd_received	32	static
../source/app_avrcp.c:3186:7:avrcp_ca_init_initiator	24	static
../source/app_avrcp.c:3220:6:check_browsing_connected	8	static
../source/app_avrcp.c:3228:6:avrcp_play_folder_items	24	static
../source/app_avrcp.c:3278:6:avrcp_get_folder_items	40	static
../source/app_avrcp.c:3320:6:avrcp_browse_play_folder_items	24	static
../source/app_avrcp.c:3326:6:avrcp_get_playsong_detail	32	static
../source/app_avrcp.c:3346:7:avrcp_browse_get_folder_items	8	static
../source/app_avrcp.c:3352:7:avrcp_ca_get_image	24	static
../source/app_avrcp.c:3408:7:avrcp_ca_init_connect	8	static
../source/app_avrcp.c:3455:5:avrcp_tg_notify_playback_status_changed	16	static
../source/app_avrcp.c:3474:5:avrcp_tg_notify_track_changed	16	static
../source/app_avrcp.c:3495:5:avrcp_tg_notify_volume_changed	56	static
../source/app_avrcp.c:3532:6:avrcp_tg_set_absolute_volume	8	static
../source/app_avrcp.c:3548:5:avrcp_tg_notify	56	static
