../source/AudioIoCfg_I2s.c:704:6:I2SFrAmp_Callback	8	static
../source/AudioIoCfg_I2s.c:720:6:I2SToAmp_Callback	8	static
../source/AudioIoCfg_I2s.c:736:6:I2SRxFrNvt_Callback	8	static
../source/AudioIoCfg_I2s.c:788:6:I2STxToNvt_Callback	8	static
../source/AudioIoCfg_I2s.c:168:6:ClearDmaBuf_I2SFrAmp	8	static
../source/AudioIoCfg_I2s.c:173:6:ClearDmaBuf_I2SToAmp	8	static
../source/AudioIoCfg_I2s.c:178:6:ClearDmaBuf_I2STxToNvt	8	static
../source/AudioIoCfg_I2s.c:183:6:ClearDmaBuf_I2SRxFrNvt	8	static
../source/AudioIoCfg_I2s.c:190:6:EnableI2SFrAmpDmaChannel	0	static
../source/AudioIoCfg_I2s.c:194:6:EnableI2SToAmpDmaChannel	0	static
../source/AudioIoCfg_I2s.c:198:6:EnableI2STxToNvtDmaChannel	0	static
../source/AudioIoCfg_I2s.c:202:6:EnableI2SRxFrNvtDmaChannel	0	static
../source/AudioIoCfg_I2s.c:207:6:ImmediatelyStartI2SFrAmpDma	0	static
../source/AudioIoCfg_I2s.c:214:6:ImmediatelyStartI2SToAmpDma	0	static
../source/AudioIoCfg_I2s.c:221:6:ImmediatelyStartI2STxToNvtDma	0	static
../source/AudioIoCfg_I2s.c:228:6:ImmediatelyStartI2SRxFrNvtDma	0	static
../source/AudioIoCfg_I2s.c:237:6:BOARD_Init_DMA_I2S_FcTxToAmp	0	static
../source/AudioIoCfg_I2s.c:243:6:BOARD_Init_DMA_I2S_FcRxFrAmp	0	static
../source/AudioIoCfg_I2s.c:249:6:BOARD_Init_DMA_I2S_FcRxFrNvt	0	static
../source/AudioIoCfg_I2s.c:255:6:BOARD_Init_DMA_I2S_FcTxToNvt	0	static
../source/AudioIoCfg_I2s.c:261:6:BOARD_Init_I2S_FcRxFrAmp	40	static
../source/AudioIoCfg_I2s.c:294:6:BOARD_Init_I2S_FcTxToAmp	40	static
../source/AudioIoCfg_I2s.c:327:6:BOARD_Init_I2S_FcTxToNvt	40	static
../source/AudioIoCfg_I2s.c:361:6:BOARD_Init_I2S_FcRxFrNvt	40	static
../source/AudioIoCfg_I2s.c:397:5:GetI2SFrAmpDmaTransferringIsUsingBufAOrB	0	static
../source/AudioIoCfg_I2s.c:401:5:GetI2SToAmpDmaTransferringIsUsingBufAOrB	0	static
../source/AudioIoCfg_I2s.c:405:5:GetI2STxToNvtDmaTransferringIsUsingBufAOrB	0	static
../source/AudioIoCfg_I2s.c:409:5:GetI2SRxFrNvtDmaTransferringIsUsingBufAOrB	0	static
../source/AudioIoCfg_I2s.c:414:6:WaitForLRCKRisingEdge_FcTxToAmp	0	static
../source/AudioIoCfg_I2s.c:436:6:WaitForLRCKFallingEdge_FcTxToAmp	0	static
../source/AudioIoCfg_I2s.c:458:6:WaitForLRCKRisingEdge_FcRxFrAmp	0	static
../source/AudioIoCfg_I2s.c:480:6:WaitForLRCKFallingEdge_FcRxFrAmp	0	static
../source/AudioIoCfg_I2s.c:502:6:WaitForLRCKRisingEdge_FcRxFrNvt	0	static
../source/AudioIoCfg_I2s.c:524:6:WaitForLRCKFallingEdge_FcRxFrNvt	0	static
../source/AudioIoCfg_I2s.c:546:6:WaitForLRCKRisingEdge_FcTxToNvt	0	static
../source/AudioIoCfg_I2s.c:568:6:WaitForLRCKFallingEdge_FcTxToNvt	0	static
../source/AudioIoCfg_I2s.c:592:6:CloseI2sDma	8	static
../source/AudioIoCfg_I2s.c:616:6:CloseI2sAndI2sIntr	0	static
../source/AudioIoCfg_I2s.c:828:6:ConfigI2SRxFrAmpChainedDma	16	static
../source/AudioIoCfg_I2s.c:845:6:ConfigI2STxToAmpChainedDma	16	static
../source/AudioIoCfg_I2s.c:862:6:ConfigI2STxToNvtChainedDma	16	static
../source/AudioIoCfg_I2s.c:882:6:ConfigI2SRxFrNvtChainedDma	16	static
