../source/CircularBufManagement.c:25:6:InitCirAudioBuf_S8	0	static
../source/CircularBufManagement.c:34:6:CirAudioBuf_WriteSamples_S8	24	static
../source/CircularBufManagement.c:62:5:CirAudioBuf_ReadSamples_GetRdPtr_S8	16	static
../source/CircularBufManagement.c:91:5:CirAudioBuf_SpaceOccupiedInSamples_S8	0	static
../source/CircularBufManagement.c:104:5:CirAudioBuf_SpaceAvailableInSamples_S8	0	static
../source/CircularBufManagement.c:117:6:CirAudioBuf_ClearAllSamples_S8	0	static
../source/CircularBufManagement.c:123:4:CirAudioBuf_GetUsagePercentage_S8	4	static
../source/CircularBufManagement.c:146:6:InitCirAudioBuf_S16	0	static
../source/CircularBufManagement.c:156:6:CirAudioBuf_WriteSamples_S16	24	static
../source/CircularBufManagement.c:183:6:CirAudioBuf_ReadSamples_GetRdPtr_S16	16	static
../source/CircularBufManagement.c:210:5:CirAudioBuf_SpaceOccupiedInSamples_S16	0	static
../source/CircularBufManagement.c:224:5:CirAudioBuf_SpaceAvailableInSamples_S16	0	static
../source/CircularBufManagement.c:238:6:CirAudioBuf_ClearAllSamples_S16	0	static
../source/CircularBufManagement.c:246:6:CirAudioBuf_ReadSamples_S16	24	static
../source/CircularBufManagement.c:288:6:InitCirAudioBuf_S32	0	static
../source/CircularBufManagement.c:297:6:CirAudioBuf_WriteSamples_S32	24	static
../source/CircularBufManagement.c:323:6:CirAudioBuf_ReadSamples_GetRdPtr_S32	16	static
../source/CircularBufManagement.c:349:5:CirAudioBuf_SpaceOccupiedInSamples_S32	0	static
../source/CircularBufManagement.c:362:5:CirAudioBuf_SpaceAvailableInSamples_S32	0	static
../source/CircularBufManagement.c:375:6:CirAudioBuf_ClearAllSamples_S32	0	static
../source/CircularBufManagement.c:382:6:CirAudioBuf_ReadSamples_S32	24	static
../source/CircularBufManagement.c:425:6:InitCirAudioBuf_S64	0	static
../source/CircularBufManagement.c:434:6:CirAudioBuf_WriteSamples_S64	24	static
../source/CircularBufManagement.c:460:6:CirAudioBuf_ReadSamples_GetRdPtr_S64	16	static
../source/CircularBufManagement.c:485:6:CirAudioBuf_ReadSamples_S64	24	static
../source/CircularBufManagement.c:511:5:CirAudioBuf_SpaceOccupiedInSamples_S64	0	static
../source/CircularBufManagement.c:524:5:CirAudioBuf_SpaceAvailableInSamples_S64	0	static
../source/CircularBufManagement.c:537:6:CirAudioBuf_ClearAllSamples_S64	0	static
../source/CircularBufManagement.c:557:6:InitCirUacUpAudioBuf_MultiCh	0	static
../source/CircularBufManagement.c:565:6:CirUacUpAudioBuf_WriteSamples_MultiCh	24	static
../source/CircularBufManagement.c:588:29:CirUacUpAudioBuf_ReadSamples_GetRdPtr_MultiCh	16	static
../source/CircularBufManagement.c:612:5:CirUacUpAudioBuf_SpaceOccupiedInSamples_MultiCh	0	static
../source/CircularBufManagement.c:625:5:CirUacUpAudioBuf_SpaceAvailableInSamples_MultiCh	0	static
../source/CircularBufManagement.c:637:6:CirUacUpAudioBuf_ClearAllSamples_MultiCh	0	static
../source/CircularBufManagement.c:655:6:InitCirUacDnAudioBuf_MultiCh	0	static
../source/CircularBufManagement.c:663:6:CirUacDnAudioBuf_WriteSamples_MultiCh	24	static
../source/CircularBufManagement.c:686:29:CirUacDnAudioBuf_ReadSamples_GetRdPtr_MultiCh	16	static
../source/CircularBufManagement.c:710:5:CirUacDnAudioBuf_SpaceOccupiedInSamples_MultiCh	0	static
../source/CircularBufManagement.c:723:5:CirUacDnAudioBuf_SpaceAvailableInSamples_MultiCh	0	static
../source/CircularBufManagement.c:735:6:CirUacDnAudioBuf_ClearAllSamples_MultiCh	0	static
