../source/MainAudioFlow.c:341:6:MoveUacAudioToDspSharedUacDnBuf.constprop	24	static
../source/MainAudioFlow.c:145:6:CopyMicAudioDataFromDmaBufferToSharedVarMicBuf.constprop	24	static
../source/MainAudioFlow.c:127:5:CheckTimePoint_CurrentIntrIsAStartingOne	24	static
../source/MainAudioFlow.c:145:6:CopyMicAudioDataFromDmaBufferToSharedVarMicBuf	24	static
../source/MainAudioFlow.c:297:6:SetI2SBufferABSelect	16	static
../source/MainAudioFlow.c:341:6:MoveUacAudioToDspSharedUacDnBuf	32	static
../source/MainAudioFlow.c:451:6:PrintWatchToUartComAndUsbCom	4	static
../source/MainAudioFlow.c:521:6:ProcessAudio_AfterAudioInputBufIsReady_HfpCall	280	static
../source/MainAudioFlow.c:625:6:ProcessAudio_AfterAudioInputBufIsReady_HomeVitStandBy	8	static
../source/MainAudioFlow.c:671:6:ProcessAudio_AfterAudioInputBufIsReady_AudioIoDbg	16	static
../source/MainAudioFlow.c:733:6:ProcessAudio_AfterAudioInputBufIsReady_VideoRecording	0	static
../source/MainAudioFlow.c:737:6:ProcessAudio_AfterAudioInputBufIsReady_MediaPlayer	16	static
../source/MainAudioFlow.c:791:6:ProcessAudio_AfterAudioInputBufIsReady_MusicPlayer	8	static
../source/MainAudioFlow.c:830:6:ProcessAudio_AfterAudioInputBufIsReady_Translation	0	static
../source/MainAudioFlow.c:834:6:ProcessAudio_AfterAudioInputBufIsReady_AiConversation	0	static
../source/MainAudioFlow.c:838:6:ProcessAudio_AfterAudioInputBufIsReady_VideoAi	0	static
../source/MainAudioFlow.c:850:6:PutAudioDataFromDspToUacUpCirBuffer	24	static
../source/MainAudioFlow.c:882:6:MoveAudioDataFromDspToUacUpCirBuf	32	static
../source/MainAudioFlow.c:918:6:MoveAudioDataFromDspToI2SDmaBufAmp	12	static
../source/MainAudioFlow.c:948:6:MoveAudioDataFromDspToI2SDmaBufNvt	12	static
../source/MainAudioFlow.c:979:6:McuMainAudioFlowFinalize_HfpCall	544	static
../source/MainAudioFlow.c:1113:6:McuMainAudioFlowFinalize_HomeVitStandBy	24	static
../source/MainAudioFlow.c:1131:6:McuMainAudioFlowFinalize_AudioIoDbg	24	static
../source/MainAudioFlow.c:1157:6:McuMainAudioFlowFinalize_VideoRecording	0	static
../source/MainAudioFlow.c:1161:6:McuMainAudioFlowFinalize_MediaPlayer	0	static
../source/MainAudioFlow.c:1166:6:McuMainAudioFlowFinalize_MusicPlayer	24	static
../source/MainAudioFlow.c:1179:6:McuMainAudioFlowFinalize_Translation	0	static
../source/MainAudioFlow.c:1183:6:McuMainAudioFlowFinalize_AiConversation	0	static
../source/MainAudioFlow.c:1187:6:McuMainAudioFlowFinalize_VideoAi	0	static
../source/MainAudioFlow.c:1193:5:WaitForDspFinishesItsJob	24	static
../source/MainAudioFlow.c:1219:6:InitPdm	24	static
../source/MainAudioFlow.c:1236:6:InitAmpI2S	24	static
../source/MainAudioFlow.c:1254:6:InitNvtI2S	24	static
../source/MainAudioFlow.c:1272:6:InitAudioInterface_AudioIoDebug	24	static
../source/MainAudioFlow.c:1345:6:InitAudioInterface_HfpCall	24	static
../source/MainAudioFlow.c:1407:6:InitAudioInterface_HomeVitStandby	24	static
../source/MainAudioFlow.c:1464:6:InitAudioInterface_VideoRecording	16	static
../source/MainAudioFlow.c:1478:6:InitAudioInterface_MediaPlayer	16	static
../source/MainAudioFlow.c:1489:6:InitAudioInterface_MusicPlayer	32	static
../source/MainAudioFlow.c:1599:6:InitAudioInterface_Translation	16	static
../source/MainAudioFlow.c:1608:6:InitAudioInterface_AiConversation	16	static
../source/MainAudioFlow.c:1617:6:InitAudioInterface_VideoAi	0	static
../source/MainAudioFlow.c:1624:6:Deinit_GeneralAudio	16	static
../source/MainAudioFlow.c:1678:6:DeInitAudioInterface_AudioIoDebug	8	static
../source/MainAudioFlow.c:1738:6:DeInitAudioInterface_HfpCall	16	static
../source/MainAudioFlow.c:1755:6:DeInitAudioInterface_HomeVitStandby	16	static
../source/MainAudioFlow.c:1774:6:DeInitAudioInterface_VideoRecording	16	static
../source/MainAudioFlow.c:1787:6:DeInitAudioInterface_MediaPlayer	16	static
../source/MainAudioFlow.c:1804:6:DeInitAudioInterface_MusicPlayer	16	static
../source/MainAudioFlow.c:1823:6:DeInitAudioInterface_Translation	0	static
../source/MainAudioFlow.c:1836:6:DeInitAudioInterface_AiConversation	0	static
../source/MainAudioFlow.c:1849:6:DeInitAudioInterface_VideoAi	0	static
