../source/pin_mux.c:101:6:BOARD_InitPins	0	static
../source/pin_mux.c:266:6:PCA9422_I3C	0	static
../source/pin_mux.c:356:6:BOARD_InitDEBUG_UARTPins	0	static
../source/pin_mux.c:508:6:BOARD_InitFlexSPIFlashPins	0	static
../source/pin_mux.c:759:6:BOARD_InitPSRAMPins	0	static
../source/pin_mux.c:1027:6:BOARD_InitUSDHC0Pins	0	static
../source/pin_mux.c:1222:6:BOARD_InitLEDsPins	32	static
../source/pin_mux.c:1335:6:BOARD_InitBUTTONsPins	24	static
../source/pin_mux.c:1426:6:BOARD_InitACCELPins	24	static
../source/pin_mux.c:1552:6:BOARD_InitI3CPinsAsGPIO	24	static
../source/pin_mux.c:1638:6:BOARD_InitI3CPins	0	static
../source/pin_mux.c:1744:6:BOARD_InitUSDHCPins	4	static
../source/pin_mux.c:2004:6:BOARD_InitArduinoUARTPins	0	static
../source/pin_mux.c:2205:6:BOARD_Init_Audio_Pins	0	static
../source/pin_mux.c:2318:6:BOARD_InitFlexSPI0APins	0	static
../source/pin_mux.c:2759:6:BOARD_InitScoPins	0	static
../source/pin_mux.c:2954:6:BOARD_InitFourDbgPins	40	static
../source/pin_mux.c:48:6:BOARD_InitBootPins	24	static
../source/pin_mux.c:3103:6:BOARD_InitDmicPins	0	static
../source/pin_mux.c:3264:6:BOARD_Init_RTvsNT_Audio_Pins	0	static
