../source/sco_audio_pl_ext.c:199:13:rxSpeakerCallback	40	static
../source/sco_audio_pl_ext.c:140:13:txMicCallback	32	static
../source/sco_audio_pl_ext.c:514:6:AudioFlow_Task	24	static
../source/sco_audio_pl_ext.c:134:6:SCO_AudioFlow_SemaphorePost	0	static
../source/sco_audio_pl_ext.c:261:6:DeinitHfpVariables	16	static
../source/sco_audio_pl_ext.c:277:6:DeInitCodec	8	static
../source/sco_audio_pl_ext.c:297:6:InitAndStartCodec	8	static
../source/sco_audio_pl_ext.c:365:6:InitHfpAudioIntfToBT	16	static
../source/sco_audio_pl_ext.c:391:6:MU_A_IRQHandler	8	static
../source/sco_audio_pl_ext.c:441:6:ButtonEventProcess	24	static
../source/sco_audio_pl_ext.c:575:6:StartAudioTask	24	static
../source/sco_audio_pl_ext.c:612:6:sco_audio_init_pl_ext	8	static
../source/sco_audio_pl_ext.c:617:6:sco_audio_shutdown_pl_ext	8	static
../source/sco_audio_pl_ext.c:623:12:sco_audio_setup_pl_ext	24	static
../source/sco_audio_pl_ext.c:642:6:sco_audio_start	40	static
../source/sco_audio_pl_ext.c:702:12:sco_audio_start_pl_ext	24	static
../source/sco_audio_pl_ext.c:714:12:sco_audio_stop_pl_ext	8	static
../source/sco_audio_pl_ext.c:729:12:sco_audio_set_speaker_volume_ext	24	static
../source/sco_audio_pl_ext.c:746:6:sco_audio_play_ringtone_pl_ext	16	static
../source/sco_audio_pl_ext.c:759:6:sco_audio_play_ringtone_exit_pl_ext	32	static
