../source/WorkStateManager.c:82:6:WorkStateDeInit	8	static
../source/WorkStateManager.c:140:5:WorkStateInit	8	static
../source/WorkStateManager.c:211:6:VocEvtProc_HfpCall	8	static
../source/WorkStateManager.c:228:6:AppEvtProc_HfpCall	16	static
../source/WorkStateManager.c:252:6:VocEvtProc_HomeVitStandby	8	static
../source/WorkStateManager.c:269:6:AppEvtProc_HomeVitStandby	0	static
../source/WorkStateManager.c:273:6:VocEvtProc_AudioIoDbg	0	static
../source/WorkStateManager.c:303:6:AppEvtProc_AudioIoDbg	0	static
../source/WorkStateManager.c:307:6:VocEvtProc_VideoRecording	0	static
../source/WorkStateManager.c:327:6:AppEvtProc_VideoRecording	0	static
../source/WorkStateManager.c:331:6:VocEvtProc_MediaPlayer	8	static
../source/WorkStateManager.c:364:6:AppEvtProc_MediaPlayer	0	static
../source/WorkStateManager.c:369:6:VocEvtProc_MusicPlayer	8	static
../source/WorkStateManager.c:410:6:AppEvtProc_MusicPlayer	0	static
../source/WorkStateManager.c:435:6:VocEvtProc_Translation	0	static
../source/WorkStateManager.c:455:6:AppEvtProc_Translation	0	static
../source/WorkStateManager.c:459:6:VocEvtProc_AiConversation	0	static
../source/WorkStateManager.c:479:6:AppEvtProc_AiConversation	0	static
../source/WorkStateManager.c:483:6:VocEvtProc_VideoAi	0	static
../source/WorkStateManager.c:503:6:AppEvtProc_VideoAi	0	static
../source/WorkStateManager.c:512:5:IncreasePrintBufIdx	0	static
../source/WorkStateManager.c:519:5:FreeSpaceOfThePrintBuf	0	static
../source/WorkStateManager.c:528:5:UsedSpaceOfThePrintBuf	0	static
../source/WorkStateManager.c:539:6:Manager_Task	24	static
