D:\Git\NXP\RT685\RT685-EVK_Conversa_HFP\nxp_rt685\Rt685Conversa_handsfree_cm33\edgefast\bluetooth\include/sys/byteorder.h:385:20:sys_put_le16	16	static
D:\Git\NXP\RT685\RT685-EVK_Conversa_HFP\nxp_rt685\Rt685Conversa_handsfree_cm33\edgefast\bluetooth\include/sys/byteorder.h:400:20:sys_put_le24	16	static
D:\Git\NXP\RT685\RT685-EVK_Conversa_HFP\nxp_rt685\Rt685Conversa_handsfree_cm33\edgefast\bluetooth\include/net/buf.h:1495:21:net_buf_add	16	static
D:\Git\NXP\RT685\RT685-EVK_Conversa_HFP\nxp_rt685\Rt685Conversa_handsfree_cm33\edgefast\bluetooth\include/bluetooth/addr.h:243:19:bt_addr_le_to_str	80	static
../source/app_handsfree.c:114:13:auth_cancel	48	static
../source/app_handsfree.c:123:13:passkey_display	16	static
../source/app_handsfree.c:143:13:connected	16	static
../source/app_handsfree.c:161:13:disconnected	16	static
../source/app_handsfree.c:171:13:service	16	static
../source/app_handsfree.c:176:13:call	16	static
../source/app_handsfree.c:189:13:call_setup	16	static
../source/app_handsfree.c:194:13:call_held	16	static
../source/app_handsfree.c:203:13:signal	16	static
../source/app_handsfree.c:208:13:roam	16	static
../source/app_handsfree.c:213:13:battery	16	static
../source/app_handsfree.c:218:13:ring_cb	16	static
../source/app_handsfree.c:223:13:call_phnum	16	static
../source/app_handsfree.c:227:13:voicetag_phnum	16	static
../source/app_handsfree.c:232:13:waiting_call	16	static
../source/app_handsfree.c:247:6:indicator_status	16	static
../source/app_handsfree.c:258:6:app_list_current_calls	16	static
../source/app_handsfree.c:270:13:app_hfp_hf_get_config	16	static
../source/app_handsfree.c:275:6:app_cmd_complete_cb	16	static
../source/app_handsfree.c:310:13:handsfree_enable	16	static
../source/app_handsfree.c:321:5:app_hfp_hf_discover	24	static
../source/app_handsfree.c:336:13:bt_ready	24	static
../source/app_handsfree.c:379:6:hfp_AnswerCall	8	static
../source/app_handsfree.c:385:6:hfp_RejectCall	8	static
../source/app_handsfree.c:390:6:hfp_dial	16	static
../source/app_handsfree.c:394:6:dial_memory	16	static
../source/app_handsfree.c:398:6:hfp_last_dial	8	static
../source/app_handsfree.c:402:6:hfp_start_voice_recognition	8	static
../source/app_handsfree.c:407:6:hfp_hf_get_last_voice_tag_number	8	static
../source/app_handsfree.c:412:6:hfp_stop_voice_recognition	8	static
../source/app_handsfree.c:417:6:hfp_volume_update	16	static
../source/app_handsfree.c:421:6:hfp_enable_ccwa	16	static
../source/app_handsfree.c:432:6:hfp_enable_clip	16	static
../source/app_handsfree.c:444:6:hfp_multiparty_call_option	16	static
../source/app_handsfree.c:449:6:hfp_trigger_codec_connection	8	static
../source/app_handsfree.c:454:6:hfp_hf_query_list_current_calls	8	static
../source/app_handsfree.c:459:6:peripheral_hfp_hf_task	24	static
