../source/audio_unified.c:89:14:USB_DeviceAudioRequest	40	static
../source/audio_unified.c:557:6:USB_MicUpStreamDataRateControl_AdjustPacketLength	24	static
../source/audio_unified.c:629:14:USB_DeviceAudioCompositeCallback	48	static
../source/audio_unified.c:762:6:USB_DeviceAudioSpeakerStatusReset	4	static
../source/audio_unified.c:797:14:USB_DeviceAudioCompositeSetConfigure	16	static
../source/audio_unified.c:808:14:USB_DeviceAudioRecorderSetInterface	24	static
../source/audio_unified.c:845:14:USB_DeviceAudioSpeakerSetInterface	24	static
../source/audio_unified.c:899:14:USB_DeviceAudioCompositeInit	16	static
../source/audio_unified.c:1003:6:USB_AudioSpeakerResetTask	8	static
