D:\Git\NXP\RT685\NXP_RT685_BU8\nxp_rt685_bu8\BT_Audio\Rt685Conversa_handsfree_cm33\CMSIS/core_cm33.h:2358:22:__NVIC_EnableIRQ	16	static
D:\Git\NXP\RT685\NXP_RT685_BU8\nxp_rt685_bu8\BT_Audio\Rt685Conversa_handsfree_cm33\CMSIS/core_cm33.h:2396:22:__NVIC_DisableIRQ	16	static
D:\Git\NXP\RT685\NXP_RT685_BU8\nxp_rt685_bu8\BT_Audio\Rt685Conversa_handsfree_cm33\CMSIS/core_cm33.h:2555:22:__NVIC_SetPriority	16	static
D:\Git\NXP\RT685\NXP_RT685_BU8\nxp_rt685_bu8\BT_Audio\Rt685Conversa_handsfree_cm33\drivers/fsl_common_arm.h:672:24:EnableIRQ	24	static
D:\Git\NXP\RT685\NXP_RT685_BU8\nxp_rt685_bu8\BT_Audio\Rt685Conversa_handsfree_cm33\drivers/fsl_common_arm.h:722:24:DisableIRQ	24	static
D:\Git\NXP\RT685\NXP_RT685_BU8\nxp_rt685_bu8\BT_Audio\Rt685Conversa_handsfree_cm33\drivers/fsl_gpio.h:153:20:GPIO_PinWrite	24	static
D:\Git\NXP\RT685\NXP_RT685_BU8\nxp_rt685_bu8\BT_Audio\Rt685Conversa_handsfree_cm33\drivers/fsl_dma.h:405:20:DMA_EnableChannel	16	static
D:\Git\NXP\RT685\NXP_RT685_BU8\nxp_rt685_bu8\BT_Audio\Rt685Conversa_handsfree_cm33\drivers/fsl_dma.h:418:20:DMA_DisableChannel	16	static
D:\Git\NXP\RT685\NXP_RT685_BU8\nxp_rt685_bu8\BT_Audio\Rt685Conversa_handsfree_cm33\drivers/fsl_dma.h:515:20:DMA_SetChannelPriority	24	static
D:\Git\NXP\RT685\NXP_RT685_BU8\nxp_rt685_bu8\BT_Audio\Rt685Conversa_handsfree_cm33\drivers/fsl_i2s.h:463:20:I2S_DisableInterrupts	16	static
../source/AudioIoCfg_I2s.c:100:6:ClearDmaBuf_I2S3Tx0	8	static
../source/AudioIoCfg_I2s.c:105:6:ClearDmaBuf_I2S1Rx0	8	static
../source/AudioIoCfg_I2s.c:112:6:EnableI2S3Tx0DmaChannel	4	static
../source/AudioIoCfg_I2s.c:116:6:EnableI2S1Rx0DmaChannel	4	static
../source/AudioIoCfg_I2s.c:122:6:ImmediatelyStartI2S1Dma	8	static
../source/AudioIoCfg_I2s.c:129:6:ImmediatelyStartI2S3Dma	8	static
../source/AudioIoCfg_I2s.c:137:6:BOARD_Init_DMA_I2S_Fc1	8	static
../source/AudioIoCfg_I2s.c:143:6:BOARD_Init_DMA_I2S_Fc3	8	static
../source/AudioIoCfg_I2s.c:149:6:BOARD_Init_I2S_Fc3	32	static
../source/AudioIoCfg_I2s.c:168:6:BOARD_Init_I2S_Fc1	32	static
../source/AudioIoCfg_I2s.c:189:5:GetI2S1DmaTransferringIsUsingBufAOrB	4	static
../source/AudioIoCfg_I2s.c:193:5:GetI2S3DmaTransferringIsUsingBufAOrB	4	static
../source/AudioIoCfg_I2s.c:197:6:WaitForRx0LRCKRisingEdge_Fc1	4	static
../source/AudioIoCfg_I2s.c:219:6:WaitForRx0LRCKFallingEdge_Fc1	4	static
../source/AudioIoCfg_I2s.c:241:6:WaitForTx0LRCKRisingEdge_Fc3	4	static
../source/AudioIoCfg_I2s.c:263:6:WaitForTx0LRCKFallingEdge_Fc3	4	static
../source/AudioIoCfg_I2s.c:285:6:CloseI2sDma	16	static
../source/AudioIoCfg_I2s.c:301:6:CloseI2sAndI2sIntr	16	static
../source/AudioIoCfg_I2s.c:327:6:I2S3Tx0_Callback	24	static
../source/AudioIoCfg_I2s.c:346:6:I2S1Rx0_Callback	24	static
../source/AudioIoCfg_I2s.c:431:6:ConfigI2S3ChainedDma	16	static
../source/AudioIoCfg_I2s.c:442:6:ConfigI2S1ChainedDma	16	static
