../source/audio_unified.c:88:14:USB_DeviceAudioRequest	40	static
../source/audio_unified.c:556:6:USB_MicUpStreamDataRateControl_AdjustPacketLength	24	static
../source/audio_unified.c:628:14:USB_DeviceAudioCompositeCallback	48	static
../source/audio_unified.c:761:6:USB_DeviceAudioSpeakerStatusReset	4	static
../source/audio_unified.c:796:14:USB_DeviceAudioCompositeSetConfigure	16	static
../source/audio_unified.c:807:14:USB_DeviceAudioRecorderSetInterface	24	static
../source/audio_unified.c:844:14:USB_DeviceAudioSpeakerSetInterface	24	static
../source/audio_unified.c:898:14:USB_DeviceAudioCompositeInit	16	static
../source/audio_unified.c:1002:6:USB_AudioSpeakerResetTask	8	static
