D:\Git\NXP\RT685\NXP_RT685_BU8\nxp_rt685_bu8\BT_Audio\Rt685Conversa_handsfree_cm33\CMSIS/core_cm33.h:2358:22:__NVIC_EnableIRQ	16	static
D:\Git\NXP\RT685\NXP_RT685_BU8\nxp_rt685_bu8\BT_Audio\Rt685Conversa_handsfree_cm33\CMSIS/core_cm33.h:2555:22:__NVIC_SetPriority	16	static
D:\Git\NXP\RT685\NXP_RT685_BU8\nxp_rt685_bu8\BT_Audio\Rt685Conversa_handsfree_cm33\drivers/fsl_common_arm.h:672:24:EnableIRQ	24	static
D:\Git\NXP\RT685\NXP_RT685_BU8\nxp_rt685_bu8\BT_Audio\Rt685Conversa_handsfree_cm33\drivers/fsl_gpio.h:153:20:GPIO_PinWrite	24	static
D:\Git\NXP\RT685\NXP_RT685_BU8\nxp_rt685_bu8\BT_Audio\Rt685Conversa_handsfree_cm33\drivers/fsl_dmic.h:348:20:DMIC_EnableChannelDma	16	static
D:\Git\NXP\RT685\NXP_RT685_BU8\nxp_rt685_bu8\BT_Audio\Rt685Conversa_handsfree_cm33\drivers/fsl_dmic.h:383:20:DMIC_DoFifoReset	16	static
D:\Git\NXP\RT685\NXP_RT685_BU8\nxp_rt685_bu8\BT_Audio\Rt685Conversa_handsfree_cm33\drivers/fsl_dma.h:405:20:DMA_EnableChannel	16	static
D:\Git\NXP\RT685\NXP_RT685_BU8\nxp_rt685_bu8\BT_Audio\Rt685Conversa_handsfree_cm33\drivers/fsl_dma.h:418:20:DMA_DisableChannel	16	static
D:\Git\NXP\RT685\NXP_RT685_BU8\nxp_rt685_bu8\BT_Audio\Rt685Conversa_handsfree_cm33\drivers/fsl_dma.h:515:20:DMA_SetChannelPriority	24	static
../source/AudioIoCfg_Pdm.c:295:6:ImmediatelyStartDmicDmaChannels	16	static
../source/AudioIoCfg_Pdm.c:370:6:Init_MicDmaCfgCh	16	static
../source/AudioIoCfg_Pdm.c:498:6:BOARD_DeInit_DMA_PDM	16	static
../source/AudioIoCfg_Pdm.c:560:6:BOARD_Init_DMA_PDM	16	static
../source/AudioIoCfg_Pdm.c:686:6:BOARD_Init_DMIC	48	static
../source/AudioIoCfg_Pdm.c:878:5:GetPdmCh0DmaTransferringIsUsingBufAOrB	4	static
../source/AudioIoCfg_Pdm.c:882:5:GetPdmCh2DmaTransferringIsUsingBufAOrB	4	static
../source/AudioIoCfg_Pdm.c:886:5:GetPdmCh4DmaTransferringIsUsingBufAOrB	4	static
../source/AudioIoCfg_Pdm.c:890:5:GetPdmCh6DmaTransferringIsUsingBufAOrB	4	static
../source/AudioIoCfg_Pdm.c:896:6:DMicRx_Callback0	40	static
../source/AudioIoCfg_Pdm.c:958:6:DMicRx_Callback2	24	static
../source/AudioIoCfg_Pdm.c:978:6:DMicRx_Callback4	24	static
../source/AudioIoCfg_Pdm.c:998:6:DMicRx_Callback6	24	static
../source/AudioIoCfg_Pdm.c:1213:6:ConfigDmicChainedDma	24	static
