../source/CircularBufManagement.c:20:6:InitCirAudioBuf_S16	24	static
../source/CircularBufManagement.c:30:6:CirAudioBuf_WriteSamples_S16	32	static
../source/CircularBufManagement.c:57:6:CirAudioBuf_ReadSamples_GetRdPtr_S16	32	static
../source/CircularBufManagement.c:84:5:CirAudioBuf_SpaceOccupiedInSamples_S16	16	static
../source/CircularBufManagement.c:98:5:CirAudioBuf_SpaceAvailableInSamples_S16	16	static
../source/CircularBufManagement.c:112:6:CirAudioBuf_ClearAllSamples_S16	16	static
../source/CircularBufManagement.c:120:6:CirAudioBuf_ReadSamples_S16	32	static
../source/CircularBufManagement.c:431:6:InitCirUacUpAudioBuf_MultiCh	24	static
../source/CircularBufManagement.c:439:6:CirUacUpAudioBuf_WriteSamples_MultiCh	32	static
../source/CircularBufManagement.c:462:29:CirUacUpAudioBuf_ReadSamples_GetRdPtr_MultiCh	32	static
../source/CircularBufManagement.c:486:5:CirUacUpAudioBuf_SpaceOccupiedInSamples_MultiCh	16	static
../source/CircularBufManagement.c:499:5:CirUacUpAudioBuf_SpaceAvailableInSamples_MultiCh	16	static
../source/CircularBufManagement.c:511:6:CirUacUpAudioBuf_ClearAllSamples_MultiCh	16	static
../source/CircularBufManagement.c:529:6:InitCirUacDnAudioBuf_MultiCh	24	static
../source/CircularBufManagement.c:537:6:CirUacDnAudioBuf_WriteSamples_MultiCh	32	static
../source/CircularBufManagement.c:560:29:CirUacDnAudioBuf_ReadSamples_GetRdPtr_MultiCh	32	static
../source/CircularBufManagement.c:584:5:CirUacDnAudioBuf_SpaceOccupiedInSamples_MultiCh	16	static
../source/CircularBufManagement.c:597:5:CirUacDnAudioBuf_SpaceAvailableInSamples_MultiCh	16	static
../source/CircularBufManagement.c:609:6:CirUacDnAudioBuf_ClearAllSamples_MultiCh	16	static
