../source/CircularBufManagement.c:27:6:InitCirAudioBuf_S16	24	static
../source/CircularBufManagement.c:37:6:CirAudioBuf_WriteSamples_S16	32	static
../source/CircularBufManagement.c:64:6:CirAudioBuf_ReadSamples_GetRdPtr_S16	32	static
../source/CircularBufManagement.c:91:5:CirAudioBuf_SpaceOccupiedInSamples_S16	16	static
../source/CircularBufManagement.c:105:5:CirAudioBuf_SpaceAvailableInSamples_S16	16	static
../source/CircularBufManagement.c:119:6:CirAudioBuf_ClearAllSamples_S16	16	static
../source/CircularBufManagement.c:127:6:CirAudioBuf_ReadSamples_S16	32	static
../source/CircularBufManagement.c:438:6:InitCirUacUpAudioBuf_MultiCh	24	static
../source/CircularBufManagement.c:446:6:CirUacUpAudioBuf_WriteSamples_MultiCh	32	static
../source/CircularBufManagement.c:469:29:CirUacUpAudioBuf_ReadSamples_GetRdPtr_MultiCh	32	static
../source/CircularBufManagement.c:493:5:CirUacUpAudioBuf_SpaceOccupiedInSamples_MultiCh	16	static
../source/CircularBufManagement.c:506:5:CirUacUpAudioBuf_SpaceAvailableInSamples_MultiCh	16	static
../source/CircularBufManagement.c:518:6:CirUacUpAudioBuf_ClearAllSamples_MultiCh	16	static
../source/CircularBufManagement.c:536:6:InitCirUacDnAudioBuf_MultiCh	24	static
../source/CircularBufManagement.c:544:6:CirUacDnAudioBuf_WriteSamples_MultiCh	32	static
../source/CircularBufManagement.c:567:29:CirUacDnAudioBuf_ReadSamples_GetRdPtr_MultiCh	32	static
../source/CircularBufManagement.c:591:5:CirUacDnAudioBuf_SpaceOccupiedInSamples_MultiCh	16	static
../source/CircularBufManagement.c:604:5:CirUacDnAudioBuf_SpaceAvailableInSamples_MultiCh	16	static
../source/CircularBufManagement.c:616:6:CirUacDnAudioBuf_ClearAllSamples_MultiCh	16	static
