D:\Git\NXP\RT685\Q_dev_board_BT_V1_3_1\nxp_rt685_bu8\BT_Audio\Rt685Conversa_handsfree_cm33\CMSIS/core_cm33.h:2358:22:__NVIC_EnableIRQ	16	static
D:\Git\NXP\RT685\Q_dev_board_BT_V1_3_1\nxp_rt685_bu8\BT_Audio\Rt685Conversa_handsfree_cm33\drivers/fsl_clock.h:1209:20:CLOCK_DeinitAudioPll	4	static
D:\Git\NXP\RT685\Q_dev_board_BT_V1_3_1\nxp_rt685_bu8\BT_Audio\Rt685Conversa_handsfree_cm33\drivers/fsl_common_arm.h:672:24:EnableIRQ	24	static
D:\Git\NXP\RT685\Q_dev_board_BT_V1_3_1\nxp_rt685_bu8\BT_Audio\Rt685Conversa_handsfree_cm33\drivers/fsl_gpio.h:153:20:GPIO_PinWrite	24	static
D:\Git\NXP\RT685\Q_dev_board_BT_V1_3_1\nxp_rt685_bu8\BT_Audio\Rt685Conversa_handsfree_cm33\drivers/fsl_mu.h:210:20:MU_SendMsgNonBlocking	24	static
D:\Git\NXP\RT685\Q_dev_board_BT_V1_3_1\nxp_rt685_bu8\BT_Audio\Rt685Conversa_handsfree_cm33\drivers/fsl_mu.h:325:24:MU_GetFlags	16	static
D:\Git\NXP\RT685\Q_dev_board_BT_V1_3_1\nxp_rt685_bu8\BT_Audio\Rt685Conversa_handsfree_cm33\drivers/fsl_mu.h:498:20:MU_EnableInterrupts	24	static
D:\Git\NXP\RT685\Q_dev_board_BT_V1_3_1\nxp_rt685_bu8\BT_Audio\Rt685Conversa_handsfree_cm33\drivers/fsl_sema42.h:181:20:SEMA42_Unlock	16	static
D:\Git\NXP\RT685\Q_dev_board_BT_V1_3_1\nxp_rt685_bu8\BT_Audio\Rt685Conversa_handsfree_cm33\drivers/fsl_sema42.h:229:24:SEMA42_ResetAllGates	16	static
../source/hardware_init.c:273:9:APP_GetMCoreDomainID	4	static
../source/hardware_init.c:279:6:BOARD_SwitchAudioFrameLen	16	static
../source/hardware_init.c:298:10:BOARD_SwitchAudioFreq	16	static
../source/hardware_init.c:392:13:i2c_release_bus_delay	16	static
../source/hardware_init.c:402:6:BOARD_I3C_ReleaseBus	16	static
../source/hardware_init.c:452:6:BOARD_InitHardware	24	static
../source/hardware_init.c:572:5:controller_hci_uart_get_configuration	16	static
