D:\Git\NXP\RT685\RT685-EVK_Conversa_HFP\nxp_rt685\Rt685Conversa_handsfree_cm33\drivers/fsl_iopctl.h:88:22:IOPCTL_PinMuxSet	24	static
../source/pin_mux_dev.c:40:6:dev_BOARD_InitBootPins	8	static
../source/pin_mux_dev.c:72:6:dev_BOARD_InitPins	16	static
../source/pin_mux_dev.c:141:6:dev_BOARD_InitLEDsPins	4	static
../source/pin_mux_dev.c:168:6:dev_BOARD_InitBUTTONsPins	4	static
../source/pin_mux_dev.c:197:6:dev_BOARD_InitI3CPins	24	static
../source/pin_mux_dev.c:289:6:dev_BOARD_InitBTUARTPins	24	static
../source/pin_mux_dev.c:488:6:BOARD_InitAudio_Pins	4	static
../source/pin_mux_dev.c:623:6:dev_BOARD_InitFlexSPI0APins	32	static
../source/pin_mux_dev.c:799:6:dev_BOARD_InitBTScoPins	4	static
../source/pin_mux_dev.c:827:6:dev_BOARD_InitDmicPins	40	static
