D:\Git\NXP\RT685\Q_dev_board_BT_V1_3_1\nxp_rt685_bu8\BT_Audio\Rt685Conversa_handsfree_cm33\drivers/fsl_clock.h:888:20:CLOCK_EnableClock	24	static
D:\Git\NXP\RT685\Q_dev_board_BT_V1_3_1\nxp_rt685_bu8\BT_Audio\Rt685Conversa_handsfree_cm33\drivers/fsl_iopctl.h:88:22:IOPCTL_PinMuxSet	24	static
../source/pin_mux.c:48:6:BOARD_InitBootPins	8	static
../source/pin_mux.c:83:6:BOARD_InitPins	16	static
../source/pin_mux.c:152:6:BOARD_InitDEBUG_UARTPins	24	static
../source/pin_mux.c:256:6:BOARD_InitFlexSPIFlashPins	48	static
../source/pin_mux.c:507:6:BOARD_InitPSRAMPins	56	static
../source/pin_mux.c:775:6:BOARD_InitUSDHC0Pins	40	static
../source/pin_mux.c:970:6:BOARD_InitLEDsPins	32	static
../source/pin_mux.c:1083:6:BOARD_InitBUTTONsPins	24	static
../source/pin_mux.c:1174:6:BOARD_InitACCELPins	32	static
../source/pin_mux.c:1300:6:BOARD_InitI3CPinsAsGPIO	24	static
../source/pin_mux.c:1386:6:BOARD_InitI3CPins	24	static
../source/pin_mux.c:1492:6:BOARD_InitUSDHCPins	56	static
../source/pin_mux.c:1752:6:BOARD_InitArduinoUARTPins	24	static
../source/pin_mux.c:1867:6:BOARD_Init_Audio_Pins	32	static
../source/pin_mux.c:2001:6:BOARD_InitFlexSPI0BPins	40	static
../source/pin_mux.c:2177:6:BOARD_InitScoPins	24	static
../source/pin_mux.c:2286:6:BOARD_InitFourDbgPins	40	static
../source/pin_mux.c:2429:6:BOARD_InitDmicPins	24	static
