D:\Git\NXP\RT685\NXP_RT685_BU8\nxp_rt685_bu8\BT_Audio\Rt685Conversa_handsfree_cm33\drivers/fsl_clock.h:888:20:CLOCK_EnableClock	24	static
D:\Git\NXP\RT685\NXP_RT685_BU8\nxp_rt685_bu8\BT_Audio\Rt685Conversa_handsfree_cm33\drivers/fsl_iopctl.h:88:22:IOPCTL_PinMuxSet	24	static
../source/pin_mux.c:40:6:BOARD_InitBootPins	8	static
../source/pin_mux.c:75:6:BOARD_InitPins	16	static
../source/pin_mux.c:144:6:BOARD_InitDEBUG_UARTPins	24	static
../source/pin_mux.c:248:6:BOARD_InitFlexSPIFlashPins	48	static
../source/pin_mux.c:499:6:BOARD_InitPSRAMPins	56	static
../source/pin_mux.c:767:6:BOARD_InitUSDHC0Pins	40	static
../source/pin_mux.c:962:6:BOARD_InitLEDsPins	32	static
../source/pin_mux.c:1075:6:BOARD_InitBUTTONsPins	24	static
../source/pin_mux.c:1166:6:BOARD_InitACCELPins	32	static
../source/pin_mux.c:1292:6:BOARD_InitI3CPinsAsGPIO	24	static
../source/pin_mux.c:1378:6:BOARD_InitI3CPins	24	static
../source/pin_mux.c:1484:6:BOARD_InitUSDHCPins	56	static
../source/pin_mux.c:1744:6:BOARD_InitArduinoUARTPins	24	static
../source/pin_mux.c:1859:6:BOARD_Init_Audio_Pins	32	static
../source/pin_mux.c:1993:6:BOARD_InitFlexSPI0BPins	40	static
../source/pin_mux.c:2169:6:BOARD_InitScoPins	24	static
../source/pin_mux.c:2278:6:BOARD_InitFourDbgPins	40	static
../source/pin_mux.c:2421:6:BOARD_InitDmicPins	40	static
