D:\Git\NXP\RT685\Q_dev_board_BT_V1_3_1\nxp_rt685_bu8\BT_Audio\Rt685Conversa_handsfree_cm33\drivers/fsl_gpio.h:153:20:GPIO_PinWrite	24	static
D:\Git\NXP\RT685\Q_dev_board_BT_V1_3_1\nxp_rt685_bu8\BT_Audio\Rt685Conversa_handsfree_cm33\drivers/fsl_mu.h:249:24:MU_ReceiveMsgNonBlocking	16	static
D:\Git\NXP\RT685\Q_dev_board_BT_V1_3_1\nxp_rt685_bu8\BT_Audio\Rt685Conversa_handsfree_cm33\drivers/fsl_mu.h:360:24:MU_GetStatusFlags	16	static
D:\Git\NXP\RT685\Q_dev_board_BT_V1_3_1\nxp_rt685_bu8\BT_Audio\Rt685Conversa_handsfree_cm33\drivers/fsl_sema42.h:181:20:SEMA42_Unlock	16	static
../source/sco_audio_pl_ext.c:105:6:SCO_AudioFlow_SemaphorePost	8	static
../source/sco_audio_pl_ext.c:133:13:rxMicCallback	24	static
../source/sco_audio_pl_ext.c:167:13:txMicCallback	40	static
../source/sco_audio_pl_ext.c:286:13:txSpeakerCallback	32	static
../source/sco_audio_pl_ext.c:385:13:rxSpeakerCallback	40	static
../source/sco_audio_pl_ext.c:446:13:Deinit_Board_Audio	8	static
../source/sco_audio_pl_ext.c:487:13:Init_Board_Sco_Audio	24	static
../source/sco_audio_pl_ext.c:626:13:Init_Board_RingTone_Audio	24	static
../source/sco_audio_pl_ext.c:669:19:audio_setup_pl_ext	16	static
../source/sco_audio_pl_ext.c:699:6:MU_A_IRQHandler	288	static
../source/sco_audio_pl_ext.c:849:6:ButtonEventProcess	4	static
../source/sco_audio_pl_ext.c:876:6:SCO_Edma_Task	32	static
../source/sco_audio_pl_ext.c:1008:6:sco_audio_init_pl_ext	4	static
../source/sco_audio_pl_ext.c:1012:6:sco_audio_shutdown_pl_ext	4	static
../source/sco_audio_pl_ext.c:1017:12:sco_audio_setup_pl_ext	16	static
../source/sco_audio_pl_ext.c:1028:12:sco_audio_start_pl_ext	32	static
../source/sco_audio_pl_ext.c:1161:12:sco_audio_stop_pl_ext	4	static
../source/sco_audio_pl_ext.c:1174:12:platform_audio_play_ringtone	32	static
../source/sco_audio_pl_ext.c:1224:12:sco_audio_set_speaker_volume	16	static
../source/sco_audio_pl_ext.c:1238:6:sco_audio_play_ringtone_pl_ext	8	static
../source/sco_audio_pl_ext.c:1243:6:sco_audio_play_ringtone_exit_pl_ext	8	static
