D:\Git\NXP\RT685\RT685-EVK_Conversa_HFP\nxp_rt685\Rt685Conversa_handsfree_cm33\CMSIS/core_cm33.h:2358:22:__NVIC_EnableIRQ	16	static
D:\Git\NXP\RT685\RT685-EVK_Conversa_HFP\nxp_rt685\Rt685Conversa_handsfree_cm33\CMSIS/core_cm33.h:2555:22:__NVIC_SetPriority	16	static
D:\Git\NXP\RT685\RT685-EVK_Conversa_HFP\nxp_rt685\Rt685Conversa_handsfree_cm33\drivers/fsl_clock.h:888:20:CLOCK_EnableClock	24	static
D:\Git\NXP\RT685\RT685-EVK_Conversa_HFP\nxp_rt685\Rt685Conversa_handsfree_cm33\drivers/fsl_clock.h:918:20:CLOCK_DisableClock	24	static
D:\Git\NXP\RT685\RT685-EVK_Conversa_HFP\nxp_rt685\Rt685Conversa_handsfree_cm33\drivers/fsl_common_arm.h:672:24:EnableIRQ	24	static
D:\Git\NXP\RT685\RT685-EVK_Conversa_HFP\nxp_rt685\Rt685Conversa_handsfree_cm33\drivers/fsl_power.h:352:20:POWER_DisablePD	16	static
../source/UsbApp.c:198:6:SCTIMER_SOF_TOGGLE_HANDLER	4	static
../source/UsbApp.c:284:6:SCTIMER_CaptureInit	4	static
../source/UsbApp.c:321:6:USB_IRQHandler	8	static
../source/UsbApp.c:328:6:USB_DeviceClockInit	24	static
../source/UsbApp.c:379:6:USB_DeviceIsrEnable	16	static
../source/UsbApp.c:399:14:USB_DeviceCallback	40	static
../source/UsbApp.c:566:6:UsbAppInit	8	static
