D:\Git\NXP\RT685\RT685-EVK_Conversa_HFP\nxp_rt685\Rt685Conversa_handsfree_cm33\drivers/fsl_common_arm.h:902:24:DisableGlobalIRQ	16	static
D:\Git\NXP\RT685\RT685-EVK_Conversa_HFP\nxp_rt685\Rt685Conversa_handsfree_cm33\drivers/fsl_common_arm.h:928:20:EnableGlobalIRQ	24	static
../edgefast/bluetooth/source/porting/poll/poll.c:18:13:sem_post	24	static
../edgefast/bluetooth/source/porting/poll/poll.c:43:13:poll_event_update	16	static
../edgefast/bluetooth/source/porting/poll/poll.c:56:13:poller_init	8	static
../edgefast/bluetooth/source/porting/poll/poll.c:83:6:k_poll_event_init	24	static
../edgefast/bluetooth/source/porting/poll/poll.c:98:20:is_condition_met	16	static
../edgefast/bluetooth/source/porting/poll/poll.c:144:20:add_event	24	static
../edgefast/bluetooth/source/porting/poll/poll.c:169:20:remove_event	24	static
../edgefast/bluetooth/source/porting/poll/poll.c:195:20:register_event	16	static
../edgefast/bluetooth/source/porting/poll/poll.c:234:20:set_event_ready	16	static
../edgefast/bluetooth/source/porting/poll/poll.c:240:19:register_events	56	static
../edgefast/bluetooth/source/porting/poll/poll.c:272:20:clear_event_registration	24	static
../edgefast/bluetooth/source/porting/poll/poll.c:311:20:clear_event_registrations	40	static
../edgefast/bluetooth/source/porting/poll/poll.c:365:5:k_poll	64	static
../edgefast/bluetooth/source/porting/poll/poll.c:436:6:k_poll_signal_init	16	static
../edgefast/bluetooth/source/porting/poll/poll.c:451:6:k_poll_signal_reset	16	static
../edgefast/bluetooth/source/porting/poll/poll.c:468:6:k_poll_signal_check	24	static
../edgefast/bluetooth/source/porting/poll/poll.c:478:13:slist_scan_callback	24	static
../edgefast/bluetooth/source/porting/poll/poll.c:526:5:k_poll_signal_raise	16	static
