D:\Git\NXP\RT685\Q_dev_board_BT_V1_3_1\nxp_rt685_bu8\BT_Audio\Rt685Conversa_handsfree_cm33\drivers/fsl_common_arm.h:902:24:DisableGlobalIRQ	16	static
D:\Git\NXP\RT685\Q_dev_board_BT_V1_3_1\nxp_rt685_bu8\BT_Audio\Rt685Conversa_handsfree_cm33\drivers/fsl_common_arm.h:928:20:EnableGlobalIRQ	24	static
../edgefast/bluetooth/source/porting/slist/slist.c:11:6:bt_list_init	16	static
../edgefast/bluetooth/source/porting/slist/slist.c:16:6:bt_list_append	24	static
../edgefast/bluetooth/source/porting/slist/slist.c:45:6:bt_list_append_list	32	static
../edgefast/bluetooth/source/porting/slist/slist.c:78:17:bt_list_get	24	static
../edgefast/bluetooth/source/porting/slist/slist.c:96:17:bt_list_get_not_empty	16	static
../edgefast/bluetooth/source/porting/slist/slist.c:101:6:bt_list_prepend	24	static
../edgefast/bluetooth/source/porting/slist/slist.c:111:6:bt_list_insert	32	static
../edgefast/bluetooth/source/porting/slist/slist.c:132:6:bt_list_is_empty	16	static
../edgefast/bluetooth/source/porting/slist/slist.c:137:17:bt_list_peek_next	16	static
../edgefast/bluetooth/source/porting/slist/slist.c:149:17:bt_list_peek_head	16	static
../edgefast/bluetooth/source/porting/slist/slist.c:161:17:bt_list_peek_tail	24	static
../edgefast/bluetooth/source/porting/slist/slist.c:179:6:bt_list_find_and_remove	32	static
../edgefast/bluetooth/source/porting/slist/slist.c:226:6:bt_list_remove	32	static
../edgefast/bluetooth/source/porting/slist/slist.c:244:6:bt_list_find	40	static
../edgefast/bluetooth/source/porting/slist/slist.c:286:6:bt_list_scan	40	static
