D:\Git\NXP\RT685\RT685-EVK_Conversa_HFP\nxp_rt685\Rt685Conversa_handsfree_cm33\drivers/fsl_common_arm.h:902:24:DisableGlobalIRQ	16	static
D:\Git\NXP\RT685\RT685-EVK_Conversa_HFP\nxp_rt685\Rt685Conversa_handsfree_cm33\drivers/fsl_common_arm.h:928:20:EnableGlobalIRQ	24	static
D:\Git\NXP\RT685\RT685-EVK_Conversa_HFP\nxp_rt685\Rt685Conversa_handsfree_cm33\edgefast\bluetooth\include/sys/atomic.h:446:20:atomic_test_and_clear_bit	24	static
D:\Git\NXP\RT685\RT685-EVK_Conversa_HFP\nxp_rt685\Rt685Conversa_handsfree_cm33\edgefast\bluetooth\include/sys/atomic.h:467:20:atomic_test_and_set_bit	24	static
D:\Git\NXP\RT685\RT685-EVK_Conversa_HFP\nxp_rt685\Rt685Conversa_handsfree_cm33\edgefast\bluetooth\source\porting/thread/thread.h:707:23:k_uptime_get	32	static
D:\Git\NXP\RT685\RT685-EVK_Conversa_HFP\nxp_rt685\Rt685Conversa_handsfree_cm33\edgefast\bluetooth\source\porting/thread/thread.h:731:24:k_uptime_get_32	8	static
../edgefast/bluetooth/source/porting/work/work.c:63:13:_sys_work_queue_init	40	static
../edgefast/bluetooth/source/porting/work/work.c:88:20:flag_clear	16	static
../edgefast/bluetooth/source/porting/work/work.c:94:20:flag_set	16	static
../edgefast/bluetooth/source/porting/work/work.c:100:20:flag_test	16	static
../edgefast/bluetooth/source/porting/work/work.c:106:20:flag_test_and_clear	24	static
../edgefast/bluetooth/source/porting/work/work.c:116:20:flags_set	16	static
../edgefast/bluetooth/source/porting/work/work.c:122:24:flags_get	16	static
../edgefast/bluetooth/source/porting/work/work.c:127:6:k_work_init	32	static
../edgefast/bluetooth/source/porting/work/work.c:135:5:k_work_busy_get	40	static
../edgefast/bluetooth/source/porting/work/work.c:151:5:k_work_submit_to_queue	48	static
../edgefast/bluetooth/source/porting/work/work.c:218:5:k_work_submit	24	static
../edgefast/bluetooth/source/porting/work/work.c:233:6:k_work_flush	16	static
../edgefast/bluetooth/source/porting/work/work.c:240:5:k_work_cancel	40	static
../edgefast/bluetooth/source/porting/work/work.c:273:6:k_work_cancel_sync	40	static
../edgefast/bluetooth/source/porting/work/work.c:306:13:work_queue_main	80	static
../edgefast/bluetooth/source/porting/work/work.c:391:6:k_work_queue_init	264	static
../edgefast/bluetooth/source/porting/work/work.c:409:6:k_work_queue_start	56	static
../edgefast/bluetooth/source/porting/work/work.c:464:5:k_work_queue_drain	16	static
../edgefast/bluetooth/source/porting/work/work.c:475:5:k_work_queue_unplug	16	static
../edgefast/bluetooth/source/porting/work/work.c:481:6:k_work_init_delayable	40	static
../edgefast/bluetooth/source/porting/work/work.c:497:5:k_work_delayable_busy_get	40	static
../edgefast/bluetooth/source/porting/work/work.c:506:13:k_work_delay_queue_main	72	static
../edgefast/bluetooth/source/porting/work/work.c:567:13:k_work_delay_queue_init	40	static
../edgefast/bluetooth/source/porting/work/work.c:582:13:k_work_delay_queue_append	64	static
../edgefast/bluetooth/source/porting/work/work.c:609:5:k_work_schedule_for_queue	56	static
../edgefast/bluetooth/source/porting/work/work.c:644:5:k_work_schedule	24	static
../edgefast/bluetooth/source/porting/work/work.c:658:5:k_work_reschedule_for_queue	56	static
../edgefast/bluetooth/source/porting/work/work.c:688:5:k_work_reschedule	24	static
../edgefast/bluetooth/source/porting/work/work.c:702:6:k_work_flush_delayable	16	static
../edgefast/bluetooth/source/porting/work/work.c:708:5:k_work_cancel_delayable	48	static
../edgefast/bluetooth/source/porting/work/work.c:749:6:k_work_cancel_delayable_sync	16	static
../edgefast/bluetooth/source/porting/work/work.c:765:11:k_work_delayable_timeout_expires	40	static
../edgefast/bluetooth/source/porting/work/work.c:779:11:k_work_delayable_timeout_remaining	40	static
