../codec/fsl_wm8904.c:69:17:WM8904_UpdateFormat	48	static
../codec/fsl_wm8904.c:129:10:WM8904_WriteRegister	32	static
../codec/fsl_wm8904.c:147:10:WM8904_ReadRegister	32	static
../codec/fsl_wm8904.c:172:10:WM8904_ModifyRegister	48	static
../codec/fsl_wm8904.c:449:10:WM8904_Deinit	32	static
../codec/fsl_wm8904.c:473:6:WM8904_GetDefaultConfig	8	static
../codec/fsl_wm8904.c:491:10:WM8904_SetMasterSlave	0	static
../codec/fsl_wm8904.c:512:10:WM8904_SetMasterClock	56	static
../codec/fsl_wm8904.c:650:10:WM8904_SetFLLConfig	64	static
../codec/fsl_wm8904.c:774:10:WM8904_SetProtocol	40	static
../codec/fsl_wm8904.c:787:10:WM8904_SelectLRCPolarity	40	static
../codec/fsl_wm8904.c:800:10:WM8904_EnableDACTDMMode	40	static
../codec/fsl_wm8904.c:814:10:WM8904_EnableADCTDMMode	40	static
../codec/fsl_wm8904.c:830:10:WM8904_CheckAudioFormat	40	static
../codec/fsl_wm8904.c:946:10:WM8904_SetAudioFormat	56	static
../codec/fsl_wm8904.c:1095:10:WM8904_SetVolume	48	static
../codec/fsl_wm8904.c:1127:10:WM8904_SetMute	48	static
../codec/fsl_wm8904.c:1192:10:WM8904_SetChannelVolume	48	static
../codec/fsl_wm8904.c:1233:10:WM8904_SetChannelMute	48	static
../codec/fsl_wm8904.c:1276:10:WM8904_SetDACVolume	40	static
../codec/fsl_wm8904.c:1298:10:WM8904_SetModulePower	48	static
../codec/fsl_wm8904.c:1355:10:WM8904_SetRecord	64	static
../codec/fsl_wm8904.c:1414:10:WM8904_SetRecordChannel	56	static
../codec/fsl_wm8904.c:195:10:WM8904_Init	48	static
../codec/fsl_wm8904.c:1503:10:WM8904_SetPlay	40	static
