D:\Git\NXP\RT685\NXP_RT685_BU8\nxp_rt685_bu8\BT_Audio\Rt685Conversa_handsfree_cm33\drivers/fsl_cache.h:233:20:DCACHE_InvalidateByRange	16	static
../flash/mflash/mimxrt685/mflash_drv.c:136:17:flexspi_nor_wait_bus_busy	48	static
../flash/mflash/mimxrt685/mflash_drv.c:188:17:flexspi_nor_write_enable	40	static
../flash/mflash/mimxrt685/mflash_drv.c:205:17:flexspi_nor_enable_quad_mode	40	static
../flash/mflash/mimxrt685/mflash_drv.c:243:17:flexspi_nor_flash_sector_erase	40	static
../flash/mflash/mimxrt685/mflash_drv.c:282:17:flexspi_nor_flash_page_program	48	static
../flash/mflash/mimxrt685/mflash_drv.c:333:17:flexspi_nor_read_data	48	static
../flash/mflash/mimxrt685/mflash_drv.c:358:16:mflash_drv_init_internal	336	static
../flash/mflash/mimxrt685/mflash_drv.c:416:9:mflash_drv_init	8	static
../flash/mflash/mimxrt685/mflash_drv.c:423:16:mflash_drv_sector_erase_internal	32	static
../flash/mflash/mimxrt685/mflash_drv.c:449:9:mflash_drv_sector_erase	16	static
../flash/mflash/mimxrt685/mflash_drv.c:458:16:mflash_drv_page_program_internal	32	static
../flash/mflash/mimxrt685/mflash_drv.c:485:16:mflash_drv_read_internal	40	static
../flash/mflash/mimxrt685/mflash_drv.c:513:9:mflash_drv_page_program	16	static
../flash/mflash/mimxrt685/mflash_drv.c:522:9:mflash_drv_read	24	static
../flash/mflash/mimxrt685/mflash_drv.c:532:7:mflash_drv_phys2log	16	static
../flash/mflash/mimxrt685/mflash_drv.c:539:10:mflash_drv_log2phys	16	static
