../sdmmc/sdio/fsl_sdio.c:269:10:SDIO_CardInActive	0	static
../sdmmc/sdio/fsl_sdio.c:390:10:SDIO_IO_Write_Direct	80	static
../sdmmc/sdio/fsl_sdio.c:410:10:SDIO_IO_Read_Direct	80	static
../sdmmc/sdio/fsl_sdio.c:430:10:SDIO_IO_RW_Direct	88	static
../sdmmc/sdio/fsl_sdio.c:455:10:SDIO_IO_Write_Extended	104	static
../sdmmc/sdio/fsl_sdio.c:550:10:SDIO_IO_Read_Extended	104	static
../sdmmc/sdio/fsl_sdio.c:851:10:SDIO_IO_Transfer	112	static
../sdmmc/sdio/fsl_sdio.c:970:10:SDIO_GetCardCapability	96	static
../sdmmc/sdio/fsl_sdio.c:1075:10:SDIO_SetBlockSize	88	static
../sdmmc/sdio/fsl_sdio.c:1135:10:SDIO_CardReset	56	static
../sdmmc/sdio/fsl_sdio.c:1148:10:SDIO_SetDataBusWidth	80	static
../sdmmc/sdio/fsl_sdio.c:1232:10:SDIO_SwitchToHighSpeed	88	static
../sdmmc/sdio/fsl_sdio.c:1441:10:SDIO_SetDriverStrength	80	static
../sdmmc/sdio/fsl_sdio.c:1480:10:SDIO_EnableAsyncInterrupt	72	static
../sdmmc/sdio/fsl_sdio.c:1614:10:SDIO_ReadCIS	392	static
../sdmmc/sdio/fsl_sdio.c:1868:10:SDIO_CardInit	112	static
../sdmmc/sdio/fsl_sdio.c:1886:6:SDIO_CardDeinit	64	static
../sdmmc/sdio/fsl_sdio.c:1897:10:SDIO_HostInit	8	static
../sdmmc/sdio/fsl_sdio.c:1925:6:SDIO_HostDeinit	8	static
../sdmmc/sdio/fsl_sdio.c:1935:6:SDIO_HostDoReset	0	static
../sdmmc/sdio/fsl_sdio.c:1940:10:SDIO_PollingCardInsert	8	static
../sdmmc/sdio/fsl_sdio.c:1985:6:SDIO_IsCardPresent	8	static
../sdmmc/sdio/fsl_sdio.c:2014:6:SDIO_SetCardPower	16	static
../sdmmc/sdio/fsl_sdio.c:2041:10:SDIO_Init	8	static
../sdmmc/sdio/fsl_sdio.c:2081:6:SDIO_Deinit	64	static
../sdmmc/sdio/fsl_sdio.c:2089:10:SDIO_EnableIOInterrupt	72	static
../sdmmc/sdio/fsl_sdio.c:2142:10:SDIO_GetPendingInterrupt	56	static
../sdmmc/sdio/fsl_sdio.c:2158:10:SDIO_EnableIO	112	static
../sdmmc/sdio/fsl_sdio.c:2233:10:SDIO_SelectIO	56	static
../sdmmc/sdio/fsl_sdio.c:2252:10:SDIO_AbortIO	56	static
../sdmmc/sdio/fsl_sdio.c:2270:6:SDIO_SetIOIRQHandler	0	static
../sdmmc/sdio/fsl_sdio.c:2279:10:SDIO_HandlePendingIOInterrupt	72	static
