../flash/mflash/mflash_file.c:78:6:mflash_is_initialized	4	static
../flash/mflash/mflash_file.c:84:13:dir_path_store	24	static
../flash/mflash/mflash_file.c:112:13:dir_path_match	24	static
../flash/mflash/mflash_file.c:143:14:mflash_page_buf_get	16	static
../flash/mflash/mflash_file.c:163:13:mflash_page_buf_release	16	static
../flash/mflash/mflash_file.c:179:17:mflash_fs_sector_erase	24	static
../flash/mflash/mflash_file.c:194:17:mflash_fs_page_program	32	static
../flash/mflash/mflash_file.c:209:21:mflash_fs_get_ptr	16	static
../flash/mflash/mflash_file.c:219:17:mflash_readable_check	16	static
../flash/mflash/mflash_file.c:243:17:mflash_fs_check	24	static
../flash/mflash/mflash_file.c:286:17:mflash_file_check	24	static
../flash/mflash/mflash_file.c:331:17:mflash_dir_lookup	48	static
../flash/mflash/mflash_file.c:353:17:mflash_format_internal	88	static
../flash/mflash/mflash_file.c:464:17:mflash_format	32	static
../flash/mflash/mflash_file.c:493:17:mflash_template_match	88	static
../flash/mflash/mflash_file.c:520:17:mflash_fs_init	32	static
../flash/mflash/mflash_file.c:549:10:mflash_init	24	static
../flash/mflash/mflash_file.c:581:17:mflash_file_save_internal	56	static
../flash/mflash/mflash_file.c:650:10:mflash_file_save	112	static
../flash/mflash/mflash_file.c:691:17:mflash_file_mmap_internal	32	static
../flash/mflash/mflash_file.c:711:10:mflash_file_mmap	96	static
