../usb/usb_device_audio.c:149:14:USB_DeviceAudioInterruptIn	0	static
../usb/usb_device_audio.c:189:14:USB_DeviceAudioIsochronousIn	0	static
../usb/usb_device_audio.c:228:14:USB_DeviceAudioIsochronousOut	0	static
../usb/usb_device_audio.c:354:14:USB_DeviceAudioStreamEndpointsDeinit.part.0	48	static
../usb/usb_device_audio.c:263:14:USB_DeviceAudioStreamEndpointsInit	56	static
../usb/usb_device_audio.c:354:14:USB_DeviceAudioStreamEndpointsDeinit	0	static
../usb/usb_device_audio.c:408:14:USB_DeviceAudioControlEndpointsInit	48	static
../usb/usb_device_audio.c:499:14:USB_DeviceAudioControlEndpointsDeinit	16	static
../usb/usb_device_audio.c:529:14:USB_DeviceAudioGetCurAudioFeatureUnit	4	static
../usb/usb_device_audio.c:595:14:USB_DeviceAudioGetMinAudioFeatureUnit	0	static
../usb/usb_device_audio.c:648:14:USB_DeviceAudioGetMaxAudioFeatureUnit	0	static
../usb/usb_device_audio.c:701:14:USB_DeviceAudioGetResAudioFeatureUnit	0	static
../usb/usb_device_audio.c:755:14:USB_DeviceAudioSetControlTerminal	0	static
../usb/usb_device_audio.c:774:14:USB_DeviceAudioSetCurAudioFeatureUnit	4	static
../usb/usb_device_audio.c:838:14:USB_DeviceAudioSetMinAudioFeatureUnit	0	static
../usb/usb_device_audio.c:890:14:USB_DeviceAudioSetMaxAudioFeatureUnit	0	static
../usb/usb_device_audio.c:942:14:USB_DeviceAudioSetResAudioFeatureUnit	0	static
../usb/usb_device_audio.c:993:14:USB_DeviceAudioSetFeatureUnit	4	static
../usb/usb_device_audio.c:1030:14:USB_DeviceAudioSetRequestEndpoint	4	static
../usb/usb_device_audio.c:1113:14:USB_DeviceAudioGetRequestEndpoint	0	static
../usb/usb_device_audio.c:1195:14:USB_DeviceAudioGetControlTerminal	0	static
../usb/usb_device_audio.c:1214:14:USB_DeviceAudioGetFeatureUnit	0	static
../usb/usb_device_audio.c:1251:14:USB_DeviceAudioSetRequestInterface	32	static
../usb/usb_device_audio.c:1294:14:USB_DeviceAudioGetRequestInterface	32	static
../usb/usb_device_audio.c:1338:14:USB_DeviceAudioEvent	24	static
../usb/usb_device_audio.c:1705:14:USB_DeviceAudioInit	40	static
../usb/usb_device_audio.c:1750:14:USB_DeviceAudioDeinit	24	static
../usb/usb_device_audio.c:1788:14:USB_DeviceAudioSend	16	static
../usb/usb_device_audio.c:1834:14:USB_DeviceAudioRecv	16	static
