../edgefast/bluetooth/source/porting/work/work.c:306:13:work_queue_main	16	static
../edgefast/bluetooth/source/porting/work/work.c:127:6:k_work_init	0	static
../edgefast/bluetooth/source/porting/work/work.c:135:5:k_work_busy_get	0	static
../edgefast/bluetooth/source/porting/work/work.c:151:5:k_work_submit_to_queue	16	static
../edgefast/bluetooth/source/porting/work/work.c:506:13:k_work_delay_queue_main	48	static
../edgefast/bluetooth/source/porting/work/work.c:218:5:k_work_submit	48	static
../edgefast/bluetooth/source/porting/work/work.c:233:6:k_work_flush	0	static
../edgefast/bluetooth/source/porting/work/work.c:240:5:k_work_cancel	16	static
../edgefast/bluetooth/source/porting/work/work.c:273:6:k_work_cancel_sync	16	static
../edgefast/bluetooth/source/porting/work/work.c:391:6:k_work_queue_init	8	static
../edgefast/bluetooth/source/porting/work/work.c:409:6:k_work_queue_start	56	static
../edgefast/bluetooth/source/porting/work/work.c:464:5:k_work_queue_drain	16	static
../edgefast/bluetooth/source/porting/work/work.c:475:5:k_work_queue_unplug	8	static
../edgefast/bluetooth/source/porting/work/work.c:481:6:k_work_init_delayable	0	static
../edgefast/bluetooth/source/porting/work/work.c:497:5:k_work_delayable_busy_get	0	static
../edgefast/bluetooth/source/porting/work/work.c:609:5:k_work_schedule_for_queue	40	static
../edgefast/bluetooth/source/porting/work/work.c:644:5:k_work_schedule	56	static
../edgefast/bluetooth/source/porting/work/work.c:658:5:k_work_reschedule_for_queue	48	static
../edgefast/bluetooth/source/porting/work/work.c:688:5:k_work_reschedule	40	static
../edgefast/bluetooth/source/porting/work/work.c:702:6:k_work_flush_delayable	0	static
../edgefast/bluetooth/source/porting/work/work.c:708:5:k_work_cancel_delayable	16	static
../edgefast/bluetooth/source/porting/work/work.c:749:6:k_work_cancel_delayable_sync	16	static
../edgefast/bluetooth/source/porting/work/work.c:765:11:k_work_delayable_timeout_expires	0	static
../edgefast/bluetooth/source/porting/work/work.c:779:11:k_work_delayable_timeout_remaining	0	static
