D:\Git\NXP\RT685\RT685-EVK_Conversa_HFP\nxp_rt685\Rt685Conversa_handsfree_cm33\CMSIS/core_cm33.h:2555:22:__NVIC_SetPriority	16	static
D:\Git\NXP\RT685\RT685-EVK_Conversa_HFP\nxp_rt685\Rt685Conversa_handsfree_cm33\drivers/fsl_dma.h:405:20:DMA_EnableChannel	16	static
D:\Git\NXP\RT685\RT685-EVK_Conversa_HFP\nxp_rt685\Rt685Conversa_handsfree_cm33\drivers/fsl_dma.h:515:20:DMA_SetChannelPriority	24	static
../component/audio/fsl_adapter_flexcomm_i2s.c:52:27:HAL_AudioGetStatus	24	static
../component/audio/fsl_adapter_flexcomm_i2s.c:79:13:HAL_AudioCallbackDMA	40	static
../component/audio/fsl_adapter_flexcomm_i2s.c:94:27:HAL_AudioCommonInit	80	static
../component/audio/fsl_adapter_flexcomm_i2s.c:333:27:HAL_AudioCommonDeinit	56	static
../component/audio/fsl_adapter_flexcomm_i2s.c:386:20:HAL_AudioTxInit	16	static
../component/audio/fsl_adapter_flexcomm_i2s.c:391:20:HAL_AudioRxInit	16	static
../component/audio/fsl_adapter_flexcomm_i2s.c:396:20:HAL_AudioTxDeinit	16	static
../component/audio/fsl_adapter_flexcomm_i2s.c:401:20:HAL_AudioRxDeinit	16	static
../component/audio/fsl_adapter_flexcomm_i2s.c:406:20:HAL_AudioTxInstallCallback	32	static
../component/audio/fsl_adapter_flexcomm_i2s.c:422:20:HAL_AudioRxInstallCallback	32	static
../component/audio/fsl_adapter_flexcomm_i2s.c:438:20:HAL_AudioTransferSendNonBlocking	32	static
../component/audio/fsl_adapter_flexcomm_i2s.c:456:20:HAL_AudioTransferReceiveNonBlocking	32	static
../component/audio/fsl_adapter_flexcomm_i2s.c:474:20:HAL_AudioTransferGetSendCount	16	static
../component/audio/fsl_adapter_flexcomm_i2s.c:484:20:HAL_AudioTransferGetReceiveCount	16	static
../component/audio/fsl_adapter_flexcomm_i2s.c:494:20:HAL_AudioTransferAbortSend	24	static
../component/audio/fsl_adapter_flexcomm_i2s.c:509:20:HAL_AudioTransferAbortReceive	24	static
