../component/amp/aw88166/aw883xx.c:324:12:aw883xx_dsp_read_32bit	48	static
../component/amp/aw88166/aw883xx.c:213:12:aw883xx_dsp_write_32bit	48	static
../component/amp/aw88166/aw883xx.c:37:5:aw883xx_i2c_writes	16	static
../component/amp/aw88166/aw883xx.c:61:5:aw883xx_i2c_write	40	static
../component/amp/aw88166/aw883xx.c:90:5:aw883xx_i2c_read	40	static
../component/amp/aw88166/aw883xx.c:140:5:aw883xx_reg_write	40	static
../component/amp/aw88166/aw883xx.c:157:5:aw883xx_reg_read	40	static
../component/amp/aw88166/aw883xx.c:174:5:aw883xx_reg_write_bits	48	static
../component/amp/aw88166/aw883xx.c:247:5:aw883xx_get_version	16	static
../component/amp/aw88166/aw883xx.c:265:5:aw883xx_dsp_write	64	static
../component/amp/aw88166/aw883xx.c:359:5:aw883xx_dsp_read	64	static
../component/amp/aw88166/aw883xx.c:392:5:aw883xx_dsp_write_bits	64	static
../component/amp/aw88166/aw883xx.c:443:5:aw883xx_get_dev_num	0	static
../component/amp/aw88166/aw883xx.c:448:17:aw883xx_get_dev	0	static
../component/amp/aw88166/aw883xx.c:1050:5:aw883xx_ctrl_state	16	static
../component/amp/aw88166/aw883xx.c:1077:5:aw883xx_set_profile_byname	16	static
../component/amp/aw88166/aw883xx.c:1243:5:aw883xx_smartpa_init	64	static
../component/amp/aw88166/aw883xx.c:1327:6:aw883xx_smartpa_deinit	8	static
../component/amp/aw88166/aw883xx.c:1356:5:aw883xx_dsp_bypass_ctrl	8	static
../component/amp/aw88166/aw883xx.c:1538:5:aw883xx_cali_re	104	static
../component/amp/aw88166/aw883xx.c:1588:5:aw883xx_cali_f0	104	static
../component/amp/aw88166/aw883xx.c:1637:5:aw883xx_cali_f0_q	184	static
../component/amp/aw88166/aw883xx.c:1696:5:aw883xx_cali_re_f0	184	static
../component/amp/aw88166/aw883xx.c:1753:5:aw883xx_get_re_range	104	static
../component/amp/aw88166/aw883xx.c:1796:5:aw883xx_get_r0	104	static
../component/amp/aw88166/aw883xx.c:1838:5:aw883xx_get_f0	104	static
../component/amp/aw88166/aw883xx.c:1881:5:aw883xx_get_te	104	static
../component/amp/aw88166/aw883xx.c:1924:5:aw883xx_cali_re_store	104	static
../component/amp/aw88166/aw883xx.c:1963:5:aw883xx_read_re_from_dsp	24	static
../component/amp/aw88166/aw883xx.c:1997:5:aw883xx_cali_time_show	32	static
../component/amp/aw88166/aw883xx.c:2026:5:aw883xx_cali_time_store	24	static
