../component/amp/aw88166/aw883xx_calib.c:808:12:aw_cali_svc_cali_run_dsp_vol	24	static
../component/amp/aw88166/aw883xx_calib.c:869:12:aw_cali_svc_set_white_noise	24	static
../component/amp/aw88166/aw883xx_calib.c:662:12:aw_cali_svc_set_cali_cfg	16	static
../component/amp/aw88166/aw883xx_calib.c:330:12:aw_cali_svc_get_dev_r0	24	static
../component/amp/aw88166/aw883xx_calib.c:513:12:aw_cali_svc_get_iv_st	24	static
../component/amp/aw88166/aw883xx_calib.c:229:13:aw_cali_svc_run_mute	32	static
../component/amp/aw88166/aw883xx_calib.c:932:12:aw_cali_svc_get_cali_f0_q	48	static
../component/amp/aw88166/aw883xx_calib.c:773:12:aw_cali_svc_cali_en	48	static
../component/amp/aw88166/aw883xx_calib.c:976:12:aw_cali_svc_cali_mode_enable	56	static
../component/amp/aw88166/aw883xx_calib.c:1197:12:aw_cali_svc_devs_cali_f0_q.isra	48	static
../component/amp/aw88166/aw883xx_calib.c:25:6:aw883xx_cali_check_result	0	static
../component/amp/aw88166/aw883xx_calib.c:191:5:aw883xx_set_cali_re	16	static
../component/amp/aw88166/aw883xx_calib.c:716:12:aw_cali_svc_get_smooth_cali_re	152	static
../component/amp/aw88166/aw883xx_calib.c:1117:12:aw_cali_svc_devs_cali_re.isra	48	static
../component/amp/aw88166/aw883xx_calib.c:246:5:aw883xx_cali_init_re_update	16	static
../component/amp/aw88166/aw883xx_calib.c:291:5:aw883xx_cali_get_ra	24	static
../component/amp/aw88166/aw883xx_calib.c:469:5:aw_cali_svc_get_dev_te	32	static
../component/amp/aw88166/aw883xx_calib.c:593:6:aw883xx_cali_get_cali_status	0	static
../component/amp/aw88166/aw883xx_calib.c:1309:5:aw883xx_cail_re_cali	40	static
../component/amp/aw88166/aw883xx_calib.c:1325:5:aw883xx_cali_f0_q_cali	40	static
../component/amp/aw88166/aw883xx_calib.c:1341:5:aw883xx_cali_re_f0_cali	32	static
../component/amp/aw88166/aw883xx_calib.c:1358:5:aw883xx_cali_get_re_range	48	static
../component/amp/aw88166/aw883xx_calib.c:1386:5:aw883xx_cali_get_r0	48	static
../component/amp/aw88166/aw883xx_calib.c:1414:5:aw883xx_cali_get_f0	64	static
../component/amp/aw88166/aw883xx_calib.c:1440:5:aw883xx_cali_get_te	64	static
../component/amp/aw88166/aw883xx_calib.c:1469:5:aw883xx_cali_f0_show	40	static
../component/amp/aw88166/aw883xx_calib.c:1498:5:aw883xx_cali_q_show	40	static
../component/amp/aw88166/aw883xx_calib.c:1528:5:aw883xx_cali_re_show	40	static
../component/amp/aw88166/aw883xx_calib.c:1557:5:aw883xx_cali_store_cali_re	24	static
../component/amp/aw88166/aw883xx_calib.c:1580:5:aw883xx_cali_read_re_from_dsp	24	static
../component/amp/aw88166/aw883xx_calib.c:1594:5:aw883xx_cali_show_cali_time	0	static
../component/amp/aw88166/aw883xx_calib.c:1602:5:aw883xx_cali_store_cali_time	8	static
