../component/amp/aw88166/aw883xx_device.c:1678:12:aw_dev_sram_check	32	static
../component/amp/aw88166/aw883xx_device.c:745:12:aw_dev_mode1_pll_check	24	static
../component/amp/aw88166/aw883xx_device.c:811:12:aw_dev_syspll_check	32	static
../component/amp/aw88166/aw883xx_device.c:1510:12:aw_dev_dsp_fw_update	32	static
../component/amp/aw88166/aw883xx_device.c:1644:12:aw_dev_dsp_cfg_update	40	static
../component/amp/aw88166/aw883xx_device.c:388:12:aw_dev_set_hmute	24	static
../component/amp/aw88166/aw883xx_device.c:49:6:aw883xx_dev_get_monitor_func	0	static
../component/amp/aw88166/aw883xx_device.c:62:5:aw883xx_dev_check_prof	48	static
../component/amp/aw88166/aw883xx_device.c:112:26:aw883xx_dev_get_prof_data_byname	32	static
../component/amp/aw88166/aw883xx_device.c:152:5:aw883xx_dev_set_profile_name	32	static
../component/amp/aw88166/aw883xx_device.c:163:7:aw883xx_dev_get_profile_name	0	static
../component/amp/aw88166/aw883xx_device.c:188:5:aw883xx_dev_reg_dump	24	static
../component/amp/aw88166/aw883xx_device.c:828:5:aw883xx_dev_sysst_check	32	static
../component/amp/aw88166/aw883xx_device.c:1579:5:aw883xx_crc_realtime_check	24	static
../component/amp/aw88166/aw883xx_device.c:1719:5:aw883xx_device_fw_update	56	static
../component/amp/aw88166/aw883xx_device.c:2039:5:aw883xx_device_params	96	static
../component/amp/aw88166/aw883xx_device.c:2086:6:aw883xx_device_status	24	static
../component/amp/aw88166/aw883xx_device.c:2099:5:aw883xx_device_start	56	static
../component/amp/aw88166/aw883xx_device.c:2208:5:aw883xx_device_stop	24	static
../component/amp/aw88166/aw883xx_device.c:2313:5:aw883xx_device_probe	16	static
