D:\Git\NXP\RT685\NXP_RT685_BU8\nxp_rt685_bu8\BT_Audio\Rt685Conversa_handsfree_cm33\CMSIS/core_cm33.h:2358:22:__NVIC_EnableIRQ	16	static
D:\Git\NXP\RT685\NXP_RT685_BU8\nxp_rt685_bu8\BT_Audio\Rt685Conversa_handsfree_cm33\CMSIS/core_cm33.h:2555:22:__NVIC_SetPriority	16	static
D:\Git\NXP\RT685\NXP_RT685_BU8\nxp_rt685_bu8\BT_Audio\Rt685Conversa_handsfree_cm33\drivers/fsl_common_arm.h:672:24:EnableIRQ	24	static
D:\Git\NXP\RT685\NXP_RT685_BU8\nxp_rt685_bu8\BT_Audio\Rt685Conversa_handsfree_cm33\drivers/fsl_usart.h:493:24:USART_GetStatusFlags	16	static
D:\Git\NXP\RT685\NXP_RT685_BU8\nxp_rt685_bu8\BT_Audio\Rt685Conversa_handsfree_cm33\drivers/fsl_usart.h:511:20:USART_ClearStatusFlags	16	static
D:\Git\NXP\RT685\NXP_RT685_BU8\nxp_rt685_bu8\BT_Audio\Rt685Conversa_handsfree_cm33\drivers/fsl_usart.h:539:20:USART_EnableInterrupts	16	static
D:\Git\NXP\RT685\NXP_RT685_BU8\nxp_rt685_bu8\BT_Audio\Rt685Conversa_handsfree_cm33\drivers/fsl_usart.h:559:20:USART_DisableInterrupts	16	static
D:\Git\NXP\RT685\NXP_RT685_BU8\nxp_rt685_bu8\BT_Audio\Rt685Conversa_handsfree_cm33\drivers/fsl_usart.h:573:24:USART_GetEnabledInterrupts	16	static
D:\Git\NXP\RT685\NXP_RT685_BU8\nxp_rt685_bu8\BT_Audio\Rt685Conversa_handsfree_cm33\drivers/fsl_usart.h:715:20:USART_WriteByte	16	static
D:\Git\NXP\RT685\NXP_RT685_BU8\nxp_rt685_bu8\BT_Audio\Rt685Conversa_handsfree_cm33\drivers/fsl_usart.h:729:23:USART_ReadByte	16	static
../component/uart/fsl_adapter_usart.c:169:26:HAL_UartGetStatus	16	static
../component/uart/fsl_adapter_usart.c:208:13:HAL_UartInterruptHandle	40	static
../component/uart/fsl_adapter_usart.c:266:13:HAL_UartInterruptHandle_Wrapper	16	static
../component/uart/fsl_adapter_usart.c:274:26:HAL_UartInitCommon	40	static
../component/uart/fsl_adapter_usart.c:329:19:HAL_UartInit	24	static
../component/uart/fsl_adapter_usart.c:367:19:HAL_UartDeinit	24	static
../component/uart/fsl_adapter_usart.c:380:19:HAL_UartReceiveBlocking	32	static
../component/uart/fsl_adapter_usart.c:402:19:HAL_UartSendBlocking	32	static
../component/uart/fsl_adapter_usart.c:423:19:HAL_UartEnterLowpower	16	static
../component/uart/fsl_adapter_usart.c:430:19:HAL_UartExitLowpower	16	static
../component/uart/fsl_adapter_usart.c:559:19:HAL_UartInstallCallback	32	static
../component/uart/fsl_adapter_usart.c:576:19:HAL_UartReceiveNonBlocking	32	static
../component/uart/fsl_adapter_usart.c:598:19:HAL_UartSendNonBlocking	32	static
../component/uart/fsl_adapter_usart.c:619:19:HAL_UartGetReceiveCount	24	static
../component/uart/fsl_adapter_usart.c:636:19:HAL_UartGetSendCount	24	static
../component/uart/fsl_adapter_usart.c:653:19:HAL_UartAbortReceive	24	static
../component/uart/fsl_adapter_usart.c:671:19:HAL_UartAbortSend	24	static
../component/uart/fsl_adapter_usart.c:712:6:HAL_UartIsrFunction	24	static
