../usb/usb_device_lpcip3511.c:226:23:USB_DeviceLpcIp3511MaxPacketNeedCopy	16	static
../usb/usb_device_lpcip3511.c:248:17:USB_DeviceLpcIp3511MallocMaxPacketBuffer	32	static
../usb/usb_device_lpcip3511.c:296:13:USB_DeviceLpcIp3511ReleaseMaxPacketBuffer	40	static
../usb/usb_device_lpcip3511.c:324:54:USB_DeviceLpc3511IpGetEndpointStateStruct	16	static
../usb/usb_device_lpcip3511.c:349:21:USB_DeviceLpc3511IpEndpointPrime	32	static
../usb/usb_device_lpcip3511.c:424:13:USB_DeviceLpc3511IpSetDefaultState	24	static
../usb/usb_device_lpcip3511.c:484:21:USB_DeviceLpc3511IpEndpointInit	32	static
../usb/usb_device_lpcip3511.c:591:21:USB_DeviceLpc3511IpEndpointDeinit	24	static
../usb/usb_device_lpcip3511.c:639:21:USB_DeviceLpc3511IpEndpointStall	24	static
../usb/usb_device_lpcip3511.c:700:21:USB_DeviceLpc3511IpEndpointUnstall	24	static
../usb/usb_device_lpcip3511.c:838:13:USB_DeviceLpc3511IpDoPreviousTransactionMemcpy	32	static
../usb/usb_device_lpcip3511.c:883:17:USB_DeviceLpc3511IpTokenUpdate	32	static
../usb/usb_device_lpcip3511.c:947:13:USB_DeviceLpc3511IpInterruptToken	72	static
../usb/usb_device_lpcip3511.c:1173:13:USB_DeviceLpc3511IpInterruptReset	32	static
../usb/usb_device_lpcip3511.c:1221:13:USB_DeviceLpc3511IpInterruptDetach	32	static
../usb/usb_device_lpcip3511.c:1242:13:USB_DeviceLpc3511IpInterruptAttach	32	static
../usb/usb_device_lpcip3511.c:1290:14:USB_DeviceLpc3511IpInit	40	static
../usb/usb_device_lpcip3511.c:1455:14:USB_DeviceLpc3511IpDeinit	32	static
../usb/usb_device_lpcip3511.c:1491:21:USB_DeviceLpc3511IpGetActualBufferAndPrime	56	static
../usb/usb_device_lpcip3511.c:1628:21:USB_DeviceLpc3511IpTransaction	32	static
../usb/usb_device_lpcip3511.c:1741:14:USB_DeviceLpc3511IpSend	40	static
../usb/usb_device_lpcip3511.c:1775:14:USB_DeviceLpc3511IpRecv	24	static
../usb/usb_device_lpcip3511.c:1783:14:USB_DeviceLpc3511IpCancel	56	static
../usb/usb_device_lpcip3511.c:1917:21:USB_DeviceLpc3511IpControlPreSetDeviceAddress	32	static
../usb/usb_device_lpcip3511.c:1936:14:USB_DeviceLpc3511IpControl	48	static
../usb/usb_device_lpcip3511.c:2145:6:USB_DeviceLpcIp3511IsrFunction	40	static
