../usb/usb_device_audio.c:94:21:USB_DeviceAudioAllocateHandle	24	static
../usb/usb_device_audio.c:122:21:USB_DeviceAudioFreeHandle	24	static
../usb/usb_device_audio.c:149:14:USB_DeviceAudioInterruptIn	32	static
../usb/usb_device_audio.c:189:14:USB_DeviceAudioIsochronousIn	32	static
../usb/usb_device_audio.c:228:14:USB_DeviceAudioIsochronousOut	32	static
../usb/usb_device_audio.c:263:14:USB_DeviceAudioStreamEndpointsInit	48	static
../usb/usb_device_audio.c:354:14:USB_DeviceAudioStreamEndpointsDeinit	32	static
../usb/usb_device_audio.c:408:14:USB_DeviceAudioControlEndpointsInit	48	static
../usb/usb_device_audio.c:499:14:USB_DeviceAudioControlEndpointsDeinit	24	static
../usb/usb_device_audio.c:529:14:USB_DeviceAudioGetCurAudioFeatureUnit	32	static
../usb/usb_device_audio.c:595:14:USB_DeviceAudioGetMinAudioFeatureUnit	32	static
../usb/usb_device_audio.c:648:14:USB_DeviceAudioGetMaxAudioFeatureUnit	32	static
../usb/usb_device_audio.c:701:14:USB_DeviceAudioGetResAudioFeatureUnit	32	static
../usb/usb_device_audio.c:755:14:USB_DeviceAudioSetControlTerminal	24	static
../usb/usb_device_audio.c:774:14:USB_DeviceAudioSetCurAudioFeatureUnit	32	static
../usb/usb_device_audio.c:838:14:USB_DeviceAudioSetMinAudioFeatureUnit	32	static
../usb/usb_device_audio.c:890:14:USB_DeviceAudioSetMaxAudioFeatureUnit	32	static
../usb/usb_device_audio.c:942:14:USB_DeviceAudioSetResAudioFeatureUnit	32	static
../usb/usb_device_audio.c:993:14:USB_DeviceAudioSetFeatureUnit	24	static
../usb/usb_device_audio.c:1030:14:USB_DeviceAudioSetRequestEndpoint	32	static
../usb/usb_device_audio.c:1113:14:USB_DeviceAudioGetRequestEndpoint	32	static
../usb/usb_device_audio.c:1195:14:USB_DeviceAudioGetControlTerminal	24	static
../usb/usb_device_audio.c:1214:14:USB_DeviceAudioGetFeatureUnit	24	static
../usb/usb_device_audio.c:1251:14:USB_DeviceAudioSetRequestInterface	32	static
../usb/usb_device_audio.c:1294:14:USB_DeviceAudioGetRequestInterface	32	static
../usb/usb_device_audio.c:1338:14:USB_DeviceAudioEvent	64	static
../usb/usb_device_audio.c:1705:14:USB_DeviceAudioInit	32	static
../usb/usb_device_audio.c:1750:14:USB_DeviceAudioDeinit	24	static
../usb/usb_device_audio.c:1788:14:USB_DeviceAudioSend	32	static
../usb/usb_device_audio.c:1834:14:USB_DeviceAudioRecv	32	static
