../component/i2c/fsl_adapter_i3c.c:133:18:HAL_I2cMasterInit	40	static
../component/i2c/fsl_adapter_i3c.c:154:18:HAL_I2cSlaveInit	0	static
../component/i2c/fsl_adapter_i3c.c:183:18:HAL_I2cMasterDeinit	8	static
../component/i2c/fsl_adapter_i3c.c:196:18:HAL_I2cSlaveDeinit	0	static
../component/i2c/fsl_adapter_i3c.c:213:18:HAL_I2cMasterWriteBlocking	0	static
../component/i2c/fsl_adapter_i3c.c:221:18:HAL_I2cMasterReadBlocking	0	static
../component/i2c/fsl_adapter_i3c.c:229:18:HAL_I2cSlaveWriteBlocking	0	static
../component/i2c/fsl_adapter_i3c.c:234:18:HAL_I2cSlaveReadBlocking	0	static
../component/i2c/fsl_adapter_i3c.c:239:18:HAL_I2cMasterTransferBlocking	48	static
../component/i2c/fsl_adapter_i3c.c:261:18:HAL_I2cMasterTransferInstallCallback	0	static
../component/i2c/fsl_adapter_i3c.c:283:18:HAL_I2cMasterTransferNonBlocking	0	static
../component/i2c/fsl_adapter_i3c.c:308:18:HAL_I2cMasterTransferGetCount	0	static
../component/i2c/fsl_adapter_i3c.c:324:18:HAL_I2cMasterTransferAbort	0	static
../component/i2c/fsl_adapter_i3c.c:340:18:HAL_I2cSlaveTransferInstallCallback	0	static
../component/i2c/fsl_adapter_i3c.c:362:18:HAL_I2cSlaveTransferNonBlocking	0	static
../component/i2c/fsl_adapter_i3c.c:378:18:HAL_I2cSlaveTransferAbort	0	static
../component/i2c/fsl_adapter_i3c.c:395:18:HAL_I2cSlaveTransferGetCount	0	static
