../component/pmic/pca9422/fsl_pca9422.c:81:6:PCA9422_GetChargerDefaultConfig	16	static
../component/pmic/pca9422/fsl_pca9422.c:147:6:PCA9422_InitCharger	64	static
../component/pmic/pca9422/fsl_pca9422.c:198:6:PCA9422_SetPreChargeCurrent	40	static
../component/pmic/pca9422/fsl_pca9422.c:227:9:PCA9422_GetPreChargeCurrent	32	static
../component/pmic/pca9422/fsl_pca9422.c:247:6:PCA9422_SetTopoffCurrent	40	static
../component/pmic/pca9422/fsl_pca9422.c:276:9:PCA9422_GetTopoffCurrent	32	static
../component/pmic/pca9422/fsl_pca9422.c:296:6:PCA9422_SetFastChargeCurrent	40	static
../component/pmic/pca9422/fsl_pca9422.c:343:10:PCA9422_GetFastChargeCurrent	40	static
../component/pmic/pca9422/fsl_pca9422.c:369:10:PCA9422_GetChargeCurrent	56	static
../component/pmic/pca9422/fsl_pca9422.c:501:10:PCA9422_GetVBATRegulation	48	static
../component/pmic/pca9422/fsl_pca9422.c:627:6:PCA9422_SetRechargeThreshold	40	static
../component/pmic/pca9422/fsl_pca9422.c:656:6:PCA9422_SetPrechargeTimer	40	static
../component/pmic/pca9422/fsl_pca9422.c:685:6:PCA9422_SetFastchargeTimer	40	static
../component/pmic/pca9422/fsl_pca9422.c:714:6:PCA9422_SetTopoffTimer	40	static
../component/pmic/pca9422/fsl_pca9422.c:743:9:PCA9422_GetChargeState	24	static
../component/pmic/pca9422/fsl_pca9422.c:776:6:PCA9422_SelectAMUXChannel	40	static
../component/pmic/pca9422/fsl_pca9422.c:791:6:PCA9422_SetAMUXMode	40	static
../component/pmic/pca9422/fsl_pca9422.c:806:21:PCA9422_GetAMUXMode	32	static
../component/pmic/pca9422/fsl_pca9422.c:829:6:PCA9422_SetAMUXConfig	40	static
../component/pmic/pca9422/fsl_pca9422.c:848:7:PCA9422_GetAMUXScaleFactor	24	static
../component/pmic/pca9422/fsl_pca9422.c:956:6:PCA9422_GetDefaultBuckConfig	16	static
../component/pmic/pca9422/fsl_pca9422.c:1039:6:PCA9422_GetDefaultLDO234Config	16	static
../component/pmic/pca9422/fsl_pca9422.c:1072:6:PCA9422_GetDefaultLDO1Config	0	static
../component/pmic/pca9422/fsl_pca9422.c:1080:6:PCA9422_GetDefaultBBConfig	4	static
../component/pmic/pca9422/fsl_pca9422.c:1102:6:PCA9422_GetRegulatorDefaultConfig	36	static
../component/pmic/pca9422/fsl_pca9422.c:1139:9:PCA9422_GetDeviceID	24	static
../component/pmic/pca9422/fsl_pca9422.c:1159:6:PCA9422_InitRegulator	56	static
../component/pmic/pca9422/fsl_pca9422.c:1570:6:PCA9422_GetDefaultPowerModeConfig	8	static
../component/pmic/pca9422/fsl_pca9422.c:1599:6:PCA9422_GetDefaultEnModeConfig	0	static
../component/pmic/pca9422/fsl_pca9422.c:1612:6:PCA9422_GetDefaultRegEnableConfig	0	static
../component/pmic/pca9422/fsl_pca9422.c:1625:6:PCA9422_GetLDO1EnMode	32	static
../component/pmic/pca9422/fsl_pca9422.c:1641:6:PCA9422_SetLDO1EnMode	40	static
../component/pmic/pca9422/fsl_pca9422.c:1652:6:PCA9422_GetRegulatorEnMode	32	static
../component/pmic/pca9422/fsl_pca9422.c:1748:6:PCA9422_SetRegulatorEnMode	48	static
../component/pmic/pca9422/fsl_pca9422.c:1819:6:PCA9422_GetRegulatorLPMode	32	static
../component/pmic/pca9422/fsl_pca9422.c:1940:6:PCA9422_SetRegulatorLPMode	48	static
../component/pmic/pca9422/fsl_pca9422.c:2040:6:PCA9422_SetRegulatorVoltage	48	static
../component/pmic/pca9422/fsl_pca9422.c:2340:6:PCA9422_GetRegulatorVoltage	40	static
../component/pmic/pca9422/fsl_pca9422.c:2709:9:PCA9422_GetRegulatorStatus	24	static
../component/pmic/pca9422/fsl_pca9422.c:2724:6:PCA9422_SwitchPowerMode	32	static
../component/pmic/pca9422/fsl_pca9422.c:2782:6:PCA9422_GetCurrentPowerMode	32	static
../component/pmic/pca9422/fsl_pca9422.c:2795:6:PCA9422_GetCurrentEnMode	32	static
../component/pmic/pca9422/fsl_pca9422.c:2807:6:PCA9422_GetStandbyControl	32	static
../component/pmic/pca9422/fsl_pca9422.c:2820:6:PCA9422_SetBuckDVSControl	40	static
../component/pmic/pca9422/fsl_pca9422.c:2857:6:PCA9422_SetEnableRegulatorRunState	48	static
../component/pmic/pca9422/fsl_pca9422.c:2920:6:PCA9422_GetEnableRegulatorRunState	40	static
../component/pmic/pca9422/fsl_pca9422.c:2990:6:PCA9422_ReadPowerModeConfigs	16	static
../component/pmic/pca9422/fsl_pca9422.c:3122:6:PCA9422_WritePowerModeConfigs	40	static
../component/pmic/pca9422/fsl_pca9422.c:3252:6:PCA9422_WriteEnModeConfig	48	static
../component/pmic/pca9422/fsl_pca9422.c:3265:6:PCA9422_WriteRegEnableConfig	48	static
../component/pmic/pca9422/fsl_pca9422.c:3278:6:PCA9422_EnableState	0	static
../component/pmic/pca9422/fsl_pca9422.c:3303:6:PCA9422_ReadEnableConfigs	104	static
../component/pmic/pca9422/fsl_pca9422.c:3354:6:PCA9422_FeedWatchDog	24	static
../component/pmic/pca9422/fsl_pca9422.c:3361:6:PCA9422_SetWatchDogTimer	40	static
../component/pmic/pca9422/fsl_pca9422.c:3372:6:PCA9422_WriteRegsReadback	48	static
../component/pmic/pca9422/fsl_pca9422.c:577:6:PCA9422_SetVBATRegulation	40	static
../component/pmic/pca9422/fsl_pca9422.c:924:6:PCA9422_SetUSBSuspendMode	40	static
../component/pmic/pca9422/fsl_pca9422.c:880:6:PCA9422_SetEnableCharge	40	static
../component/pmic/pca9422/fsl_pca9422.c:3403:6:PCA9422_ModifyRegReadback	48	static
../component/pmic/pca9422/fsl_pca9422.c:3425:6:PCA9422_WriteRegs	16	static
../component/pmic/pca9422/fsl_pca9422.c:3434:6:PCA9422_ReadRegs	16	static
../component/pmic/pca9422/fsl_pca9422.c:3443:6:PCA9422_ModifyReg	48	static
../component/pmic/pca9422/fsl_pca9422.c:3465:6:PCA9422_EnableChargerInterrupts	24	static
../component/pmic/pca9422/fsl_pca9422.c:3485:6:PCA9422_DisableChargerInterrupts	32	static
../component/pmic/pca9422/fsl_pca9422.c:3502:6:PCA9422_GetChargerInterrupts	16	static
../component/pmic/pca9422/fsl_pca9422.c:3514:6:PCA9422_GetChargerInterruptStatus	16	static
../component/pmic/pca9422/fsl_pca9422.c:3526:6:PCA9422_EnableRegulatorInterrupt	24	static
../component/pmic/pca9422/fsl_pca9422.c:3540:6:PCA9422_DisableRegulatorInterrupt	32	static
../component/pmic/pca9422/fsl_pca9422.c:3556:6:PCA9422_GetRegulatorInterrupt	16	static
../component/pmic/pca9422/fsl_pca9422.c:3568:6:PCA9422_GetRegulatorInterruptStatus	16	static
../component/pmic/pca9422/fsl_pca9422.c:3580:6:PCA9422_EnableSublevelInterrupts	32	static
../component/pmic/pca9422/fsl_pca9422.c:3607:6:PCA9422_DisableSublevelInterrupts	32	static
../component/pmic/pca9422/fsl_pca9422.c:3633:6:PCA9422_GetSublevelInterrupts	24	static
../component/pmic/pca9422/fsl_pca9422.c:3655:6:PCA9422_GetToplevelInterruptStatus	16	static
