D:\Git\NXP\RT685\Q_dev_board_BT_V1_3_1\nxp_rt685_bu8\BT_Audio\Rt685Conversa_handsfree_cm33\edgefast\bluetooth\source\porting/thread/thread.h:707:23:k_uptime_get	32	static
D:\Git\NXP\RT685\Q_dev_board_BT_V1_3_1\nxp_rt685_bu8\BT_Audio\Rt685Conversa_handsfree_cm33\edgefast\bluetooth\source\porting/thread/thread.h:731:24:k_uptime_get_32	8	static
../edgefast/bluetooth/source/porting/queue/queue.c:16:13:bt_fifo_sem_post	24	static
../edgefast/bluetooth/source/porting/queue/queue.c:41:13:bt_fifo_sem_wait	24	static
../edgefast/bluetooth/source/porting/queue/queue.c:57:15:bt_fifo_sem_create	16	static
../edgefast/bluetooth/source/porting/queue/queue.c:62:6:bt_fifo_init	16	static
../edgefast/bluetooth/source/porting/queue/queue.c:87:6:bt_fifo_append	16	static
../edgefast/bluetooth/source/porting/queue/queue.c:109:6:bt_fifo_prepend	16	static
../edgefast/bluetooth/source/porting/queue/queue.c:129:6:bt_fifo_insert	24	static
../edgefast/bluetooth/source/porting/queue/queue.c:146:5:bt_fifo_append_list	24	static
../edgefast/bluetooth/source/porting/queue/queue.c:156:5:bt_fifo_merge_slist	16	static
../edgefast/bluetooth/source/porting/queue/queue.c:166:7:bt_fifo_get	32	static
../edgefast/bluetooth/source/porting/queue/queue.c:207:6:bt_fifo_remove	16	static
../edgefast/bluetooth/source/porting/queue/queue.c:214:6:bt_fifo_unique_append	16	static
../edgefast/bluetooth/source/porting/queue/queue.c:228:5:bt_fifo_is_empty	16	static
../edgefast/bluetooth/source/porting/queue/queue.c:235:7:bt_fifo_peek_head	16	static
../edgefast/bluetooth/source/porting/queue/queue.c:242:7:bt_fifo_peek_tail	16	static
../edgefast/bluetooth/source/porting/queue/queue.c:249:6:bt_fifo_scan	24	static
../edgefast/bluetooth/source/porting/queue/queue.c:256:5:bt_fifo_alloc_prepend	16	static
../edgefast/bluetooth/source/porting/queue/queue.c:261:5:bt_fifo_alloc_append	16	static
../edgefast/bluetooth/source/porting/queue/queue.c:266:6:bt_fifo_cancel_wait	16	static
../edgefast/bluetooth/source/porting/queue/queue.c:272:13:slist_scan_callback	24	static
../edgefast/bluetooth/source/porting/queue/queue.c:297:13:k_queue_poll_event_update	16	static
../edgefast/bluetooth/source/porting/queue/queue.c:302:6:k_queue_init	16	static
../edgefast/bluetooth/source/porting/queue/queue.c:307:6:k_queue_cancel_wait	16	static
../edgefast/bluetooth/source/porting/queue/queue.c:312:6:k_queue_append	16	static
../edgefast/bluetooth/source/porting/queue/queue.c:319:9:k_queue_alloc_append	24	static
../edgefast/bluetooth/source/porting/queue/queue.c:330:6:k_queue_prepend	16	static
../edgefast/bluetooth/source/porting/queue/queue.c:336:9:k_queue_alloc_prepend	24	static
../edgefast/bluetooth/source/porting/queue/queue.c:347:6:k_queue_insert	24	static
../edgefast/bluetooth/source/porting/queue/queue.c:353:5:k_queue_append_list	32	static
../edgefast/bluetooth/source/porting/queue/queue.c:363:5:k_queue_merge_slist	24	static
../edgefast/bluetooth/source/porting/queue/queue.c:373:7:k_queue_get	16	static
../edgefast/bluetooth/source/porting/queue/queue.c:378:6:k_queue_remove	16	static
../edgefast/bluetooth/source/porting/queue/queue.c:383:6:k_queue_unique_append	24	static
../edgefast/bluetooth/source/porting/queue/queue.c:392:5:k_queue_is_empty	16	static
../edgefast/bluetooth/source/porting/queue/queue.c:397:7:k_queue_peek_head	16	static
../edgefast/bluetooth/source/porting/queue/queue.c:402:7:k_queue_peek_tail	16	static
