../freertos/freertos-kernel/event_groups.c:761:10:vEventGroupClearBitsCallback	16	static
../freertos/freertos-kernel/event_groups.c:745:10:vEventGroupSetBitsCallback	32	static
../freertos/freertos-kernel/event_groups.c:86:28:xEventGroupCreateStatic	16	static
../freertos/freertos-kernel/event_groups.c:145:28:xEventGroupCreate	16	static
../freertos/freertos-kernel/event_groups.c:312:17:xEventGroupWaitBits	24	static
../freertos/freertos-kernel/event_groups.c:472:17:xEventGroupClearBits	16	static
../freertos/freertos-kernel/event_groups.c:506:20:xEventGroupClearBitsFromISR	0	static
../freertos/freertos-kernel/event_groups.c:524:17:xEventGroupGetBitsFromISR	8	static
../freertos/freertos-kernel/event_groups.c:547:17:xEventGroupSetBits	32	static
../freertos/freertos-kernel/event_groups.c:185:17:xEventGroupSync	24	static
../freertos/freertos-kernel/event_groups.c:647:10:vEventGroupDelete	16	static
../freertos/freertos-kernel/event_groups.c:698:20:xEventGroupGetStaticBuffer	8	static
../freertos/freertos-kernel/event_groups.c:814:20:xEventGroupSetBitsFromISR	4	static
../freertos/freertos-kernel/event_groups.c:835:21:uxEventGroupGetNumber	0	static
../freertos/freertos-kernel/event_groups.c:865:14:vEventGroupSetNumber	0	static
