../freertos/freertos-kernel/queue.c:2390:19:prvCopyDataToQueue	16	static
../freertos/freertos-kernel/queue.c:303:12:xQueueGenericReset	16	static
../freertos/freertos-kernel/queue.c:376:19:xQueueGenericCreateStatic	24	static
../freertos/freertos-kernel/queue.c:446:16:xQueueGenericGetStaticBuffers	8	static
../freertos/freertos-kernel/queue.c:502:19:xQueueGenericCreate	24	static
../freertos/freertos-kernel/queue.c:689:18:xQueueGetMutexHolder	8	static
../freertos/freertos-kernel/queue.c:726:18:xQueueGetMutexHolderFromISR	8	static
../freertos/freertos-kernel/queue.c:862:19:xQueueCreateCountingSemaphoreStatic	32	static
../freertos/freertos-kernel/queue.c:902:19:xQueueCreateCountingSemaphore	24	static
../freertos/freertos-kernel/queue.c:939:12:xQueueGenericSend	48	static
../freertos/freertos-kernel/queue.c:644:19:xQueueCreateMutex	16	static
../freertos/freertos-kernel/queue.c:756:16:xQueueGiveMutexRecursive	16	static
../freertos/freertos-kernel/queue.c:664:19:xQueueCreateMutexStatic	32	static
../freertos/freertos-kernel/queue.c:1157:12:xQueueGenericSendFromISR	24	static
../freertos/freertos-kernel/queue.c:1329:12:xQueueGiveFromISR	24	static
../freertos/freertos-kernel/queue.c:1502:12:xQueueReceive	48	static
../freertos/freertos-kernel/queue.c:1652:12:xQueueSemaphoreTake	48	static
../freertos/freertos-kernel/queue.c:815:16:xQueueTakeMutexRecursive	16	static
../freertos/freertos-kernel/queue.c:1877:12:xQueuePeek	48	static
../freertos/freertos-kernel/queue.c:2035:12:xQueueReceiveFromISR	32	static
../freertos/freertos-kernel/queue.c:2135:12:xQueuePeekFromISR	24	static
../freertos/freertos-kernel/queue.c:2197:13:uxQueueMessagesWaiting	8	static
../freertos/freertos-kernel/queue.c:2217:13:uxQueueSpacesAvailable	8	static
../freertos/freertos-kernel/queue.c:2238:13:uxQueueMessagesWaitingFromISR	8	static
../freertos/freertos-kernel/queue.c:2254:6:vQueueDelete	8	static
../freertos/freertos-kernel/queue.c:2302:17:uxQueueGetQueueNumber	0	static
../freertos/freertos-kernel/queue.c:2316:10:vQueueSetQueueNumber	0	static
../freertos/freertos-kernel/queue.c:2331:13:ucQueueGetQueueType	0	static
../freertos/freertos-kernel/queue.c:2343:13:uxQueueGetQueueItemSize	0	static
../freertos/freertos-kernel/queue.c:2353:13:uxQueueGetQueueLength	0	static
../freertos/freertos-kernel/queue.c:2635:12:xQueueIsQueueEmptyFromISR	8	static
../freertos/freertos-kernel/queue.c:2680:12:xQueueIsQueueFullFromISR	8	static
../freertos/freertos-kernel/queue.c:3009:10:vQueueAddToRegistry	8	static
../freertos/freertos-kernel/queue.c:3060:18:pcQueueGetName	8	static
../freertos/freertos-kernel/queue.c:3095:10:vQueueUnregisterQueue	8	static
../freertos/freertos-kernel/queue.c:3132:10:vQueueWaitForMessageRestricted	16	static
