../freertos/freertos-kernel/stream_buffer.c:331:26:xStreamBufferGenericCreate	24	static
../freertos/freertos-kernel/stream_buffer.c:427:26:xStreamBufferGenericCreateStatic	32	static
../freertos/freertos-kernel/stream_buffer.c:523:16:xStreamBufferGetStaticBuffers	8	static
../freertos/freertos-kernel/stream_buffer.c:557:6:vStreamBufferDelete	8	static
../freertos/freertos-kernel/stream_buffer.c:594:12:xStreamBufferReset	32	static
../freertos/freertos-kernel/stream_buffer.c:655:12:xStreamBufferResetFromISR	40	static
../freertos/freertos-kernel/stream_buffer.c:720:12:xStreamBufferSetTriggerLevel	8	static
../freertos/freertos-kernel/stream_buffer.c:754:8:xStreamBufferSpacesAvailable	16	static
../freertos/freertos-kernel/stream_buffer.c:791:8:xStreamBufferBytesAvailable	8	static
../freertos/freertos-kernel/stream_buffer.c:808:8:xStreamBufferSend	64	static
../freertos/freertos-kernel/stream_buffer.c:943:8:xStreamBufferSendFromISR	48	static
../freertos/freertos-kernel/stream_buffer.c:1053:8:xStreamBufferReceive	56	static
../freertos/freertos-kernel/stream_buffer.c:1169:8:xStreamBufferNextMessageLengthBytes	24	static
../freertos/freertos-kernel/stream_buffer.c:1213:8:xStreamBufferReceiveFromISR	64	static
../freertos/freertos-kernel/stream_buffer.c:1331:12:xStreamBufferIsEmpty	8	static
../freertos/freertos-kernel/stream_buffer.c:1359:12:xStreamBufferIsFull	16	static
../freertos/freertos-kernel/stream_buffer.c:1398:12:xStreamBufferSendCompletedFromISR	32	static
../freertos/freertos-kernel/stream_buffer.c:1437:12:xStreamBufferReceiveCompletedFromISR	32	static
../freertos/freertos-kernel/stream_buffer.c:1635:13:uxStreamBufferGetStreamBufferNotificationIndex	8	static
../freertos/freertos-kernel/stream_buffer.c:1649:6:vStreamBufferSetStreamBufferNotificationIndex	8	static
../freertos/freertos-kernel/stream_buffer.c:1673:17:uxStreamBufferGetStreamBufferNumber	0	static
../freertos/freertos-kernel/stream_buffer.c:1687:10:vStreamBufferSetStreamBufferNumber	0	static
../freertos/freertos-kernel/stream_buffer.c:1702:13:ucStreamBufferGetStreamBufferType	0	static
