../bt_ble/port/pal/mcux/ethal/ethal_os.c:36:6:EM_os_init	0	static
../bt_ble/port/pal/mcux/ethal/ethal_os.c:70:7:EM_thread_create	56	static
../bt_ble/port/pal/mcux/ethal/ethal_os.c:159:7:EM_thread_delete	16	static
../bt_ble/port/pal/mcux/ethal/ethal_os.c:195:7:EM_thread_attr_init	0	static
../bt_ble/port/pal/mcux/ethal/ethal_os.c:222:7:EM_thread_mutex_init	8	static
../bt_ble/port/pal/mcux/ethal/ethal_os.c:266:7:EM_thread_mutex_deinit	16	static
../bt_ble/port/pal/mcux/ethal/ethal_os.c:305:7:EM_thread_mutex_lock	8	static
../bt_ble/port/pal/mcux/ethal/ethal_os.c:340:7:EM_thread_mutex_unlock	8	static
../bt_ble/port/pal/mcux/ethal/ethal_os.c:381:7:EM_thread_cond_init	8	static
../bt_ble/port/pal/mcux/ethal/ethal_os.c:423:7:EM_thread_cond_deinit	16	static
../bt_ble/port/pal/mcux/ethal/ethal_os.c:468:7:EM_thread_cond_wait	16	static
../bt_ble/port/pal/mcux/ethal/ethal_os.c:517:7:EM_thread_cond_wait_timeout	16	static
../bt_ble/port/pal/mcux/ethal/ethal_os.c:558:7:EM_thread_cond_signal	8	static
../bt_ble/port/pal/mcux/ethal/ethal_os.c:594:8:EM_alloc_mem	0	static
../bt_ble/port/pal/mcux/ethal/ethal_os.c:618:6:EM_free_mem	0	static
../bt_ble/port/pal/mcux/ethal/ethal_os.c:639:6:EM_sleep	0	static
../bt_ble/port/pal/mcux/ethal/ethal_os.c:659:6:EM_usleep	0	static
../bt_ble/port/pal/mcux/ethal/ethal_os.c:680:6:EM_get_current_time	0	static
../bt_ble/port/pal/mcux/ethal/ethal_os.c:706:6:EM_get_local_time	0	static
../bt_ble/port/pal/mcux/ethal/ethal_os.c:735:7:EM_get_time_ms	0	static
../bt_ble/port/pal/mcux/ethal/ethal_os.c:754:8:EM_get_us_timestamp	8	static
../bt_ble/port/pal/mcux/ethal/ethal_os.c:789:6:EM_process_term_notify	0	static
../bt_ble/port/pal/mcux/ethal/ethal_os.c:830:8:EM_thread_get_stack_unused	8	static
