D:\Git\NXP\RT685\NXP_RT685_BU8\nxp_rt685_bu8\BT_Audio\Rt685Conversa_handsfree_cm33\drivers/fsl_common_arm.h:902:24:DisableGlobalIRQ	16	static
D:\Git\NXP\RT685\NXP_RT685_BU8\nxp_rt685_bu8\BT_Audio\Rt685Conversa_handsfree_cm33\drivers/fsl_common_arm.h:928:20:EnableGlobalIRQ	24	static
../component/serial_manager/fsl_component_serial_manager.h:847:20:SerialManager_needPollingIsr	16	static
../component/serial_manager/fsl_component_serial_manager.c:253:13:SerialManager_AddTail	16	static
../component/serial_manager/fsl_component_serial_manager.c:258:13:SerialManager_RemoveHead	16	static
../component/serial_manager/fsl_component_serial_manager.c:263:16:SerialManager_SetLpConstraint	24	static
../component/serial_manager/fsl_component_serial_manager.c:273:16:SerialManager_ReleaseLpConstraint	24	static
../component/serial_manager/fsl_component_serial_manager.c:287:32:SerialManager_StartWriting	24	static
../component/serial_manager/fsl_component_serial_manager.c:365:32:SerialManager_StartReading	32	static
../component/serial_manager/fsl_component_serial_manager.c:551:13:SerialManager_IsrFunction	24	static
../component/serial_manager/fsl_component_serial_manager.c:593:13:SerialManager_Task	48	static
../component/serial_manager/fsl_component_serial_manager.c:754:13:SerialManager_TxCallback	40	static
../component/serial_manager/fsl_component_serial_manager.c:825:6:SerialManager_RxCallback	56	static
../component/serial_manager/fsl_component_serial_manager.c:1005:18:SerialManager_WriteTimeDelay	16	static
../component/serial_manager/fsl_component_serial_manager.c:1013:18:SerialManager_ReadTimeDelay	16	static
../component/serial_manager/fsl_component_serial_manager.c:1020:32:SerialManager_Write	40	static
../component/serial_manager/fsl_component_serial_manager.c:1115:32:SerialManager_Read	48	static
../component/serial_manager/fsl_component_serial_manager.c:1278:25:SerialManager_Init	56	static
../component/serial_manager/fsl_component_serial_manager.c:1495:25:SerialManager_Deinit	24	static
../component/serial_manager/fsl_component_serial_manager.c:1574:25:SerialManager_OpenWriteHandle	32	static
../component/serial_manager/fsl_component_serial_manager.c:1611:25:SerialManager_CloseWriteHandle	32	static
../component/serial_manager/fsl_component_serial_manager.c:1645:25:SerialManager_OpenReadHandle	32	static
../component/serial_manager/fsl_component_serial_manager.c:1685:25:SerialManager_CloseReadHandle	32	static
../component/serial_manager/fsl_component_serial_manager.c:1717:25:SerialManager_WriteBlocking	24	static
../component/serial_manager/fsl_component_serial_manager.c:1726:25:SerialManager_ReadBlocking	32	static
../component/serial_manager/fsl_component_serial_manager.c:1736:25:SerialManager_WriteNonBlocking	24	static
../component/serial_manager/fsl_component_serial_manager.c:1743:25:SerialManager_ReadNonBlocking	32	static
../component/serial_manager/fsl_component_serial_manager.c:1758:25:SerialManager_CancelWriting	32	static
../component/serial_manager/fsl_component_serial_manager.c:1889:25:SerialManager_CancelReading	40	static
../component/serial_manager/fsl_component_serial_manager.c:1926:25:SerialManager_TryRead	32	static
../component/serial_manager/fsl_component_serial_manager.c:1936:25:SerialManager_InstallTxCallback	32	static
../component/serial_manager/fsl_component_serial_manager.c:1954:25:SerialManager_InstallRxCallback	32	static
../component/serial_manager/fsl_component_serial_manager.c:1973:25:SerialManager_EnterLowpower	24	static
../component/serial_manager/fsl_component_serial_manager.c:2029:25:SerialManager_ExitLowpower	24	static
../component/serial_manager/fsl_component_serial_manager.c:2093:6:SerialManager_SetLowpowerCriticalCb	16	static
