D:\Git\NXP\RT685\RT685-EVK_Conversa_HFP\nxp_rt685\Rt685Conversa_handsfree_cm33\drivers/fsl_common_arm.h:902:24:DisableGlobalIRQ	16	static
D:\Git\NXP\RT685\RT685-EVK_Conversa_HFP\nxp_rt685\Rt685Conversa_handsfree_cm33\drivers/fsl_common_arm.h:928:20:EnableGlobalIRQ	24	static
../component/serial_manager/fsl_component_serial_port_uart.c:102:32:Serial_UartEnableReceiving	16	static
../component/serial_manager/fsl_component_serial_port_uart.c:129:13:Serial_UartCallback	40	static
../component/serial_manager/fsl_component_serial_port_uart.c:172:25:Serial_UartInit	32	static
../component/serial_manager/fsl_component_serial_port_uart.c:212:25:Serial_UartDeinit	24	static
../component/serial_manager/fsl_component_serial_port_uart.c:239:25:Serial_UartWrite	32	static
../component/serial_manager/fsl_component_serial_port_uart.c:276:25:Serial_UartRead	24	static
../component/serial_manager/fsl_component_serial_port_uart.c:317:25:Serial_UartCancelWrite	40	static
../component/serial_manager/fsl_component_serial_port_uart.c:351:25:Serial_UartInstallTxCallback	32	static
../component/serial_manager/fsl_component_serial_port_uart.c:367:25:Serial_UartInstallRxCallback	32	static
../component/serial_manager/fsl_component_serial_port_uart.c:386:6:Serial_UartIsrFunction	24	static
../component/serial_manager/fsl_component_serial_port_uart.c:398:25:Serial_UartEnterLowpower	24	static
../component/serial_manager/fsl_component_serial_port_uart.c:414:25:Serial_UartExitLowpower	32	static
