../board/board.c:65:6:BOARD_InitDebugConsole	0	static
../board/board.c:321:6:BOARD_DeinitXip	0	static
../board/board.c:337:6:BOARD_InitXip	4	static
../board/board.c:399:6:BOARD_SetFlexspiClock	16	static
../board/board.c:436:6:BOARD_SetDeepSleepPinConfig	4	static
../board/board.c:473:6:BOARD_RestoreDeepSleepPinConfig	16	static
../board/board.c:492:6:BOARD_EnterDeepSleep	8	static
../board/board.c:499:6:BOARD_EnterDeepPowerDown	8	static
../board/board.c:148:10:BOARD_InitPsRam	440	static
../board/board.c:428:6:BOARD_FlexspiClockSafeConfig	0	static
../board/board.c:508:6:BOARD_I2C_Init	32	static
../board/board.c:516:10:BOARD_I2C_Send	32	static
../board/board.c:537:10:BOARD_I2C_Receive	32	static
../board/board.c:560:6:BOARD_I3C_Init	40	static
../board/board.c:568:10:BOARD_I3C_Send	40	static
../board/board.c:590:10:BOARD_I3C_Receive	40	static
../board/board.c:648:6:BOARD_PMIC_I2C_Init	32	static
../board/board.c:655:10:BOARD_PMIC_I2C_Send	40	static
../board/board.c:664:10:BOARD_PMIC_I2C_Receive	40	static
