D:\Git\NXP\RT685\NXP_RT685_BU8\nxp_rt685_bu8\BT_Audio\Rt685Conversa_handsfree_cm33\edgefast\bluetooth\include/sys/byteorder.h:614:20:sys_memcpy_swap	32	static
D:\Git\NXP\RT685\NXP_RT685_BU8\nxp_rt685_bu8\BT_Audio\Rt685Conversa_handsfree_cm33\edgefast\bluetooth\include/sys/byteorder.h:640:20:sys_mem_swap	24	static
../edgefast/bluetooth/source/impl/ethermind/crypto/bt_crypto.c:11:5:bt_crypto_aes_cmac	24	static
../edgefast/bluetooth/source/impl/ethermind/crypto/bt_crypto.c:16:5:bt_crypto_f4	112	static
../edgefast/bluetooth/source/impl/ethermind/crypto/bt_crypto.c:53:5:bt_crypto_f5	144	static
../edgefast/bluetooth/source/impl/ethermind/crypto/bt_crypto.c:114:5:bt_crypto_f6	112	static
../edgefast/bluetooth/source/impl/ethermind/crypto/bt_crypto.c:157:5:bt_crypto_g2	128	static
../edgefast/bluetooth/source/impl/ethermind/crypto/bt_crypto.c:189:5:bt_crypto_h6	48	static
../edgefast/bluetooth/source/impl/ethermind/crypto/bt_crypto.c:213:5:bt_crypto_h7	64	static
../edgefast/bluetooth/source/impl/ethermind/crypto/bt_crypto.c:237:5:bt_crypto_h8	80	static
