../utilities/debug_console/fsl_debug_console.c:333:13:DbgConsole_SerialManagerTxCallback	16	static
../utilities/debug_console/fsl_debug_console.c:367:13:DbgConsole_SerialManagerTx2Callback	0	static
../utilities/debug_console/fsl_debug_console.c:428:10:DbgConsole_ReadOneCharacter	0	static
../utilities/debug_console/fsl_debug_console.c:500:5:DbgConsole_SendData	32	static
../utilities/debug_console/fsl_debug_console.c:553:5:DbgConsole_SendDataReliable.part.0	32	static
../utilities/debug_console/fsl_debug_console.c:737:13:DbgConsole_PrintCallback	32	static
../utilities/debug_console/fsl_debug_console.c:553:5:DbgConsole_SendDataReliable	0	static
../utilities/debug_console/fsl_debug_console.c:634:5:DbgConsole_ReadLine	16	static
../utilities/debug_console/fsl_debug_console.c:700:5:DbgConsole_ReadCharacter	8	static
../utilities/debug_console/fsl_debug_console.c:777:10:DbgConsole_Init	56	static
../utilities/debug_console/fsl_debug_console.c:948:10:DbgConsole_EnterLowpower	8	static
../utilities/debug_console/fsl_debug_console.c:959:10:DbgConsole_ExitLowpower	8	static
../utilities/debug_console/fsl_debug_console.c:970:10:DbgConsole_Deinit	8	static
../utilities/debug_console/fsl_debug_console.c:1013:40:DbgConsole_Flush	8	static
../utilities/debug_console/fsl_debug_console.c:1052:5:DbgConsole_Printf	152	static
../utilities/debug_console/fsl_debug_console.c:1067:5:DbgConsole_Vprintf	144	static
../utilities/debug_console/fsl_debug_console.c:1092:5:DbgConsole_Putchar	16	static
../utilities/debug_console/fsl_debug_console.c:1099:5:DbgConsole_Scanf	40	static
../utilities/debug_console/fsl_debug_console.c:1118:5:DbgConsole_BlockingPrintf	152	static
../utilities/debug_console/fsl_debug_console.c:1131:5:DbgConsole_BlockingVprintf	144	static
../utilities/debug_console/fsl_debug_console.c:1158:10:DbgConsole_TryGetchar	0	static
../utilities/debug_console/fsl_debug_console.c:1200:5:DbgConsole_Getchar	8	static
../utilities/debug_console/fsl_debug_console.c:1388:27:_write	8	static
../utilities/debug_console/fsl_debug_console.c:1409:27:_read	8	static
