../component/serial_manager/fsl_component_serial_manager.c:825:6:SerialManager_RxCallback	32	static
../component/serial_manager/fsl_component_serial_manager.c:287:32:SerialManager_StartWriting.isra	16	static
../component/serial_manager/fsl_component_serial_manager.c:593:13:SerialManager_Task	40	static
../component/serial_manager/fsl_component_serial_manager.c:754:13:SerialManager_TxCallback	24	static
../component/serial_manager/fsl_component_serial_manager.c:1005:18:SerialManager_WriteTimeDelay	0	static
../component/serial_manager/fsl_component_serial_manager.c:1013:18:SerialManager_ReadTimeDelay	0	static
../component/serial_manager/fsl_component_serial_manager.c:1278:25:SerialManager_Init	48	static
../component/serial_manager/fsl_component_serial_manager.c:1495:25:SerialManager_Deinit	8	static
../component/serial_manager/fsl_component_serial_manager.c:1574:25:SerialManager_OpenWriteHandle	16	static
../component/serial_manager/fsl_component_serial_manager.c:1611:25:SerialManager_CloseWriteHandle	16	static
../component/serial_manager/fsl_component_serial_manager.c:1645:25:SerialManager_OpenReadHandle	24	static
../component/serial_manager/fsl_component_serial_manager.c:1685:25:SerialManager_CloseReadHandle	24	static
../component/serial_manager/fsl_component_serial_manager.c:1717:25:SerialManager_WriteBlocking	24	static
../component/serial_manager/fsl_component_serial_manager.c:1726:25:SerialManager_ReadBlocking	24	static
../component/serial_manager/fsl_component_serial_manager.c:1736:25:SerialManager_WriteNonBlocking	24	static
../component/serial_manager/fsl_component_serial_manager.c:1743:25:SerialManager_ReadNonBlocking	32	static
../component/serial_manager/fsl_component_serial_manager.c:1758:25:SerialManager_CancelWriting	16	static
../component/serial_manager/fsl_component_serial_manager.c:1889:25:SerialManager_CancelReading	16	static
../component/serial_manager/fsl_component_serial_manager.c:1926:25:SerialManager_TryRead	24	static
../component/serial_manager/fsl_component_serial_manager.c:1936:25:SerialManager_InstallTxCallback	0	static
../component/serial_manager/fsl_component_serial_manager.c:1954:25:SerialManager_InstallRxCallback	0	static
../component/serial_manager/fsl_component_serial_manager.c:1973:25:SerialManager_EnterLowpower	0	static
../component/serial_manager/fsl_component_serial_manager.c:2029:25:SerialManager_ExitLowpower	0	static
../component/serial_manager/fsl_component_serial_manager.c:2093:6:SerialManager_SetLowpowerCriticalCb	0	static
