D:\Git\NXP\RT685\NXP_RT685_BU8\nxp_rt685_bu8\BT_Audio\Rt685Conversa_handsfree_cm33\CMSIS/core_cm33.h:2358:22:__NVIC_EnableIRQ	16	static
D:\Git\NXP\RT685\NXP_RT685_BU8\nxp_rt685_bu8\BT_Audio\Rt685Conversa_handsfree_cm33\CMSIS/core_cm33.h:2555:22:__NVIC_SetPriority	16	static
D:\Git\NXP\RT685\NXP_RT685_BU8\nxp_rt685_bu8\BT_Audio\Rt685Conversa_handsfree_cm33\drivers/fsl_clock.h:888:20:CLOCK_EnableClock	24	static
D:\Git\NXP\RT685\NXP_RT685_BU8\nxp_rt685_bu8\BT_Audio\Rt685Conversa_handsfree_cm33\drivers/fsl_common_arm.h:902:24:DisableGlobalIRQ	16	static
D:\Git\NXP\RT685\NXP_RT685_BU8\nxp_rt685_bu8\BT_Audio\Rt685Conversa_handsfree_cm33\drivers/fsl_common_arm.h:928:20:EnableGlobalIRQ	24	static
D:\Git\NXP\RT685\NXP_RT685_BU8\nxp_rt685_bu8\BT_Audio\Rt685Conversa_handsfree_cm33\drivers/fsl_gpio.h:153:20:GPIO_PinWrite	24	static
D:\Git\NXP\RT685\NXP_RT685_BU8\nxp_rt685_bu8\BT_Audio\Rt685Conversa_handsfree_cm33\drivers/fsl_gpio.h:172:24:GPIO_PinRead	24	static
../component/gpio/fsl_adapter_rt_gpio.c:57:13:HAL_GpioInterruptHandle	32	static
../component/gpio/fsl_adapter_rt_gpio.c:92:6:GPIO_INTA_DriverIRQHandler	8	static
../component/gpio/fsl_adapter_rt_gpio.c:99:6:GPIO_INTB_DriverIRQHandler	8	static
../component/gpio/fsl_adapter_rt_gpio.c:105:26:HAL_GpioConflictSearch	16	static
../component/gpio/fsl_adapter_rt_gpio.c:118:26:HAL_GpioAddItem	24	static
../component/gpio/fsl_adapter_rt_gpio.c:148:26:HAL_GpioRemoveItem	32	static
../component/gpio/fsl_adapter_rt_gpio.c:179:6:HAL_GpioPreInit	4	static
../component/gpio/fsl_adapter_rt_gpio.c:185:19:HAL_GpioInit	72	static
../component/gpio/fsl_adapter_rt_gpio.c:258:19:HAL_GpioDeinit	24	static
../component/gpio/fsl_adapter_rt_gpio.c:275:19:HAL_GpioGetInput	24	static
../component/gpio/fsl_adapter_rt_gpio.c:288:19:HAL_GpioSetOutput	24	static
../component/gpio/fsl_adapter_rt_gpio.c:301:19:HAL_GpioInstallCallback	32	static
../component/gpio/fsl_adapter_rt_gpio.c:317:19:HAL_GpioGetTriggerMode	24	static
../component/gpio/fsl_adapter_rt_gpio.c:334:19:HAL_GpioSetTriggerMode	32	static
../component/gpio/fsl_adapter_rt_gpio.c:395:19:HAL_GpioWakeUpSetting	24	static
../component/gpio/fsl_adapter_rt_gpio.c:410:19:HAL_GpioEnterLowpower	16	static
../component/gpio/fsl_adapter_rt_gpio.c:417:19:HAL_GpioExitLowpower	16	static
