D:\Git\NXP\RT685\RT685-EVK_Conversa_HFP\nxp_rt685\Rt685Conversa_handsfree_cm33\edgefast\bluetooth\source\porting/thread/thread.h:707:23:k_uptime_get	32	static
D:\Git\NXP\RT685\RT685-EVK_Conversa_HFP\nxp_rt685\Rt685Conversa_handsfree_cm33\edgefast\bluetooth\source\porting/thread/thread.h:731:24:k_uptime_get_32	8	static
../edgefast/bluetooth/source/porting/thread/thread.c:34:19:k_thread_stack_alloc	24	static
../edgefast/bluetooth/source/porting/thread/thread.c:62:5:k_thread_stack_free	24	static
../edgefast/bluetooth/source/porting/thread/thread.c:77:13:_k_thread_function_wrap	24	static
../edgefast/bluetooth/source/porting/thread/thread.c:134:9:k_thread_create	72	static
../edgefast/bluetooth/source/porting/thread/thread.c:260:18:k_thread_get_tick	8	static
../edgefast/bluetooth/source/porting/thread/thread.c:284:5:k_thread_join	32	static
../edgefast/bluetooth/source/porting/thread/thread.c:351:9:k_sleep	24	static
../edgefast/bluetooth/source/porting/thread/thread.c:383:9:k_usleep	16	static
../edgefast/bluetooth/source/porting/thread/thread.c:404:6:k_busy_wait	16	static
../edgefast/bluetooth/source/porting/thread/thread.c:420:6:k_can_yield	4	static
../edgefast/bluetooth/source/porting/thread/thread.c:432:6:k_yield	8	static
../edgefast/bluetooth/source/porting/thread/thread.c:446:6:k_wakeup	16	static
../edgefast/bluetooth/source/porting/thread/thread.c:468:9:k_sched_current_thread_query	24	static
../edgefast/bluetooth/source/porting/thread/thread.c:509:6:k_thread_abort	16	static
../edgefast/bluetooth/source/porting/thread/thread.c:531:6:k_thread_start	24	static
../edgefast/bluetooth/source/porting/thread/thread.c:598:5:k_thread_priority_get	24	static
../edgefast/bluetooth/source/porting/thread/thread.c:638:6:k_thread_priority_set	16	static
../edgefast/bluetooth/source/porting/thread/thread.c:788:6:k_thread_suspend	16	static
../edgefast/bluetooth/source/porting/thread/thread.c:803:6:k_thread_resume	24	static
../edgefast/bluetooth/source/porting/thread/thread.c:913:6:k_is_in_isr	16	static
../edgefast/bluetooth/source/porting/thread/thread.c:934:5:k_is_preempt_thread	16	static
../edgefast/bluetooth/source/porting/thread/thread.c:982:6:k_sched_lock	8	static
../edgefast/bluetooth/source/porting/thread/thread.c:994:6:k_sched_unlock	8	static
../edgefast/bluetooth/source/porting/thread/thread.c:1014:6:k_thread_custom_data_set	24	static
../edgefast/bluetooth/source/porting/thread/thread.c:1034:7:k_thread_custom_data_get	16	static
../edgefast/bluetooth/source/porting/thread/thread.c:1060:5:k_thread_name_set	24	static
../edgefast/bluetooth/source/porting/thread/thread.c:1093:13:k_thread_name_get	16	static
../edgefast/bluetooth/source/porting/thread/thread.c:1119:5:k_thread_name_copy	32	static
../edgefast/bluetooth/source/porting/thread/thread.c:1158:13:k_thread_state_str	64	static
../edgefast/bluetooth/source/porting/thread/thread.c:1212:9:k_uptime_ticks	24	static
