../edgefast/bluetooth/source/porting/net/buf.c:105:17:generic_data_ref	0	static
../edgefast/bluetooth/source/porting/net/buf.c:115:17:mem_pool_data_alloc	0	static
../edgefast/bluetooth/source/porting/net/buf.c:140:13:mem_pool_data_unref	0	static
../edgefast/bluetooth/source/porting/net/buf.c:162:17:fixed_data_alloc	8	static
../edgefast/bluetooth/source/porting/net/buf.c:173:13:fixed_data_unref	0	static
../edgefast/bluetooth/source/porting/net/buf.c:57:22:net_buf_pool_get	0	static
../edgefast/bluetooth/source/porting/net/buf.c:71:5:net_buf_id	0	static
../edgefast/bluetooth/source/porting/net/buf.c:97:6:net_buf_reset	0	static
../edgefast/bluetooth/source/porting/net/buf.c:254:17:net_buf_alloc_len	32	static
../edgefast/bluetooth/source/porting/net/buf.c:379:17:net_buf_alloc_fixed	32	static
../edgefast/bluetooth/source/porting/net/buf.c:394:17:net_buf_alloc_with_data	40	static
../edgefast/bluetooth/source/porting/net/buf.c:420:17:net_buf_get	0	static
../edgefast/bluetooth/source/porting/net/buf.c:439:6:net_buf_slist_put	8	static
../edgefast/bluetooth/source/porting/net/buf.c:451:17:net_buf_slist_get	8	static
../edgefast/bluetooth/source/porting/net/buf.c:467:6:net_buf_put	0	static
../edgefast/bluetooth/source/porting/net/buf.c:478:6:net_buf_unref	24	static
../edgefast/bluetooth/source/porting/net/buf.c:526:17:net_buf_ref	0	static
../edgefast/bluetooth/source/porting/net/buf.c:536:17:net_buf_clone	32	static
../edgefast/bluetooth/source/porting/net/buf.c:578:17:net_buf_frag_last	0	static
../edgefast/bluetooth/source/porting/net/buf.c:589:6:net_buf_frag_insert	4	static
../edgefast/bluetooth/source/porting/net/buf.c:601:17:net_buf_frag_add	0	static
../edgefast/bluetooth/source/porting/net/buf.c:619:17:net_buf_frag_del	8	static
../edgefast/bluetooth/source/porting/net/buf.c:645:8:net_buf_linearize	24	static
../edgefast/bluetooth/source/porting/net/buf.c:685:8:net_buf_append_bytes	40	static
