../edgefast/bluetooth/source/porting/net/buf_simple.c:40:6:net_buf_simple_init_with_data	0	static
../edgefast/bluetooth/source/porting/net/buf_simple.c:49:6:net_buf_simple_reserve	0	static
../edgefast/bluetooth/source/porting/net/buf_simple.c:58:6:net_buf_simple_clone	0	static
../edgefast/bluetooth/source/porting/net/buf_simple.c:64:7:net_buf_simple_add	0	static
../edgefast/bluetooth/source/porting/net/buf_simple.c:76:7:net_buf_simple_add_mem	0	static
../edgefast/bluetooth/source/porting/net/buf_simple.c:84:10:net_buf_simple_add_u8	0	static
../edgefast/bluetooth/source/porting/net/buf_simple.c:96:6:net_buf_simple_add_le16	4	static
../edgefast/bluetooth/source/porting/net/buf_simple.c:103:6:net_buf_simple_add_be16	4	static
../edgefast/bluetooth/source/porting/net/buf_simple.c:110:6:net_buf_simple_add_le24	4	static
../edgefast/bluetooth/source/porting/net/buf_simple.c:117:6:net_buf_simple_add_be24	4	static
../edgefast/bluetooth/source/porting/net/buf_simple.c:124:6:net_buf_simple_add_le32	0	static
../edgefast/bluetooth/source/porting/net/buf_simple.c:131:6:net_buf_simple_add_be32	0	static
../edgefast/bluetooth/source/porting/net/buf_simple.c:138:6:net_buf_simple_add_le48	4	static
../edgefast/bluetooth/source/porting/net/buf_simple.c:145:6:net_buf_simple_add_be48	12	static
../edgefast/bluetooth/source/porting/net/buf_simple.c:152:6:net_buf_simple_add_le64	4	static
../edgefast/bluetooth/source/porting/net/buf_simple.c:159:6:net_buf_simple_add_be64	8	static
../edgefast/bluetooth/source/porting/net/buf_simple.c:166:7:net_buf_simple_remove_mem	0	static
../edgefast/bluetooth/source/porting/net/buf_simple.c:176:9:net_buf_simple_remove_u8	0	static
../edgefast/bluetooth/source/porting/net/buf_simple.c:187:10:net_buf_simple_remove_le16	0	static
../edgefast/bluetooth/source/porting/net/buf_simple.c:198:10:net_buf_simple_remove_be16	0	static
../edgefast/bluetooth/source/porting/net/buf_simple.c:209:10:net_buf_simple_remove_le24	0	static
../edgefast/bluetooth/source/porting/net/buf_simple.c:222:10:net_buf_simple_remove_be24	0	static
../edgefast/bluetooth/source/porting/net/buf_simple.c:235:10:net_buf_simple_remove_le32	0	static
../edgefast/bluetooth/source/porting/net/buf_simple.c:246:10:net_buf_simple_remove_be32	0	static
../edgefast/bluetooth/source/porting/net/buf_simple.c:257:10:net_buf_simple_remove_le48	0	static
../edgefast/bluetooth/source/porting/net/buf_simple.c:270:10:net_buf_simple_remove_be48	0	static
../edgefast/bluetooth/source/porting/net/buf_simple.c:283:10:net_buf_simple_remove_le64	0	static
../edgefast/bluetooth/source/porting/net/buf_simple.c:294:10:net_buf_simple_remove_be64	0	static
../edgefast/bluetooth/source/porting/net/buf_simple.c:305:7:net_buf_simple_push	0	static
../edgefast/bluetooth/source/porting/net/buf_simple.c:316:7:net_buf_simple_push_mem	4	static
../edgefast/bluetooth/source/porting/net/buf_simple.c:324:6:net_buf_simple_push_le16	4	static
../edgefast/bluetooth/source/porting/net/buf_simple.c:331:6:net_buf_simple_push_be16	4	static
../edgefast/bluetooth/source/porting/net/buf_simple.c:338:6:net_buf_simple_push_u8	4	static
../edgefast/bluetooth/source/porting/net/buf_simple.c:345:6:net_buf_simple_push_le24	4	static
../edgefast/bluetooth/source/porting/net/buf_simple.c:352:6:net_buf_simple_push_be24	4	static
../edgefast/bluetooth/source/porting/net/buf_simple.c:359:6:net_buf_simple_push_le32	4	static
../edgefast/bluetooth/source/porting/net/buf_simple.c:366:6:net_buf_simple_push_be32	4	static
../edgefast/bluetooth/source/porting/net/buf_simple.c:373:6:net_buf_simple_push_le48	4	static
../edgefast/bluetooth/source/porting/net/buf_simple.c:380:6:net_buf_simple_push_be48	4	static
../edgefast/bluetooth/source/porting/net/buf_simple.c:387:6:net_buf_simple_push_le64	4	static
../edgefast/bluetooth/source/porting/net/buf_simple.c:394:6:net_buf_simple_push_be64	4	static
../edgefast/bluetooth/source/porting/net/buf_simple.c:401:7:net_buf_simple_pull	0	static
../edgefast/bluetooth/source/porting/net/buf_simple.c:411:7:net_buf_simple_pull_mem	4	static
../edgefast/bluetooth/source/porting/net/buf_simple.c:425:9:net_buf_simple_pull_u8	0	static
../edgefast/bluetooth/source/porting/net/buf_simple.c:435:10:net_buf_simple_pull_le16	0	static
../edgefast/bluetooth/source/porting/net/buf_simple.c:445:10:net_buf_simple_pull_be16	0	static
../edgefast/bluetooth/source/porting/net/buf_simple.c:455:10:net_buf_simple_pull_le24	0	static
../edgefast/bluetooth/source/porting/net/buf_simple.c:467:10:net_buf_simple_pull_be24	4	static
../edgefast/bluetooth/source/porting/net/buf_simple.c:479:10:net_buf_simple_pull_le32	0	static
../edgefast/bluetooth/source/porting/net/buf_simple.c:489:10:net_buf_simple_pull_be32	0	static
../edgefast/bluetooth/source/porting/net/buf_simple.c:499:10:net_buf_simple_pull_le48	0	static
../edgefast/bluetooth/source/porting/net/buf_simple.c:511:10:net_buf_simple_pull_be48	0	static
../edgefast/bluetooth/source/porting/net/buf_simple.c:523:10:net_buf_simple_pull_le64	0	static
../edgefast/bluetooth/source/porting/net/buf_simple.c:533:10:net_buf_simple_pull_be64	0	static
../edgefast/bluetooth/source/porting/net/buf_simple.c:543:8:net_buf_simple_headroom	0	static
../edgefast/bluetooth/source/porting/net/buf_simple.c:548:8:net_buf_simple_tailroom	0	static
../edgefast/bluetooth/source/porting/net/buf_simple.c:553:10:net_buf_simple_max_len	0	static
