D:\Git\NXP\RT685\NXP_RT685_BU8\nxp_rt685_bu8\BT_Audio\Rt685Conversa_handsfree_cm33\drivers/fsl_common_arm.h:902:24:DisableGlobalIRQ	16	static
D:\Git\NXP\RT685\NXP_RT685_BU8\nxp_rt685_bu8\BT_Audio\Rt685Conversa_handsfree_cm33\drivers/fsl_common_arm.h:928:20:EnableGlobalIRQ	24	static
../utilities/fsl_shell.h:321:24:SHELL_checkRunningInIsr	4	static
../utilities/fsl_shell.c:240:19:SHELL_SerialManagerRxCallback	32	static
../utilities/fsl_shell.c:271:13:SHELL_WriteBuffer	32	static
../utilities/fsl_shell.c:305:12:SHELL_Sprintf	32	static
../utilities/fsl_shell.c:316:13:SHELL_hisOperation	16	static
../utilities/fsl_shell.c:355:13:SHELL_SerialManagerHandle	16	static
../utilities/fsl_shell.c:371:13:SHELL_MoveCursorToBeginningLine	24	static
../utilities/fsl_shell.c:387:13:SHELL_HandleBackspaceKey	32	static
../utilities/fsl_shell.c:417:13:SHELL_HandleNormalChar	32	static
../utilities/fsl_shell.c:442:13:SHELL_HandleInputTooLong	16	static
../utilities/fsl_shell.c:451:19:SHELL_Task	48	static
../utilities/fsl_shell.c:617:23:SHELL_HelpCommand	48	static
../utilities/fsl_shell.c:637:23:SHELL_ExitCommand	32	static
../utilities/fsl_shell.c:646:13:SHELL_ProcessCommand	304	static
../utilities/fsl_shell.c:764:13:SHELL_GetHistoryCommand	32	static
../utilities/fsl_shell.c:801:13:SHELL_AutoComplete	48	static
../utilities/fsl_shell.c:849:16:SHELL_StringCompare	24	static
../utilities/fsl_shell.c:861:16:SHELL_ParseLine	40	static
../utilities/fsl_shell.c:922:23:SHELL_GetChar	24	static
../utilities/fsl_shell.c:965:16:SHELL_Init	32	static
../utilities/fsl_shell.c:1051:16:SHELL_RegisterCommand	24	static
../utilities/fsl_shell.c:1065:16:SHELL_UnregisterCommand	16	static
../utilities/fsl_shell.c:1077:16:SHELL_Write	40	static
../utilities/fsl_shell.c:1122:5:SHELL_Printf	36	static
../utilities/fsl_shell.c:1167:16:SHELL_WriteSynchronization	32	static
../utilities/fsl_shell.c:1181:5:SHELL_PrintfSynchronization	36	static
../utilities/fsl_shell.c:1202:6:SHELL_ChangePrompt	24	static
../utilities/fsl_shell.c:1214:6:SHELL_PrintPrompt	32	static
