../littlefs/lfs_util.h:108:24:lfs_max	16	static
../littlefs/lfs_util.h:112:24:lfs_min	16	static
../littlefs/lfs_util.h:117:24:lfs_aligndown	16	static
../littlefs/lfs_util.h:121:24:lfs_alignup	16	static
../littlefs/lfs_util.h:126:24:lfs_npw2	24	static
../littlefs/lfs_util.h:143:24:lfs_ctz	16	static
../littlefs/lfs_util.h:152:24:lfs_popc	16	static
../littlefs/lfs_util.h:164:19:lfs_scmp	16	static
../littlefs/lfs_util.h:169:24:lfs_fromle32	16	static
../littlefs/lfs_util.h:187:24:lfs_tole32	16	static
../littlefs/lfs_util.h:192:24:lfs_frombe32	16	static
../littlefs/lfs_util.h:210:24:lfs_tobe32	16	static
../littlefs/lfs_util.h:227:21:lfs_malloc	16	static
../littlefs/lfs_util.h:239:20:lfs_free	16	static
../littlefs/lfs.c:31:20:lfs_cache_drop	16	static
../littlefs/lfs.c:38:20:lfs_cache_zero	16	static
../littlefs/lfs.c:44:12:lfs_bd_read	56	static
../littlefs/lfs.c:127:12:lfs_bd_cmp	72	static
../littlefs/lfs.c:154:12:lfs_bd_crc	64	static
../littlefs/lfs.c:176:12:lfs_bd_flush	64	static
../littlefs/lfs.c:211:12:lfs_bd_sync	32	static
../littlefs/lfs.c:227:12:lfs_bd_prog	40	static
../littlefs/lfs.c:275:12:lfs_bd_erase	24	static
../littlefs/lfs.c:286:20:lfs_pair_swap	24	static
../littlefs/lfs.c:292:20:lfs_pair_isnull	16	static
../littlefs/lfs.c:296:19:lfs_pair_cmp	16	static
../littlefs/lfs.c:303:20:lfs_pair_issync	16	static
../littlefs/lfs.c:310:20:lfs_pair_fromle32	24	static
../littlefs/lfs.c:316:20:lfs_pair_tole32	24	static
../littlefs/lfs.c:335:20:lfs_tag_isvalid	16	static
../littlefs/lfs.c:339:20:lfs_tag_isdelete	16	static
../littlefs/lfs.c:343:24:lfs_tag_type1	16	static
../littlefs/lfs.c:347:24:lfs_tag_type2	16	static
../littlefs/lfs.c:351:24:lfs_tag_type3	16	static
../littlefs/lfs.c:355:23:lfs_tag_chunk	16	static
../littlefs/lfs.c:359:22:lfs_tag_splice	16	static
../littlefs/lfs.c:363:24:lfs_tag_id	16	static
../littlefs/lfs.c:367:26:lfs_tag_size	16	static
../littlefs/lfs.c:371:26:lfs_tag_dsize	16	static
../littlefs/lfs.c:391:20:lfs_gstate_xor	24	static
../littlefs/lfs.c:397:20:lfs_gstate_iszero	24	static
../littlefs/lfs.c:407:20:lfs_gstate_hasorphans	16	static
../littlefs/lfs.c:411:23:lfs_gstate_getorphans	16	static
../littlefs/lfs.c:415:20:lfs_gstate_hasmove	16	static
../littlefs/lfs.c:420:20:lfs_gstate_needssuperblock	16	static
../littlefs/lfs.c:424:20:lfs_gstate_hasmovehere	16	static
../littlefs/lfs.c:429:20:lfs_gstate_fromle32	16	static
../littlefs/lfs.c:436:20:lfs_gstate_tole32	16	static
../littlefs/lfs.c:449:13:lfs_fcrc_fromle32	16	static
../littlefs/lfs.c:455:13:lfs_fcrc_tole32	16	static
../littlefs/lfs.c:462:13:lfs_ctz_fromle32	16	static
../littlefs/lfs.c:468:13:lfs_ctz_tole32	16	static
../littlefs/lfs.c:474:20:lfs_superblock_fromle32	16	static
../littlefs/lfs.c:484:20:lfs_superblock_tole32	16	static
../littlefs/lfs.c:495:13:lfs_mlist_isopen	24	static
../littlefs/lfs.c:507:13:lfs_mlist_remove	24	static
../littlefs/lfs.c:516:13:lfs_mlist_append	16	static
../littlefs/lfs.c:522:17:lfs_fs_disk_version	16	static
../littlefs/lfs.c:534:17:lfs_fs_disk_version_major	16	static
../littlefs/lfs.c:539:17:lfs_fs_disk_version_minor	16	static
../littlefs/lfs.c:601:13:lfs_alloc_ckpoint	16	static
../littlefs/lfs.c:607:13:lfs_alloc_drop	16	static
../littlefs/lfs.c:614:12:lfs_alloc_lookahead	24	static
../littlefs/lfs.c:628:12:lfs_alloc_scan	24	static
../littlefs/lfs.c:653:12:lfs_alloc	24	static
../littlefs/lfs.c:706:19:lfs_dir_getslice	72	static
../littlefs/lfs.c:771:19:lfs_dir_get	40	static
../littlefs/lfs.c:778:12:lfs_dir_getread	56	static
../littlefs/lfs.c:840:12:lfs_dir_traverse_filter	40	static
../littlefs/lfs.c:900:12:lfs_dir_traverse	272	static
../littlefs/lfs.c:1095:19:lfs_dir_fetchmatch	168	static
../littlefs/lfs.c:1374:12:lfs_dir_fetch	40	static
../littlefs/lfs.c:1382:12:lfs_dir_getgstate	48	static
../littlefs/lfs.c:1400:12:lfs_dir_getinfo	48	static
../littlefs/lfs.c:1440:12:lfs_dir_find_match	72	static
../littlefs/lfs.c:1464:19:lfs_dir_find	88	static
../littlefs/lfs.c:1576:12:lfs_dir_commitprog	56	static
../littlefs/lfs.c:1593:12:lfs_dir_commitattr	72	static
../littlefs/lfs.c:1641:12:lfs_dir_commitcrc	120	static
../littlefs/lfs.c:1787:12:lfs_dir_alloc	48	static
../littlefs/lfs.c:1831:12:lfs_dir_drop	48	static
../littlefs/lfs.c:1852:12:lfs_dir_split	80	static
../littlefs/lfs.c:1887:12:lfs_dir_commit_size	32	static
../littlefs/lfs.c:1904:12:lfs_dir_commit_commit	32	static
../littlefs/lfs.c:1911:13:lfs_dir_needsrelocation	16	static
../littlefs/lfs.c:1924:12:lfs_dir_compact	152	static
../littlefs/lfs.c:2097:12:lfs_dir_splittingcompact	104	static
../littlefs/lfs.c:2204:12:lfs_dir_relocatingcommit	168	static
../littlefs/lfs.c:2375:12:lfs_dir_orphaningcommit	256	static
../littlefs/lfs.c:2568:12:lfs_dir_commit	32	static
../littlefs/lfs.c:2592:12:lfs_mkdir_	240	static
../littlefs/lfs.c:2688:12:lfs_dir_open_	64	static
../littlefs/lfs.c:2732:12:lfs_dir_close_	16	static
../littlefs/lfs.c:2739:12:lfs_dir_read_	32	static
../littlefs/lfs.c:2784:12:lfs_dir_seek_	32	static
../littlefs/lfs.c:2821:19:lfs_dir_tell_	16	static
../littlefs/lfs.c:2826:12:lfs_dir_rewind_	24	static
../littlefs/lfs.c:2840:12:lfs_ctz_index	40	static
../littlefs/lfs.c:2853:12:lfs_ctz_find	72	static
../littlefs/lfs.c:2888:12:lfs_ctz_extend	80	static
../littlefs/lfs.c:2987:12:lfs_ctz_traverse	72	static
../littlefs/lfs.c:3032:12:lfs_file_opencfg_	120	static
../littlefs/lfs.c:3199:12:lfs_file_open_	40	static
../littlefs/lfs.c:3207:12:lfs_file_close_	24	static
../littlefs/lfs.c:3227:12:lfs_file_relocate	64	static
../littlefs/lfs.c:3298:12:lfs_file_outline	24	static
../littlefs/lfs.c:3311:12:lfs_file_flush	136	static
../littlefs/lfs.c:3392:12:lfs_file_sync_	72	static
../littlefs/lfs.c:3453:20:lfs_file_flushedread	80	static
../littlefs/lfs.c:3514:20:lfs_file_read_	32	static
../littlefs/lfs.c:3533:20:lfs_file_flushedwrite	80	static
../littlefs/lfs.c:3617:20:lfs_file_write_	48	static
../littlefs/lfs.c:3661:19:lfs_file_seek_	56	static
../littlefs/lfs.c:3725:12:lfs_file_truncate_	80	static
../littlefs/lfs.c:3807:19:lfs_file_tell_	16	static
../littlefs/lfs.c:3812:12:lfs_file_rewind_	24	static
../littlefs/lfs.c:3821:19:lfs_file_size_	16	static
../littlefs/lfs.c:3835:12:lfs_stat_	64	static
../littlefs/lfs.c:3846:12:lfs_remove_	136	static
../littlefs/lfs.c:3925:12:lfs_rename_	280	static
../littlefs/lfs.c:4062:20:lfs_getattr_	88	static
../littlefs/lfs.c:4096:12:lfs_commitattr	88	static
../littlefs/lfs.c:4120:12:lfs_setattr_	32	static
../littlefs/lfs.c:4131:12:lfs_removeattr_	32	static
../littlefs/lfs.c:4153:12:lfs_init	64	static
../littlefs/lfs.c:4309:12:lfs_deinit	16	static
../littlefs/lfs.c:4329:12:lfs_format_	136	static
../littlefs/lfs.c:4396:12:lfs_mount_	144	static
../littlefs/lfs.c:4566:12:lfs_unmount_	16	static
../littlefs/lfs.c:4572:12:lfs_fs_stat_	88	static
../littlefs/lfs.c:4612:5:lfs_fs_traverse_	144	static
../littlefs/lfs.c:4720:12:lfs_fs_pred	48	static
../littlefs/lfs.c:4764:12:lfs_fs_parent_match	72	static
../littlefs/lfs.c:4785:19:lfs_fs_parent	72	static
../littlefs/lfs.c:4822:13:lfs_fs_prepsuperblock	16	static
../littlefs/lfs.c:4828:12:lfs_fs_preporphans	24	static
../littlefs/lfs.c:4840:13:lfs_fs_prepmove	24	static
../littlefs/lfs.c:4850:12:lfs_fs_desuperblock	104	static
../littlefs/lfs.c:4889:12:lfs_fs_demove	96	static
../littlefs/lfs.c:4925:12:lfs_fs_deorphan	216	static
../littlefs/lfs.c:5056:12:lfs_fs_forceconsistency	24	static
../littlefs/lfs.c:5077:12:lfs_fs_mkconsistent_	64	static
../littlefs/lfs.c:5106:12:lfs_fs_size_count	24	static
../littlefs/lfs.c:5113:20:lfs_fs_size_	24	static
../littlefs/lfs.c:5125:12:lfs_fs_gc_	56	static
../littlefs/lfs.c:5175:12:lfs_fs_grow_	104	static
../littlefs/lfs.c:5879:5:lfs_format	24	static
../littlefs/lfs.c:5909:5:lfs_mount	24	static
../littlefs/lfs.c:5938:5:lfs_unmount	24	static
../littlefs/lfs.c:5953:5:lfs_remove	24	static
../littlefs/lfs.c:5969:5:lfs_rename	32	static
../littlefs/lfs.c:5984:5:lfs_stat	32	static
../littlefs/lfs.c:5998:13:lfs_getattr	40	static
../littlefs/lfs.c:6015:5:lfs_setattr	40	static
../littlefs/lfs.c:6033:5:lfs_removeattr	32	static
../littlefs/lfs.c:6049:5:lfs_file_open	32	static
../littlefs/lfs.c:6066:5:lfs_file_opencfg	40	static
../littlefs/lfs.c:6086:5:lfs_file_close	24	static
../littlefs/lfs.c:6102:5:lfs_file_sync	24	static
../littlefs/lfs.c:6118:13:lfs_file_read	32	static
../littlefs/lfs.c:6136:13:lfs_file_write	32	static
../littlefs/lfs.c:6154:12:lfs_file_seek	32	static
../littlefs/lfs.c:6172:5:lfs_file_truncate	32	static
../littlefs/lfs.c:6189:12:lfs_file_tell	24	static
../littlefs/lfs.c:6204:5:lfs_file_rewind	24	static
../littlefs/lfs.c:6218:12:lfs_file_size	24	static
../littlefs/lfs.c:6234:5:lfs_mkdir	24	static
../littlefs/lfs.c:6249:5:lfs_dir_open	32	static
../littlefs/lfs.c:6264:5:lfs_dir_close	24	static
../littlefs/lfs.c:6278:5:lfs_dir_read	32	static
../littlefs/lfs.c:6293:5:lfs_dir_seek	32	static
../littlefs/lfs.c:6308:12:lfs_dir_tell	24	static
../littlefs/lfs.c:6322:5:lfs_dir_rewind	24	static
../littlefs/lfs.c:6336:5:lfs_fs_stat	24	static
../littlefs/lfs.c:6350:13:lfs_fs_size	24	static
../littlefs/lfs.c:6364:5:lfs_fs_traverse	32	static
../littlefs/lfs.c:6380:5:lfs_fs_mkconsistent	24	static
../littlefs/lfs.c:6396:5:lfs_fs_gc	24	static
../littlefs/lfs.c:6412:5:lfs_fs_grow	24	static
