D:\Git\NXP\RT685\NXP_RT685_BU8\nxp_rt685_bu8\BT_Audio\Rt685Conversa_handsfree_cm33\drivers/fsl_clock.h:888:20:CLOCK_EnableClock	24	static
../board/board.c:379:6:BOARD_SetFlexspiClock	16	static
../board/board.c:301:6:BOARD_DeinitXip	16	static
../board/board.c:317:6:BOARD_InitXip	32	static
../board/board.c:416:6:BOARD_SetDeepSleepPinConfig	4	static
../board/board.c:453:6:BOARD_RestoreDeepSleepPinConfig	4	static
../board/board.c:472:6:BOARD_EnterDeepSleep	16	static
../board/board.c:479:6:BOARD_EnterDeepPowerDown	16	static
D:\Git\NXP\RT685\NXP_RT685_BU8\nxp_rt685_bu8\BT_Audio\Rt685Conversa_handsfree_cm33\drivers/fsl_power.h:352:20:POWER_DisablePD	16	static
../board/board.c:47:6:BOARD_InitDebugConsole	24	static
../board/board.c:64:17:flexspi_hyper_ram_write_mcr	48	static
../board/board.c:83:17:flexspi_hyper_ram_get_mcr	48	static
../board/board.c:102:17:flexspi_hyper_ram_reset	40	static
../board/board.c:128:10:BOARD_InitPsRam	424	static
../board/board.c:408:6:BOARD_FlexspiClockSafeConfig	8	static
../board/board.c:488:6:BOARD_I2C_Init	32	static
../board/board.c:496:10:BOARD_I2C_Send	48	static
../board/board.c:517:10:BOARD_I2C_Receive	48	static
../board/board.c:540:6:BOARD_I3C_Init	40	static
../board/board.c:548:10:BOARD_I3C_Send	56	static
../board/board.c:570:10:BOARD_I3C_Receive	56	static
../board/board.c:626:6:BOARD_PMIC_I2C_Init	8	static
../board/board.c:631:10:BOARD_PMIC_I2C_Send	32	static
../board/board.c:638:10:BOARD_PMIC_I2C_Receive	32	static
../board/board.c:644:6:BOARD_Accel_I2C_Init	8	static
../board/board.c:649:10:BOARD_Accel_I2C_Send	40	static
../board/board.c:656:10:BOARD_Accel_I2C_Receive	32	static
