D:\Git\NXP\RT685\Q_dev_board_BT_V1_3_1\nxp_rt685_bu8\BT_Audio\Rt685Conversa_handsfree_cm33\drivers/fsl_clock.h:888:20:CLOCK_EnableClock	24	static
../board/board.c:381:6:BOARD_SetFlexspiClock	16	static
../board/board.c:303:6:BOARD_DeinitXip	16	static
../board/board.c:319:6:BOARD_InitXip	32	static
../board/board.c:418:6:BOARD_SetDeepSleepPinConfig	4	static
../board/board.c:455:6:BOARD_RestoreDeepSleepPinConfig	4	static
../board/board.c:474:6:BOARD_EnterDeepSleep	16	static
../board/board.c:481:6:BOARD_EnterDeepPowerDown	16	static
D:\Git\NXP\RT685\Q_dev_board_BT_V1_3_1\nxp_rt685_bu8\BT_Audio\Rt685Conversa_handsfree_cm33\drivers/fsl_power.h:352:20:POWER_DisablePD	16	static
../board/board.c:49:6:BOARD_InitDebugConsole	24	static
../board/board.c:66:17:flexspi_hyper_ram_write_mcr	48	static
../board/board.c:85:17:flexspi_hyper_ram_get_mcr	48	static
../board/board.c:104:17:flexspi_hyper_ram_reset	40	static
../board/board.c:130:10:BOARD_InitPsRam	424	static
../board/board.c:410:6:BOARD_FlexspiClockSafeConfig	8	static
../board/board.c:490:6:BOARD_I2C_Init	32	static
../board/board.c:498:10:BOARD_I2C_Send	48	static
../board/board.c:519:10:BOARD_I2C_Receive	48	static
../board/board.c:542:6:BOARD_I3C_Init	40	static
../board/board.c:550:10:BOARD_I3C_Send	56	static
../board/board.c:572:10:BOARD_I3C_Receive	56	static
../board/board.c:628:6:BOARD_PMIC_I2C_Init	8	static
../board/board.c:633:10:BOARD_PMIC_I2C_Send	32	static
../board/board.c:640:10:BOARD_PMIC_I2C_Receive	32	static
../board/board.c:646:6:BOARD_Accel_I2C_Init	8	static
../board/board.c:651:10:BOARD_Accel_I2C_Send	40	static
../board/board.c:658:10:BOARD_Accel_I2C_Receive	32	static
