D:\Git\NXP\RT685\Q_dev_board_BT_V1_3_1\nxp_rt685_bu8\BT_Audio\Rt685Conversa_handsfree_cm33\drivers/fsl_clock.h:1114:20:CLOCK_SetXtalFreq	16	static
D:\Git\NXP\RT685\Q_dev_board_BT_V1_3_1\nxp_rt685_bu8\BT_Audio\Rt685Conversa_handsfree_cm33\drivers/fsl_power.h:352:20:POWER_DisablePD	16	static
../board/clock_config.c:56:29:BOARD_FlexspiClockSafeConfig	4	static
../board/clock_config.c:69:29:BOARD_SetFlexspiClock	16	static
../board/clock_config.c:82:6:BOARD_InitBootClocks	8	static
../board/clock_config.c:158:6:BOARD_BootClockRUN	8	static
