../component/log/fsl_component_log.c:182:13:log_print_to_buffer	20	static
../component/log/fsl_component_log.c:207:12:log_sprintf_internal	12	static
../component/log/fsl_component_log.c:353:14:LOG_Init	16	static
../component/log/fsl_component_log.c:393:14:LOG_Deinit	8	static
../component/log/fsl_component_log.c:411:14:LOG_SetTimestamp	0	static
../component/log/fsl_component_log.c:423:14:LOG_GetTimestamp	0	static
../component/log/fsl_component_log.c:439:6:LOG_AsyncPrintf	24	static
../component/log/fsl_component_log.c:522:6:LOG_Printf	180	static
../component/log/fsl_component_log.c:580:14:LOG_BackendRegister	0	static
../component/log/fsl_component_log.c:612:14:LOG_BackendUnregister	4	static
../component/log/fsl_component_log.c:651:6:LOG_Dump	72	static
